   Compiling proc-macro2 v1.0.106
   Compiling quote v1.0.45
   Compiling unicode-ident v1.0.12
   Compiling serde_core v1.0.228
   Compiling libc v0.2.186
   Compiling shlex v1.3.0
   Compiling find-msvc-tools v0.1.9
   Compiling cfg-if v1.0.4
   Compiling autocfg v1.1.0
   Compiling serde v1.0.228
   Compiling memchr v2.7.6
   Compiling version_check v0.9.5
   Compiling pin-project-lite v0.2.16
   Compiling regex-syntax v0.8.5
   Compiling log v0.4.29
   Compiling syn v2.0.117
   Compiling bitflags v2.13.0
   Compiling once_cell v1.21.3
   Compiling smallvec v1.15.1
   Compiling itoa v1.0.18
   Compiling futures-core v0.3.31
   Compiling jobserver v0.1.32
   Compiling scopeguard v1.2.0
   Compiling aho-corasick v1.1.3
   Compiling parking_lot_core v0.9.12
   Compiling cc v1.2.56
   Compiling libm v0.2.15
   Compiling futures-io v0.3.31
   Compiling slab v0.4.9
   Compiling num-traits v0.2.19
   Compiling equivalent v1.0.1
   Compiling fnv v1.0.7
   Compiling core-foundation-sys v0.8.7 (https://github.com/servo/core-foundation-rs?rev=6f844cf1a1a18e25b70fcdf1bcdc458555bd2eff#6f844cf1)
   Compiling zmij v1.0.21
   Compiling regex-automata v0.4.9
   Compiling serde_derive v1.0.228
   Compiling generic-array v0.14.7
   Compiling allocator-api2 v0.2.16
   Compiling anyhow v1.0.79
   Compiling typenum v1.20.0
   Compiling ppv-lite86 v0.2.17
   Compiling crossbeam-utils v0.8.21
   Compiling foldhash v0.2.0
   Compiling stable_deref_trait v1.2.0
   Compiling serde_json v1.0.150
   Compiling parking v2.2.0
   Compiling crypto-common v0.1.6
   Compiling hashbrown v0.16.0
   Compiling signal-hook-registry v1.4.1
   Compiling pin-utils v0.1.0
   Compiling futures-sink v0.3.31
   Compiling block-buffer v0.10.4
   Compiling fastrand v2.3.0
   Compiling mio v1.1.1
   Compiling synstructure v0.13.1
   Compiling dunce v1.0.5
   Compiling subtle v2.6.1
   Compiling futures-channel v0.3.31
   Compiling indexmap v2.12.0
   Compiling futures-macro v0.3.31
   Compiling zerofrom-derive v0.1.5
   Compiling futures-task v0.3.31
   Compiling syn v1.0.109
   Compiling futures-util v0.3.31
   Compiling yoke-derive v0.7.5
   Compiling zerofrom v0.1.5
   Compiling tokio-macros v2.6.1
   Compiling socket2 v0.6.0
   Compiling ryu v1.0.23
   Compiling displaydoc v0.2.5
   Compiling zerovec-derive v0.10.3
   Compiling lock_api v0.4.14
   Compiling parking_lot v0.12.5
   Compiling bytes v1.11.1
   Compiling lazy_static v1.5.0
   Compiling futures-lite v2.6.1
   Compiling cmake v0.1.58
   Compiling http v1.4.0
   Compiling tokio v1.50.0
   Compiling tracing-core v0.1.36
   Compiling byteorder v1.5.0
   Compiling simd-adler32 v0.3.7
   Compiling base64 v0.22.1
   Compiling fs_extra v1.3.0
   Compiling thiserror v1.0.63
   Compiling aws-lc-sys v0.39.1
   Compiling tracing-attributes v0.1.31
   Compiling yoke v0.7.5
   Compiling thiserror-impl v1.0.63
   Compiling crc32fast v1.5.0
   Compiling atomic-waker v1.1.2
   Compiling percent-encoding v2.3.1
   Compiling tracing v0.1.44
   Compiling zerovec v0.10.4
   Compiling zeroize_derive v1.4.3
   Compiling getrandom v0.2.16
   Compiling writeable v0.5.5
   Compiling adler2 v2.0.0
   Compiling thiserror v2.0.17
   Compiling litemap v0.7.4
   Compiling rustix v1.1.2
   Compiling miniz_oxide v0.8.8
   Compiling zeroize v1.8.2
   Compiling tinystr v0.7.6
   Compiling concurrent-queue v2.5.0
   Compiling digest v0.10.7
   Compiling thiserror-impl v2.0.17
   Compiling icu_provider_macros v1.5.0
   Compiling errno v0.3.10
   Compiling same-file v1.0.6
   Compiling aws-lc-rs v1.16.2
   Compiling either v1.9.0
   Compiling httparse v1.10.1
   Compiling walkdir v2.4.0
   Compiling icu_locid v1.5.0
   Compiling icu_provider v1.5.0
   Compiling core-foundation v0.10.1 (https://github.com/servo/core-foundation-rs?rev=6f844cf1a1a18e25b70fcdf1bcdc458555bd2eff#6f844cf1)
   Compiling cpufeatures v0.2.9
   Compiling async-io v2.6.0
   Compiling icu_locid_transform_data v1.5.0
   Compiling rand_core v0.6.4
   Compiling icu_collections v1.5.0
   Compiling http-body v1.0.1
   Compiling siphasher v1.0.1
   Compiling icu_properties_data v1.5.0
   Compiling rand_chacha v0.3.1
   Compiling rustls-pki-types v1.12.0
   Compiling flate2 v1.1.9
   Compiling tokio-util v0.7.18
   Compiling form_urlencoded v1.2.1
   Compiling regex v1.11.1
   Compiling proc-macro-error-attr v1.0.4
   Compiling unicase v2.7.0
   Compiling utf8_iter v1.0.4
   Compiling untrusted v0.9.0
   Compiling rustls v0.23.39
   Compiling ident_case v1.0.1
   Compiling tower-service v0.3.3
   Compiling system-configuration-sys v0.6.0
   Compiling icu_normalizer_data v1.5.0
   Compiling utf16_iter v1.0.5
   Compiling write16 v1.0.0
   Compiling icu_locid_transform v1.5.0
   Compiling rand v0.8.6
   Compiling icu_properties v1.5.1
   Compiling event-listener v5.4.0
   Compiling core-foundation v0.9.4
   Compiling proc-macro-error v1.0.4
   Compiling try-lock v0.2.4
   Compiling mime v0.3.17
   Compiling utf-8 v0.7.6
   Compiling want v0.3.1
   Compiling event-listener-strategy v0.5.2
   Compiling h2 v0.4.15
   Compiling httpdate v1.0.3
   Compiling getrandom v0.3.4
   Compiling icu_normalizer v1.5.0
   Compiling cfg_aliases v0.2.1
   Compiling system-configuration v0.6.1
   Compiling idna_adapter v1.2.0
   Compiling idna v1.0.3
   Compiling mime_guess v2.0.4
   Compiling phf_shared v0.11.3
   Compiling http-body-util v0.1.3
   Compiling pin-project-internal v1.1.3
   Compiling ipnet v2.11.0
   Compiling strsim v0.11.1
   Compiling minimal-lexical v0.2.1
   Compiling nom v7.1.3
   Compiling pin-project v1.1.3
   Compiling hyper v1.8.1
   Compiling sync_wrapper v1.0.1
   Compiling inventory v0.3.20
   Compiling tower-layer v0.3.3
   Compiling semver v1.0.20
   Compiling alloc-no-stdlib v2.0.4
   Compiling alloc-stdlib v0.2.2
   Compiling hyper-util v0.1.16
   Compiling url v2.5.4
   Compiling itertools v0.14.0
   Compiling security-framework-sys v2.15.0
   Compiling encoding_rs v0.8.35
   Compiling rustversion v1.0.14
   Compiling heck v0.5.0
   Compiling brotli-decompressor v4.0.2
   Compiling tower v0.5.2
   Compiling phf_generator v0.11.3
   Compiling async-channel v2.3.1
   Compiling serde_urlencoded v0.7.1
   Compiling num_cpus v1.16.0
   Compiling memoffset v0.9.0
   Compiling indexmap v1.9.3
   Compiling option-ext v0.2.0
   Compiling async-task v4.7.1
   Compiling brotli v7.0.0
   Compiling futures-executor v0.3.31
   Compiling rustc_version v0.4.0
   Compiling security-framework v3.5.1
   Compiling sha1 v0.10.6
   Compiling polling v3.11.0
   Compiling piper v0.2.1
   Compiling iana-time-zone v0.1.64
   Compiling crossbeam-epoch v0.9.15
   Compiling data-encoding v2.10.0
   Compiling hashbrown v0.12.3
   Compiling new_debug_unreachable v1.0.4
   Compiling tree-sitter-language v0.1.2
   Compiling chrono v0.4.40
   Compiling blocking v1.6.2
   Compiling futures v0.3.31
   Compiling string_cache_codegen v0.5.4
   Compiling phf_codegen v0.11.3
   Compiling memmap2 v0.9.7
   Compiling iri-string v0.7.8
   Compiling waker-fn v1.1.1
   Compiling pkg-config v0.3.32
   Compiling fastrand v1.9.0
   Compiling unicode-segmentation v1.11.0
   Compiling async-compression v0.4.22
   Compiling linked-hash-map v0.5.6
   Compiling futures-lite v1.13.0
   Compiling yaml-rust v0.4.5 (https://github.com/warpdotdev/yaml-rust.git?rev=51684719d0102ca85ff4b21cec39877a0c669e19#51684719)
   Compiling web_atoms v0.1.3
   Compiling tower-http v0.6.8
   Compiling precomputed-hash v0.1.1
   Compiling dyn-clone v1.0.20
   Compiling objc2 v0.6.3
   Compiling ref-cast v1.0.23
   Compiling arrayvec v0.7.6
   Compiling futures-timer v3.0.2
   Compiling mac v0.1.1
   Compiling futf v0.1.5
   Compiling string_cache v0.8.9
   Compiling crossbeam-deque v0.8.3
   Compiling convert_case v0.7.1
   Compiling phf v0.11.3
   Compiling derive-where v1.2.7
   Compiling ref-cast-impl v1.0.23
   Compiling ahash v0.8.11
   Compiling objc2-encode v4.1.0
   Compiling bytemuck v1.24.0
   Compiling rayon-core v1.12.1
   Compiling quote-use-macros v0.7.2
   Compiling tendril v0.4.3
   Compiling async-net v2.0.0
   Compiling pathfinder_simd v0.5.4 (https://github.com/warpdotdev/pathfinder.git?rev=34128a129ca6aee168fbc5060a4f21b4f7e486a9#34128a12)
   Compiling offline_guard v0.1.0 (/Users/tedczj/workspace/term4u/crates-local/offline_guard)
   Compiling foreign-types-macros v0.2.3
   Compiling zerocopy v0.7.32
   Compiling typed-path v0.10.0
   Compiling foreign-types-shared v0.3.1
   Compiling hex v0.4.3
   Compiling sha1_smol v1.0.1
   Compiling uuid v1.19.0
   Compiling foreign-types v0.5.0
   Compiling quote-use v0.7.2
   Compiling markup5ever v0.35.0
   Compiling block2 v0.6.2
   Compiling proc-macro-utils v0.8.0
   Compiling async-lock v3.4.0
   Compiling float-cmp v0.9.0
   Compiling core_maths v0.1.0
   Compiling slotmap v1.0.6
   Compiling content_inspector v0.2.4
   Compiling interpolator v0.5.0
   Compiling is_executable v1.0.1
   Compiling pathdiff v0.2.1
   Compiling collection_literals v1.0.1
   Compiling ttf-parser v0.25.1
   Compiling strict-num v0.1.1
   Compiling dispatch2 v0.3.0
   Compiling attribute-derive-macro v0.6.1
   Compiling rayon v1.10.0
   Compiling async-signal v0.2.13
   Compiling dirs-sys v0.5.0
   Compiling fdeflate v0.3.7
   Compiling enum-iterator-derive v1.2.1
   Compiling match_token v0.35.0
   Compiling convert_case v0.4.0
   Compiling tinyvec_macros v0.1.1
   Compiling arrayref v0.3.9
   Compiling tiny-skia-path v0.12.0
   Compiling tinyvec v1.6.0
   Compiling enum-iterator v1.4.1
   Compiling html5ever v0.35.0
   Compiling png v0.18.1
   Compiling attribute-derive v0.6.1
   Compiling async-process v2.5.0
   Compiling objc2-core-foundation v0.3.2
   Compiling xml5ever v0.35.0
   Compiling kurbo v0.13.0
   Compiling nix v0.30.1
   Compiling core-graphics-types v0.2.0 (https://github.com/servo/core-foundation-rs?rev=6f844cf1a1a18e25b70fcdf1bcdc458555bd2eff#6f844cf1)
   Compiling serde_derive_internals v0.29.1
   Compiling color_quant v1.1.0
   Compiling weezl v0.1.12
   Compiling unicode-script v0.5.5
   Compiling unicode-bidi-mirroring v0.4.0
   Compiling unicode-ccc v0.4.0
   Compiling unicode-properties v0.1.3
   Compiling quick-error v2.0.1
   Compiling zune-core v0.5.1
   Compiling byteorder-lite v0.1.0
   Compiling heapless v0.8.0
   Compiling schemars_derive v1.0.4
   Compiling rustybuzz v0.20.1
   Compiling zune-jpeg v0.5.12
   Compiling image-webp v0.2.4
   Compiling gif v0.14.1
   Compiling svgtypes v0.16.1
   Compiling core-graphics v0.25.0 (https://github.com/servo/core-foundation-rs?rev=6f844cf1a1a18e25b70fcdf1bcdc458555bd2eff#6f844cf1)
   Compiling get-size-derive v0.1.3
   Compiling markup5ever_rcdom v0.35.0+unofficial
   Compiling fontdb v0.23.0
   Compiling dirs v6.0.0
   Compiling pathfinder_geometry v0.5.1
   Compiling hashbrown v0.14.1
   Compiling serde_yaml v0.8.26
   Compiling tempfile v3.23.0
   Compiling hash32 v0.3.1
   Compiling dirs-sys-next v0.1.2
   Compiling simplecss v0.2.1
   Compiling roxmltree v0.21.1
   Compiling instant v0.1.12
   Compiling xmlwriter v0.1.0
   Compiling unicode-bidi v0.3.15
   Compiling pxfm v0.1.28
   Compiling pico-args v0.5.0
   Compiling imagesize v0.14.0
   Compiling unicode-vo v0.1.0
   Compiling font-kit v0.12.0 (https://github.com/warpdotdev/font-kit?rev=a04b225ecb639bb850f21d05212cfdc7465000f3#a04b225e)
   Compiling data-url v0.3.1
   Compiling markdown_parser v0.1.0 (/Users/tedczj/workspace/term4u/crates/markdown_parser)
   Compiling usvg v0.47.0
   Compiling dirs-next v2.0.0
   Compiling dashmap v6.1.0
   Compiling get-size v0.1.4
   Compiling moxcms v0.7.11
   Compiling core-text v21.1.0 (https://github.com/servo/core-foundation-rs?rev=6f844cf1a1a18e25b70fcdf1bcdc458555bd2eff#6f844cf1)
   Compiling schemars v1.0.4
   Compiling tiny-skia v0.12.0
   Compiling cfb v0.7.3
   Compiling rgb v0.8.50
   Compiling settings_value_derive v0.0.0 (/Users/tedczj/workspace/term4u/crates/settings_value_derive)
   Compiling warpui_core v0.1.0 (/Users/tedczj/workspace/term4u/crates/warpui_core)
   Compiling sha2 v0.10.9
   Compiling rustc-hash v2.1.1
   Compiling similar v2.7.0
   Compiling float-ord v0.3.2
   Compiling settings_value v0.1.0 (/Users/tedczj/workspace/term4u/crates/settings_value)
   Compiling resvg v0.47.0
   Compiling infer v0.19.0
   Compiling string-offset v0.0.0 (/Users/tedczj/workspace/term4u/crates/string-offset)
   Compiling ctrlc v3.4.7
   Compiling rstar v0.12.2
   Compiling objc2-foundation v0.3.2
   Compiling derive_more v0.99.17
   Compiling image v0.25.9
   Compiling pathfinder_color v0.5.0
   Compiling async-fs v2.1.2
   Compiling strum_macros v0.27.1
   Compiling async-executor v1.13.1
   Compiling async-broadcast v0.7.2
   Compiling titlecase v1.1.0
   Compiling derivative v2.2.0
   Compiling trait-set v0.3.0
   Compiling vec1 v1.10.1
   Compiling ordered-float v3.9.2
   Compiling num-derive v0.4.2
   Compiling winnow v1.0.0
   Compiling rangemap v1.4.0
   Compiling raw-window-handle v0.6.2
   Compiling bitflags v1.3.2
   Compiling strum v0.27.1
   Compiling bounded-vec-deque v0.1.1
   Compiling darling_core v0.23.0
   Compiling bstr v1.9.0
   Compiling rand_core v0.9.3
   Compiling itertools v0.10.5
   Compiling toml_parser v1.1.0+spec-1.1.0
   Compiling toml_datetime v1.1.0+spec-1.1.0
   Compiling toml_writer v1.1.0+spec-1.1.0
   Compiling toml_edit v0.25.6+spec-1.1.0
   Compiling rand_chacha v0.9.0
   Compiling security-framework v2.9.2
   Compiling rand v0.9.4
   Compiling objc2-io-kit v0.3.1
   Compiling warp_features v0.0.0 (/Users/tedczj/workspace/term4u/crates/warp_features)
   Compiling getset v0.1.2
   Compiling assert-json-diff v2.0.2
   Compiling darling_macro v0.23.0
   Compiling warp_core v0.0.0 (/Users/tedczj/workspace/term4u/crates/warp_core)
   Compiling concat-idents v1.1.5
   Compiling colored v3.0.0
   Compiling darling v0.23.0
   Compiling version-compare v0.1.1
   Compiling difflib v0.4.0
   Compiling mockito v1.7.1
   Compiling command-corrections v0.0.0 (https://github.com/warpdotdev/command-corrections.git?rev=eae08c8c51d9bc9741fcb17eef2c21f696aebbeb#eae08c8c)
   Compiling serde_with_macros v3.21.0
   Compiling serde_with v3.21.0
   Compiling sysinfo v0.37.0
   Compiling shellexpand v3.1.1
   Compiling directories v6.0.0
   Compiling line-ending v1.5.1
   Compiling foldhash v0.1.5
   Compiling globset v0.4.18
   Compiling hashbrown v0.15.2
   Compiling num-integer v0.1.46
   Compiling prost-derive v0.14.3
   Compiling prettyplease v0.2.37
   Compiling vcpkg v0.2.15
   Compiling async-trait v0.1.89
   Compiling num-bigint v0.4.6
   Compiling darling_core v0.21.3
   Compiling powerfmt v0.2.0
   Compiling deranged v0.5.5
   Compiling zstd-sys v2.0.15+zstd.1.5.7
   Compiling serde_path_to_error v0.1.16
   Compiling arborium-javascript v2.13.0
   Compiling time-core v0.1.8
   Compiling num-conv v0.2.0
   Compiling anstyle v1.0.13
   Compiling time v0.3.47
   Compiling darling_macro v0.21.3
   Compiling darling v0.21.3
   Compiling arborium-css v2.13.0
   Compiling utf8parse v0.2.2
   Compiling typed-arena v2.0.2
   Compiling fixedbitset v0.5.7
   Compiling jaq-core v3.0.0
   Compiling anstyle-parse v0.2.3
   Compiling prost v0.14.3
   Compiling arborium-tree-sitter v2.13.0
   Compiling memoffset v0.7.1
   Compiling regex-bites v0.1.6
   Compiling colorchoice v1.0.0
   Compiling unicode-width v0.1.14
   Compiling zstd-safe v7.2.4
   Compiling jiff v0.2.24
   Compiling urlencoding v2.1.3
   Compiling is_terminal_polyfill v1.70.2
   Compiling anstyle-query v1.1.5
   Compiling anstream v0.6.21
   Compiling hashlink v0.10.0
   Compiling prevent_sleep v0.0.0 (/Users/tedczj/workspace/term4u/crates/prevent_sleep)
   Compiling jaq-std v3.0.0
   Compiling arborium-html v2.13.0
   Compiling arborium-c v2.13.0
   Compiling thread_local v1.1.7
   Compiling toml_datetime v0.7.3
   Compiling serde_spanned v1.0.3
   Compiling half v2.6.0
   Compiling signal-hook v0.3.18
   Compiling glob v0.3.1
   Compiling hifijson v0.5.0
   Compiling arraydeque v0.5.1
   Compiling ciborium-io v0.2.2
   Compiling clap_lex v0.7.5
   Compiling self_cell v1.2.1
   Compiling crunchy v0.2.2
   Compiling humantime v2.1.0
   Compiling clap_builder v4.5.48
   Compiling jaq-json v2.0.0
   Compiling ciborium-ll v0.2.2
   Compiling clang-sys v1.8.1
   Compiling saphyr-parser v0.0.6
   Compiling rust-embed-utils v8.7.2
   Compiling libsqlite3-sys v0.33.0
   Compiling clap_derive v4.5.47
   Compiling eventsource-stream v0.2.3
   Compiling async-compat v0.2.5
   Compiling async-stream-impl v0.3.5
   Compiling arborium-toml v2.13.0
   Compiling arborium-typescript v2.13.0
   Compiling arborium-yaml v2.13.0
   Compiling arborium-scss v2.13.0
   Compiling filetime v0.2.25
   Compiling fsevent-sys v4.1.0
   Compiling toml-span v0.7.1
   Compiling beef v0.5.2
   Compiling winnow v0.7.12
   Compiling termcolor v1.4.1
   Compiling notify-types v2.0.0 (https://github.com/warpdotdev/notify?rev=91b719849bc04ef251bcb2cc61076b099204e970#91b71984)
   Compiling utf8-width v0.1.7
   Compiling ordered_hashmap v0.0.3
   Compiling downcast-rs v2.0.2
   Compiling xmlparser v0.13.6
   Compiling jaq-fmts v0.1.0
   Compiling graphlib_rust v0.0.2
   Compiling notify v8.0.0 (https://github.com/warpdotdev/notify?rev=91b719849bc04ef251bcb2cc61076b099204e970#91b71984)
   Compiling logos-codegen v0.14.1
   Compiling zstd v0.13.3
   Compiling clap v4.5.48
   Compiling async-stream v0.3.5
   Compiling rust-embed-impl v8.7.2
   Compiling nix v0.26.4
   Compiling oauth2 v5.0.0
   Compiling rust-embed-utils v7.8.1
   Compiling color-print-proc-macro v0.3.7
   Compiling warp_cli v0.0.0 (/Users/tedczj/workspace/term4u/crates/warp_cli)
   Compiling ownedbytes v0.9.0
   Compiling arborium-dockerfile v2.13.0
   Compiling arborium-kotlin v2.13.0
   Compiling arborium-vue v2.13.0
   Compiling arborium-c-sharp v2.13.0
   Compiling arborium-objc v2.13.0
   Compiling arborium-tsx v2.13.0
   Compiling arborium-lua v2.13.0
   Compiling arborium-php v2.13.0
   Compiling arborium-powershell v2.13.0
   Compiling arborium-nix v2.13.0
   Compiling arborium-rust v2.13.0
   Compiling arborium-python v2.13.0
   Compiling arborium-hcl v2.13.0
   Compiling arborium-scala v2.13.0
   Compiling arborium-jq v2.13.0
   Compiling arborium-starlark v2.13.0
   Compiling arborium-markdown v2.13.0
   Compiling arborium-go v2.13.0
   Compiling arborium-swift v2.13.0
   Compiling arborium-sql v2.13.0
   Compiling arborium-json v2.13.0
   Compiling arborium-java v2.13.0
   Compiling arborium-ruby v2.13.0
   Compiling arborium-bash v2.13.0
   Compiling arborium-xml v2.13.0
   Compiling arborium-cpp v2.13.0
   Compiling arborium-elixir v2.13.0
   Compiling static_assertions v1.1.0
   Compiling diesel_derives v2.3.5
   Compiling arborium v2.13.0
   Compiling unsafe-libyaml v0.2.11
   Compiling strsim v0.10.0
   Compiling streaming-iterator v0.1.9
   Compiling file-id v0.2.2 (https://github.com/warpdotdev/notify?rev=91b719849bc04ef251bcb2cc61076b099204e970#91b71984)
   Compiling typeid v1.0.3
   Compiling codesnake v0.3.0
   Compiling jaq-all v0.1.0
   Compiling serde_yaml v0.9.34+deprecated
   Compiling toml v0.9.6
   Compiling notify-debouncer-full v0.5.0 (https://github.com/warpdotdev/notify?rev=91b719849bc04ef251bcb2cc61076b099204e970#91b71984)
   Compiling darling_core v0.20.8
   Compiling rustls-webpki v0.103.13
   Compiling tokio-rustls v0.26.4
   Compiling rustls-platform-verifier v0.6.2
   Compiling hyper-rustls v0.27.7
   Compiling tungstenite v0.24.0
   Compiling reqwest v0.13.3
   Compiling graphql-ws-client v0.11.1
   Compiling async-tungstenite v0.28.2
   Compiling websocket v0.1.0 (/Users/tedczj/workspace/term4u/crates/websocket)
   Compiling warp_errors v0.0.0 (/Users/tedczj/workspace/term4u/crates/warp_errors)
   Compiling aha-reqwest-eventsource v0.1.0
   Compiling command v0.1.0 (/Users/tedczj/workspace/term4u/crates/command)
   Compiling warp_util v0.1.0 (/Users/tedczj/workspace/term4u/crates/warp_util)
   Compiling sum_tree v0.1.0 (/Users/tedczj/workspace/term4u/crates/sum_tree)
   Compiling local_control v0.0.0 (/Users/tedczj/workspace/term4u/crates/local_control)
   Compiling color-print v0.3.7
   Compiling tantivy-common v0.11.0
   Compiling rust-embed v8.7.2
   Compiling rust-embed-impl v6.8.1
   Compiling bitpacking v0.9.3
   Compiling signal-hook-mio v0.2.5
   Compiling clap_complete v4.5.58
   Compiling logos-derive v0.14.1
   Compiling dagre_rust v0.0.5 (https://github.com/warpdotdev/mermaid-to-svg.git?rev=8d3f789c2eb49335d7bf247a06bb649f59b6d4ed#8d3f789c)
   Compiling html-escape v0.2.13
   Compiling fuzzy-matcher v0.3.7
   Compiling dsl_auto_type v0.2.0
   Compiling petgraph v0.8.3
   Compiling libz-sys v1.1.25
   Compiling ignore v0.4.24
   Compiling itertools v0.11.0
   Compiling lzma-sys v0.1.20
   Compiling bzip2-sys v0.1.13+1.0.8
   Compiling bincode v1.3.3
   Compiling repo_metadata v0.1.0 (/Users/tedczj/workspace/term4u/crates/repo_metadata)
   Compiling diesel_table_macro_syntax v0.3.0
   Compiling grep-matcher v0.1.8
   Compiling libloading v0.8.9
   Compiling erased-serde v0.4.10
   Compiling utf8-ranges v1.0.5
   Compiling heck v0.4.1
   Compiling unindent v0.2.4
   Compiling unicode-general-category v1.1.0
   Compiling rust_decimal v1.35.0
   Compiling arborium-theme v2.13.0
   Compiling object v0.37.3
   Compiling urlocator v0.1.4
   Compiling rustc-hash v1.1.0
   Compiling bindgen v0.70.1
   Compiling arborium-highlight v2.13.0
   Compiling ouroboros_macro v0.18.0
   Compiling tantivy-fst v0.5.0
   Compiling warpui_extras v0.0.0 (/Users/tedczj/workspace/term4u/crates/warpui_extras)
   Compiling settings v0.0.0 (/Users/tedczj/workspace/term4u/crates/settings)
   Compiling watcher v0.1.0 (/Users/tedczj/workspace/term4u/crates/watcher)
   Compiling mermaid_to_svg v0.1.0 (https://github.com/warpdotdev/mermaid-to-svg.git?rev=8d3f789c2eb49335d7bf247a06bb649f59b6d4ed#8d3f789c)
   Compiling rust-embed v6.8.1
   Compiling warp-completion-metadata v0.0.0 (https://github.com/warpdotdev/command-signatures.git?rev=d3725aa42375cc229699c87be2b38f9d9f07080f#d3725aa4)
   Compiling logos v0.14.1
   Compiling tantivy-bitpacker v0.10.0
   Compiling darling_macro v0.20.8
   Compiling migrations_internals v2.3.0
   Compiling toml v0.5.11
   Compiling imara-diff v0.2.0
   Compiling ipynb_parser v0.1.0 (/Users/tedczj/workspace/term4u/crates/ipynb_parser)
   Compiling itertools v0.13.0
   Compiling derive_more-impl v2.0.1
   Compiling onig_sys v69.9.1
   Compiling axum-core v0.5.2
   Compiling encoding_rs_io v0.1.7
   Compiling cexpr v0.6.0
   Compiling core-graphics-types v0.2.0
   Compiling inout v0.1.4
   Compiling malloc_buf v0.0.6
   Compiling unicode-linebreak v0.1.5
   Compiling lalrpop-util v0.20.2
   Compiling typetag v0.2.21
   Compiling aliasable v0.1.3
   Compiling gimli v0.32.3
   Compiling litrs v1.0.0
   Compiling matchit v0.8.4
   Compiling crc-catalog v2.4.0
   Compiling murmurhash32 v0.3.1
   Compiling memo-map v0.3.2
   Compiling document-features v0.2.12
   Compiling tantivy-stacker v0.7.0
   Compiling crc v3.4.0
   Compiling axum v0.8.4
   Compiling http_client v0.0.0 (/Users/tedczj/workspace/term4u/crates/http_client)
   Compiling vim v0.1.0 (/Users/tedczj/workspace/term4u/crates/vim)
   Compiling asset_cache v0.0.0 (/Users/tedczj/workspace/term4u/crates/asset_cache)
   Compiling cynic-parser v0.4.5
   Compiling warp_editor v0.1.0 (/Users/tedczj/workspace/term4u/crates/editor)
   Compiling addr2line v0.25.1
   Compiling ouroboros v0.18.0
   Compiling objc v0.2.7 (https://github.com/warpdotdev/rust-objc.git?rev=5b656827fa9f863ef0eb22e444a3fedac009e78a#5b656827)
   Compiling cipher v0.4.4
   Compiling derive_more v2.0.1
   Compiling grep-searcher v0.1.16
   Compiling find-crate v0.6.3
   Compiling migrations_macros v2.3.0
   Compiling diesel v2.3.10
   Compiling darling v0.20.8
   Compiling warp-command-signatures v0.0.0 (https://github.com/warpdotdev/command-signatures.git?rev=d3725aa42375cc229699c87be2b38f9d9f07080f#d3725aa4)
   Compiling counter v0.5.7
   Compiling tantivy-sstable v0.7.0
   Compiling prost-types v0.14.3
   Compiling fuzzy_match v0.1.0 (/Users/tedczj/workspace/term4u/crates/fuzzy_match)
   Compiling bon-macros v3.7.1
   Compiling num-rational v0.4.2
   Compiling uneval v0.2.3 (https://github.com/warpdotdev/uneval?rev=df4d9fad372aedc447e6f93ca0f930fabaf9dd1a#df4d9fad)
   Compiling warp-workflows-types v0.1.0 (https://github.com/warpdotdev/workflows?rev=793a98ddda6ef19682aed66364faebd2829f0e01#793a98dd)
   Compiling num-iter v0.1.45
   Compiling objc2-metal v0.3.2
   Compiling libgit2-sys v0.18.3+1.9.2
   Compiling interprocess v1.2.1
   Compiling regex_dfas v0.0.0 (/Users/tedczj/workspace/term4u/crates/regex_dfas)
   Compiling hmac v0.12.1
   Compiling derive-new v0.5.9
   Compiling rust-stemmers v1.2.0
   Compiling ordered-float v5.3.0
   Compiling num-complex v0.4.6
   Compiling typetag-impl v0.2.21
   Compiling async-recursion v1.1.1
   Compiling is-terminal v0.4.17
   Compiling memmap v0.7.0
   Compiling vte_generate_state_changes v0.1.1 (https://github.com/warpdotdev/vte.git?rev=4b399c87b63ba88f45709edaa6383fc519f6c900#4b399c87)
   Compiling paste v1.0.14
   Compiling predicates-core v1.0.6
   Compiling borrow-or-share v0.2.4
   Compiling block v0.1.6
   Compiling fastdivide v0.4.2
   Compiling safemem v0.3.3
   Compiling persistence v0.0.0 (/Users/tedczj/workspace/term4u/crates/persistence)
   Compiling multimap v0.10.1
   Compiling smol_str v0.2.2
   Compiling bit-vec v0.8.0
   Compiling bumpalo v3.19.1
   Compiling palette v0.6.1
   Compiling utf8parse v0.2.1 (https://github.com/warpdotdev/vte.git?rev=4b399c87b63ba88f45709edaa6383fc519f6c900#4b399c87)
   Compiling rustc-demangle v0.1.27
   Compiling zip v2.4.2
   Compiling mockall_derive v0.13.1
   Compiling unicode-width v0.2.1
   Compiling backtrace v0.3.76
   Compiling zopfli v0.8.3
   Compiling diesel_migrations v2.3.1
   Compiling vte v0.13.0 (https://github.com/warpdotdev/vte.git?rev=4b399c87b63ba88f45709edaa6383fc519f6c900#4b399c87)
   Compiling bit-set v0.8.0
   Compiling warp_completer v0.1.0 (/Users/tedczj/workspace/term4u/crates/warp_completer)
   Compiling prost-build v0.14.3
   Compiling line-wrap v0.1.1
   Compiling tantivy-columnar v0.7.0
   Compiling cocoa-foundation v0.2.1
   Compiling fluent-uri v0.4.1
   Compiling warp-workflows v0.1.0 (https://github.com/warpdotdev/workflows?rev=793a98ddda6ef19682aed66364faebd2829f0e01#793a98dd)
   Compiling env_logger v0.10.2
   Compiling num v0.4.3
   Compiling bon v3.7.1
   Compiling tantivy-query-grammar v0.26.0
   Compiling objc2-quartz-core v0.3.2
   Compiling pbkdf2 v0.12.2
   Compiling secret_redaction v0.0.0 (/Users/tedczj/workspace/term4u/crates/secret_redaction)
   Compiling byte-unit v5.2.0
   Compiling bzip2 v0.5.2
   Compiling cynic-codegen v3.8.0
   Compiling xz2 v0.1.7
   Compiling languages v0.0.0 (/Users/tedczj/workspace/term4u/crates/languages)
   Compiling warpui v0.0.0 (/Users/tedczj/workspace/term4u/crates/warpui)
   Compiling crossterm v0.29.0
   Compiling palette_derive v0.6.1
   Compiling grep-printer v0.3.1
   Compiling aes v0.8.4
   Compiling warp_isolation_platform v0.1.0 (/Users/tedczj/workspace/term4u/crates/isolation_platform)
   Compiling lzma-rs v0.3.0
   Compiling channel_versions v0.1.0 (/Users/tedczj/workspace/term4u/crates/channel_versions)
   Compiling core-graphics v0.24.0
   Compiling warp_assets v0.0.0 (/Users/tedczj/workspace/term4u/crates/warp_assets)
   Compiling grep-regex v0.1.14
   Compiling grep-cli v0.1.12
   Compiling fluent-uri v0.1.4
   Compiling fs4 v0.13.1
   Compiling gethostname v1.1.0
   Compiling tracing-log v0.2.0
   Compiling sharded-slab v0.1.7
   Compiling spinning v0.1.0
   Compiling tantivy-tokenizer-api v0.7.0
   Compiling serde_spanned v0.6.9
   Compiling bitflags-serde-legacy v0.1.1
   Compiling toml_datetime v0.6.11
   Compiling sketches-ddsketch v0.4.0
   Compiling crossbeam-channel v0.5.8
   Compiling lsp v0.1.0 (/Users/tedczj/workspace/term4u/crates/lsp)
   Compiling ai v0.1.0 (/Users/tedczj/workspace/term4u/crates/ai)
   Compiling lru v0.16.3
   Compiling approx v0.5.1
   Compiling matchers v0.2.0
   Compiling serde_repr v0.1.20
   Compiling measure_time v0.9.0
   Compiling quick-xml v0.30.0
   Compiling cvt v0.1.2
   Compiling census v0.4.2
   Compiling nu-ansi-term v0.50.3
   Compiling bimap v0.6.3
   Compiling base64 v0.21.7
   Compiling termtree v0.4.1
   Compiling constant_time_eq v0.3.1
   Compiling outref v0.5.2
   Compiling to_method v1.1.0
   Compiling htmlescape v0.3.1
   Compiling vsimd v0.8.0
   Compiling oneshot v0.1.13
   Compiling datasketches v0.2.0
   Compiling levenshtein_automata v0.2.1
   Compiling toml_write v0.1.2
   Compiling arc-swap v1.7.1
   Compiling psl-types v2.0.11
   Compiling deflate64 v0.1.10
   Compiling lz4_flex v0.13.0
   Compiling intmap v0.7.1
   Compiling psl v2.1.4
   Compiling warp_terminal v0.0.0 (/Users/tedczj/workspace/term4u/crates/warp_terminal)
   Compiling tantivy v0.26.0
   Compiling toml_edit v0.22.27
   Compiling uuid-simd v0.8.0
   Compiling plist v1.5.1
   Compiling predicates-tree v1.0.9
   Compiling tracing-subscriber v0.3.23
   Compiling lsp-types v0.97.0
   Compiling grep v0.4.1
   Compiling cocoa v0.26.0
   Compiling cynic-proc-macros v3.8.0
   Compiling syntax_tree v0.1.0 (/Users/tedczj/workspace/term4u/crates/syntax_tree)
   Compiling objc2-app-kit v0.3.2
   Compiling fraction v0.15.3
   Compiling referencing v0.45.1
   Compiling warp v0.1.0 (/Users/tedczj/workspace/term4u/app)
   Compiling onig v6.5.1
   Compiling fancy-regex v0.17.0
   Compiling log-panics v2.1.0
   Compiling predicates v3.1.3
   Compiling prost-reflect v0.16.3
   Compiling axum-extra v0.10.1
   Compiling simple_logger v0.1.0 (/Users/tedczj/workspace/term4u/crates/simple_logger)
   Compiling jsonrpc v0.1.0 (/Users/tedczj/workspace/term4u/crates/jsonrpc)
   Compiling interaction_types v0.1.0 (/Users/tedczj/workspace/term4u/crates-local/interaction_types)
   Compiling objc2-av-foundation v0.3.2
   Compiling serial_test_derive v0.8.0
   Compiling email_address v0.2.9
   Compiling priority-queue v2.5.0
   Compiling csv-core v0.1.11
   Compiling base16ct v0.2.0
   Compiling twox-hash v2.1.2
   Compiling downcast v0.11.0
   Compiling line-span v0.1.5
   Compiling num-cmp v0.1.0
   Compiling dispatch v0.2.0
   Compiling fragile v2.0.0
   Compiling takecell v0.1.1
   Compiling bytecount v0.6.9
   Compiling mockall v0.13.1
   Compiling jsonschema v0.45.1
   Compiling lz4_flex v0.11.6
   Compiling csv v1.3.1
   Compiling serial_test v0.8.0
   Compiling app-installation-detection v0.1.0 (/Users/tedczj/workspace/term4u/crates/app-installation-detection)
   Compiling field_mask v0.0.0 (/Users/tedczj/workspace/term4u/crates/field_mask)
   Compiling warp_logging v0.0.0 (/Users/tedczj/workspace/term4u/crates/warp_logging)
   Compiling syntect v5.2.0
   Compiling warp_search_core v0.1.0 (/Users/tedczj/workspace/term4u/crates/warp_search_core)
   Compiling cynic v3.8.0
   Compiling warp_ripgrep v0.1.0 (/Users/tedczj/workspace/term4u/crates/warp_ripgrep)
   Compiling kmeans_colors v0.5.0
   Compiling toml v0.8.23
   Compiling addr v0.15.6
   Compiling ipc v0.1.0 (/Users/tedczj/workspace/term4u/crates/ipc)
   Compiling comfy-table v7.2.1
   Compiling inquire v0.9.1
   Compiling tabwriter v1.4.1
   Compiling natural_language_detection v0.1.0 (/Users/tedczj/workspace/term4u/crates/natural_language_detection)
   Compiling asset_macro v0.1.0 (/Users/tedczj/workspace/term4u/crates/asset_macro)
   Compiling http_server v0.0.0 (/Users/tedczj/workspace/term4u/crates/http_server)
   Compiling warp_files v0.1.0 (/Users/tedczj/workspace/term4u/crates/warp_files)
   Compiling ui_components v0.0.0 (/Users/tedczj/workspace/term4u/crates/ui_components)
   Compiling build_cache v0.1.0 (/Users/tedczj/workspace/term4u/crates/build_cache)
   Compiling difflib v0.4.0 (https://github.com/warpdotdev/difflib.git?rev=114177e7d8e1f8017baca397f943e11644b14d63#114177e7)
   Compiling virtual-fs v0.1.0 (/Users/tedczj/workspace/term4u/crates/virtual_fs)
   Compiling lasso v0.7.3
   Compiling ai_types v0.1.0 (/Users/tedczj/workspace/term4u/crates/ai_types)
   Compiling serde-bytes-repr v0.3.0
   Compiling iso8601-duration v0.2.0
   Compiling tracing-futures v0.2.5
   Compiling validator v0.19.0
   Compiling serde_regex v1.1.0
   Compiling variant_count v1.1.0
   Compiling ctor v0.1.26
   Compiling email_address v0.2.3 (https://github.com/warpdotdev/rust-email_address?rev=b3e5205b4efdc83832f230d8eb6894fd00a9ec32#b3e5205b)
   Compiling hashbrown v0.17.1
   Compiling counter v0.6.0
   Compiling permissions v0.4.1
   Compiling mach2 v0.5.0
   Compiling os_info v3.7.0
   Compiling serde_bytes v0.11.19
   Compiling deltae v0.3.2
   Compiling qrcode v0.14.1
   Compiling alphanumeric-sort v1.5.7
   Compiling thousands v0.2.0
   Compiling siphasher v0.3.11
   Compiling shell-words v1.1.0
   Compiling unindent v0.1.11
   Compiling enclose v1.1.8
   Compiling embed_plist v1.2.2
   Compiling handlebars v0.0.0 (/Users/tedczj/workspace/term4u/crates/handlebars)
   Compiling git2 v0.20.4
    Finished `test` profile [unoptimized] target(s) in 2m 03s
────────────
 Nextest run ID 5fcadd53-1772-4c12-b0d5-d57e3f10225a with nextest profile: default
    Starting 6 tests across 1 binary (1546 tests skipped)
        PASS [   0.019s] (1/6) warp terminal::view::local_io::tests::l0_02_paste_plan_preserves_editor_text_and_rejects_native_control_injection
        FAIL [   0.077s] (2/6) warp terminal::view::local_interaction_tests::multiline_vertical_navigation_stays_inside_the_editor
  stdout ───

    running 1 test
    test terminal::view::local_interaction_tests::multiline_vertical_navigation_stays_inside_the_editor ... FAILED

    failures:

    failures:
        terminal::view::local_interaction_tests::multiline_vertical_navigation_stays_inside_the_editor

    test result: FAILED. 0 passed; 1 failed; 0 ignored; 0 measured; 1551 filtered out; finished in 0.06s

  stderr ───
    23:00:26.962 [INFO] [warpui_core::core::app] Starting test app...
    23:00:26.965 [INFO] [warpui_core::core::app] Executing test...
    23:00:26.998 [INFO] [warpui_core::core::app] dispatching typed action: warp::editor::view::EditorAction::Up

    thread 'terminal::view::local_interaction_tests::multiline_vertical_navigation_stays_inside_the_editor' (48513176) panicked at app/src/terminal/local_interaction_tests.rs:93:13:
    assertion `left == right` failed
      left: 0
     right: 3
    note: run with `RUST_BACKTRACE=1` environment variable to display a backtrace

        FAIL [   0.081s] (3/6) warp terminal::view::local_io::tests::l0_02_parsed_mode_changes_invalidate_a_pending_confirmation
  stdout ───

    running 1 test
    test terminal::view::local_io::tests::l0_02_parsed_mode_changes_invalidate_a_pending_confirmation ... FAILED

    failures:

    failures:
        terminal::view::local_io::tests::l0_02_parsed_mode_changes_invalidate_a_pending_confirmation

    test result: FAILED. 0 passed; 1 failed; 0 ignored; 0 measured; 1551 filtered out; finished in 0.06s

  stderr ───
    23:00:26.961 [INFO] [warpui_core::core::app] Starting test app...
    23:00:26.965 [INFO] [warpui_core::core::app] Executing test...

    thread 'terminal::view::local_io::tests::l0_02_parsed_mode_changes_invalidate_a_pending_confirmation' (48513175) panicked at app/src/terminal/view/local_io_tests.rs:405:50:
    called `Option::unwrap()` on a `None` value
    note: run with `RUST_BACKTRACE=1` environment variable to display a backtrace

        FAIL [   0.081s] (4/6) warp terminal::view::local_io::tests::l0_02_multiline_confirmation_cancels_and_rejects_stale_requests
  stdout ───

    running 1 test
    test terminal::view::local_io::tests::l0_02_multiline_confirmation_cancels_and_rejects_stale_requests ... FAILED

    failures:

    failures:
        terminal::view::local_io::tests::l0_02_multiline_confirmation_cancels_and_rejects_stale_requests

    test result: FAILED. 0 passed; 1 failed; 0 ignored; 0 measured; 1551 filtered out; finished in 0.06s

  stderr ───
    23:00:26.961 [INFO] [warpui_core::core::app] Starting test app...
    23:00:26.965 [INFO] [warpui_core::core::app] Executing test...

    thread 'terminal::view::local_io::tests::l0_02_multiline_confirmation_cancels_and_rejects_stale_requests' (48513173) panicked at app/src/terminal/view/local_io_tests.rs:199:62:
    called `Option::unwrap()` on a `None` value
    note: run with `RUST_BACKTRACE=1` environment variable to display a backtrace

        FAIL [   0.082s] (5/6) warp terminal::view::local_io::tests::l0_02_native_paste_uses_parsed_mode_and_a_real_raw_pty
  stdout ───

    running 1 test
    test terminal::view::local_io::tests::l0_02_native_paste_uses_parsed_mode_and_a_real_raw_pty ... FAILED

    failures:

    failures:
        terminal::view::local_io::tests::l0_02_native_paste_uses_parsed_mode_and_a_real_raw_pty

    test result: FAILED. 0 passed; 1 failed; 0 ignored; 0 measured; 1551 filtered out; finished in 0.06s

  stderr ───
    23:00:26.962 [INFO] [warpui_core::core::app] Starting test app...
    23:00:26.965 [INFO] [warpui_core::core::app] Executing test...

    thread 'terminal::view::local_io::tests::l0_02_native_paste_uses_parsed_mode_and_a_real_raw_pty' (48513180) panicked at app/src/terminal/view/local_io_tests.rs:147:35:
    called `Result::unwrap()` on an `Err` value: Empty
    note: run with `RUST_BACKTRACE=1` environment variable to display a backtrace

        FAIL [   0.088s] (6/6) warp terminal::view::local_io::tests::l0_07_ime_platform_composition_commits_once_and_cancels_without_bytes
  stdout ───

    running 1 test
    test terminal::view::local_io::tests::l0_07_ime_platform_composition_commits_once_and_cancels_without_bytes ... FAILED

    failures:

    failures:
        terminal::view::local_io::tests::l0_07_ime_platform_composition_commits_once_and_cancels_without_bytes

    test result: FAILED. 0 passed; 1 failed; 0 ignored; 0 measured; 1551 filtered out; finished in 0.07s

  stderr ───
    23:00:26.962 [INFO] [warpui_core::core::app] Starting test app...
    23:00:26.965 [INFO] [warpui_core::core::app] Executing test...
    23:00:27.013 [INFO] [warpui_core::core::app] dispatching typed action: warp::terminal::view::action::TerminalAction::SetMarkedText { text: "中文候选", selected_range: 0..2 }
    23:00:27.016 [INFO] [warpui_core::core::app] dispatching typed action: warp::terminal::view::action::TerminalAction::TypedCharacters("中文")

    thread 'terminal::view::local_io::tests::l0_07_ime_platform_composition_commits_once_and_cancels_without_bytes' (48513178) panicked at app/src/terminal/view/local_io_tests.rs:332:34:
    called `Result::unwrap()` on an `Err` value: Empty
    note: run with `RUST_BACKTRACE=1` environment variable to display a backtrace

────────────
     Summary [   0.089s] 6 tests run: 1 passed, 5 failed, 1546 skipped
        FAIL [   0.077s] (2/6) warp terminal::view::local_interaction_tests::multiline_vertical_navigation_stays_inside_the_editor
        FAIL [   0.081s] (3/6) warp terminal::view::local_io::tests::l0_02_parsed_mode_changes_invalidate_a_pending_confirmation
        FAIL [   0.081s] (4/6) warp terminal::view::local_io::tests::l0_02_multiline_confirmation_cancels_and_rejects_stale_requests
        FAIL [   0.082s] (5/6) warp terminal::view::local_io::tests::l0_02_native_paste_uses_parsed_mode_and_a_real_raw_pty
        FAIL [   0.088s] (6/6) warp terminal::view::local_io::tests::l0_07_ime_platform_composition_commits_once_and_cancels_without_bytes
error: test run failed
