   Compiling unicode-ident v1.0.12
   Compiling serde_core v1.0.228
   Compiling libc v0.2.186
   Compiling proc-macro2 v1.0.106
   Compiling shlex v1.3.0
   Compiling quote v1.0.45
   Compiling jobserver v0.1.32
   Compiling syn v2.0.117
   Compiling find-msvc-tools v0.1.9
   Compiling cc v1.2.56
   Compiling cfg-if v1.0.4
   Compiling autocfg v1.1.0
   Compiling memchr v2.7.6
   Compiling log v0.4.29
   Compiling version_check v0.9.5
   Compiling pin-project-lite v0.2.16
   Compiling regex-syntax v0.8.5
   Compiling bitflags v2.13.0
   Compiling once_cell v1.21.3
   Compiling smallvec v1.15.1
   Compiling itoa v1.0.18
   Compiling scopeguard v1.2.0
   Compiling futures-core v0.3.31
   Compiling aho-corasick v1.1.3
   Compiling serde_derive v1.0.228
   Compiling libm v0.2.15
   Compiling futures-io v0.3.31
   Compiling slab v0.4.9
   Compiling num-traits v0.2.19
   Compiling equivalent v1.0.1
   Compiling serde v1.0.228
   Compiling parking_lot_core v0.9.12
   Compiling fnv v1.0.7
   Compiling core-foundation-sys v0.8.7 (https://github.com/servo/core-foundation-rs?rev=6f844cf1a1a18e25b70fcdf1bcdc458555bd2eff#6f844cf1)
   Compiling regex-automata v0.4.9
   Compiling zmij v1.0.21
   Compiling generic-array v0.14.7
   Compiling allocator-api2 v0.2.16
   Compiling lock_api v0.4.14
   Compiling bytes v1.11.1
   Compiling parking_lot v0.12.5
   Compiling typenum v1.20.0
   Compiling anyhow v1.0.79
   Compiling ppv-lite86 v0.2.17
   Compiling foldhash v0.2.0
   Compiling crossbeam-utils v0.8.21
   Compiling parking v2.2.0
   Compiling stable_deref_trait v1.2.0
   Compiling crypto-common v0.1.6
   Compiling hashbrown v0.16.0
   Compiling signal-hook-registry v1.4.1
   Compiling pin-utils v0.1.0
   Compiling serde_json v1.0.150
   Compiling futures-sink v0.3.31
   Compiling block-buffer v0.10.4
   Compiling fastrand v2.3.0
   Compiling mio v1.1.1
   Compiling synstructure v0.13.1
   Compiling dunce v1.0.5
   Compiling subtle v2.6.1
   Compiling indexmap v2.12.0
   Compiling futures-channel v0.3.31
   Compiling zerofrom-derive v0.1.5
   Compiling futures-macro v0.3.31
   Compiling futures-task v0.3.31
   Compiling yoke-derive v0.7.5
   Compiling futures-util v0.3.31
   Compiling zerofrom v0.1.5
   Compiling tokio-macros v2.6.1
   Compiling socket2 v0.6.0
   Compiling ryu v1.0.23
   Compiling tokio v1.50.0
   Compiling yoke v0.7.5
   Compiling syn v1.0.109
   Compiling http v1.4.0
   Compiling zerovec-derive v0.10.3
   Compiling displaydoc v0.2.5
   Compiling lazy_static v1.5.0
   Compiling zerovec v0.10.4
   Compiling futures-lite v2.6.1
   Compiling tracing-core v0.1.36
   Compiling cmake v0.1.58
   Compiling fs_extra v1.3.0
   Compiling simd-adler32 v0.3.7
   Compiling base64 v0.22.1
   Compiling byteorder v1.5.0
   Compiling aws-lc-sys v0.39.1
   Compiling tracing-attributes v0.1.31
   Compiling thiserror-impl v1.0.63
   Compiling percent-encoding v2.3.1
   Compiling atomic-waker v1.1.2
   Compiling tracing v0.1.44
   Compiling thiserror v1.0.63
   Compiling tinystr v0.7.6
   Compiling zeroize_derive v1.4.3
   Compiling getrandom v0.2.16
   Compiling adler2 v2.0.0
   Compiling writeable v0.5.5
   Compiling litemap v0.7.4
   Compiling icu_locid v1.5.0
   Compiling miniz_oxide v0.8.8
   Compiling zeroize v1.8.2
   Compiling crc32fast v1.5.0
   Compiling digest v0.10.7
   Compiling concurrent-queue v2.5.0
   Compiling thiserror-impl v2.0.17
   Compiling icu_provider_macros v1.5.0
   Compiling errno v0.3.10
   Compiling same-file v1.0.6
   Compiling either v1.9.0
   Compiling walkdir v2.4.0
   Compiling thiserror v2.0.17
   Compiling rustix v1.1.2
   Compiling icu_provider v1.5.0
   Compiling core-foundation v0.10.1 (https://github.com/servo/core-foundation-rs?rev=6f844cf1a1a18e25b70fcdf1bcdc458555bd2eff#6f844cf1)
   Compiling async-io v2.6.0
   Compiling cpufeatures v0.2.9
   Compiling icu_locid_transform_data v1.5.0
   Compiling rand_core v0.6.4
   Compiling icu_locid_transform v1.5.0
   Compiling httparse v1.10.1
   Compiling icu_collections v1.5.0
   Compiling http-body v1.0.1
   Compiling icu_properties_data v1.5.0
   Compiling siphasher v1.0.1
   Compiling icu_properties v1.5.1
   Compiling rand_chacha v0.3.1
   Compiling flate2 v1.1.9
   Compiling rustls-pki-types v1.12.0
   Compiling form_urlencoded v1.2.1
   Compiling tokio-util v0.7.18
   Compiling regex v1.11.1
   Compiling proc-macro-error-attr v1.0.4
   Compiling unicase v2.7.0
   Compiling utf8_iter v1.0.4
   Compiling utf16_iter v1.0.5
   Compiling ident_case v1.0.1
   Compiling write16 v1.0.0
   Compiling untrusted v0.9.0
   Compiling tower-service v0.3.3
   Compiling icu_normalizer_data v1.5.0
   Compiling icu_normalizer v1.5.0
   Compiling rand v0.8.6
   Compiling event-listener v5.4.0
   Compiling core-foundation v0.9.4
   Compiling proc-macro-error v1.0.4
   Compiling try-lock v0.2.4
   Compiling mime v0.3.17
   Compiling utf-8 v0.7.6
   Compiling want v0.3.1
   Compiling event-listener-strategy v0.5.2
   Compiling system-configuration-sys v0.6.0
   Compiling idna_adapter v1.2.0
   Compiling h2 v0.4.15
   Compiling httpdate v1.0.3
   Compiling cfg_aliases v0.2.1
   Compiling idna v1.0.3
   Compiling system-configuration v0.6.1
   Compiling mime_guess v2.0.4
   Compiling hyper v1.8.1
   Compiling phf_shared v0.11.3
   Compiling http-body-util v0.1.3
   Compiling pin-project-internal v1.1.3
   Compiling minimal-lexical v0.2.1
   Compiling ipnet v2.11.0
   Compiling strsim v0.11.1
   Compiling pin-project v1.1.3
   Compiling hyper-util v0.1.16
   Compiling nom v7.1.3
   Compiling getrandom v0.3.4
   Compiling sync_wrapper v1.0.1
   Compiling alloc-no-stdlib v2.0.4
   Compiling inventory v0.3.20
   Compiling tower-layer v0.3.3
   Compiling alloc-stdlib v0.2.2
   Compiling url v2.5.4
   Compiling itertools v0.14.0
   Compiling security-framework-sys v2.15.0
   Compiling encoding_rs v0.8.35
   Compiling heck v0.5.0
   Compiling brotli-decompressor v4.0.2
   Compiling tower v0.5.2
   Compiling semver v1.0.20
   Compiling phf_generator v0.11.3
   Compiling async-channel v2.3.1
   Compiling serde_urlencoded v0.7.1
   Compiling memoffset v0.9.0
   Compiling indexmap v1.9.3
   Compiling num_cpus v1.16.0
   Compiling option-ext v0.2.0
   Compiling async-task v4.7.1
   Compiling futures-executor v0.3.31
   Compiling rustc_version v0.4.0
   Compiling brotli v7.0.0
   Compiling rustversion v1.0.14
   Compiling security-framework v3.5.1
   Compiling sha1 v0.10.6
   Compiling polling v3.11.0
   Compiling piper v0.2.1
   Compiling iana-time-zone v0.1.64
   Compiling crossbeam-epoch v0.9.15
   Compiling new_debug_unreachable v1.0.4
   Compiling tree-sitter-language v0.1.2
   Compiling data-encoding v2.10.0
   Compiling hashbrown v0.12.3
   Compiling chrono v0.4.40
   Compiling blocking v1.6.2
   Compiling async-compression v0.4.22
   Compiling futures v0.3.31
   Compiling phf_codegen v0.11.3
   Compiling string_cache_codegen v0.5.4
   Compiling memmap2 v0.9.7
   Compiling linked-hash-map v0.5.6
   Compiling fastrand v1.9.0
   Compiling unicode-segmentation v1.11.0
   Compiling iri-string v0.7.8
   Compiling pkg-config v0.3.32
   Compiling waker-fn v1.1.1
   Compiling futures-lite v1.13.0
   Compiling tower-http v0.6.8
   Compiling yaml-rust v0.4.5 (https://github.com/warpdotdev/yaml-rust.git?rev=51684719d0102ca85ff4b21cec39877a0c669e19#51684719)
   Compiling web_atoms v0.1.3
   Compiling dyn-clone v1.0.20
   Compiling precomputed-hash v0.1.1
   Compiling arrayvec v0.7.6
   Compiling futures-timer v3.0.2
   Compiling mac v0.1.1
   Compiling futf v0.1.5
   Compiling string_cache v0.8.9
   Compiling crossbeam-deque v0.8.3
   Compiling convert_case v0.7.1
   Compiling phf v0.11.3
   Compiling derive-where v1.2.7
   Compiling ref-cast-impl v1.0.23
   Compiling ahash v0.8.11
   Compiling objc2-encode v4.1.0
   Compiling bytemuck v1.24.0
   Compiling objc2 v0.6.3
   Compiling ref-cast v1.0.23
   Compiling quote-use-macros v0.7.2
   Compiling tendril v0.4.3
   Compiling async-net v2.0.0
   Compiling pathfinder_simd v0.5.4 (https://github.com/warpdotdev/pathfinder.git?rev=34128a129ca6aee168fbc5060a4f21b4f7e486a9#34128a12)
   Compiling offline_guard v0.1.0 (/Users/tedczj/workspace/term4u/crates-local/offline_guard)
   Compiling foreign-types-macros v0.2.3
   Compiling zerocopy v0.7.32
   Compiling hex v0.4.3
   Compiling foreign-types-shared v0.3.1
   Compiling typed-path v0.10.0
   Compiling sha1_smol v1.0.1
   Compiling uuid v1.19.0
   Compiling foreign-types v0.5.0
   Compiling quote-use v0.7.2
   Compiling markup5ever v0.35.0
   Compiling rayon-core v1.12.1
   Compiling block2 v0.6.2
   Compiling proc-macro-utils v0.8.0
   Compiling async-lock v3.4.0
   Compiling float-cmp v0.9.0
   Compiling core_maths v0.1.0
   Compiling slotmap v1.0.6
   Compiling content_inspector v0.2.4
   Compiling is_executable v1.0.1
   Compiling interpolator v0.5.0
   Compiling pathdiff v0.2.1
   Compiling collection_literals v1.0.1
   Compiling attribute-derive-macro v0.6.1
   Compiling ttf-parser v0.25.1
   Compiling strict-num v0.1.1
   Compiling dispatch2 v0.3.0
