    Checking warp_core v0.0.0 (/Users/tedczj/workspace/term4u/crates/warp_core)
   Compiling ai v0.1.0 (/Users/tedczj/workspace/term4u/crates/ai)
    Checking persistence v0.0.0 (/Users/tedczj/workspace/term4u/crates/persistence)
   Compiling warp v0.1.0 (/Users/tedczj/workspace/term4u/app)
    Checking http_client v0.0.0 (/Users/tedczj/workspace/term4u/crates/http_client)
    Checking warp_cli v0.0.0 (/Users/tedczj/workspace/term4u/crates/warp_cli)
    Checking vim v0.1.0 (/Users/tedczj/workspace/term4u/crates/vim)
    Checking repo_metadata v0.1.0 (/Users/tedczj/workspace/term4u/crates/repo_metadata)
    Checking asset_cache v0.0.0 (/Users/tedczj/workspace/term4u/crates/asset_cache)
    Checking warp_isolation_platform v0.1.0 (/Users/tedczj/workspace/term4u/crates/isolation_platform)
    Checking warp_editor v0.1.0 (/Users/tedczj/workspace/term4u/crates/editor)
    Checking secret_redaction v0.0.0 (/Users/tedczj/workspace/term4u/crates/secret_redaction)
    Checking simple_logger v0.1.0 (/Users/tedczj/workspace/term4u/crates/simple_logger)
    Checking warp_files v0.1.0 (/Users/tedczj/workspace/term4u/crates/warp_files)
    Checking lsp v0.1.0 (/Users/tedczj/workspace/term4u/crates/lsp)
    Checking build_cache v0.1.0 (/Users/tedczj/workspace/term4u/crates/build_cache)
    Checking warp_logging v0.0.0 (/Users/tedczj/workspace/term4u/crates/warp_logging)
    Checking http_server v0.0.0 (/Users/tedczj/workspace/term4u/crates/http_server)
    Checking warp_search_core v0.1.0 (/Users/tedczj/workspace/term4u/crates/warp_search_core)
    Checking ui_components v0.0.0 (/Users/tedczj/workspace/term4u/crates/ui_components)
    Checking languages v0.0.0 (/Users/tedczj/workspace/term4u/crates/languages)
    Checking warp_completer v0.1.0 (/Users/tedczj/workspace/term4u/crates/warp_completer)
    Checking warp_ripgrep v0.1.0 (/Users/tedczj/workspace/term4u/crates/warp_ripgrep)
    Checking syntax_tree v0.1.0 (/Users/tedczj/workspace/term4u/crates/syntax_tree)
    Checking warp_terminal v0.0.0 (/Users/tedczj/workspace/term4u/crates/warp_terminal)
    Finished `dev` profile [unoptimized] target(s) in 19.19s
