    Updating git repository `https://github.com/wgsl-analyzer/wgsl-analyzer`
  Installing wgslfmt v0.1.0 (https://github.com/wgsl-analyzer/wgsl-analyzer?tag=2025-06-28#7e34f03c)
    Updating crates.io index
warning: package `deranged v0.4.1` in Cargo.lock is yanked in registry `crates-io`, consider running without --locked
 Downloading crates ...
warning: spurious network error (3 tries remaining): [35] SSL connect error (LibreSSL SSL_connect: SSL_ERROR_SYSCALL in connection to static.crates.io:443 )
warning: spurious network error (3 tries remaining): [35] SSL connect error (LibreSSL SSL_connect: SSL_ERROR_SYSCALL in connection to static.crates.io:443 )
warning: spurious network error (3 tries remaining): [35] SSL connect error (LibreSSL SSL_connect: SSL_ERROR_SYSCALL in connection to static.crates.io:443 )
warning: spurious network error (3 tries remaining): [35] SSL connect error (LibreSSL SSL_connect: SSL_ERROR_SYSCALL in connection to static.crates.io:443 )
warning: spurious network error (3 tries remaining): [35] SSL connect error (LibreSSL SSL_connect: SSL_ERROR_SYSCALL in connection to static.crates.io:443 )
warning: spurious network error (3 tries remaining): [35] SSL connect error (LibreSSL SSL_connect: SSL_ERROR_SYSCALL in connection to static.crates.io:443 )
warning: spurious network error (3 tries remaining): [35] SSL connect error (LibreSSL SSL_connect: SSL_ERROR_SYSCALL in connection to static.crates.io:443 )
warning: spurious network error (3 tries remaining): [35] SSL connect error (LibreSSL SSL_connect: SSL_ERROR_SYSCALL in connection to static.crates.io:443 )
warning: spurious network error (3 tries remaining): [35] SSL connect error (LibreSSL SSL_connect: SSL_ERROR_SYSCALL in connection to static.crates.io:443 )
warning: spurious network error (3 tries remaining): [35] SSL connect error (LibreSSL SSL_connect: SSL_ERROR_SYSCALL in connection to static.crates.io:443 )
warning: spurious network error (3 tries remaining): [35] SSL connect error (LibreSSL SSL_connect: SSL_ERROR_SYSCALL in connection to static.crates.io:443 )
warning: spurious network error (3 tries remaining): [35] SSL connect error (LibreSSL SSL_connect: SSL_ERROR_SYSCALL in connection to static.crates.io:443 )
warning: spurious network error (3 tries remaining): [35] SSL connect error (LibreSSL SSL_connect: SSL_ERROR_SYSCALL in connection to static.crates.io:443 )
warning: spurious network error (3 tries remaining): [35] SSL connect error (LibreSSL SSL_connect: SSL_ERROR_SYSCALL in connection to static.crates.io:443 )
warning: spurious network error (2 tries remaining): [35] SSL connect error (LibreSSL SSL_connect: SSL_ERROR_SYSCALL in connection to static.crates.io:443 )
warning: spurious network error (3 tries remaining): [35] SSL connect error (LibreSSL SSL_connect: SSL_ERROR_SYSCALL in connection to static.crates.io:443 )
warning: spurious network error (3 tries remaining): [35] SSL connect error (LibreSSL SSL_connect: SSL_ERROR_SYSCALL in connection to static.crates.io:443 )
warning: spurious network error (2 tries remaining): [35] SSL connect error (LibreSSL SSL_connect: SSL_ERROR_SYSCALL in connection to static.crates.io:443 )
warning: spurious network error (3 tries remaining): [35] SSL connect error (LibreSSL SSL_connect: SSL_ERROR_SYSCALL in connection to static.crates.io:443 )
warning: spurious network error (2 tries remaining): [35] SSL connect error (LibreSSL SSL_connect: SSL_ERROR_SYSCALL in connection to static.crates.io:443 )
warning: spurious network error (2 tries remaining): [35] SSL connect error (LibreSSL SSL_connect: SSL_ERROR_SYSCALL in connection to static.crates.io:443 )
warning: spurious network error (2 tries remaining): [35] SSL connect error (LibreSSL SSL_connect: SSL_ERROR_SYSCALL in connection to static.crates.io:443 )
warning: spurious network error (2 tries remaining): [35] SSL connect error (LibreSSL SSL_connect: SSL_ERROR_SYSCALL in connection to static.crates.io:443 )
warning: spurious network error (2 tries remaining): [35] SSL connect error (LibreSSL SSL_connect: SSL_ERROR_SYSCALL in connection to static.crates.io:443 )
warning: spurious network error (2 tries remaining): [35] SSL connect error (LibreSSL SSL_connect: SSL_ERROR_SYSCALL in connection to static.crates.io:443 )
warning: spurious network error (2 tries remaining): [35] SSL connect error (LibreSSL SSL_connect: SSL_ERROR_SYSCALL in connection to static.crates.io:443 )
warning: spurious network error (2 tries remaining): [35] SSL connect error (LibreSSL SSL_connect: SSL_ERROR_SYSCALL in connection to static.crates.io:443 )
warning: spurious network error (2 tries remaining): [35] SSL connect error (LibreSSL SSL_connect: SSL_ERROR_SYSCALL in connection to static.crates.io:443 )
warning: spurious network error (2 tries remaining): [35] SSL connect error (LibreSSL SSL_connect: SSL_ERROR_SYSCALL in connection to static.crates.io:443 )
warning: spurious network error (2 tries remaining): [35] SSL connect error (LibreSSL SSL_connect: SSL_ERROR_SYSCALL in connection to static.crates.io:443 )
warning: spurious network error (2 tries remaining): [35] SSL connect error (LibreSSL SSL_connect: SSL_ERROR_SYSCALL in connection to static.crates.io:443 )
warning: spurious network error (2 tries remaining): [35] SSL connect error (LibreSSL SSL_connect: SSL_ERROR_SYSCALL in connection to static.crates.io:443 )
warning: spurious network error (2 tries remaining): [35] SSL connect error (LibreSSL SSL_connect: SSL_ERROR_SYSCALL in connection to static.crates.io:443 )
warning: spurious network error (2 tries remaining): [35] SSL connect error (LibreSSL SSL_connect: SSL_ERROR_SYSCALL in connection to static.crates.io:443 )
warning: spurious network error (1 try remaining): [35] SSL connect error (LibreSSL SSL_connect: SSL_ERROR_SYSCALL in connection to static.crates.io:443 )
warning: spurious network error (1 try remaining): [35] SSL connect error (LibreSSL SSL_connect: SSL_ERROR_SYSCALL in connection to static.crates.io:443 )
warning: spurious network error (1 try remaining): [35] SSL connect error (LibreSSL SSL_connect: SSL_ERROR_SYSCALL in connection to static.crates.io:443 )
warning: spurious network error (1 try remaining): [35] SSL connect error (LibreSSL SSL_connect: SSL_ERROR_SYSCALL in connection to static.crates.io:443 )
warning: spurious network error (1 try remaining): [35] SSL connect error (LibreSSL SSL_connect: SSL_ERROR_SYSCALL in connection to static.crates.io:443 )
warning: spurious network error (1 try remaining): [35] SSL connect error (LibreSSL SSL_connect: SSL_ERROR_SYSCALL in connection to static.crates.io:443 )
warning: spurious network error (1 try remaining): [35] SSL connect error (LibreSSL SSL_connect: SSL_ERROR_SYSCALL in connection to static.crates.io:443 )
warning: spurious network error (1 try remaining): [35] SSL connect error (LibreSSL SSL_connect: SSL_ERROR_SYSCALL in connection to static.crates.io:443 )
warning: spurious network error (1 try remaining): [35] SSL connect error (LibreSSL SSL_connect: SSL_ERROR_SYSCALL in connection to static.crates.io:443 )
warning: spurious network error (1 try remaining): [35] SSL connect error (LibreSSL SSL_connect: SSL_ERROR_SYSCALL in connection to static.crates.io:443 )
warning: spurious network error (1 try remaining): [35] SSL connect error (LibreSSL SSL_connect: SSL_ERROR_SYSCALL in connection to static.crates.io:443 )
warning: spurious network error (1 try remaining): [35] SSL connect error (LibreSSL SSL_connect: SSL_ERROR_SYSCALL in connection to static.crates.io:443 )
warning: spurious network error (1 try remaining): [35] SSL connect error (LibreSSL SSL_connect: SSL_ERROR_SYSCALL in connection to static.crates.io:443 )
warning: spurious network error (1 try remaining): [35] SSL connect error (LibreSSL SSL_connect: SSL_ERROR_SYSCALL in connection to static.crates.io:443 )
warning: spurious network error (1 try remaining): [35] SSL connect error (LibreSSL SSL_connect: SSL_ERROR_SYSCALL in connection to static.crates.io:443 )
warning: spurious network error (1 try remaining): [35] SSL connect error (LibreSSL SSL_connect: SSL_ERROR_SYSCALL in connection to static.crates.io:443 )
warning: spurious network error (1 try remaining): [35] SSL connect error (LibreSSL SSL_connect: SSL_ERROR_SYSCALL in connection to static.crates.io:443 )
error: failed to compile `wgslfmt v0.1.0 (https://github.com/wgsl-analyzer/wgsl-analyzer?tag=2025-06-28#7e34f03c)`, intermediate artifacts can be found at `/Volumes/未命名/term4u-l0-20260922/tools-target`.
To reuse those artifacts with a future compilation, set the environment variable `CARGO_TARGET_DIR` to that path.

Caused by:
  failed to download from `https://static.crates.io/crates/cfg-if/1.0.0/download`

Caused by:
  [35] SSL connect error (LibreSSL SSL_connect: SSL_ERROR_SYSCALL in connection to static.crates.io:443 )
