2026-09-12T06:43:04Z [INFO] [warp::resource_limits] Initial open file descriptor limit is 256, with a hard limit of 9223372036854775807
2026-09-12T06:43:04Z [INFO] [warp::resource_limits] Increased open file descriptor limit to 2560
2026-09-12T06:43:04Z [INFO] [warp_terminal::local_tty::server] Spawning terminal server process...
2026-09-12T06:43:04Z [INFO] [warp_terminal::local_tty::server::event_loop] Running terminal server...
2026-09-12T06:43:04Z [INFO] [warpui::platform::mac::app] application will finish launching
2026-09-12T06:43:04Z [INFO] [warp::app_services] Initializing app services
2026-09-12T06:43:04Z [INFO] [warpui_core::core::app] dispatching global action for root_view:open_from_restored
2026-09-12T06:43:04Z [INFO] [warpui::platform::mac::window] Opening window with id 0
2026-09-12T06:43:04Z [INFO] [warpui::platform::mac::window] Using discrete GPU for rendering new window.
2026-09-12T06:43:04Z [INFO] [warpui_core::fonts] Computing available system fonts
2026-09-12T06:43:04Z [INFO] [warp::terminal::local_tty::terminal_manager] Creating terminal model with 2 restored blocks
2026-09-12T06:43:04Z [INFO] [warp::terminal::model::block] Block finished with new state DoneWithExecution
2026-09-12T06:43:04Z [INFO] [warp::terminal::model::block] Block finished with new state DoneWithExecution
2026-09-12T06:43:04Z [INFO] [warp::terminal::local_tty::terminal_manager] Creating terminal model with 1 restored blocks
2026-09-12T06:43:04Z [INFO] [warp::terminal::model::block] Block finished with new state DoneWithExecution
2026-09-12T06:43:04Z [INFO] [warp::terminal::local_tty::terminal_manager] Creating terminal model with 1 restored blocks
2026-09-12T06:43:04Z [INFO] [warp::terminal::model::block] Block finished with new state DoneWithExecution
2026-09-12T06:43:04Z [INFO] [warpui::platform::mac::window] Opening window with id 1
2026-09-12T06:43:04Z [INFO] [warpui::platform::mac::window] Using discrete GPU for rendering new window.
2026-09-12T06:43:04Z [INFO] [warpui_core::fonts] Computing available system fonts
2026-09-12T06:43:04Z [INFO] [warp::terminal::local_tty::terminal_manager] Creating terminal model with 1 restored blocks
2026-09-12T06:43:04Z [INFO] [warp::terminal::model::block] Block finished with new state DoneWithExecution
2026-09-12T06:43:04Z [INFO] [warpui_core::platform::app] application did become active
2026-09-12T06:43:04Z [INFO] [warpui_core::platform::app] active window changed: Some(WindowId(1))
2026-09-12T06:43:04Z [INFO] [warpui_core::core::app] dispatching global action for workspace:save_app
2026-09-12T06:43:04Z [INFO] [warp_terminal::local_tty::unix] Starting shell /bin/zsh
2026-09-12T06:43:04Z [INFO] [warp_terminal::local_tty::server::event_loop] Successfully spawned tty with pid: 63165
2026-09-12T06:43:04Z [INFO] [warp_terminal::local_tty::unix] Successfully spawned child zsh process with pid 63165
2026-09-12T06:43:04Z [INFO] [warp_terminal::local_tty::unix] Starting shell /bin/zsh
2026-09-12T06:43:04Z [INFO] [warp_terminal::local_tty::unix] Successfully spawned child zsh process with pid 63166
2026-09-12T06:43:04Z [INFO] [warp_terminal::local_tty::server::event_loop] Successfully spawned tty with pid: 63166
2026-09-12T06:43:04Z [INFO] [warp_terminal::local_tty::unix] Starting shell /bin/zsh
2026-09-12T06:43:04Z [INFO] [warp_terminal::local_tty::unix] Successfully spawned child zsh process with pid 63167
2026-09-12T06:43:04Z [INFO] [warp_terminal::local_tty::server::event_loop] Successfully spawned tty with pid: 63167
2026-09-12T06:43:04Z [INFO] [warpui_core::core::app] dispatching typed action: warp::editor::view::EditorAction::ClearMarkedText
2026-09-12T06:43:04Z [INFO] [warp_terminal::local_tty::unix] Starting shell /bin/zsh
2026-09-12T06:43:04Z [INFO] [warp_terminal::local_tty::server::event_loop] Successfully spawned tty with pid: 63168
2026-09-12T06:43:04Z [INFO] [warp_terminal::local_tty::unix] Successfully spawned child zsh process with pid 63168
2026-09-12T06:43:04Z [INFO] [warpui_core::core::app] dispatching typed action: warp::editor::view::EditorAction::ClearMarkedText
2026-09-12T06:43:04Z [INFO] [warpui_core::core::app] dispatching typed action: warp::editor::view::EditorAction::ClearMarkedText
2026-09-12T06:43:04Z [INFO] [warpui_core::core::app] dispatching typed action: warp::editor::view::EditorAction::ClearMarkedText
2026-09-12T06:43:04Z [INFO] [warpui_core::core::app] dispatching typed action: warp::editor::view::EditorAction::ClearMarkedText
2026-09-12T06:43:04Z [INFO] [warpui_core::core::app] dispatching typed action: warp::editor::view::EditorAction::ClearMarkedText
2026-09-12T06:43:04Z [INFO] [warpui_core::core::app] dispatching typed action: warp::editor::view::EditorAction::ClearMarkedText
2026-09-12T06:43:04Z [INFO] [warpui_core::core::app] dispatching typed action: warp::editor::view::EditorAction::ClearMarkedText
2026-09-12T06:43:04Z [INFO] [warpui_core::core::app] dispatching typed action: warp::editor::view::EditorAction::ClearMarkedText
2026-09-12T06:43:04Z [INFO] [warpui_core::platform::app] application can reach internet
2026-09-12T06:43:04Z [INFO] [warpui_core::platform::app] window resized
2026-09-12T06:43:04Z [INFO] [warpui_core::core::app] dispatching global action for workspace:save_app
2026-09-12T06:43:04Z [INFO] [warpui_core::platform::app] window resized
2026-09-12T06:43:04Z [INFO] [warpui_core::core::app] dispatching global action for workspace:save_app
2026-09-12T06:43:04Z [INFO] [warpui_core::platform::app] window resized
2026-09-12T06:43:04Z [INFO] [warpui_core::core::app] dispatching global action for workspace:save_app
2026-09-12T06:43:04Z [INFO] [warpui_core::platform::app] window resized
2026-09-12T06:43:04Z [INFO] [warpui_core::core::app] dispatching global action for workspace:save_app
2026-09-12T06:43:04Z [INFO] [warpui_core::platform::app] window resized
2026-09-12T06:43:04Z [INFO] [warpui_core::core::app] dispatching global action for workspace:save_app
2026-09-12T06:43:04Z [INFO] [warpui_core::core::app] dispatching typed action: warp::editor::view::EditorAction::ClearMarkedText
2026-09-12T06:43:04Z [INFO] [warpui_core::core::app] dispatching typed action: warp::editor::view::EditorAction::ClearMarkedText
2026-09-12T06:43:04Z [INFO] [warpui_core::core::app] dispatching typed action: warp::editor::view::EditorAction::ClearMarkedText
2026-09-12T06:43:04Z [INFO] [warpui_core::core::app] dispatching typed action: warp::editor::view::EditorAction::ClearMarkedText
2026-09-12T06:43:04Z [INFO] [warp_terminal::model::ansi] Received InitShell hook
2026-09-12T06:43:04Z [INFO] [warp_terminal::model::ansi] Received InitShell hook
2026-09-12T06:43:04Z [INFO] [warp_terminal::model::ansi] Received InitShell hook
2026-09-12T06:43:04Z [INFO] [warp_terminal::model::ansi] Received InitShell hook
2026-09-12T06:43:04Z [INFO] [warp_terminal::model::ansi] Received CommandFinished hook
2026-09-12T06:43:04Z [INFO] [warp::terminal::model::terminal_model] Tried to exit the alternate screen, but it was already inactive
2026-09-12T06:43:04Z [INFO] [warp_terminal::model::ansi] Received CommandFinished hook
2026-09-12T06:43:04Z [INFO] [warp::terminal::model::terminal_model] Tried to exit the alternate screen, but it was already inactive
2026-09-12T06:43:04Z [INFO] [warp_terminal::model::ansi] Received CommandFinished hook
2026-09-12T06:43:04Z [INFO] [warp::terminal::model::terminal_model] Tried to exit the alternate screen, but it was already inactive
2026-09-12T06:43:04Z [INFO] [warp_terminal::model::ansi] Received CommandFinished hook
2026-09-12T06:43:04Z [INFO] [warp::terminal::model::terminal_model] Tried to exit the alternate screen, but it was already inactive
2026-09-12T06:43:04Z [INFO] [warp::terminal::model::block] Block finished with new state DoneWithExecution
2026-09-12T06:43:04Z [INFO] [warp::terminal::model::blocks] Incrementing stage from WarpInput to ScriptExecution
2026-09-12T06:43:04Z [INFO] [warp::terminal::model::block] Block finished with new state DoneWithExecution
2026-09-12T06:43:04Z [INFO] [warp::terminal::model::block] Block finished with new state DoneWithExecution
2026-09-12T06:43:04Z [INFO] [warp::terminal::model::block] Block finished with new state DoneWithExecution
2026-09-12T06:43:04Z [INFO] [warp::terminal::model::blocks] Incrementing stage from WarpInput to ScriptExecution
2026-09-12T06:43:04Z [INFO] [warp::terminal::model::blocks] Incrementing stage from WarpInput to ScriptExecution
2026-09-12T06:43:04Z [INFO] [warp::terminal::model::blocks] Incrementing stage from WarpInput to ScriptExecution
2026-09-12T06:43:04Z [INFO] [warp_terminal::model::ansi] Received Precmd hook
2026-09-12T06:43:05Z [INFO] [warp_terminal::model::ansi] Received Precmd hook
2026-09-12T06:43:05Z [INFO] [warp_terminal::model::ansi] Received Precmd hook
2026-09-12T06:43:05Z [INFO] [warp_terminal::model::ansi] Received Precmd hook
2026-09-12T06:43:05Z [INFO] [warp_terminal::model::ansi] Received Bootstrapped hook
2026-09-12T06:43:05Z [INFO] [warp::terminal::model::early_output] Configured typeahead mode as ShellReported
2026-09-12T06:43:05Z [INFO] [warp_terminal::model::ansi] Received Bootstrapped hook
2026-09-12T06:43:05Z [INFO] [warp::terminal::model::session::command_executor] creating a local executor!
2026-09-12T06:43:05Z [INFO] [warp_terminal::model::ansi] Received Bootstrapped hook
2026-09-12T06:43:05Z [INFO] [warp::terminal::model::session] Parsed shell version string: Some([Number(5), Number(9)])
2026-09-12T06:43:05Z [INFO] [warp::terminal::model::session] Shell is bootstrapped with session_id SessionId(2220225034077979434)
2026-09-12T06:43:05Z [INFO] [warp::terminal::model::early_output] Configured typeahead mode as ShellReported
2026-09-12T06:43:05Z [INFO] [warp_terminal::model::ansi] Received Bootstrapped hook
2026-09-12T06:43:05Z [INFO] [warp::terminal::model::early_output] Configured typeahead mode as ShellReported
2026-09-12T06:43:05Z [INFO] [warp::terminal::model::early_output] Configured typeahead mode as ShellReported
2026-09-12T06:43:05Z [INFO] [warp::terminal::model::session::command_executor] creating a local executor!
2026-09-12T06:43:05Z [INFO] [warp::terminal::model::session] Parsed shell version string: Some([Number(5), Number(9)])
2026-09-12T06:43:05Z [INFO] [warp::terminal::model::session] Shell is bootstrapped with session_id SessionId(11093783973667919376)
2026-09-12T06:43:05Z [INFO] [warp::terminal::model::session] Loading history from file /tmp/term4u-gui-selftest-20260912/zsh/.zsh_history for shell zsh
2026-09-12T06:43:05Z [INFO] [warp::terminal::model::session::command_executor] creating a local executor!
2026-09-12T06:43:05Z [INFO] [warp::terminal::model::session] Parsed shell version string: Some([Number(5), Number(9)])
2026-09-12T06:43:05Z [INFO] [warp::terminal::model::session] Shell is bootstrapped with session_id SessionId(15370959938005670523)
2026-09-12T06:43:05Z [INFO] [warp::terminal::model::session::command_executor] creating a local executor!
2026-09-12T06:43:05Z [INFO] [warp::terminal::model::session] Parsed shell version string: Some([Number(5), Number(9)])
2026-09-12T06:43:05Z [INFO] [warp::terminal::model::session] Shell is bootstrapped with session_id SessionId(4734345180355659198)
2026-09-12T06:43:05Z [INFO] [warp_terminal::model::ansi] Received CommandFinished hook
2026-09-12T06:43:05Z [INFO] [warp::terminal::model::terminal_model] Tried to exit the alternate screen, but it was already inactive
2026-09-12T06:43:05Z [INFO] [warp::terminal::model::block] Block finished with new state DoneWithExecution
2026-09-12T06:43:05Z [INFO] [warp::terminal::model::blocks] Incrementing stage from Bootstrapped to PostBootstrapPrecmd
2026-09-12T06:43:05Z [INFO] [warp_terminal::model::ansi] Received CommandFinished hook
2026-09-12T06:43:05Z [INFO] [warp_terminal::model::ansi] Received CommandFinished hook
2026-09-12T06:43:05Z [INFO] [warp::terminal::model::terminal_model] Tried to exit the alternate screen, but it was already inactive
2026-09-12T06:43:05Z [INFO] [warp::terminal::model::terminal_model] Tried to exit the alternate screen, but it was already inactive
2026-09-12T06:43:05Z [INFO] [warp::terminal::model::block] Block finished with new state DoneWithExecution
2026-09-12T06:43:05Z [INFO] [warp::terminal::model::block] Block finished with new state DoneWithExecution
2026-09-12T06:43:05Z [INFO] [warp_terminal::model::ansi] Received CommandFinished hook
2026-09-12T06:43:05Z [INFO] [warp::terminal::model::blocks] Incrementing stage from Bootstrapped to PostBootstrapPrecmd
2026-09-12T06:43:05Z [INFO] [warp::terminal::model::terminal_model] Tried to exit the alternate screen, but it was already inactive
2026-09-12T06:43:05Z [INFO] [warp::terminal::model::blocks] Incrementing stage from Bootstrapped to PostBootstrapPrecmd
2026-09-12T06:43:05Z [INFO] [warp::terminal::model::block] Block finished with new state DoneWithExecution
2026-09-12T06:43:05Z [INFO] [warp::terminal::model::blocks] Incrementing stage from Bootstrapped to PostBootstrapPrecmd
2026-09-12T06:43:05Z [INFO] [warp_terminal::model::ansi] Received Precmd hook
2026-09-12T06:43:05Z [INFO] [warp_terminal::model::ansi] Received Precmd hook
2026-09-12T06:43:05Z [INFO] [warp_terminal::model::ansi] Received Precmd hook
2026-09-12T06:43:05Z [INFO] [warp_terminal::model::ansi] Received Precmd hook
2026-09-12T06:43:05Z [INFO] [warp_terminal::model::ansi] Received InputBuffer hook
2026-09-12T06:43:05Z [INFO] [warp_terminal::model::ansi] Received InputBuffer hook
2026-09-12T06:43:05Z [INFO] [warp_terminal::model::ansi] Received InputBuffer hook
2026-09-12T06:43:05Z [INFO] [warp_terminal::model::ansi] Received InputBuffer hook
2026-09-12T06:43:28Z [INFO] [warpui_core::core::app] dispatching global action for workspace:save_app
2026-09-12T06:43:29Z [INFO] [warpui_core::core::app] dispatching global action for workspace:save_app
2026-09-12T06:44:25Z [INFO] [warpui_core::core::app] dispatching global action for workspace:save_app
2026-09-12T06:44:55Z [INFO] [warpui_core::platform::app] WindowId(1) will close
2026-09-12T06:44:55Z [INFO] [warpui_core::core::app] dispatching global action for workspace:save_app
2026-09-12T06:44:55Z [INFO] [warpui_core::platform::app] active window changed: Some(WindowId(0))
2026-09-12T06:44:55Z [INFO] [warpui_core::core::app] dispatching global action for workspace:save_app
2026-09-12T06:44:55Z [INFO] [warpui_core::core::app] dispatching typed action: warp::editor::view::EditorAction::ClearMarkedText
2026-09-12T06:44:55Z [INFO] [warpui::platform::mac::window] dealloc native window 0xaf158a080
2026-09-12T06:44:58Z [INFO] [warpui_core::core::app] dispatching global action for workspace:save_app
2026-09-12T06:45:55Z [INFO] [warp::terminal::model::terminal_model] Tried to exit the alternate screen, but it was already inactive
2026-09-12T06:45:55Z [INFO] [warp::terminal::model::block] Block finished with new state DoneWithNoExecution
2026-09-12T06:48:20Z [INFO] [warpui_core::core::app] Dispatching custom action CyclePrevSession
2026-09-12T06:48:20Z [INFO] [warpui_core::core::app] dispatching typed action: warp::workspace::action::WorkspaceAction::CyclePrevSession
2026-09-12T06:48:20Z [INFO] [warpui_core::core::app] dispatching typed action: warp::editor::view::EditorAction::ClearMarkedText
2026-09-12T06:49:44Z [INFO] [warpui_core::core::app] dispatching typed action: warp::editor::view::EditorAction::UserInsert(UserInput("p"))
2026-09-12T06:49:44Z [INFO] [warpui_core::core::app] dispatching typed action: warp::editor::view::EditorAction::ClearMarkedText
2026-09-12T06:49:44Z [INFO] [warpui_core::core::app] dispatching typed action: warp::editor::view::EditorAction::UserInsert(UserInput("w"))
2026-09-12T06:49:44Z [INFO] [warpui_core::core::app] dispatching typed action: warp::editor::view::EditorAction::ClearMarkedText
2026-09-12T06:49:44Z [INFO] [warpui_core::core::app] dispatching typed action: warp::editor::view::EditorAction::UserInsert(UserInput("d"))
2026-09-12T06:49:44Z [INFO] [warpui_core::core::app] dispatching typed action: warp::editor::view::EditorAction::ClearMarkedText
2026-09-12T06:49:44Z [INFO] [warpui_core::core::app] dispatching typed action: warp::editor::view::EditorAction::Enter
2026-09-12T06:49:44Z [WARN] [warp::terminal::model::terminal_model] Received 'end_in_band_command_output' while not expecting to read in-band command output.
2026-09-12T06:49:44Z [INFO] [warp_terminal::model::ansi] Received Preexec hook
2026-09-12T06:49:44Z [INFO] [warp_terminal::model::ansi] Received CommandFinished hook
2026-09-12T06:49:44Z [INFO] [warp::terminal::model::terminal_model] Tried to exit the alternate screen, but it was already inactive
2026-09-12T06:49:44Z [INFO] [warp::terminal::model::block] Block finished with new state DoneWithExecution
2026-09-12T06:49:45Z [INFO] [warp_terminal::model::ansi] Received Precmd hook
2026-09-12T06:49:45Z [INFO] [warp_terminal::model::ansi] Received InputBuffer hook
2026-09-12T06:54:21Z [INFO] [warpui_core::platform::app] application will terminate
2026-09-12T06:54:21Z [INFO] [warp::persistence] Shut down SQLite writer in 18.030541ms
2026-09-12T06:54:21Z [INFO] [lsp::manager] Terminating all LSP servers for 0 workspaces
2026-09-12T06:54:21Z [INFO] [warp_terminal::local_tty::spawner] Tearing down terminal server...
2026-09-12T06:54:21Z [INFO] [warp_terminal::local_tty::server::protocol] Received empty message; assuming the connection has been closed.
2026-09-12T06:54:21Z [INFO] [warp::app_services] Tearing down app services...
2026-09-12T06:54:21Z [INFO] [warpui_core::platform::app] WindowId(0) will close
2026-09-12T06:54:21Z [WARN] [warp_terminal::local_tty::server::client] Received EPIPE when trying to kill child shell process; assuming the terminal server has terminated.
2026-09-12T06:54:21Z [INFO] [warp::terminal::model::terminal_model] Tried to exit the alternate screen, but it was already inactive
2026-09-12T06:54:21Z [INFO] [warp::terminal::model::block] Block finished with new state DoneWithNoExecution
2026-09-12T06:54:21Z [WARN] [warp_terminal::local_tty::server::client] Received EPIPE when trying to kill child shell process; assuming the terminal server has terminated.
2026-09-12T06:54:21Z [INFO] [warp::terminal::model::terminal_model] Tried to exit the alternate screen, but it was already inactive
2026-09-12T06:54:21Z [INFO] [warp::terminal::model::block] Block finished with new state DoneWithNoExecution
2026-09-12T06:54:21Z [WARN] [warp_terminal::local_tty::server::client] Received EPIPE when trying to kill child shell process; assuming the terminal server has terminated.
2026-09-12T06:54:21Z [INFO] [warp::terminal::model::terminal_model] Tried to exit the alternate screen, but it was already inactive
2026-09-12T06:54:21Z [INFO] [warp::terminal::model::block] Block finished with new state DoneWithNoExecution
