   Compiling warp v0.1.0 (/private/tmp/term4u-r1r2-oracle-066ec71b/app)
warning: stripping debug info with `rust-objcopy` failed: exit status: 1
  |
  = note: LLVM ERROR: IO failure on output stream: No space left on device
          

warning: `warp` (bin "warp-oss") generated 1 warning
    Finished `dev` profile [unoptimized] target(s) in 12.47s
    Bundling WarpOss.app
    Bundling WarpOss.dmg
    Bundling WarpOss.app
created: /var/folders/zv/ygy2m9w10px2n7mbdfgcnw2m0000gp/T/.tmp86MsD6/staging.dmg
"disk6" ejected.
正在准备映像引擎…
正在读取Protective Master Boot Record（MBR：0）…
   (CRC32 $83142536：Protective Master Boot Record（MBR：0）)
正在读取GPT Header（Primary GPT Header：1）…
   (CRC32 $BAFACF24：GPT Header（Primary GPT Header：1）)
正在读取GPT Partition Data（Primary GPT Table：2）…
   (CRC32 $61009A5F：GPT Partition Data（Primary GPT Table：2）)
正在读取（Apple_Free：3）…
   (CRC32 $00000000：（Apple_Free：3）)
正在读取disk image（Apple_HFS：4）…
   (CRC32 $DF732926：disk image（Apple_HFS：4）)
正在读取GPT Partition Data（Backup GPT Table：5）…
   (CRC32 $61009A5F：GPT Partition Data（Backup GPT Table：5）)
正在读取GPT Header（Backup GPT Header：6）…
   (CRC32 $CA22C6E8：GPT Header（Backup GPT Header：6）)
正在添加资源…
已耗时： 3.670s
文件大小：15426字节，校验和：CRC32 $09402877
已处理扇区：102409，已压缩2476
速度：337.3KB/秒
节省：100.0%
created: /Users/tedczj/workspace/term4u/target/debug/bundle/dmg/WarpOss.dmg
    Finished 2 bundles at:
        /Users/tedczj/workspace/term4u/target/debug/bundle/osx/WarpOss.app
        /Users/tedczj/workspace/term4u/target/debug/bundle/dmg/WarpOss.dmg
