    Updating crates.io index
    Updating git repository `https://github.com/warpdotdev/warp-proto-apis.git`
From https://github.com/warpdotdev/warp-proto-apis
 * [new ref]         0ca49ce589580a211e4bdf84c1b1721424fabdc8 -> refs/commit/0ca49ce589580a211e4bdf84c1b1721424fabdc8
    Updating git repository `https://github.com/warpdotdev/session-sharing-protocol.git`
From https://github.com/warpdotdev/session-sharing-protocol
 * [new ref]         fcd0fea35ab9f782043c8ec74fd81bce187ded9f -> refs/commit/fcd0fea35ab9f782043c8ec74fd81bce187ded9f
 Downloading crates ...
  Downloaded aead v0.5.2
  Downloaded aws-smithy-runtime-api-macros v1.0.0
  Downloaded aws-smithy-query v0.60.15
  Downloaded aws-smithy-observability v0.2.6
  Downloaded dasp_sample v0.11.0
  Downloaded ghash v0.5.1
  Downloaded http-body v0.4.6
  Downloaded block-buffer v0.12.0
  Downloaded sha-1 v0.10.1
  Downloaded crypto-common v0.2.1
  Downloaded prost-reflect-build v0.16.0
  Downloaded rfc6979 v0.4.0
  Downloaded dbl v0.3.2
  Downloaded opaque-debug v0.3.1
  Downloaded universal-hash v0.5.1
  Downloaded signature v2.2.0
  Downloaded tink-daead v0.3.0
  Downloaded pastey v0.2.1
  Downloaded tink-prf v0.3.0
  Downloaded primal-check v0.3.4
  Downloaded prost-reflect-derive v0.16.0
  Downloaded tink-mac v0.3.0
  Downloaded tink-aead v0.3.0
  Downloaded aws-smithy-http v0.63.6
  Downloaded base64-simd v0.8.0
  Downloaded aws-credential-types v1.2.14
  Downloaded transpose v0.2.3
  Downloaded aes-gcm-siv v0.11.1
  Downloaded sec1 v0.7.3
  Downloaded ecdsa v0.16.9
  Downloaded aws-smithy-xml v0.60.15
  Downloaded primeorder v0.13.6
  Downloaded pkcs8 v0.10.2
  Downloaded ff v0.13.1
  Downloaded curve25519-dalek-derive v0.1.1
  Downloaded ctutils v0.4.2
  Downloaded ctr v0.9.2
  Downloaded sse-stream v0.2.1
  Downloaded strength_reduce v0.2.4
  Downloaded bytes-utils v0.1.4
  Downloaded spki v0.7.3
  Downloaded rmcp-macros v1.6.0
  Downloaded realfft v3.4.0
  Downloaded opentelemetry-http v0.32.0
  Downloaded coreaudio-rs v0.13.0
  Downloaded objc2-core-audio v0.3.2
  Downloaded tokio-stream v0.1.17
  Downloaded sha2 v0.11.0
  Downloaded rubato v0.16.1
  Downloaded p256 v0.13.2
  Downloaded tracing-opentelemetry v0.33.0
  Downloaded chacha20poly1305 v0.10.1
  Downloaded aws-sdk-signin v1.9.0
  Downloaded x25519-dalek v2.0.1
  Downloaded aws-smithy-http-client v1.1.12
  Downloaded regex-lite v0.1.6
  Downloaded crypto-bigint v0.5.5
  Downloaded opentelemetry-otlp v0.32.0
  Downloaded http v0.2.12
  Downloaded aws-smithy-types v1.4.7
  Downloaded aws-smithy-runtime v1.11.1
  Downloaded process-wrap v9.1.0
  Downloaded opentelemetry-proto v0.32.0
  Downloaded aws-sdk-sts v1.103.0
  Downloaded objc2-audio-toolbox v0.3.0
  Downloaded cpal v0.17.1
  Downloaded opentelemetry_sdk v0.32.1
  Downloaded aws-config v1.8.16
  Downloaded aes-gcm v0.10.3
  Downloaded rmcp v1.6.0
  Downloaded rustfft v6.2.0
  Downloaded curve25519-dalek v4.1.3
  Downloaded nix v0.31.2
  Downloaded aws-sdk-ssooidc v1.100.0
  Downloaded ashpd v0.11.1
  Downloaded opentelemetry v0.32.0
  Downloaded objc2-avf-audio v0.3.2
  Downloaded fiat-crypto v0.2.9
  Downloaded aws-sigv4 v1.4.3
  Downloaded aws-sdk-sso v1.98.0
  Downloaded aws-smithy-runtime-api v1.12.0
  Downloaded aws-runtime v1.7.3
  Downloaded hound v3.5.1
  Downloaded encode_unicode v1.0.0
  Downloaded elliptic-curve v0.13.8
  Downloaded const-oid v0.10.2
  Downloaded alsa v0.10.0
  Downloaded hmac v0.13.0
  Downloaded chacha20 v0.9.1
  Downloaded cmac v0.7.2
  Downloaded aws-types v1.3.15
  Downloaded hybrid-array v0.4.11
  Downloaded group v0.13.0
  Downloaded const-oid v0.9.6
  Downloaded aws-smithy-json v0.62.5
  Downloaded aes-siv v0.7.0
  Downloaded polyval v0.6.2
  Downloaded aws-smithy-async v1.2.14
  Downloaded poly1305 v0.8.0
  Downloaded objc2-core-audio-types v0.3.2
  Downloaded digest v0.11.3
  Downloaded cmov v0.5.4
  Downloaded alsa-sys v0.3.1
  Downloaded hpke v0.13.0
