Running ./script/format...
Rust formatting succeeded...
Checking for inline Rust test modules...
Inline Rust test module check succeeded...
Checking license boundaries...
License boundary check succeeded...
Checking license config sync...
License config in sync.
License config sync succeeded...
Checking network boundaries...
OK: network constructors stay inside guarded boundary crates
Network boundary check succeeded...
Checking test inventory failure handling...
.........
----------------------------------------------------------------------
Ran 9 tests in 4.378s

OK
Test inventory failure handling succeeded...
Running clippy...
    Checking warp v0.1.0 (/Users/tedczj/workspace/term4u/app)
warning: command-signatures-v2@0.1.0: Failed to build command signatures JS. Proceeding with stale command signatures!
    Checking warp_tui v0.0.0 (/Users/tedczj/workspace/term4u/crates/warp_tui)
    Finished `dev` profile [unoptimized + debuginfo] target(s) in 19.66s
    Checking warp v0.1.0 (/Users/tedczj/workspace/term4u/app)
    Finished `dev` profile [unoptimized + debuginfo] target(s) in 17.21s
    Finished `dev` profile [unoptimized + debuginfo] target(s) in 0.42s
clippy succeeded...
Running clang-format...
run-clang-format.py: error: Command 'clang-format --version' failed to start: [Errno 2] No such file or directory: 'clang-format'
