    Updating git repository `https://github.com/servo/core-foundation-rs`
From https://github.com/servo/core-foundation-rs
 * [new ref]         6f844cf1a1a18e25b70fcdf1bcdc458555bd2eff -> refs/commit/6f844cf1a1a18e25b70fcdf1bcdc458555bd2eff
    Updating git repository `https://github.com/warpdotdev/rust-objc.git`
fatal: unable to access 'https://github.com/warpdotdev/rust-objc.git/': LibreSSL SSL_connect: SSL_ERROR_SYSCALL in connection to github.com:443
warning: spurious network error (3 tries remaining): process didn't exit successfully: `git fetch --no-tags --force --update-head-ok 'https://github.com/warpdotdev/rust-objc.git' '+5b656827fa9f863ef0eb22e444a3fedac009e78a:refs/commit/5b656827fa9f863ef0eb22e444a3fedac009e78a'` (exit status: 128)
From https://github.com/warpdotdev/rust-objc
 * [new ref]         5b656827fa9f863ef0eb22e444a3fedac009e78a -> refs/commit/5b656827fa9f863ef0eb22e444a3fedac009e78a
    Updating git repository `https://github.com/warpdotdev/pathfinder.git`
From https://github.com/warpdotdev/pathfinder
 * [new ref]           34128a129ca6aee168fbc5060a4f21b4f7e486a9 -> refs/commit/34128a129ca6aee168fbc5060a4f21b4f7e486a9
    Updating git repository `https://github.com/warpdotdev/jemallocator.git`
From https://github.com/warpdotdev/jemallocator
 * [new ref]         2ee30bfdf7059223b54810e4ea6c666f0a379e0b -> refs/commit/2ee30bfdf7059223b54810e4ea6c666f0a379e0b
    Updating git submodule `https://github.com/facebook/jemalloc`
error: RPC failed; curl 18 Transferred a partial file
error: 15 bytes of body are still expected
fetch-pack: unexpected disconnect while reading sideband packet
fatal: early EOF
fatal: fetch-pack: invalid index-pack output
warning: spurious network error (3 tries remaining): process didn't exit successfully: `git fetch --no-tags --force --update-head-ok 'https://github.com/facebook/jemalloc' '+0d7a26e9b6faa4ea33601ee605b5d86b68ff7790:refs/commit/0d7a26e9b6faa4ea33601ee605b5d86b68ff7790'` (exit status: 128)
From https://github.com/facebook/jemalloc
 * [new ref]           0d7a26e9b6faa4ea33601ee605b5d86b68ff7790 -> refs/commit/0d7a26e9b6faa4ea33601ee605b5d86b68ff7790
    Updating git repository `https://github.com/warpdotdev/tink-rust`
From https://github.com/warpdotdev/tink-rust
 * [new ref]         54b9ac9af93b0c08b446a7bc0582836c9403a71b -> refs/commit/54b9ac9af93b0c08b446a7bc0582836c9403a71b
    Updating git submodule `https://github.com/google/wycheproof`
From https://github.com/google/wycheproof
 * [new ref]         2196000605e45d91097147c9c71f26b72af58003 -> refs/commit/2196000605e45d91097147c9c71f26b72af58003
    Updating git repository `https://github.com/warpdotdev/yaml-rust.git`
From https://github.com/warpdotdev/yaml-rust
 * [new ref]         51684719d0102ca85ff4b21cec39877a0c669e19 -> refs/commit/51684719d0102ca85ff4b21cec39877a0c669e19
    Updating crates.io index
    Updating git repository `https://github.com/warpdotdev/warp-proto-apis.git`
From https://github.com/warpdotdev/warp-proto-apis
 * [new ref]         0ca49ce589580a211e4bdf84c1b1721424fabdc8 -> refs/commit/0ca49ce589580a211e4bdf84c1b1721424fabdc8
    Updating git repository `https://github.com/warpdotdev/notify`
From https://github.com/warpdotdev/notify
 * [new ref]         91b719849bc04ef251bcb2cc61076b099204e970 -> refs/commit/91b719849bc04ef251bcb2cc61076b099204e970
    Updating git repository `https://github.com/warpdotdev/font-kit`
From https://github.com/warpdotdev/font-kit
 * [new ref]         a04b225ecb639bb850f21d05212cfdc7465000f3 -> refs/commit/a04b225ecb639bb850f21d05212cfdc7465000f3
    Updating git repository `https://github.com/warpdotdev/command-corrections.git`
From https://github.com/warpdotdev/command-corrections
 * [new ref]         eae08c8c51d9bc9741fcb17eef2c21f696aebbeb -> refs/commit/eae08c8c51d9bc9741fcb17eef2c21f696aebbeb
    Updating git repository `https://github.com/warpdotdev/cosmic-text.git`
From https://github.com/warpdotdev/cosmic-text
 * [new ref]         a7c7b71497542758e08f77390b8efce543b3181f -> refs/commit/a7c7b71497542758e08f77390b8efce543b3181f
    Updating git repository `https://github.com/warpdotdev/winit.git`
From https://github.com/warpdotdev/winit
 * [new ref]           a4e0ecb5f9626ccac9445a73dc28354b52423abc -> refs/commit/a4e0ecb5f9626ccac9445a73dc28354b52423abc
    Updating git repository `https://github.com/warpdotdev/dwrote-rs`
From https://github.com/warpdotdev/dwrote-rs
 * [new ref]         a71ce6c0136f7d0954a9a8b181b5b2d8ace5eb9c -> refs/commit/a71ce6c0136f7d0954a9a8b181b5b2d8ace5eb9c
    Updating git repository `https://github.com/warpdotdev/session-sharing-protocol.git`
From https://github.com/warpdotdev/session-sharing-protocol
 * [new ref]         fcd0fea35ab9f782043c8ec74fd81bce187ded9f -> refs/commit/fcd0fea35ab9f782043c8ec74fd81bce187ded9f
    Updating git repository `https://github.com/warpdotdev/vte.git`
From https://github.com/warpdotdev/vte
 * [new ref]         4b399c87b63ba88f45709edaa6383fc519f6c900 -> refs/commit/4b399c87b63ba88f45709edaa6383fc519f6c900
    Updating git repository `https://github.com/warpdotdev/command-signatures.git`
From https://github.com/warpdotdev/command-signatures
 * [new ref]         d3725aa42375cc229699c87be2b38f9d9f07080f -> refs/commit/d3725aa42375cc229699c87be2b38f9d9f07080f
    Updating git repository `https://github.com/warpdotdev/mermaid-to-svg.git`
From https://github.com/warpdotdev/mermaid-to-svg
 * [new ref]         8d3f789c2eb49335d7bf247a06bb649f59b6d4ed -> refs/commit/8d3f789c2eb49335d7bf247a06bb649f59b6d4ed
    Updating git repository `https://github.com/warpdotdev/workflows`
From https://github.com/warpdotdev/workflows
 * [new ref]         793a98ddda6ef19682aed66364faebd2829f0e01 -> refs/commit/793a98ddda6ef19682aed66364faebd2829f0e01
    Updating git repository `https://github.com/warpdotdev/difflib.git`
From https://github.com/warpdotdev/difflib
 * [new ref]         114177e7d8e1f8017baca397f943e11644b14d63 -> refs/commit/114177e7d8e1f8017baca397f943e11644b14d63
    Updating git repository `https://github.com/warpdotdev/rust-email_address`
From https://github.com/warpdotdev/rust-email_address
 * [new ref]         b3e5205b4efdc83832f230d8eb6894fd00a9ec32 -> refs/commit/b3e5205b4efdc83832f230d8eb6894fd00a9ec32
    Updating git repository `https://github.com/warpdotdev/uneval`
From https://github.com/warpdotdev/uneval
 * [new ref]         df4d9fad372aedc447e6f93ca0f930fabaf9dd1a -> refs/commit/df4d9fad372aedc447e6f93ca0f930fabaf9dd1a
warning: spurious network error (3 tries remaining): [28] Timeout was reached (Operation too slow. Less than 10 bytes/sec transferred the last 30 seconds)
warning: spurious network error (3 tries remaining): [28] Timeout was reached (Operation too slow. Less than 10 bytes/sec transferred the last 30 seconds)
warning: spurious network error (3 tries remaining): [28] Timeout was reached (Operation too slow. Less than 10 bytes/sec transferred the last 30 seconds)
warning: spurious network error (3 tries remaining): [28] Timeout was reached (Operation too slow. Less than 10 bytes/sec transferred the last 30 seconds)
warning: spurious network error (3 tries remaining): [28] Timeout was reached (Operation too slow. Less than 10 bytes/sec transferred the last 30 seconds)
warning: spurious network error (3 tries remaining): [28] Timeout was reached (Operation too slow. Less than 10 bytes/sec transferred the last 30 seconds)
warning: spurious network error (3 tries remaining): [28] Timeout was reached (Operation too slow. Less than 10 bytes/sec transferred the last 30 seconds)
warning: spurious network error (3 tries remaining): [28] Timeout was reached (Operation too slow. Less than 10 bytes/sec transferred the last 30 seconds)
warning: spurious network error (3 tries remaining): [28] Timeout was reached (Operation too slow. Less than 10 bytes/sec transferred the last 30 seconds)
warning: spurious network error (3 tries remaining): [28] Timeout was reached (Operation too slow. Less than 10 bytes/sec transferred the last 30 seconds)
warning: spurious network error (3 tries remaining): [28] Timeout was reached (Operation too slow. Less than 10 bytes/sec transferred the last 30 seconds)
warning: spurious network error (3 tries remaining): [28] Timeout was reached (Operation too slow. Less than 10 bytes/sec transferred the last 30 seconds)
warning: spurious network error (3 tries remaining): [28] Timeout was reached (Operation too slow. Less than 10 bytes/sec transferred the last 30 seconds)
warning: spurious network error (3 tries remaining): [28] Timeout was reached (Operation too slow. Less than 10 bytes/sec transferred the last 30 seconds)
warning: spurious network error (3 tries remaining): [28] Timeout was reached (Operation too slow. Less than 10 bytes/sec transferred the last 30 seconds)
warning: spurious network error (3 tries remaining): [28] Timeout was reached (Operation too slow. Less than 10 bytes/sec transferred the last 30 seconds)
warning: spurious network error (3 tries remaining): [28] Timeout was reached (Operation too slow. Less than 10 bytes/sec transferred the last 30 seconds)
warning: spurious network error (3 tries remaining): [28] Timeout was reached (Operation too slow. Less than 10 bytes/sec transferred the last 30 seconds)
warning: spurious network error (3 tries remaining): [28] Timeout was reached (Operation too slow. Less than 10 bytes/sec transferred the last 30 seconds)
warning: spurious network error (3 tries remaining): [28] Timeout was reached (Operation too slow. Less than 10 bytes/sec transferred the last 30 seconds)
warning: spurious network error (3 tries remaining): [28] Timeout was reached (Operation too slow. Less than 10 bytes/sec transferred the last 30 seconds)
warning: spurious network error (3 tries remaining): [28] Timeout was reached (Operation too slow. Less than 10 bytes/sec transferred the last 30 seconds)
warning: spurious network error (3 tries remaining): [28] Timeout was reached (Operation too slow. Less than 10 bytes/sec transferred the last 30 seconds)
warning: spurious network error (3 tries remaining): [28] Timeout was reached (Operation too slow. Less than 10 bytes/sec transferred the last 30 seconds)
warning: spurious network error (3 tries remaining): [28] Timeout was reached (Operation too slow. Less than 10 bytes/sec transferred the last 30 seconds)
warning: spurious network error (3 tries remaining): [28] Timeout was reached (Operation too slow. Less than 10 bytes/sec transferred the last 30 seconds)
warning: spurious network error (3 tries remaining): [28] Timeout was reached (Operation too slow. Less than 10 bytes/sec transferred the last 30 seconds)
warning: spurious network error (3 tries remaining): [28] Timeout was reached (Operation too slow. Less than 10 bytes/sec transferred the last 30 seconds)
warning: spurious network error (3 tries remaining): [28] Timeout was reached (Operation too slow. Less than 10 bytes/sec transferred the last 30 seconds)
warning: spurious network error (3 tries remaining): [28] Timeout was reached (Operation too slow. Less than 10 bytes/sec transferred the last 30 seconds)
warning: spurious network error (3 tries remaining): [28] Timeout was reached (Operation too slow. Less than 10 bytes/sec transferred the last 30 seconds)
warning: spurious network error (3 tries remaining): [28] Timeout was reached (Operation too slow. Less than 10 bytes/sec transferred the last 30 seconds)
warning: spurious network error (3 tries remaining): [28] Timeout was reached (Operation too slow. Less than 10 bytes/sec transferred the last 30 seconds)
warning: spurious network error (3 tries remaining): [28] Timeout was reached (Operation too slow. Less than 10 bytes/sec transferred the last 30 seconds)
warning: spurious network error (3 tries remaining): [28] Timeout was reached (Operation too slow. Less than 10 bytes/sec transferred the last 30 seconds)
warning: spurious network error (3 tries remaining): [28] Timeout was reached (Operation too slow. Less than 10 bytes/sec transferred the last 30 seconds)
warning: spurious network error (3 tries remaining): [28] Timeout was reached (Operation too slow. Less than 10 bytes/sec transferred the last 30 seconds)
warning: spurious network error (3 tries remaining): [28] Timeout was reached (Operation too slow. Less than 10 bytes/sec transferred the last 30 seconds)
warning: spurious network error (3 tries remaining): [28] Timeout was reached (Operation too slow. Less than 10 bytes/sec transferred the last 30 seconds)
warning: spurious network error (3 tries remaining): [28] Timeout was reached (Operation too slow. Less than 10 bytes/sec transferred the last 30 seconds)
warning: spurious network error (3 tries remaining): [28] Timeout was reached (Operation too slow. Less than 10 bytes/sec transferred the last 30 seconds)
warning: spurious network error (3 tries remaining): [28] Timeout was reached (Operation too slow. Less than 10 bytes/sec transferred the last 30 seconds)
warning: spurious network error (3 tries remaining): [28] Timeout was reached (Operation too slow. Less than 10 bytes/sec transferred the last 30 seconds)
warning: spurious network error (3 tries remaining): [28] Timeout was reached (Operation too slow. Less than 10 bytes/sec transferred the last 30 seconds)
warning: spurious network error (3 tries remaining): [28] Timeout was reached (Operation too slow. Less than 10 bytes/sec transferred the last 30 seconds)
warning: spurious network error (3 tries remaining): [28] Timeout was reached (Operation too slow. Less than 10 bytes/sec transferred the last 30 seconds)
warning: spurious network error (3 tries remaining): [28] Timeout was reached (Operation too slow. Less than 10 bytes/sec transferred the last 30 seconds)
warning: spurious network error (3 tries remaining): [28] Timeout was reached (Operation too slow. Less than 10 bytes/sec transferred the last 30 seconds)
warning: spurious network error (3 tries remaining): [28] Timeout was reached (Operation too slow. Less than 10 bytes/sec transferred the last 30 seconds)
warning: spurious network error (3 tries remaining): [28] Timeout was reached (Operation too slow. Less than 10 bytes/sec transferred the last 30 seconds)
warning: spurious network error (3 tries remaining): [28] Timeout was reached (Operation too slow. Less than 10 bytes/sec transferred the last 30 seconds)
warning: spurious network error (3 tries remaining): [28] Timeout was reached (Operation too slow. Less than 10 bytes/sec transferred the last 30 seconds)
warning: spurious network error (3 tries remaining): [28] Timeout was reached (Operation too slow. Less than 10 bytes/sec transferred the last 30 seconds)
warning: spurious network error (3 tries remaining): [28] Timeout was reached (Operation too slow. Less than 10 bytes/sec transferred the last 30 seconds)
warning: spurious network error (3 tries remaining): [28] Timeout was reached (Operation too slow. Less than 10 bytes/sec transferred the last 30 seconds)
warning: spurious network error (3 tries remaining): [28] Timeout was reached (Operation too slow. Less than 10 bytes/sec transferred the last 30 seconds)
warning: spurious network error (3 tries remaining): [28] Timeout was reached (Operation too slow. Less than 10 bytes/sec transferred the last 30 seconds)
warning: spurious network error (3 tries remaining): [28] Timeout was reached (Operation too slow. Less than 10 bytes/sec transferred the last 30 seconds)
warning: spurious network error (3 tries remaining): [28] Timeout was reached (Operation too slow. Less than 10 bytes/sec transferred the last 30 seconds)
warning: spurious network error (3 tries remaining): [28] Timeout was reached (Operation too slow. Less than 10 bytes/sec transferred the last 30 seconds)
warning: spurious network error (3 tries remaining): [28] Timeout was reached (Operation too slow. Less than 10 bytes/sec transferred the last 30 seconds)
warning: spurious network error (3 tries remaining): [28] Timeout was reached (Operation too slow. Less than 10 bytes/sec transferred the last 30 seconds)
warning: spurious network error (3 tries remaining): [28] Timeout was reached (Operation too slow. Less than 10 bytes/sec transferred the last 30 seconds)
warning: spurious network error (3 tries remaining): [28] Timeout was reached (Operation too slow. Less than 10 bytes/sec transferred the last 30 seconds)
warning: spurious network error (3 tries remaining): [28] Timeout was reached (Operation too slow. Less than 10 bytes/sec transferred the last 30 seconds)
warning: spurious network error (3 tries remaining): [28] Timeout was reached (Operation too slow. Less than 10 bytes/sec transferred the last 30 seconds)
warning: spurious network error (3 tries remaining): [28] Timeout was reached (Operation too slow. Less than 10 bytes/sec transferred the last 30 seconds)
warning: spurious network error (3 tries remaining): [28] Timeout was reached (Operation too slow. Less than 10 bytes/sec transferred the last 30 seconds)
warning: spurious network error (3 tries remaining): [28] Timeout was reached (Operation too slow. Less than 10 bytes/sec transferred the last 30 seconds)
warning: spurious network error (3 tries remaining): [28] Timeout was reached (Operation too slow. Less than 10 bytes/sec transferred the last 30 seconds)
warning: spurious network error (3 tries remaining): [28] Timeout was reached (Operation too slow. Less than 10 bytes/sec transferred the last 30 seconds)
warning: spurious network error (3 tries remaining): [28] Timeout was reached (Operation too slow. Less than 10 bytes/sec transferred the last 30 seconds)
warning: spurious network error (3 tries remaining): [28] Timeout was reached (Operation too slow. Less than 10 bytes/sec transferred the last 30 seconds)
warning: spurious network error (3 tries remaining): [28] Timeout was reached (Operation too slow. Less than 10 bytes/sec transferred the last 30 seconds)
warning: spurious network error (3 tries remaining): [28] Timeout was reached (Operation too slow. Less than 10 bytes/sec transferred the last 30 seconds)
warning: spurious network error (3 tries remaining): [28] Timeout was reached (Operation too slow. Less than 10 bytes/sec transferred the last 30 seconds)
warning: spurious network error (3 tries remaining): [28] Timeout was reached (Operation too slow. Less than 10 bytes/sec transferred the last 30 seconds)
warning: spurious network error (3 tries remaining): [28] Timeout was reached (Operation too slow. Less than 10 bytes/sec transferred the last 30 seconds)
warning: spurious network error (3 tries remaining): [28] Timeout was reached (Operation too slow. Less than 10 bytes/sec transferred the last 30 seconds)
warning: spurious network error (3 tries remaining): [28] Timeout was reached (Operation too slow. Less than 10 bytes/sec transferred the last 30 seconds)
warning: spurious network error (3 tries remaining): [28] Timeout was reached (Operation too slow. Less than 10 bytes/sec transferred the last 30 seconds)
warning: spurious network error (3 tries remaining): [28] Timeout was reached (Operation too slow. Less than 10 bytes/sec transferred the last 30 seconds)
warning: spurious network error (3 tries remaining): [28] Timeout was reached (Operation too slow. Less than 10 bytes/sec transferred the last 30 seconds)
warning: spurious network error (3 tries remaining): [28] Timeout was reached (Operation too slow. Less than 10 bytes/sec transferred the last 30 seconds)
warning: spurious network error (3 tries remaining): [28] Timeout was reached (Operation too slow. Less than 10 bytes/sec transferred the last 30 seconds)
warning: spurious network error (3 tries remaining): [28] Timeout was reached (Operation too slow. Less than 10 bytes/sec transferred the last 30 seconds)
warning: spurious network error (3 tries remaining): [28] Timeout was reached (Operation too slow. Less than 10 bytes/sec transferred the last 30 seconds)
warning: spurious network error (3 tries remaining): [28] Timeout was reached (Operation too slow. Less than 10 bytes/sec transferred the last 30 seconds)
warning: spurious network error (3 tries remaining): [28] Timeout was reached (Operation too slow. Less than 10 bytes/sec transferred the last 30 seconds)
warning: spurious network error (3 tries remaining): [28] Timeout was reached (Operation too slow. Less than 10 bytes/sec transferred the last 30 seconds)
warning: spurious network error (3 tries remaining): [28] Timeout was reached (Operation too slow. Less than 10 bytes/sec transferred the last 30 seconds)
warning: spurious network error (3 tries remaining): [28] Timeout was reached (Operation too slow. Less than 10 bytes/sec transferred the last 30 seconds)
warning: spurious network error (3 tries remaining): [28] Timeout was reached (Operation too slow. Less than 10 bytes/sec transferred the last 30 seconds)
warning: spurious network error (3 tries remaining): [28] Timeout was reached (Operation too slow. Less than 10 bytes/sec transferred the last 30 seconds)
warning: spurious network error (3 tries remaining): [28] Timeout was reached (Operation too slow. Less than 10 bytes/sec transferred the last 30 seconds)
warning: spurious network error (3 tries remaining): [28] Timeout was reached (Operation too slow. Less than 10 bytes/sec transferred the last 30 seconds)
warning: spurious network error (3 tries remaining): [28] Timeout was reached (Operation too slow. Less than 10 bytes/sec transferred the last 30 seconds)
warning: spurious network error (3 tries remaining): [28] Timeout was reached (Operation too slow. Less than 10 bytes/sec transferred the last 30 seconds)
warning: spurious network error (3 tries remaining): [28] Timeout was reached (Operation too slow. Less than 10 bytes/sec transferred the last 30 seconds)
warning: spurious network error (3 tries remaining): [28] Timeout was reached (Operation too slow. Less than 10 bytes/sec transferred the last 30 seconds)
warning: spurious network error (3 tries remaining): [28] Timeout was reached (Operation too slow. Less than 10 bytes/sec transferred the last 30 seconds)
warning: spurious network error (3 tries remaining): [28] Timeout was reached (Operation too slow. Less than 10 bytes/sec transferred the last 30 seconds)
warning: spurious network error (3 tries remaining): [28] Timeout was reached (Operation too slow. Less than 10 bytes/sec transferred the last 30 seconds)
warning: spurious network error (3 tries remaining): [28] Timeout was reached (Operation too slow. Less than 10 bytes/sec transferred the last 30 seconds)
warning: spurious network error (3 tries remaining): [28] Timeout was reached (Operation too slow. Less than 10 bytes/sec transferred the last 30 seconds)
warning: spurious network error (3 tries remaining): [28] Timeout was reached (Operation too slow. Less than 10 bytes/sec transferred the last 30 seconds)
warning: spurious network error (3 tries remaining): [28] Timeout was reached (Operation too slow. Less than 10 bytes/sec transferred the last 30 seconds)
warning: spurious network error (3 tries remaining): [28] Timeout was reached (Operation too slow. Less than 10 bytes/sec transferred the last 30 seconds)
warning: spurious network error (3 tries remaining): [28] Timeout was reached (Operation too slow. Less than 10 bytes/sec transferred the last 30 seconds)
warning: spurious network error (3 tries remaining): [28] Timeout was reached (Operation too slow. Less than 10 bytes/sec transferred the last 30 seconds)
warning: spurious network error (3 tries remaining): [28] Timeout was reached (Operation too slow. Less than 10 bytes/sec transferred the last 30 seconds)
warning: spurious network error (3 tries remaining): [28] Timeout was reached (Operation too slow. Less than 10 bytes/sec transferred the last 30 seconds)
warning: spurious network error (3 tries remaining): [28] Timeout was reached (Operation too slow. Less than 10 bytes/sec transferred the last 30 seconds)
warning: spurious network error (3 tries remaining): [28] Timeout was reached (Operation too slow. Less than 10 bytes/sec transferred the last 30 seconds)
warning: spurious network error (3 tries remaining): [28] Timeout was reached (Operation too slow. Less than 10 bytes/sec transferred the last 30 seconds)
warning: spurious network error (3 tries remaining): [28] Timeout was reached (Operation too slow. Less than 10 bytes/sec transferred the last 30 seconds)
warning: spurious network error (3 tries remaining): [28] Timeout was reached (Operation too slow. Less than 10 bytes/sec transferred the last 30 seconds)
warning: spurious network error (3 tries remaining): [28] Timeout was reached (Operation too slow. Less than 10 bytes/sec transferred the last 30 seconds)
warning: spurious network error (3 tries remaining): [28] Timeout was reached (Operation too slow. Less than 10 bytes/sec transferred the last 30 seconds)
warning: spurious network error (3 tries remaining): [28] Timeout was reached (Operation too slow. Less than 10 bytes/sec transferred the last 30 seconds)
warning: spurious network error (3 tries remaining): [28] Timeout was reached (Operation too slow. Less than 10 bytes/sec transferred the last 30 seconds)
warning: spurious network error (3 tries remaining): [28] Timeout was reached (Operation too slow. Less than 10 bytes/sec transferred the last 30 seconds)
warning: spurious network error (3 tries remaining): [28] Timeout was reached (Operation too slow. Less than 10 bytes/sec transferred the last 30 seconds)
warning: spurious network error (3 tries remaining): [28] Timeout was reached (Operation too slow. Less than 10 bytes/sec transferred the last 30 seconds)
warning: spurious network error (3 tries remaining): [28] Timeout was reached (Operation too slow. Less than 10 bytes/sec transferred the last 30 seconds)
warning: spurious network error (3 tries remaining): [28] Timeout was reached (Operation too slow. Less than 10 bytes/sec transferred the last 30 seconds)
warning: spurious network error (3 tries remaining): [28] Timeout was reached (Operation too slow. Less than 10 bytes/sec transferred the last 30 seconds)
warning: spurious network error (3 tries remaining): [28] Timeout was reached (Operation too slow. Less than 10 bytes/sec transferred the last 30 seconds)
warning: spurious network error (3 tries remaining): [28] Timeout was reached (Operation too slow. Less than 10 bytes/sec transferred the last 30 seconds)
warning: spurious network error (3 tries remaining): [28] Timeout was reached (Operation too slow. Less than 10 bytes/sec transferred the last 30 seconds)
warning: spurious network error (3 tries remaining): [28] Timeout was reached (Operation too slow. Less than 10 bytes/sec transferred the last 30 seconds)
warning: spurious network error (3 tries remaining): [28] Timeout was reached (Operation too slow. Less than 10 bytes/sec transferred the last 30 seconds)
warning: spurious network error (3 tries remaining): [28] Timeout was reached (Operation too slow. Less than 10 bytes/sec transferred the last 30 seconds)
warning: spurious network error (3 tries remaining): [28] Timeout was reached (Operation too slow. Less than 10 bytes/sec transferred the last 30 seconds)
warning: spurious network error (3 tries remaining): [28] Timeout was reached (Operation too slow. Less than 10 bytes/sec transferred the last 30 seconds)
warning: spurious network error (3 tries remaining): [28] Timeout was reached (Operation too slow. Less than 10 bytes/sec transferred the last 30 seconds)
warning: spurious network error (3 tries remaining): [28] Timeout was reached (Operation too slow. Less than 10 bytes/sec transferred the last 30 seconds)
warning: spurious network error (3 tries remaining): [28] Timeout was reached (Operation too slow. Less than 10 bytes/sec transferred the last 30 seconds)
warning: spurious network error (3 tries remaining): [28] Timeout was reached (Operation too slow. Less than 10 bytes/sec transferred the last 30 seconds)
warning: spurious network error (3 tries remaining): [28] Timeout was reached (Operation too slow. Less than 10 bytes/sec transferred the last 30 seconds)
warning: spurious network error (3 tries remaining): [28] Timeout was reached (Operation too slow. Less than 10 bytes/sec transferred the last 30 seconds)
warning: spurious network error (3 tries remaining): [28] Timeout was reached (Operation too slow. Less than 10 bytes/sec transferred the last 30 seconds)
warning: spurious network error (3 tries remaining): [28] Timeout was reached (Operation too slow. Less than 10 bytes/sec transferred the last 30 seconds)
warning: spurious network error (3 tries remaining): [28] Timeout was reached (Operation too slow. Less than 10 bytes/sec transferred the last 30 seconds)
warning: spurious network error (3 tries remaining): [28] Timeout was reached (Operation too slow. Less than 10 bytes/sec transferred the last 30 seconds)
warning: spurious network error (3 tries remaining): [28] Timeout was reached (Operation too slow. Less than 10 bytes/sec transferred the last 30 seconds)
warning: spurious network error (3 tries remaining): [28] Timeout was reached (Operation too slow. Less than 10 bytes/sec transferred the last 30 seconds)
warning: spurious network error (3 tries remaining): [28] Timeout was reached (Operation too slow. Less than 10 bytes/sec transferred the last 30 seconds)
warning: spurious network error (3 tries remaining): [28] Timeout was reached (Operation too slow. Less than 10 bytes/sec transferred the last 30 seconds)
warning: spurious network error (3 tries remaining): [28] Timeout was reached (Operation too slow. Less than 10 bytes/sec transferred the last 30 seconds)
warning: spurious network error (3 tries remaining): [28] Timeout was reached (Operation too slow. Less than 10 bytes/sec transferred the last 30 seconds)
warning: spurious network error (3 tries remaining): [28] Timeout was reached (Operation too slow. Less than 10 bytes/sec transferred the last 30 seconds)
warning: spurious network error (3 tries remaining): [28] Timeout was reached (Operation too slow. Less than 10 bytes/sec transferred the last 30 seconds)
warning: spurious network error (3 tries remaining): [28] Timeout was reached (Operation too slow. Less than 10 bytes/sec transferred the last 30 seconds)
warning: spurious network error (3 tries remaining): [28] Timeout was reached (Operation too slow. Less than 10 bytes/sec transferred the last 30 seconds)
warning: spurious network error (3 tries remaining): [28] Timeout was reached (Operation too slow. Less than 10 bytes/sec transferred the last 30 seconds)
warning: spurious network error (3 tries remaining): [28] Timeout was reached (Operation too slow. Less than 10 bytes/sec transferred the last 30 seconds)
warning: spurious network error (3 tries remaining): [28] Timeout was reached (Operation too slow. Less than 10 bytes/sec transferred the last 30 seconds)
 Downloading crates ...
  Downloaded aes-gcm-siv v0.11.1
  Downloaded arborium-xml v2.13.0
  Downloaded arborium-hcl v2.13.0
  Downloaded arg_enum_proc_macro v0.3.4
  Downloaded aligned v0.4.3
  Downloaded arrayvec v0.7.6
  Downloaded arboard v3.6.1
  Downloaded alloc-no-stdlib v2.0.4
  Downloaded aligned-vec v0.6.1
  Downloaded aliasable v0.1.3
  Downloaded anes v0.1.6
  Downloaded allocator-api2 v0.2.16
  Downloaded aha-reqwest-eventsource v0.1.0
  Downloaded aes-siv v0.7.0
  Downloaded aes-gcm v0.10.3
  Downloaded assert-json-diff v2.0.2
  Downloaded arborium-json v2.13.0
  Downloaded arborium v2.13.0
  Downloaded aes v0.8.4
  Downloaded as-slice v0.2.1
  Downloaded alloc-stdlib v0.2.2
  Downloaded arrayref v0.3.9
  Downloaded adler2 v2.0.0
  Downloaded ahash v0.7.8
  Downloaded approx v0.5.1
  Downloaded arborium-javascript v2.13.0
  Downloaded anyhow v1.0.79
  Downloaded anstyle-parse v0.2.3
  Downloaded arborium-toml v2.13.0
  Downloaded ahash v0.8.11
  Downloaded arraydeque v0.5.1
  Downloaded arborium-nix v2.13.0
  Downloaded arborium-html v2.13.0
  Downloaded grep-regex v0.1.14
  Downloaded half v2.6.0
  Downloaded grep-searcher v0.1.16
  Downloaded grep-printer v0.3.1
  Downloaded grep-matcher v0.1.8
  Downloaded aws-sigv4 v1.4.3
  Downloaded arc-swap v1.7.1
  Downloaded hashbrown v0.14.1
  Downloaded arborium-css v2.13.0
  Downloaded alphanumeric-sort v1.5.7
  Downloaded hmac v0.13.0
  Downloaded http-range-header v0.4.0
  Downloaded arborium-highlight v2.13.0
  Downloaded arborium-theme v2.13.0
  Downloaded instant v0.1.12
  Downloaded heck v0.4.1
  Downloaded arborium-scss v2.13.0
  Downloaded instability v0.3.12
  Downloaded line-span v0.1.5
  Downloaded line-ending v1.5.1
  Downloaded async-channel v2.3.1
  Downloaded line-clipping v0.3.7
  Downloaded lazycell v1.3.0
  Downloaded lab v0.11.0
  Downloaded is_executable v1.0.1
  Downloaded intmap v0.7.1
  Downloaded arborium-dockerfile v2.13.0
  Downloaded levenshtein_automata v0.2.1
  Downloaded hound v3.5.1
  Downloaded avif-serialize v0.8.8
  Downloaded autocfg v1.1.0
  Downloaded attribute-derive v0.6.1
  Downloaded atomic v0.6.1
  Downloaded async-stream-impl v0.3.5
  Downloaded async-stream v0.3.5
  Downloaded async-recursion v1.1.1
  Downloaded lebe v0.5.3
  Downloaded iso8601-duration v0.2.0
  Downloaded icu_provider_macros v1.5.0
  Downloaded idna_adapter v1.2.0
  Downloaded lalrpop-util v0.20.2
  Downloaded attribute-derive-macro v0.6.1
  Downloaded addr v0.15.6
  Downloaded jaq-all v0.1.0
  Downloaded mac_address v1.1.8
  Downloaded arborium-yaml v2.13.0
  Downloaded linked-hash-map v0.5.6
  Downloaded macro_rules_attribute v0.2.2
  Downloaded line-wrap v0.1.1
  Downloaded arborium-vue v2.13.0
  Downloaded log-panics v2.1.0
  Downloaded loop9 v0.1.5
  Downloaded mac v0.1.1
  Downloaded arborium-go v2.13.0
  Downloaded icu_locid_transform v1.5.0
  Downloaded crypto-common v0.2.1
  Downloaded humantime v2.1.0
  Downloaded darling_macro v0.20.8
  Downloaded hashlink v0.10.0
  Downloaded html-escape v0.2.13
  Downloaded dbl v0.3.2
  Downloaded infer v0.19.0
  Downloaded async-fs v2.1.2
  Downloaded async-broadcast v0.7.2
  Downloaded indoc v2.0.7
  Downloaded async-net v2.0.0
  Downloaded async_io_stream v0.3.3
  Downloaded async-process v2.5.0
  Downloaded inventory v0.3.20
  Downloaded async-executor v1.13.1
  Downloaded jaq-std v3.0.0
  Downloaded interpolator v0.5.0
  Downloaded async-compat v0.2.5
  Downloaded ref-cast-impl v1.0.23
  Downloaded iana-time-zone v0.1.64
  Downloaded async-signal v0.2.13
  Downloaded kasuari v0.4.11
  Downloaded libtest-mimic v0.8.2
  Downloaded hybrid-array v0.4.11
  Downloaded find-crate v0.6.3
  Downloaded filedescriptor v0.8.3
  Downloaded rust-embed-impl v8.7.2
  Downloaded diesel_migrations v2.3.1
  Downloaded enum-iterator-derive v1.2.1
  Downloaded enum-iterator v1.4.1
  Downloaded simd-adler32 v0.3.7
  Downloaded hifijson v0.5.0
  Downloaded filetime v0.2.25
  Downloaded kmeans_colors v0.5.0
  Downloaded libloading v0.8.9
  Downloaded gemm-c64 v0.19.0
  Downloaded lru v0.18.0
  Downloaded csscolorparser v0.6.2
  Downloaded crossbeam-deque v0.8.3
  Downloaded logos-derive v0.14.1
  Downloaded litemap v0.7.4
  Downloaded mach2 v0.5.0
  Downloaded lzma-rs v0.3.0
  Downloaded futf v0.1.5
  Downloaded get-size-derive v0.1.3
  Downloaded get-size v0.1.4
  Downloaded predicates-tree v1.0.9
  Downloaded profiling-procmacros v1.0.17
  Downloaded siphasher v0.3.11
  Downloaded stable_deref_trait v1.2.0
  Downloaded spinning v0.1.0
  Downloaded smol_str v0.2.2
  Downloaded thiserror-impl v1.0.63
  Downloaded async-lock v3.4.0
  Downloaded av1-grain v0.2.5
  Downloaded aws-credential-types v1.2.14
  Downloaded async-tungstenite v0.28.2
  Downloaded icu_locid_transform_data v1.5.0
  Downloaded jobserver v0.1.32
  Downloaded imagesize v0.14.0
  Downloaded encoding_rs_io v0.1.7
  Downloaded jaq-json v2.0.0
  Downloaded jaq-fmts v0.1.0
  Downloaded icu_locid v1.5.0
  Downloaded icu_provider v1.5.0
  Downloaded arborium-lua v2.13.0
  Downloaded schemars_derive v1.0.4
  Downloaded unindent v0.1.11
  Downloaded wasm-bindgen-macro v0.2.117
  Downloaded wasm-bindgen-futures v0.4.67
  Downloaded ref-cast v1.0.23
  Downloaded reborrow v0.5.5
  Downloaded proc-macro-error v1.0.4
  Downloaded polyval v0.6.2
  Downloaded arborium-starlark v2.13.0
  Downloaded async-task v4.7.1
  Downloaded async-io v2.6.0
  Downloaded lz4_flex v0.11.6
  Downloaded derive_builder v0.20.1
  Downloaded env_logger v0.10.2
  Downloaded serde_spanned v1.0.3
  Downloaded tinystr v0.7.6
  Downloaded thiserror-impl v2.0.17
  Downloaded sse-stream v0.2.1
  Downloaded arborium-jq v2.13.0
  Downloaded icu_normalizer v1.5.0
  Downloaded ignore v0.4.24
  Downloaded version-compare v0.1.1
  Downloaded serde_with_macros v3.21.0
  Downloaded ratatui-termwiz v0.1.1
  Downloaded icu_normalizer_data v1.5.0
  Downloaded jaq-core v3.0.0
  Downloaded unicode-ident v1.0.12
  Downloaded thiserror v2.0.17
  Downloaded lz4_flex v0.13.0
  Downloaded logos-codegen v0.14.1
  Downloaded indicatif v0.17.11
  Downloaded htmlescape v0.3.1
  Downloaded referencing v0.45.1
  Downloaded imgref v1.12.0
  Downloaded icu_properties v1.5.1
  Downloaded quinn-udp v0.5.13
  Downloaded realfft v3.4.0
  Downloaded serde-wasm-bindgen v0.6.5
  Downloaded urlocator v0.1.4
  Downloaded futures-lite v1.13.0
  Downloaded prost-types v0.14.3
  Downloaded tokio-macros v2.6.1
  Downloaded wezterm-color-types v0.3.0
  Downloaded aws-sdk-signin v1.9.0
  Downloaded finl_unicode v1.4.0
  Downloaded socket2 v0.6.0
  Downloaded icu_collections v1.5.0
  Downloaded lasso v0.7.3
  Downloaded jiff-static v0.2.24
  Downloaded html5ever v0.35.0
  Downloaded lsp-types v0.97.0
  Downloaded indexmap v2.12.0
  Downloaded hyper-util v0.1.16
  Downloaded inquire v0.9.1
  Downloaded ws_stream_wasm v0.7.4
  Downloaded interprocess v1.2.1
  Downloaded js-sys v0.3.94
  Downloaded unicode-segmentation v1.11.0
  Downloaded raw-cpuid v11.5.0
  Downloaded cynic-codegen v3.8.0
  Downloaded arborium-python v2.13.0
  Downloaded toml v0.8.23
  Downloaded tokio-stream v0.1.17
  Downloaded tantivy-sstable v0.7.0
  Downloaded aws-sdk-sso v1.98.0
  Downloaded aws-runtime v1.7.3
  Downloaded aws-sdk-ssooidc v1.100.0
  Downloaded derive_more-impl v2.0.1
  Downloaded quinn v0.11.8
  Downloaded toml v0.5.11
  Downloaded slotmap v1.0.6
  Downloaded toml v0.9.6
  Downloaded async-compression v0.4.22
  Downloaded aho-corasick v1.1.3
  Downloaded hashbrown v0.15.2
  Downloaded hashbrown v0.16.0
  Downloaded itertools v0.11.0
  Downloaded idna v1.0.3
  Downloaded kurbo v0.13.0
  Downloaded yoke-derive v0.7.5
  Downloaded iri-string v0.7.8
  Downloaded libm v0.2.15
  Downloaded hkdf v0.12.4
  Downloaded zerovec-derive v0.10.3
  Downloaded winnow v0.5.17
  Downloaded schemars v1.0.4
  Downloaded uuid v1.19.0
  Downloaded diesel_derives v2.3.5
  Downloaded arborium-markdown v2.13.0
  Downloaded xmlwriter v0.1.0
  Downloaded aws-config v1.8.16
  Downloaded arborium-java v2.13.0
  Downloaded arborium-powershell v2.13.0
  Downloaded zune-core v0.4.12
  Downloaded icu_properties_data v1.5.0
  Downloaded jsonschema v0.45.1
  Downloaded serde_with v3.21.0
  Downloaded bit-set v0.8.0
  Downloaded oorandom v11.1.3
  Downloaded quote-use v0.7.2
  Downloaded predicates-core v1.0.6
  Downloaded ctrlc v3.4.7
  Downloaded core-graphics-types v0.2.0
  Downloaded embed_plist v1.2.2
  Downloaded pulp v0.22.2
  Downloaded arborium-c v2.13.0
  Downloaded aws-sdk-sts v1.103.0
  Downloaded arborium-tree-sitter v2.13.0
  Downloaded plotters-backend v0.3.5
  Downloaded ptr_meta v0.1.4
  Downloaded graphlib_rust v0.0.2
  Downloaded glob v0.3.1
  Downloaded gemm v0.19.0
  Downloaded fixedbitset v0.5.7
  Downloaded deflate64 v0.1.10
  Downloaded ownedbytes v0.9.0
  Downloaded funty v2.0.0
  Downloaded bytemuck_derive v1.10.2
  Downloaded parking v2.2.0
  Downloaded gloo-timers v0.2.6
  Downloaded bounded-vec-deque v0.1.1
  Downloaded bit-vec v0.8.0
  Downloaded predicates v3.1.3
  Downloaded regex v1.11.1
  Downloaded mockall_derive v0.13.1
  Downloaded mockito v1.7.1
  Downloaded rustybuzz v0.20.1
  Downloaded core2 v0.4.0
  Downloaded colored v3.0.0
  Downloaded darling_core v0.20.8
  Downloaded aws-smithy-observability v0.2.6
  Downloaded tokenizers v0.21.4
  Downloaded base64ct v1.8.0
  Downloaded arborium-php v2.13.0
  Downloaded quinn-proto v0.11.16
  Downloaded derive_more v2.0.1
  Downloaded bytemuck v1.24.0
  Downloaded opentelemetry-otlp v0.32.0
  Downloaded rayon-core v1.12.1
  Downloaded block-buffer v0.12.0
  Downloaded fontdb v0.23.0
  Downloaded ratatui v0.30.1
  Downloaded by_address v1.2.1
  Downloaded rustfft v6.2.0
  Downloaded strict-num v0.1.1
  Downloaded signal-hook-mio v0.2.5
  Downloaded serde_bytes v0.11.19
  Downloaded memmap v0.7.0
  Downloaded measure_time v0.9.0
  Downloaded gemm-f64 v0.19.0
  Downloaded equivalent v1.0.1
  Downloaded rend v0.4.2
  Downloaded quick-xml v0.30.0
  Downloaded axum v0.8.4
  Downloaded crossterm v0.29.0
  Downloaded opentelemetry-proto v0.32.0
  Downloaded rquickjs v0.3.1
  Downloaded rkyv_derive v0.7.46
  Downloaded serde-bytes-repr v0.3.0
  Downloaded derive_builder_macro v0.20.1
  Downloaded clap_lex v0.7.5
  Downloaded castaway v0.2.4
  Downloaded arborium-bash v2.13.0
  Downloaded self_cell v1.2.1
  Downloaded pathfinder_geometry v0.5.1
  Downloaded num-iter v0.1.45
  Downloaded event-listener-strategy v0.5.2
  Downloaded phf v0.11.3
  Downloaded num-derive v0.4.2
  Downloaded mockall v0.13.1
  Downloaded core-graphics v0.24.0
  Downloaded tantivy-query-grammar v0.26.0
  Downloaded simplelog v0.12.2
  Downloaded arborium-tsx v2.13.0
  Downloaded spm_precompiled v0.1.4
  Downloaded wezterm-blob-leases v0.1.1
  Downloaded clang-sys v1.8.1
  Downloaded crossbeam-epoch v0.9.15
  Downloaded objc2-core-audio v0.3.2
  Downloaded event-listener v5.4.0
  Downloaded pest_derive v2.8.6
  Downloaded prost-build v0.14.3
  Downloaded rustls-native-certs v0.8.2
  Downloaded whoami v1.5.2
  Downloaded fluent-uri v0.4.1
  Downloaded y4m v0.8.0
  Downloaded axum-core v0.5.2
  Downloaded aws-smithy-http v0.63.6
  Downloaded xz2 v0.1.7
  Downloaded syn_derive v0.1.8
  Downloaded rustls-pki-types v1.12.0
  Downloaded arborium-typescript v2.13.0
  Downloaded writeable v0.5.5
  Downloaded const-oid v0.10.2
  Downloaded derive_more v0.99.17
  Downloaded cmac v0.7.2
  Downloaded rangemap v1.4.0
  Downloaded pin-project v1.1.3
  Downloaded sync_wrapper v1.0.1
  Downloaded sha1_smol v1.0.1
  Downloaded tink-mac v0.3.0
  Downloaded tink-daead v0.3.0
  Downloaded tink-aead v0.3.0
  Downloaded tempfile v3.23.0
  Downloaded svgtypes v0.16.1
  Downloaded lzma-sys v0.1.20
  Downloaded libz-sys v1.1.25
  Downloaded jiff v0.2.24
  Downloaded typed-arena v2.0.2
  Downloaded try-lock v0.2.4
  Downloaded tree-sitter-language v0.1.2
  Downloaded bincode v1.3.3
  Downloaded cc v1.2.56
  Downloaded diesel_table_macro_syntax v0.3.0
  Downloaded cynic-proc-macros v3.8.0
  Downloaded bitpacking v0.9.3
  Downloaded diesel v2.3.10
  Downloaded av-scenechange v0.14.1
  Downloaded arborium-ruby v2.13.0
  Downloaded arborium-elixir v2.13.0
  Downloaded utf8-width v0.1.7
  Downloaded twox-hash v2.1.2
  Downloaded toml_edit v0.22.27
  Downloaded vtparse v0.6.2
  Downloaded vec1 v1.10.1
  Downloaded typed-path v0.10.0
  Downloaded tower v0.5.2
  Downloaded float-ord v0.3.2
  Downloaded escape8259 v0.5.3
  Downloaded equator-macro v0.2.1
  Downloaded derive_builder_core v0.20.1
  Downloaded fast-srgb8 v1.0.0
  Downloaded derive-where v1.2.7
  Downloaded foreign-types-shared v0.3.1
  Downloaded getset v0.1.2
  Downloaded ghash v0.5.1
  Downloaded zip v7.2.0
  Downloaded arborium-rust v2.13.0
  Downloaded futures-lite v2.6.1
  Downloaded fsevent-sys v4.1.0
  Downloaded objc2-metal v0.3.2
  Downloaded ttf-parser v0.25.1
  Downloaded borsh-derive v1.3.0
  Downloaded termwiz v0.23.0
  Downloaded cpufeatures v0.3.0
  Downloaded phf_generator v0.11.3
  Downloaded pest_generator v2.8.6
  Downloaded pathfinder_color v0.5.0
  Downloaded content_inspector v0.2.4
  Downloaded constant_time_eq v0.3.1
  Downloaded colorchoice v1.0.0
  Downloaded cmov v0.5.4
  Downloaded ciborium v0.2.2
  Downloaded bzip2 v0.5.2
  Downloaded bon v3.7.1
  Downloaded plist v1.5.1
  Downloaded num-rational v0.4.2
  Downloaded murmurhash32 v0.3.1
  Downloaded mime_guess v2.0.4
  Downloaded memoffset v0.7.1
  Downloaded csv-core v0.1.11
  Downloaded crossbeam-channel v0.5.8
  Downloaded os_info v3.7.0
  Downloaded ordered_hashmap v0.0.3
  Downloaded openh264 v0.8.1
  Downloaded monostate-impl v0.1.14
  Downloaded oauth2 v5.0.0
  Downloaded prost-reflect-build v0.16.0
  Downloaded proc-macro-error-attr v1.0.4
  Downloaded ppv-lite86 v0.2.17
  Downloaded cynic-parser v0.4.5
  Downloaded chrono v0.4.40
  Downloaded ravif v0.12.0
  Downloaded ratatui-crossterm v0.1.1
  Downloaded strum v0.27.1
  Downloaded siphasher v1.0.1
  Downloaded shellexpand v3.1.1
  Downloaded serial_test_derive v0.8.0
  Downloaded git2 v0.20.4
  Downloaded serde_regex v1.1.0
  Downloaded rustversion v1.0.14
  Downloaded rstar v0.12.2
  Downloaded thread_local v1.1.7
  Downloaded waker-fn v1.1.1
  Downloaded transpose v0.2.3
  Downloaded which v4.4.2
  Downloaded rustls-platform-verifier v0.6.2
  Downloaded rand v0.10.1
  Downloaded trait-set v0.3.0
  Downloaded tracing-futures v0.2.5
  Downloaded tink-prf v0.3.0
  Downloaded takecell v0.1.1
  Downloaded objc2-io-kit v0.3.1
  Downloaded toml_writer v1.1.0+spec-1.1.0
  Downloaded tabwriter v1.4.1
  Downloaded system-configuration v0.6.1
  Downloaded sysctl v0.6.0
  Downloaded wezterm-input-types v0.1.0
  Downloaded logos v0.14.1
  Downloaded counter v0.5.7
  Downloaded downcast v0.11.0
  Downloaded dlib v0.5.2
  Downloaded digest v0.11.3
  Downloaded candle-onnx v0.9.2
  Downloaded borsh v1.3.0
  Downloaded dispatch v0.2.0
  Downloaded difflib v0.4.0
  Downloaded rquickjs-core v0.3.1
  Downloaded migrations_internals v2.3.0
  Downloaded monostate v0.1.14
  Downloaded futures-timer v3.0.2
  Downloaded ctr v0.9.2
  Downloaded color-print-proc-macro v0.3.7
  Downloaded cfb v0.7.3
  Downloaded rkyv v0.7.46
  Downloaded maybe-rayon v0.1.1
  Downloaded gemm-c32 v0.19.0
  Downloaded crc-catalog v2.4.0
  Downloaded cocoa-foundation v0.2.1
  Downloaded ciborium-ll v0.2.2
  Downloaded aws-types v1.3.15
  Downloaded zopfli v0.8.3
  Downloaded tracing-opentelemetry v0.33.0
  Downloaded regex-bites v0.1.6
  Downloaded primal-check v0.3.4
  Downloaded palette_derive v0.6.1
  Downloaded number_prefix v0.4.0
  Downloaded num_threads v0.1.7
  Downloaded num_cpus v1.16.0
  Downloaded directories v6.0.0
  Downloaded derive-new v0.5.9
  Downloaded tokio v1.50.0
  Downloaded arborium-swift v2.13.0
  Downloaded safemem v0.3.3
  Downloaded strength_reduce v0.2.4
  Downloaded simd_helpers v0.1.0
  Downloaded serde_spanned v0.6.9
  Downloaded rgb v0.8.50
  Downloaded proc-macro-utils v0.8.0
  Downloaded rustc_version v0.4.0
  Downloaded proc-macro-crate v2.0.0
  Downloaded ouroboros_macro v0.18.0
  Downloaded serde_yaml v0.8.26
  Downloaded priority-queue v2.5.0
  Downloaded wide v0.7.33
  Downloaded rust-embed-impl v6.8.1
  Downloaded fuzzy-matcher v0.3.7
  Downloaded comfy-table v7.2.1
  Downloaded zerocopy v0.7.32
  Downloaded security-framework v2.9.2
  Downloaded sysinfo v0.37.0
  Downloaded hpke v0.13.0
  Downloaded palette v0.6.1
  Downloaded bindgen v0.69.5
  Downloaded brotli-decompressor v4.0.2
  Downloaded tiny-skia v0.12.0
  Downloaded bzip2-sys v0.1.13+1.0.8
  Downloaded arborium-c-sharp v2.13.0
  Downloaded unindent v0.2.4
  Downloaded unicode-vo v0.1.0
  Downloaded typetag-impl v0.2.21
  Downloaded to_method v1.1.0
  Downloaded titlecase v1.1.0
  Downloaded tap v1.0.1
  Downloaded tantivy-tokenizer-api v0.7.0
  Downloaded bitvec v1.0.1
  Downloaded census v0.4.2
  Downloaded cast v0.3.0
  Downloaded aws-smithy-query v0.60.15
  Downloaded crunchy v0.2.2
  Downloaded bytecount v0.6.9
  Downloaded aws-smithy-xml v0.60.15
  Downloaded aws-smithy-json v0.62.5
  Downloaded nix v0.31.2
  Downloaded libgit2-sys v0.18.3+1.9.2
  Downloaded fastrand v1.9.0
  Downloaded radium v0.7.0
  Downloaded phf_codegen v0.11.3
  Downloaded fax v0.2.6
  Downloaded ucd-trie v0.1.7
  Downloaded objc2-audio-toolbox v0.3.0
  Downloaded fastdivide v0.4.2
  Downloaded enclose v1.1.8
  Downloaded dsl_auto_type v0.2.0
  Downloaded criterion-plot v0.5.0
  Downloaded typetag v0.2.21
  Downloaded tinyvec v1.6.0
  Downloaded tantivy-stacker v0.7.0
  Downloaded noop_proc_macro v0.3.0
  Downloaded onig_sys v69.9.1
  Downloaded rand_core v0.9.3
  Downloaded paste v1.0.14
  Downloaded objc2-quartz-core v0.3.2
  Downloaded candle-nn v0.9.2
  Downloaded axum-extra v0.10.1
  Downloaded url v2.5.4
  Downloaded phf_macros v0.11.3
  Downloaded pharos v0.5.3
  Downloaded unsafe-libyaml v0.2.11
  Downloaded palette_derive v0.7.6
  Downloaded rmcp-macros v1.6.0
  Downloaded criterion v0.5.1
  Downloaded aws-smithy-runtime v1.11.1
  Downloaded sha2 v0.11.0
  Downloaded unicode_categories v0.1.1
  Downloaded arborium-scala v2.13.0
  Downloaded euclid v0.22.13
  Downloaded palette v0.7.6
  Downloaded rquickjs-sys v0.3.1
  Downloaded candle-core v0.9.2
  Downloaded ratatui-widgets v0.3.1
  Downloaded fancy-regex v0.11.0
  Downloaded wezterm-dynamic v0.2.1
  Downloaded wezterm-dynamic-derive v0.1.1
  Downloaded slab v0.4.9
  Downloaded fancy-regex v0.17.0
  Downloaded form_urlencoded v1.2.1
  Downloaded bitflags-serde-legacy v0.1.1
  Downloaded foreign-types-macros v0.2.3
  Downloaded toml_write v0.1.2
  Downloaded thiserror v1.0.63
  Downloaded toml_datetime v0.6.11
  Downloaded concat-idents v1.1.5
  Downloaded block v0.1.6
  Downloaded color-print v0.3.7
  Downloaded codesnake v0.3.0
  Downloaded collection_literals v1.0.1
  Downloaded toml_datetime v0.7.3
  Downloaded opentelemetry_sdk v0.32.1
  Downloaded web-sys v0.3.94
  Downloaded float-cmp v0.9.0
  Downloaded blocking v1.6.2
  Downloaded toml_datetime v1.1.0+spec-1.1.0
  Downloaded tar v0.4.46
  Downloaded match_token v0.35.0
  Downloaded cocoa v0.26.0
  Downloaded new_debug_unreachable v1.0.4
  Downloaded toml_parser v1.1.0+spec-1.1.0
  Downloaded bitstream-io v4.9.0
  Downloaded toml_edit v0.25.6+spec-1.1.0
  Downloaded toml_edit v0.20.2
  Downloaded rust-embed v8.7.2
  Downloaded rust-embed v6.8.1
  Downloaded utf8-ranges v1.0.5
  Downloaded zerofrom v0.1.5
  Downloaded bon-macros v3.7.1
  Downloaded utf16_iter v1.0.5
  Downloaded send_wrapper v0.6.0
  Downloaded compact_str v0.9.0
  Downloaded ptr_meta_derive v0.1.4
  Downloaded prost-reflect-derive v0.16.0
  Downloaded uuid-simd v0.8.0
  Downloaded send_wrapper v0.4.0
  Downloaded nix v0.29.0
  Downloaded typed-path v0.12.2
  Downloaded profiling v1.0.11
  Downloaded seahash v4.1.0
  Downloaded tantivy-common v0.11.0
  Downloaded yoke v0.7.5
  Downloaded percent-encoding v2.3.1
  Downloaded foreign-types v0.5.0
  Downloaded permissions v0.4.1
  Downloaded gemm-f16 v0.19.0
  Downloaded fragile v2.0.0
  Downloaded fax_derive v0.2.0
  Downloaded pico-args v0.5.0
  Downloaded futures-test-sink v0.1.1
  Downloaded semver v1.0.20
  Downloaded tendril v0.4.3
  Downloaded num-cmp v0.1.0
  Downloaded nasm-rs v0.3.2
  Downloaded fs4 v0.13.1
  Downloaded either v1.9.0
  Downloaded gemm-common v0.19.0
  Downloaded num v0.4.3
  Downloaded memmem v0.1.1
  Downloaded roxmltree v0.21.1
  Downloaded fluent-uri v0.1.4
  Downloaded quote-use-macros v0.7.2
  Downloaded saphyr-parser v0.0.6
  Downloaded resvg v0.47.0
  Downloaded float8 v0.6.0
  Downloaded rust-embed-utils v8.7.2
  Downloaded rust-embed-utils v7.8.1
  Downloaded ratatui-macros v0.7.1
  Downloaded bytecheck_derive v0.6.12
  Downloaded bytecheck v0.6.12
  Downloaded ordered-float v3.9.2
  Downloaded counter v0.6.0
  Downloaded opentelemetry-http v0.32.0
  Downloaded onig v6.5.1
  Downloaded bimap v0.6.3
  Downloaded strum v0.28.0
  Downloaded psl v2.1.4
  Downloaded string_cache_codegen v0.5.4
  Downloaded ciborium-io v0.2.2
  Downloaded zerofrom-derive v0.1.5
  Downloaded yeslogic-fontconfig-sys v5.0.0
  Downloaded shell-words v1.1.0
  Downloaded gemm-f32 v0.19.0
  Downloaded byte-unit v5.2.0
  Downloaded built v0.8.0
  Downloaded macro_rules_attribute-proc_macro v0.2.2
  Downloaded grep v0.4.1
  Downloaded malloc_buf v0.0.6
  Downloaded errno v0.3.10
  Downloaded miniz_oxide v0.8.8
  Downloaded pest_meta v2.8.6
  Downloaded cvt v0.1.2
  Downloaded cstr v0.2.11
  Downloaded crypto-common v0.1.6
  Downloaded crc v3.4.0
  Downloaded pathdiff v0.2.1
  Downloaded pastey v0.1.1
  Downloaded ouroboros v0.18.0
  Downloaded raw-window-handle v0.6.2
  Downloaded grep-cli v0.1.12
  Downloaded graphql-ws-client v0.11.1
  Downloaded ctutils v0.4.2
  Downloaded termtree v0.4.1
  Downloaded prost-reflect v0.16.3
  Downloaded ordered-float v4.6.0
  Downloaded ordered-float v5.3.0
  Downloaded pest v2.8.6
  Downloaded usvg v0.47.0
  Downloaded wasm-bindgen-macro-support v0.2.117
  Downloaded simplecss v0.2.1
  Downloaded signal-hook-registry v1.4.1
  Downloaded sketches-ddsketch v0.4.0
  Downloaded coreaudio-rs v0.13.0
  Downloaded simdutf8 v0.1.5
  Downloaded fraction v0.15.3
  Downloaded validator v0.19.0
  Downloaded thousands v0.2.0
  Downloaded unicode-linebreak v0.1.5
  Downloaded strum_macros v0.27.1
  Downloaded clap_complete v4.5.58
  Downloaded rand_pcg v0.10.2
  Downloaded unicode-bidi-mirroring v0.4.0
  Downloaded equator v0.2.2
  Downloaded variant_count v1.1.0
  Downloaded unicode-ccc v0.4.0
  Downloaded unicode-bidi v0.3.15
  Downloaded esaxx-rs v0.1.10
  Downloaded nix v0.26.4
  Downloaded brotli v7.0.0
  Downloaded unicode-truncate v2.0.1
  Downloaded v_frame v0.3.9
  Downloaded rand_core v0.10.1
  Downloaded pulp-wasm-simd-flag v0.1.0
  Downloaded walkdir v2.4.0
  Downloaded getrandom v0.2.16
  Downloaded clap v4.5.48
  Downloaded opentelemetry v0.32.0
  Downloaded signal-hook v0.3.18
  Downloaded email_address v0.2.9
  Downloaded erased-serde v0.4.10
  Downloaded dyn-stack v0.13.0
  Downloaded unicode-general-category v1.1.0
  Downloaded unicode-properties v0.1.3
  Downloaded unicase v2.7.0
  Downloaded exr v1.74.0
  Downloaded chacha20poly1305 v0.10.1
  Downloaded unicode-script v0.5.5
  Downloaded cynic v3.8.0
  Downloaded unicode-width v0.2.1
  Downloaded rubato v0.16.1
  Downloaded base64 v0.13.1
  Downloaded winnow v0.7.12
  Downloaded wasm-bindgen v0.2.117
  Downloaded qrcode v0.14.1
  Downloaded unicode-normalization-alignments v0.1.12
  Downloaded rand_distr v0.5.1
  Downloaded syntect v5.2.0
  Downloaded tiff v0.10.3
  Downloaded zip v2.4.2
  Downloaded base64 v0.21.7
  Downloaded cpal v0.17.1
  Downloaded zerovec v0.10.4
  Downloaded arborium-cpp v2.13.0
  Downloaded petgraph v0.8.3
  Downloaded clap_builder v4.5.48
  Downloaded rmcp v1.6.0
  Downloaded portable-atomic v1.11.1
  Downloaded process-wrap v9.1.0
  Downloaded reqwest v0.13.3
  Downloaded markup5ever_rcdom v0.35.0+unofficial
  Downloaded datasketches v0.2.0
  Downloaded objc2-app-kit v0.3.2
  Downloaded rustix v0.38.44
  Downloaded ratatui-core v0.1.1
  Downloaded tantivy-fst v0.5.0
  Downloaded arborium-objc v2.13.0
  Downloaded bindgen v0.70.1
  Downloaded rustls v0.23.39
  Downloaded rustix v1.1.2
  Downloaded pxfm v0.1.28
  Downloaded arborium-kotlin v2.13.0
  Downloaded memo-map v0.3.2
  Downloaded minimp4 v0.1.2
  Downloaded regex-syntax v0.8.5
  Downloaded pbkdf2 v0.12.2
  Downloaded regex-automata v0.4.9
  Downloaded csv v1.3.1
  Downloaded libsqlite3-sys v0.33.0
  Downloaded objc2-av-foundation v0.3.2
  Downloaded clap_derive v4.5.47
  Downloaded serde_path_to_error v0.1.16
  Downloaded polling v3.11.0
  Downloaded tantivy-bitpacker v0.10.0
  Downloaded tinytemplate v1.2.1
  Downloaded chacha20 v0.10.0
  Downloaded memoffset v0.9.0
  Downloaded data-url v0.3.1
  Downloaded objc2-core-audio-types v0.3.2
  Downloaded terminfo v0.9.0
  Downloaded serde_yaml v0.9.34+deprecated
  Downloaded regex-lite v0.1.6
  Downloaded plotters v0.3.5
  Downloaded termios v0.3.3
  Downloaded cexpr v0.6.0
  Downloaded borrow-or-share v0.2.4
  Downloaded safetensors v0.7.0
  Downloaded bstr v1.9.0
  Downloaded oneshot v0.1.13
  Downloaded objc2-io-surface v0.3.2
  Downloaded memmap2 v0.9.7
  Downloaded tiny-skia-path v0.12.0
  Downloaded write16 v1.0.0
  Downloaded tantivy-columnar v0.7.0
  Downloaded bit_field v0.10.3
  Downloaded wezterm-bidi v0.2.3
  Downloaded tantivy v0.26.0
  Downloaded openh264-sys2 v0.8.1
  Downloaded core_maths v0.1.0
  Downloaded winnow v1.0.0
  Downloaded console v0.15.11
  Downloaded web_atoms v0.1.3
  Downloaded safe_arch v0.7.4
  Downloaded objc2-core-graphics v0.3.2
  Downloaded darling v0.20.8
  Downloaded zune-jpeg v0.4.21
  Downloaded wyz v0.5.1
  Downloaded serial_test v0.8.0
  Downloaded minimp4-sys v0.1.1
  Downloaded migrations_macros v2.3.0
  Downloaded chacha20 v0.9.1
  Downloaded wasm-bindgen-shared v0.2.117
  Downloaded typeid v1.0.3
  Downloaded prettyplease v0.2.37
  Downloaded plotters-svg v0.3.5
  Downloaded piper v0.2.1
  Downloaded convert_case v0.4.0
  Downloaded zstd-sys v2.0.15+zstd.1.5.7
  Downloaded arborium-sql v2.13.0
  Downloaded rav1e v0.8.1
  Downloaded xattr v1.5.1
  Downloaded seq-macro v0.3.6
  Downloaded convert_case v0.7.1
  Downloaded rust_decimal v1.35.0
  Downloaded pin-project-internal v1.1.3
  Downloaded num-complex v0.4.6
  Downloaded markup5ever v0.35.0
  Downloaded downcast-rs v2.0.2
  Downloaded rayon v1.10.0
  Downloaded sha-1 v0.10.1
  Downloaded rayon-cond v0.4.0
  Downloaded toml-span v0.7.1
  Downloaded synstructure v0.13.1
  Downloaded zune-inflate v0.2.54
  Downloaded cpufeatures v0.2.9
  Downloaded xml5ever v0.35.0
  Downloaded x25519-dalek v2.0.1
  Downloaded dasp_sample v0.11.0
  Downloaded dary_heap v0.3.7
  Downloaded deltae v0.3.2
  Downloaded rust-stemmers v1.2.0
  Downloaded aws-lc-sys v0.39.1
 Downloading crates ...
  Downloaded console_error_panic_hook v0.1.7
 Downloading crates ...
  Downloaded embed-resource v3.0.6
 Downloading crates ...
  Downloaded freedesktop-desktop-entry v0.5.0
 Downloading crates ...
  Downloaded gloo v0.11.0
 Downloading crates ...
  Downloaded wgpu v30.0.0
 Downloading crates ...
  Downloaded windows v0.62.2
 Downloading crates ...
  Downloaded windows-registry v0.2.0
 Downloading crates ...
  Downloaded windows-result v0.2.0
 Downloading crates ...
  Downloaded winreg v0.55.0
 Downloading crates ...
  Downloaded x11rb v0.13.2
 Downloading crates ...
  Downloaded zbus v5.9.0
 Downloading crates ...
  Downloaded woothee v0.13.0
warning: output filename collision at /Users/ted/workspace/term4u/target/debug/integration
  |
  = note: the bin target `integration` in package `warp v0.1.0 (/Users/ted/workspace/term4u/app)` has the same output filename as the bin target `integration` in package `integration v0.1.0 (/Users/ted/workspace/term4u/crates/integration)`
  = note: this may become a hard error in the future; see <https://github.com/rust-lang/cargo/issues/6313>
  = help: consider changing their names to be unique or compiling them separately
warning: output filename collision at /Users/ted/workspace/term4u/target/debug/integration.dSYM
  |
  = note: the bin target `integration` in package `warp v0.1.0 (/Users/ted/workspace/term4u/app)` has the same output filename as the bin target `integration` in package `integration v0.1.0 (/Users/ted/workspace/term4u/crates/integration)`
  = note: this may become a hard error in the future; see <https://github.com/rust-lang/cargo/issues/6313>
  = help: consider changing their names to be unique or compiling them separately
   Compiling libc v0.2.186
   Compiling unicode-ident v1.0.12
   Compiling proc-macro2 v1.0.106
   Compiling quote v1.0.45
   Compiling serde_core v1.0.228
   Compiling cfg-if v1.0.4
   Compiling serde v1.0.228
   Compiling shlex v1.3.0
   Compiling find-msvc-tools v0.1.9
   Compiling autocfg v1.1.0
   Compiling memchr v2.7.6
   Compiling version_check v0.9.5
   Compiling once_cell v1.21.3
   Compiling itoa v1.0.18
   Compiling either v1.9.0
   Compiling libm v0.2.15
   Compiling regex-syntax v0.8.5
   Compiling pin-project-lite v0.2.16
   Compiling scopeguard v1.2.0
   Compiling futures-core v0.3.31
   Compiling equivalent v1.0.1
   Compiling smallvec v1.15.1
   Compiling num-traits v0.2.19
   Compiling aho-corasick v1.1.3
   Compiling futures-io v0.3.31
   Compiling anyhow v1.0.79
   Compiling parking_lot_core v0.9.12
   Compiling fnv v1.0.7
   Compiling slab v0.4.9
   Compiling typenum v1.20.0
   Compiling zmij v1.0.21
   Compiling subtle v2.6.1
   Compiling syn v2.0.117
   Compiling jobserver v0.1.32
   Compiling getrandom v0.2.16
   Compiling signal-hook-registry v1.4.1
   Compiling cc v1.2.56
   Compiling rand_core v0.6.4
   Compiling errno v0.3.10
   Compiling ppv-lite86 v0.2.17
   Compiling fastrand v2.3.0
   Compiling generic-array v0.14.7
   Compiling futures-sink v0.3.31
   Compiling crossbeam-utils v0.8.21
   Compiling serde_json v1.0.150
   Compiling allocator-api2 v0.2.16
   Compiling pin-utils v0.1.0
   Compiling core-foundation-sys v0.8.7 (https://github.com/servo/core-foundation-rs?rev=6f844cf1a1a18e25b70fcdf1bcdc458555bd2eff#6f844cf1)
   Compiling foldhash v0.2.0
   Compiling lazy_static v1.5.0
   Compiling itertools v0.11.0
   Compiling ryu v1.0.23
   Compiling futures-channel v0.3.31
   Compiling getrandom v0.3.4
   Compiling log v0.4.29
   Compiling bitflags v2.13.0
   Compiling mio v1.1.1
   Compiling futures-task v0.3.31
   Compiling ident_case v1.0.1
   Compiling socket2 v0.6.0
   Compiling syn v1.0.109
   Compiling stable_deref_trait v1.2.0
   Compiling regex-automata v0.4.9
   Compiling tracing-core v0.1.36
   Compiling cpufeatures v0.2.9
   Compiling const-oid v0.9.6
   Compiling thiserror v2.0.17
   Compiling hashbrown v0.16.0
   Compiling rand_chacha v0.3.1
   Compiling thiserror v1.0.63
   Compiling base64 v0.22.1
   Compiling heck v0.4.1
   Compiling percent-encoding v2.3.1
   Compiling dunce v1.0.5
   Compiling parking v2.2.0
   Compiling indexmap v2.12.0
   Compiling byteorder v1.5.0
   Compiling concurrent-queue v2.5.0
   Compiling atomic-waker v1.1.2
   Compiling strsim v0.11.1
   Compiling heck v0.5.0
   Compiling cmake v0.1.58
   Compiling proc-macro-error-attr v1.0.4
   Compiling fs_extra v1.3.0
   Compiling prettyplease v0.2.37
   Compiling proc-macro-error v1.0.4
   Compiling aws-lc-sys v0.39.1
   Compiling httparse v1.10.1
   Compiling core-foundation v0.10.1 (https://github.com/servo/core-foundation-rs?rev=6f844cf1a1a18e25b70fcdf1bcdc458555bd2eff#6f844cf1)
   Compiling aws-lc-rs v1.16.2
   Compiling synstructure v0.13.1
   Compiling crc32fast v1.5.0
   Compiling futures-lite v2.6.1
   Compiling itertools v0.14.0
   Compiling system-configuration-sys v0.6.0
   Compiling tower-service v0.3.3
   Compiling event-listener v5.4.0
   Compiling form_urlencoded v1.2.1
   Compiling core-foundation v0.9.4
   Compiling try-lock v0.2.4
   Compiling httpdate v1.0.3
   Compiling want v0.3.1
   Compiling regex v1.11.1
   Compiling event-listener-strategy v0.5.2
   Compiling rustix v1.1.2
   Compiling simd-adler32 v0.3.7
   Compiling rustls v0.23.39
   Compiling untrusted v0.9.0
   Compiling system-configuration v0.6.1
   Compiling serde_derive v1.0.228
   Compiling zeroize_derive v1.4.3
   Compiling futures-macro v0.3.31
   Compiling tokio-macros v2.6.1
   Compiling tracing-attributes v0.1.31
   Compiling thiserror-impl v2.0.17
   Compiling zeroize v1.8.2
   Compiling thiserror-impl v1.0.63
   Compiling zerofrom-derive v0.1.5
   Compiling futures-util v0.3.31
   Compiling crypto-common v0.1.6
   Compiling block-buffer v0.10.4
   Compiling tracing v0.1.44
   Compiling digest v0.10.7
   Compiling bytemuck_derive v1.10.2
   Compiling rustls-pki-types v1.12.0
   Compiling yoke-derive v0.7.5
   Compiling displaydoc v0.2.5
   Compiling zerovec-derive v0.10.3
   Compiling zerofrom v0.1.5
   Compiling ahash v0.7.8
   Compiling ipnet v2.11.0
   Compiling powerfmt v0.2.0
   Compiling time-core v0.1.8
   Compiling num-conv v0.2.0
   Compiling time-macros v0.2.27
   Compiling deranged v0.5.5
   Compiling num_threads v0.1.7
   Compiling async-io v2.6.0
   Compiling bytemuck v1.24.0
   Compiling yoke v0.7.5
   Compiling adler2 v2.0.0
   Compiling static_assertions v1.1.0
   Compiling rustversion v1.0.14
   Compiling zerovec v0.10.4
   Compiling miniz_oxide v0.8.8
   Compiling security-framework-sys v2.15.0
   Compiling bytes v1.11.1
   Compiling lock_api v0.4.14
   Compiling sync_wrapper v1.0.1
   Compiling tower-layer v0.3.3
   Compiling parking_lot v0.12.5
   Compiling strsim v0.10.0
   Compiling litemap v0.7.4
   Compiling tokio v1.50.0
   Compiling http v1.4.0
   Compiling tinystr v0.7.6
   Compiling time v0.3.47
   Compiling writeable v0.5.5
   Compiling darling_core v0.20.8
   Compiling icu_locid v1.5.0
   Compiling http-body v1.0.1
   Compiling http-body-util v0.1.3
   Compiling hashbrown v0.12.3
   Compiling icu_provider_macros v1.5.0
   Compiling security-framework v3.5.1
   Compiling num_cpus v1.16.0
   Compiling unicase v2.7.0
   Compiling icu_locid_transform_data v1.5.0
   Compiling same-file v1.0.6
   Compiling icu_collections v1.5.0
   Compiling walkdir v2.4.0
   Compiling icu_provider v1.5.0
   Compiling flate2 v1.1.9
   Compiling ptr_meta_derive v0.1.4
   Compiling icu_locid_transform v1.5.0
   Compiling rand v0.8.6
   Compiling mime v0.3.17
   Compiling beef v0.5.2
   Compiling ref-cast v1.0.23
   Compiling icu_properties_data v1.5.0
   Compiling bytecheck v0.6.12
   Compiling semver v1.0.20
   Compiling logos-codegen v0.14.1
   Compiling darling_macro v0.20.8
   Compiling ptr_meta v0.1.4
   Compiling icu_properties v1.5.1
   Compiling bytecheck_derive v0.6.12
   Compiling ref-cast-impl v1.0.23
   Compiling darling v0.20.8
   Compiling icu_normalizer_data v1.5.0
   Compiling simdutf8 v0.1.5
   Compiling utf16_iter v1.0.5
   Compiling rend v0.4.2
   Compiling write16 v1.0.0
   Compiling utf8_iter v1.0.4
   Compiling mime_guess v2.0.4
   Compiling memoffset v0.9.0
   Compiling rkyv v0.7.46
   Compiling sha1_smol v1.0.1
   Compiling utf-8 v0.7.6
   Compiling rustc_version v0.4.0
   Compiling uuid v1.19.0
   Compiling rustls-native-certs v0.8.2
   Compiling futures-executor v0.3.31
   Compiling ouroboros_macro v0.18.0
   Compiling rkyv_derive v0.7.46
   Compiling logos-derive v0.14.1
   Compiling crossbeam-epoch v0.9.15
   Compiling seahash v4.1.0
   Compiling cfg_aliases v0.2.1
   Compiling aliasable v0.1.3
   Compiling inventory v0.3.20
   Compiling icu_normalizer v1.5.0
   Compiling lalrpop-util v0.20.2
   Compiling minimal-lexical v0.2.1
   Compiling logos v0.14.1
   Compiling tokio-util v0.7.18
   Compiling tower v0.5.2
   Compiling nom v7.1.3
   Compiling cynic-parser v0.4.5
   Compiling idna_adapter v1.2.0
   Compiling h2 v0.4.15
   Compiling idna v1.0.3
   Compiling ouroboros v0.18.0
   Compiling counter v0.5.7
   Compiling pin-project-internal v1.1.3
   Compiling alloc-no-stdlib v2.0.4
   Compiling alloc-stdlib v0.2.2
   Compiling crossbeam-deque v0.8.3
   Compiling url v2.5.4
   Compiling iana-time-zone v0.1.64
   Compiling rayon-core v1.12.1
   Compiling unicode-segmentation v1.11.0
   Compiling siphasher v1.0.1
   Compiling chrono v0.4.40
   Compiling brotli-decompressor v4.0.2
   Compiling pin-project v1.1.3
   Compiling futures v0.3.31
   Compiling serde_urlencoded v0.7.1
   Compiling async-lock v3.4.0
   Compiling brotli v7.0.0
   Compiling encoding_rs v0.8.35
   Compiling rayon v1.10.0
   Compiling sha1 v0.10.6
   Compiling async-channel v2.3.1
   Compiling waker-fn v1.1.1
   Compiling async-task v4.7.1
   Compiling iri-string v0.7.8
   Compiling fastrand v1.9.0
   Compiling cynic-codegen v3.8.0
   Compiling http-range-header v0.4.0
   Compiling futures-lite v1.13.0
   Compiling hyper v1.8.1
   Compiling phf_shared v0.11.3
   Compiling polling v3.11.0
   Compiling piper v0.2.1
   Compiling data-encoding v2.10.0
   Compiling blocking v1.6.2
   Compiling indexmap v1.9.3
   Compiling hex v0.4.3
   Compiling futures-timer v3.0.2
   Compiling async-compression v0.4.22
   Compiling hyper-util v0.1.16
   Compiling phf_generator v0.11.3
   Compiling darling_core v0.23.0
   Compiling glob v0.3.1
   Compiling async-net v2.0.0
   Compiling tower-http v0.6.8
   Compiling convert_case v0.7.1
   Compiling clang-sys v1.8.1
   Compiling memmap2 v0.9.7
   Compiling unicode-width v0.2.1
   Compiling new_debug_unreachable v1.0.4
   Compiling phf_codegen v0.11.3
   Compiling string_cache_codegen v0.5.4
   Compiling linked-hash-map v0.5.6
   Compiling dyn-clone v1.0.20
   Compiling arrayvec v0.7.6
   Compiling yaml-rust v0.4.5 (https://github.com/warpdotdev/yaml-rust.git?rev=51684719d0102ca85ff4b21cec39877a0c669e19#51684719)
   Compiling mac v0.1.1
   Compiling option-ext v0.2.0
   Compiling precomputed-hash v0.1.1
   Compiling string_cache v0.8.9
   Compiling dirs-sys v0.5.0
   Compiling web_atoms v0.1.3
   Compiling futf v0.1.5
   Compiling phf v0.11.3
   Compiling libloading v0.8.9
   Compiling rustc-hash v1.1.0
   Compiling tendril v0.4.3
   Compiling cexpr v0.6.0
   Compiling derive-where v1.2.7
   Compiling ahash v0.8.11
   Compiling typed-path v0.10.0
   Compiling signal-hook v0.3.18
   Compiling rustix v0.38.44
   Compiling dirs v6.0.0
   Compiling darling_macro v0.23.0
   Compiling async-signal v0.2.13
   Compiling markup5ever v0.35.0
   Compiling quote-use-macros v0.7.2
   Compiling castaway v0.2.4
   Compiling darling v0.23.0
   Compiling cynic-proc-macros v3.8.0
   Compiling enum-iterator-derive v1.2.1
   Compiling zerocopy v0.7.32
   Compiling compact_str v0.9.0
   Compiling async-process v2.5.0
   Compiling cynic v3.8.0
   Compiling quote-use v0.7.2
   Compiling derive_more-impl v2.0.1
   Compiling proc-macro-utils v0.8.0
   Compiling match_token v0.35.0
   Compiling enum-iterator v1.4.1
   Compiling strum_macros v0.28.0
   Compiling foreign-types-macros v0.2.3
   Compiling serde_derive_internals v0.29.1
   Compiling hashbrown v0.17.1
   Compiling content_inspector v0.2.4
   Compiling foreign-types-shared v0.3.1
   Compiling interpolator v0.5.0
   Compiling objc2 v0.6.3
   Compiling bindgen v0.69.5
   Compiling pathdiff v0.2.1
   Compiling collection_literals v1.0.1
   Compiling instability v0.3.12
   Compiling litrs v1.0.0
   Compiling is_executable v1.0.1
   Compiling indoc v2.0.7
   Compiling home v0.5.12
   Compiling attribute-derive-macro v0.6.1
   Compiling which v4.4.2
   Compiling lru v0.18.0
   Compiling foreign-types v0.5.0
   Compiling schemars_derive v1.0.4
   Compiling derive_more v2.0.1
   Compiling html5ever v0.35.0
   Compiling signal-hook-mio v0.2.5
   Compiling xml5ever v0.35.0
   Compiling unicode-truncate v2.0.1
   Compiling pathfinder_simd v0.5.4 (https://github.com/warpdotdev/pathfinder.git?rev=34128a129ca6aee168fbc5060a4f21b4f7e486a9#34128a12)
   Compiling document-features v0.2.12
   Compiling tempfile v3.23.0
   Compiling kasuari v0.4.11
   Compiling strum v0.28.0
   Compiling float-cmp v0.9.0
   Compiling core_maths v0.1.0
   Compiling slotmap v1.0.6
   Compiling critical-section v1.2.0
   Compiling lazycell v1.3.0
   Compiling objc2-encode v4.1.0
   Compiling ratatui-core v0.1.1
   Compiling attribute-derive v0.6.1
   Compiling markup5ever_rcdom v0.35.0+unofficial
   Compiling strict-num v0.1.1
   Compiling ttf-parser v0.25.1
   Compiling crossterm v0.29.0
   Compiling serde_yaml v0.8.26
   Compiling fdeflate v0.3.7
   Compiling schemars v1.0.4
   Compiling nasm-rs v0.3.2
   Compiling arrayref v0.3.9
   Compiling tinyvec_macros v0.1.1
   Compiling convert_case v0.4.0
   Compiling tinyvec v1.6.0
   Compiling tiny-skia-path v0.12.0
   Compiling openh264-sys2 v0.8.1
   Compiling png v0.18.1
   Compiling get-size-derive v0.1.3
   Compiling kurbo v0.13.0
   Compiling settings_value_derive v0.0.0 (/Users/ted/workspace/term4u/crates/settings_value_derive)
   Compiling nix v0.30.1
   Compiling core-graphics-types v0.2.0 (https://github.com/servo/core-foundation-rs?rev=6f844cf1a1a18e25b70fcdf1bcdc458555bd2eff#6f844cf1)
   Compiling line-clipping v0.3.7
   Compiling instant v0.1.12
   Compiling quick-error v2.0.1
   Compiling weezl v0.1.12
   Compiling unicode-ccc v0.4.0
   Compiling unicode-bidi-mirroring v0.4.0
   Compiling heapless v0.8.0
   Compiling unicode-script v0.5.5
   Compiling color_quant v1.1.0
   Compiling byteorder-lite v0.1.0
   Compiling zune-core v0.5.1
   Compiling unicode-properties v0.1.3
   Compiling svgtypes v0.16.1
   Compiling rustybuzz v0.20.1
   Compiling image-webp v0.2.4
   Compiling zune-jpeg v0.5.12
   Compiling gif v0.14.1
   Compiling ratatui-widgets v0.3.1
   Compiling core-graphics v0.25.0 (https://github.com/servo/core-foundation-rs?rev=6f844cf1a1a18e25b70fcdf1bcdc458555bd2eff#6f844cf1)
   Compiling fontdb v0.23.0
   Compiling get-size v0.1.4
   Compiling block2 v0.6.2
   Compiling markdown_parser v0.1.0 (/Users/ted/workspace/term4u/crates/markdown_parser)
   Compiling hashbrown v0.14.1
   Compiling safe_arch v0.7.4
   Compiling hash32 v0.3.1
   Compiling simplecss v0.2.1
   Compiling dirs-sys-next v0.1.2
   Compiling roxmltree v0.21.1
   Compiling data-url v0.3.1
   Compiling font-kit v0.12.0 (https://github.com/warpdotdev/font-kit?rev=a04b225ecb639bb850f21d05212cfdc7465000f3#a04b225e)
   Compiling pico-args v0.5.0
   Compiling imagesize v0.14.0
   Compiling unicode-vo v0.1.0
   Compiling minimp4-sys v0.1.1
   Compiling pxfm v0.1.28
   Compiling unicode-bidi v0.3.15
   Compiling xmlwriter v0.1.0
   Compiling dirs-next v2.0.0
   Compiling dashmap v6.1.0
   Compiling ratatui-macros v0.7.1
   Compiling usvg v0.47.0
   Compiling wide v0.7.33
   Compiling dispatch2 v0.3.0
   Compiling core-text v21.1.0 (https://github.com/servo/core-foundation-rs?rev=6f844cf1a1a18e25b70fcdf1bcdc458555bd2eff#6f844cf1)
   Compiling settings_value v0.1.0 (/Users/ted/workspace/term4u/crates/settings_value)
   Compiling tiny-skia v0.12.0
   Compiling pathfinder_geometry v0.5.1
   Compiling ratatui-crossterm v0.1.1
   Compiling warpui_core v0.1.0 (/Users/ted/workspace/term4u/crates/warpui_core)
   Compiling moxcms v0.7.11
   Compiling cfb v0.7.3
   Compiling rgb v0.8.50
   Compiling sha2 v0.10.9
   Compiling rustc-hash v2.1.1
   Compiling float-ord v0.3.2
   Compiling similar v2.7.0
   Compiling infer v0.19.0
   Compiling resvg v0.47.0
   Compiling minimp4 v0.1.2
   Compiling ctrlc v3.4.7
   Compiling ratatui v0.30.1
   Compiling objc2-core-foundation v0.3.2
   Compiling rstar v0.12.2
   Compiling string-offset v0.0.0 (/Users/ted/workspace/term4u/crates/string-offset)
   Compiling pathfinder_color v0.5.0
   Compiling derive_more v0.99.17
   Compiling async-fs v2.1.2
   Compiling async-executor v1.13.1
   Compiling titlecase v1.1.0
   Compiling strum_macros v0.27.1
   Compiling ordered-float v3.9.2
   Compiling vec1 v1.10.1
   Compiling derivative v2.2.0
   Compiling trait-set v0.3.0
   Compiling num-derive v0.4.2
   Compiling async-broadcast v0.7.2
   Compiling strum v0.27.1
   Compiling rangemap v1.4.0
   Compiling raw-window-handle v0.6.2
   Compiling bounded-vec-deque v0.1.1
   Compiling rand_core v0.9.3
   Compiling bitflags v1.3.2
   Compiling rand_chacha v0.9.0
   Compiling objc2-foundation v0.3.2
   Compiling winnow v1.0.0
   Compiling rand v0.9.4
   Compiling bstr v1.9.0
   Compiling serde_with_macros v3.21.0
   Compiling concat-idents v1.1.5
   Compiling itertools v0.10.5
   Compiling image v0.25.9
   Compiling toml_parser v1.1.0+spec-1.1.0
   Compiling toml_writer v1.1.0+spec-1.1.0
   Compiling toml_datetime v1.1.0+spec-1.1.0
   Compiling security-framework v2.9.2
   Compiling toml_edit v0.25.6+spec-1.1.0
   Compiling serde_with v3.21.0
   Compiling warp_features v0.0.0 (/Users/ted/workspace/term4u/crates/warp_features)
   Compiling getset v0.1.2
   Compiling objc2-io-kit v0.3.1
   Compiling assert-json-diff v2.0.2
   Compiling warp_core v0.0.0 (/Users/ted/workspace/term4u/crates/warp_core)
   Compiling version-compare v0.1.1
   Compiling difflib v0.4.0
   Compiling colored v3.0.0
   Compiling sysinfo v0.37.0
   Compiling command-corrections v0.0.0 (https://github.com/warpdotdev/command-corrections.git?rev=eae08c8c51d9bc9741fcb17eef2c21f696aebbeb#eae08c8c)
   Compiling mockito v1.7.1
   Compiling shellexpand v3.1.1
   Compiling directories v6.0.0
   Compiling foldhash v0.1.5
   Compiling line-ending v1.5.1
   Compiling hashbrown v0.15.2
   Compiling globset v0.4.18
   Compiling pkg-config v0.3.32
   Compiling anstyle v1.0.13
   Compiling utf8parse v0.2.2
   Compiling colorchoice v1.0.0
   Compiling is_terminal_polyfill v1.70.2
   Compiling anstyle-query v1.1.5
   Compiling anstyle-parse v0.2.3
   Compiling async-compat v0.2.5
   Compiling anstream v0.6.21
   Compiling prost-derive v0.14.3
   Compiling clap_lex v0.7.5
   Compiling clap_builder v4.5.48
   Compiling clap_derive v4.5.47
   Compiling prost v0.14.3
   Compiling fixedbitset v0.5.7
   Compiling rust-embed-utils v8.7.2
   Compiling humantime v2.1.0
   Compiling clap v4.5.48
   Compiling prost-types v0.14.3
   Compiling num-integer v0.1.46
   Compiling rust-embed-impl v8.7.2
   Compiling petgraph v0.8.3
   Compiling multimap v0.10.1
   Compiling tree-sitter-language v0.1.2
   Compiling async-trait v0.1.89
   Compiling thread_local v1.1.7
   Compiling rust-embed v8.7.2
   Compiling rand_distr v0.5.1
   Compiling termcolor v1.4.1
   Compiling hmac v0.12.1
   Compiling inout v0.1.4
   Compiling half v2.6.0
   Compiling cipher v0.4.4
   Compiling serde_path_to_error v0.1.16
   Compiling bindgen v0.70.1
   Compiling vcpkg v0.2.15
   Compiling aes v0.8.4
   Compiling prost-build v0.14.3
   Compiling matchers v0.2.0
   Compiling core-graphics-types v0.2.0
   Compiling darling_core v0.21.3
   Compiling tracing-log v0.2.0
   Compiling sharded-slab v0.1.7
   Compiling malloc_buf v0.0.6
   Compiling itertools v0.13.0
   Compiling nu-ansi-term v0.50.3
   Compiling objc v0.2.7 (https://github.com/warpdotdev/rust-objc.git?rev=5b656827fa9f863ef0eb22e444a3fedac009e78a#5b656827)
   Compiling tracing-subscriber v0.3.23
   Compiling opentelemetry v0.32.0
   Compiling block v0.1.6
   Compiling cocoa-foundation v0.2.1
   Compiling core-graphics v0.24.0
   Compiling is-terminal v0.4.17
   Compiling cocoa v0.26.0
   Compiling prevent_sleep v0.0.0 (/Users/ted/workspace/term4u/crates/prevent_sleep)
   Compiling takecell v0.1.1
   Compiling unicode-width v0.1.14
   Compiling dispatch v0.2.0
   Compiling env_logger v0.10.2
   Compiling prost-reflect-derive v0.16.0
   Compiling darling_macro v0.21.3
   Compiling ciborium-io v0.2.2
   Compiling ciborium-ll v0.2.2
   Compiling prost-reflect v0.16.3
   Compiling oauth2 v5.0.0
   Compiling darling v0.21.3
   Compiling num-bigint v0.4.6
   Compiling eventsource-stream v0.2.3
   Compiling async-stream-impl v0.3.5
   Compiling objc2-metal v0.3.2
   Compiling objc2-av-foundation v0.3.2
   Compiling toml_datetime v0.7.3
   Compiling serde_spanned v1.0.3
   Compiling memoffset v0.7.1
   Compiling urlencoding v2.1.3
   Compiling downcast-rs v2.0.2
   Compiling async-stream v0.3.5
   Compiling tracing-opentelemetry v0.33.0
   Compiling libsqlite3-sys v0.33.0
   Compiling winnow v0.7.12
   Compiling objc2-core-graphics v0.3.2
   Compiling objc2-quartz-core v0.3.2
   Compiling warpui v0.0.0 (/Users/ted/workspace/term4u/crates/warpui)
   Compiling diesel_derives v2.3.5
   Compiling typed-arena v2.0.2
   Compiling xmlparser v0.13.6
   Compiling jaq-core v3.0.0
   Compiling objc2-app-kit v0.3.2
   Compiling nix v0.26.4
   Compiling toml v0.9.6
   Compiling prost-reflect-build v0.16.0
   Compiling dsl_auto_type v0.2.0
   Compiling diesel_table_macro_syntax v0.3.0
   Compiling utf8-width v0.1.7
   Compiling regex-bites v0.1.6
   Compiling base16ct v0.2.0
   Compiling jiff v0.2.24
   Compiling warp_multi_agent_api v0.0.0 (https://github.com/warpdotdev/warp-proto-apis.git?rev=0ca49ce589580a211e4bdf84c1b1721424fabdc8#0ca49ce5)
error: failed to run custom build command for `warpui v0.0.0 (/Users/ted/workspace/term4u/crates/warpui)`

Caused by:
  process didn't exit successfully: `/Users/ted/workspace/term4u/target/debug/build/warpui-c7202f98d355ae45/build-script-build` (exit status: 101)
  --- stdout
  cargo:rustc-check-cfg=cfg(macos)
  cargo:rustc-cfg=macos
  cargo:rustc-check-cfg=cfg(winit)
  cargo:rustc-check-cfg=cfg(wgpu)
  cargo:rustc-check-cfg=cfg(native)
  cargo:rustc-cfg=native
  cargo:rerun-if-changed=src/platform/mac/rendering/metal/shaders/shader_types.h
  cargo:rerun-if-env-changed=TARGET
  cargo:rerun-if-env-changed=BINDGEN_EXTRA_CLANG_ARGS_aarch64-apple-darwin
  cargo:rerun-if-env-changed=BINDGEN_EXTRA_CLANG_ARGS_aarch64_apple_darwin
  cargo:rerun-if-env-changed=BINDGEN_EXTRA_CLANG_ARGS
  cargo:rerun-if-changed=src/platform/mac/rendering/metal/shaders/shader_types.h
  cargo:rerun-if-changed=/Library/Developer/CommandLineTools/SDKs/MacOSX.sdk/usr/include/simd/simd.h
  cargo:rerun-if-changed=/Library/Developer/CommandLineTools/SDKs/MacOSX.sdk/usr/include/simd/vector.h
  cargo:rerun-if-changed=/Library/Developer/CommandLineTools/SDKs/MacOSX.sdk/usr/include/simd/vector_types.h
  cargo:rerun-if-changed=/Library/Developer/CommandLineTools/SDKs/MacOSX.sdk/usr/include/simd/base.h
  cargo:rerun-if-changed=/Library/Developer/CommandLineTools/SDKs/MacOSX.sdk/usr/include/Availability.h
  cargo:rerun-if-changed=/Library/Developer/CommandLineTools/SDKs/MacOSX.sdk/usr/include/AvailabilityVersions.h
  cargo:rerun-if-changed=/Library/Developer/CommandLineTools/SDKs/MacOSX.sdk/usr/include/AvailabilityInternal.h
  cargo:rerun-if-changed=/Library/Developer/CommandLineTools/usr/lib/clang/14.0.3/include/arm_neon.h
  cargo:rerun-if-changed=/Library/Developer/CommandLineTools/usr/lib/clang/14.0.3/include/stdint.h
  cargo:rerun-if-changed=/Library/Developer/CommandLineTools/SDKs/MacOSX.sdk/usr/include/stdint.h
  cargo:rerun-if-changed=/Library/Developer/CommandLineTools/SDKs/MacOSX.sdk/usr/include/sys/_types/_int8_t.h
  cargo:rerun-if-changed=/Library/Developer/CommandLineTools/SDKs/MacOSX.sdk/usr/include/sys/_types/_int16_t.h
  cargo:rerun-if-changed=/Library/Developer/CommandLineTools/SDKs/MacOSX.sdk/usr/include/sys/_types/_int32_t.h
  cargo:rerun-if-changed=/Library/Developer/CommandLineTools/SDKs/MacOSX.sdk/usr/include/sys/_types/_int64_t.h
  cargo:rerun-if-changed=/Library/Developer/CommandLineTools/SDKs/MacOSX.sdk/usr/include/_types/_uint8_t.h
  cargo:rerun-if-changed=/Library/Developer/CommandLineTools/SDKs/MacOSX.sdk/usr/include/_types/_uint16_t.h
  cargo:rerun-if-changed=/Library/Developer/CommandLineTools/SDKs/MacOSX.sdk/usr/include/_types/_uint32_t.h
  cargo:rerun-if-changed=/Library/Developer/CommandLineTools/SDKs/MacOSX.sdk/usr/include/_types/_uint64_t.h
  cargo:rerun-if-changed=/Library/Developer/CommandLineTools/SDKs/MacOSX.sdk/usr/include/sys/_types.h
  cargo:rerun-if-changed=/Library/Developer/CommandLineTools/SDKs/MacOSX.sdk/usr/include/sys/cdefs.h
  cargo:rerun-if-changed=/Library/Developer/CommandLineTools/SDKs/MacOSX.sdk/usr/include/sys/_symbol_aliasing.h
  cargo:rerun-if-changed=/Library/Developer/CommandLineTools/SDKs/MacOSX.sdk/usr/include/sys/_posix_availability.h
  cargo:rerun-if-changed=/Library/Developer/CommandLineTools/SDKs/MacOSX.sdk/usr/include/machine/_types.h
  cargo:rerun-if-changed=/Library/Developer/CommandLineTools/SDKs/MacOSX.sdk/usr/include/arm/_types.h
  cargo:rerun-if-changed=/Library/Developer/CommandLineTools/SDKs/MacOSX.sdk/usr/include/sys/_pthread/_pthread_types.h
  cargo:rerun-if-changed=/Library/Developer/CommandLineTools/SDKs/MacOSX.sdk/usr/include/sys/cdefs.h
  cargo:rerun-if-changed=/Library/Developer/CommandLineTools/SDKs/MacOSX.sdk/usr/include/sys/_types/_intptr_t.h
  cargo:rerun-if-changed=/Library/Developer/CommandLineTools/SDKs/MacOSX.sdk/usr/include/machine/types.h
  cargo:rerun-if-changed=/Library/Developer/CommandLineTools/SDKs/MacOSX.sdk/usr/include/arm/types.h
  cargo:rerun-if-changed=/Library/Developer/CommandLineTools/SDKs/MacOSX.sdk/usr/include/arm/_types.h
  cargo:rerun-if-changed=/Library/Developer/CommandLineTools/SDKs/MacOSX.sdk/usr/include/sys/cdefs.h
  cargo:rerun-if-changed=/Library/Developer/CommandLineTools/SDKs/MacOSX.sdk/usr/include/sys/_types/_int8_t.h
  cargo:rerun-if-changed=/Library/Developer/CommandLineTools/SDKs/MacOSX.sdk/usr/include/sys/_types/_int16_t.h
  cargo:rerun-if-changed=/Library/Developer/CommandLineTools/SDKs/MacOSX.sdk/usr/include/sys/_types/_int32_t.h
  cargo:rerun-if-changed=/Library/Developer/CommandLineTools/SDKs/MacOSX.sdk/usr/include/sys/_types/_int64_t.h
  cargo:rerun-if-changed=/Library/Developer/CommandLineTools/SDKs/MacOSX.sdk/usr/include/sys/_types/_u_int8_t.h
  cargo:rerun-if-changed=/Library/Developer/CommandLineTools/SDKs/MacOSX.sdk/usr/include/sys/_types/_u_int16_t.h
  cargo:rerun-if-changed=/Library/Developer/CommandLineTools/SDKs/MacOSX.sdk/usr/include/sys/_types/_u_int32_t.h
  cargo:rerun-if-changed=/Library/Developer/CommandLineTools/SDKs/MacOSX.sdk/usr/include/sys/_types/_u_int64_t.h
  cargo:rerun-if-changed=/Library/Developer/CommandLineTools/SDKs/MacOSX.sdk/usr/include/sys/_types/_intptr_t.h
  cargo:rerun-if-changed=/Library/Developer/CommandLineTools/SDKs/MacOSX.sdk/usr/include/sys/_types/_uintptr_t.h
  cargo:rerun-if-changed=/Library/Developer/CommandLineTools/SDKs/MacOSX.sdk/usr/include/sys/_types/_uintptr_t.h
  cargo:rerun-if-changed=/Library/Developer/CommandLineTools/SDKs/MacOSX.sdk/usr/include/_types/_intmax_t.h
  cargo:rerun-if-changed=/Library/Developer/CommandLineTools/SDKs/MacOSX.sdk/usr/include/_types/_uintmax_t.h
  cargo:rerun-if-changed=/Library/Developer/CommandLineTools/SDKs/MacOSX.sdk/usr/include/simd/packed.h
  cargo:rerun-if-changed=/Library/Developer/CommandLineTools/SDKs/MacOSX.sdk/usr/include/simd/vector_types.h
  cargo:rerun-if-changed=/Library/Developer/CommandLineTools/SDKs/MacOSX.sdk/usr/include/simd/vector_make.h
  cargo:rerun-if-changed=/Library/Developer/CommandLineTools/SDKs/MacOSX.sdk/usr/include/simd/vector_types.h
  cargo:rerun-if-changed=/Library/Developer/CommandLineTools/SDKs/MacOSX.sdk/usr/include/simd/logic.h
  cargo:rerun-if-changed=/Library/Developer/CommandLineTools/SDKs/MacOSX.sdk/usr/include/simd/base.h
  cargo:rerun-if-changed=/Library/Developer/CommandLineTools/SDKs/MacOSX.sdk/usr/include/simd/vector_make.h
  cargo:rerun-if-changed=/Library/Developer/CommandLineTools/usr/lib/clang/14.0.3/include/stdint.h
  cargo:rerun-if-changed=/Library/Developer/CommandLineTools/SDKs/MacOSX.sdk/usr/include/simd/math.h
  cargo:rerun-if-changed=/Library/Developer/CommandLineTools/SDKs/MacOSX.sdk/usr/include/simd/base.h
  cargo:rerun-if-changed=/Library/Developer/CommandLineTools/SDKs/MacOSX.sdk/usr/include/simd/vector_make.h
  cargo:rerun-if-changed=/Library/Developer/CommandLineTools/SDKs/MacOSX.sdk/usr/include/simd/logic.h
  cargo:rerun-if-changed=/Library/Developer/CommandLineTools/usr/lib/clang/14.0.3/include/tgmath.h
  cargo:rerun-if-changed=/Library/Developer/CommandLineTools/SDKs/MacOSX.sdk/usr/include/math.h
  cargo:rerun-if-changed=/Library/Developer/CommandLineTools/SDKs/MacOSX.sdk/usr/include/sys/cdefs.h
  cargo:rerun-if-changed=/Library/Developer/CommandLineTools/SDKs/MacOSX.sdk/usr/include/Availability.h
  cargo:rerun-if-changed=/Library/Developer/CommandLineTools/SDKs/MacOSX.sdk/usr/include/tgmath.h
  cargo:rerun-if-changed=/Library/Developer/CommandLineTools/SDKs/MacOSX.sdk/usr/include/math.h
  cargo:rerun-if-changed=/Library/Developer/CommandLineTools/SDKs/MacOSX.sdk/usr/include/complex.h
  cargo:rerun-if-changed=/Library/Developer/CommandLineTools/SDKs/MacOSX.sdk/usr/include/sys/cdefs.h
  cargo:rerun-if-changed=/Library/Developer/CommandLineTools/SDKs/MacOSX.sdk/usr/include/simd/common.h
  cargo:rerun-if-changed=/Library/Developer/CommandLineTools/SDKs/MacOSX.sdk/usr/include/simd/base.h
  cargo:rerun-if-changed=/Library/Developer/CommandLineTools/SDKs/MacOSX.sdk/usr/include/simd/vector_make.h
  cargo:rerun-if-changed=/Library/Developer/CommandLineTools/SDKs/MacOSX.sdk/usr/include/simd/logic.h
  cargo:rerun-if-changed=/Library/Developer/CommandLineTools/SDKs/MacOSX.sdk/usr/include/simd/math.h
  cargo:rerun-if-changed=/Library/Developer/CommandLineTools/SDKs/MacOSX.sdk/usr/include/simd/geometry.h
  cargo:rerun-if-changed=/Library/Developer/CommandLineTools/SDKs/MacOSX.sdk/usr/include/simd/base.h
  cargo:rerun-if-changed=/Library/Developer/CommandLineTools/SDKs/MacOSX.sdk/usr/include/simd/vector_types.h
  cargo:rerun-if-changed=/Library/Developer/CommandLineTools/SDKs/MacOSX.sdk/usr/include/simd/common.h
  cargo:rerun-if-changed=/Library/Developer/CommandLineTools/SDKs/MacOSX.sdk/usr/include/simd/extern.h
  cargo:rerun-if-changed=/Library/Developer/CommandLineTools/SDKs/MacOSX.sdk/usr/include/simd/base.h
  cargo:rerun-if-changed=/Library/Developer/CommandLineTools/SDKs/MacOSX.sdk/usr/include/simd/types.h
  cargo:rerun-if-changed=/Library/Developer/CommandLineTools/SDKs/MacOSX.sdk/usr/include/simd/vector_types.h
  cargo:rerun-if-changed=/Library/Developer/CommandLineTools/SDKs/MacOSX.sdk/usr/include/simd/conversion.h
  cargo:rerun-if-changed=/Library/Developer/CommandLineTools/SDKs/MacOSX.sdk/usr/include/simd/base.h
  cargo:rerun-if-changed=/Library/Developer/CommandLineTools/SDKs/MacOSX.sdk/usr/include/simd/vector_types.h
  cargo:rerun-if-changed=/Library/Developer/CommandLineTools/SDKs/MacOSX.sdk/usr/include/simd/common.h
  cargo:rerun-if-changed=/Library/Developer/CommandLineTools/SDKs/MacOSX.sdk/usr/include/simd/logic.h
  cargo:rerun-if-changed=/Library/Developer/CommandLineTools/SDKs/MacOSX.sdk/usr/include/simd/matrix.h
  cargo:rerun-if-changed=/Library/Developer/CommandLineTools/SDKs/MacOSX.sdk/usr/include/simd/base.h
  cargo:rerun-if-changed=/Library/Developer/CommandLineTools/SDKs/MacOSX.sdk/usr/include/simd/matrix_types.h
  cargo:rerun-if-changed=/Library/Developer/CommandLineTools/SDKs/MacOSX.sdk/usr/include/simd/types.h
  cargo:rerun-if-changed=/Library/Developer/CommandLineTools/SDKs/MacOSX.sdk/usr/include/simd/vector_make.h
  cargo:rerun-if-changed=/Library/Developer/CommandLineTools/SDKs/MacOSX.sdk/usr/include/simd/geometry.h
  cargo:rerun-if-changed=/Library/Developer/CommandLineTools/SDKs/MacOSX.sdk/usr/include/simd/extern.h
  cargo:rerun-if-changed=/Library/Developer/CommandLineTools/SDKs/MacOSX.sdk/usr/include/simd/logic.h
  cargo:rerun-if-changed=/Library/Developer/CommandLineTools/SDKs/MacOSX.sdk/usr/include/simd/quaternion.h
  cargo:rerun-if-changed=/Library/Developer/CommandLineTools/SDKs/MacOSX.sdk/usr/include/simd/base.h
  cargo:rerun-if-changed=/Library/Developer/CommandLineTools/SDKs/MacOSX.sdk/usr/include/simd/vector.h
  cargo:rerun-if-changed=/Library/Developer/CommandLineTools/SDKs/MacOSX.sdk/usr/include/simd/types.h
  cargo:rerun-if-changed=/Library/Developer/CommandLineTools/SDKs/MacOSX.sdk/usr/include/simd/math.h
  cargo:rerun-if-changed=/Library/Developer/CommandLineTools/SDKs/MacOSX.sdk/usr/include/simd/geometry.h
  cargo:rerun-if-changed=/Library/Developer/CommandLineTools/SDKs/MacOSX.sdk/usr/include/simd/math.h
  cargo:rerun-if-changed=/Library/Developer/CommandLineTools/SDKs/MacOSX.sdk/usr/include/simd/geometry.h
  cargo:rerun-if-changed=src/platform/mac/rendering/metal/shaders/shader_types.h
  cargo:rerun-if-changed=src/platform/mac/rendering/metal/shaders/shaders.metal
  cargo:rerun-if-env-changed=MACOSX_DEPLOYMENT_TARGET

  --- stderr

  thread 'main' (17622257) panicked at crates/warpui/build.rs:113:5:
  error compiling metal shaders to .air; xcrun: error: unable to find utility "metal", not a developer tool or in PATH

  note: run with `RUST_BACKTRACE=1` environment variable to display a backtrace
warning: build failed, waiting for other jobs to finish...
real 1044.83
user 317.88
sys 52.23
