Running ./script/format...
Rust formatting succeeded...
Checking for inline Rust test modules...
Inline Rust test module check succeeded...
Running clippy...
   Compiling unicode-ident v1.0.12
    Checking cfg-if v1.0.4
   Compiling shlex v1.3.0
   Compiling libc v0.2.186
    Checking serde_core v1.0.228
    Checking memchr v2.7.6
    Checking itoa v1.0.18
    Checking once_cell v1.21.3
    Checking scopeguard v1.2.0
    Checking pin-project-lite v0.2.16
   Compiling proc-macro2 v1.0.106
    Checking libm v0.2.15
    Checking futures-core v0.3.31
    Checking smallvec v1.15.1
    Checking futures-io v0.3.31
    Checking typenum v1.20.0
   Compiling either v1.9.0
    Checking subtle v2.6.1
    Checking slab v0.4.9
   Compiling regex-syntax v0.8.5
    Checking getrandom v0.2.16
    Checking parking_lot_core v0.9.12
    Checking zmij v1.0.21
   Compiling quote v1.0.45
   Compiling jobserver v0.1.32
    Checking rand_core v0.6.4
   Compiling syn v2.0.117
    Checking signal-hook-registry v1.4.1
    Checking futures-sink v0.3.31
    Checking allocator-api2 v0.2.16
   Compiling cc v1.2.56
    Checking core-foundation-sys v0.8.7 (https://github.com/servo/core-foundation-rs?rev=6f844cf1a1a18e25b70fcdf1bcdc458555bd2eff#6f844cf1)
    Checking num-traits v0.2.19
    Checking pin-utils v0.1.0
    Checking foldhash v0.2.0
    Checking equivalent v1.0.1
   Compiling itertools v0.11.0
    Checking crossbeam-utils v0.8.21
    Checking aho-corasick v1.1.3
    Checking futures-channel v0.3.31
    Checking log v0.4.29
    Checking bitflags v2.13.0
    Checking serde_json v1.0.150
    Checking mio v1.1.1
    Checking ppv-lite86 v0.2.17
    Checking futures-task v0.3.31
    Checking getrandom v0.3.4
    Checking ryu v1.0.23
    Checking socket2 v0.6.0
    Checking stable_deref_trait v1.2.0
    Checking tracing-core v0.1.36
   Compiling syn v1.0.109
    Checking const-oid v0.9.6
    Checking regex-automata v0.4.9
    Checking fnv v1.0.7
    Checking base64 v0.22.1
    Checking cpufeatures v0.2.9
   Compiling indexmap v2.12.0
    Checking percent-encoding v2.3.1
   Compiling errno v0.3.10
   Compiling dunce v1.0.5
    Checking fastrand v2.3.0
    Checking byteorder v1.5.0
    Checking atomic-waker v1.1.2
   Compiling cmake v0.1.58
   Compiling proc-macro-error-attr v1.0.4
    Checking core-foundation v0.10.1 (https://github.com/servo/core-foundation-rs?rev=6f844cf1a1a18e25b70fcdf1bcdc458555bd2eff#6f844cf1)
    Checking httparse v1.10.1
   Compiling lazy_static v1.5.0
    Checking parking v2.2.0
    Checking tower-service v0.3.3
    Checking crc32fast v1.5.0
    Checking form_urlencoded v1.2.1
    Checking concurrent-queue v2.5.0
   Compiling aws-lc-sys v0.39.1
    Checking core-foundation v0.9.4
    Checking anyhow v1.0.79
    Checking httpdate v1.0.3
    Checking try-lock v0.2.4
    Checking want v0.3.1
    Checking system-configuration-sys v0.6.0
    Checking itertools v0.14.0
    Checking untrusted v0.9.0
    Checking simd-adler32 v0.3.7
    Checking system-configuration v0.6.1
    Checking rand_chacha v0.3.1
   Compiling time-core v0.1.8
    Checking powerfmt v0.2.0
   Compiling num-conv v0.2.0
    Checking ipnet v2.11.0
    Checking deranged v0.5.5
   Compiling time-macros v0.2.27
    Checking rustix v1.1.2
    Checking num_threads v0.1.7
    Checking adler2 v2.0.0
   Compiling synstructure v0.13.1
   Compiling prettyplease v0.2.37
    Checking miniz_oxide v0.8.8
   Compiling ahash v0.7.8
    Checking security-framework-sys v2.15.0
    Checking sync_wrapper v1.0.1
    Checking litemap v0.7.4
    Checking writeable v0.5.5
    Checking tower-layer v0.3.3
    Checking time v0.3.47
   Compiling darling_core v0.20.8
   Compiling hashbrown v0.12.3
   Compiling unicase v2.7.0
   Compiling proc-macro-error v1.0.4
   Compiling regex v1.11.1
    Checking futures-lite v2.6.1
   Compiling mime_guess v2.0.4
    Checking security-framework v3.5.1
    Checking event-listener v5.4.0
   Compiling serde_derive v1.0.228
   Compiling zeroize_derive v1.4.3
   Compiling futures-macro v0.3.31
   Compiling tokio-macros v2.6.1
   Compiling thiserror-impl v2.0.17
   Compiling tracing-attributes v0.1.31
   Compiling thiserror-impl v1.0.63
    Checking zeroize v1.8.2
    Checking generic-array v0.14.7
    Checking futures-util v0.3.31
   Compiling zerofrom-derive v0.1.5
   Compiling bytemuck_derive v1.10.2
    Checking crypto-common v0.1.6
    Checking block-buffer v0.10.4
    Checking digest v0.10.7
    Checking rustls-pki-types v1.12.0
   Compiling yoke-derive v0.7.5
   Compiling displaydoc v0.2.5
    Checking thiserror v1.0.63
    Checking thiserror v2.0.17
   Compiling zerovec-derive v0.10.3
   Compiling icu_provider_macros v1.5.0
    Checking tracing v0.1.44
    Checking zerofrom v0.1.5
    Checking bytemuck v1.24.0
   Compiling darling_macro v0.20.8
    Checking num_cpus v1.16.0
    Checking icu_locid_transform_data v1.5.0
   Compiling ptr_meta_derive v0.1.4
    Checking event-listener-strategy v0.5.2
    Checking flate2 v1.1.9
    Checking rand v0.8.6
   Compiling darling v0.20.8
    Checking icu_properties_data v1.5.0
    Checking yoke v0.7.5
   Compiling strsim v0.11.1
   Compiling ptr_meta v0.1.4
   Compiling logos-codegen v0.14.1
   Compiling bytecheck_derive v0.6.12
   Compiling pin-project-internal v1.1.3
   Compiling ref-cast-impl v1.0.23
    Checking write16 v1.0.0
    Checking zerovec v0.10.4
    Checking utf8_iter v1.0.4
    Checking serde v1.0.228
    Checking icu_normalizer_data v1.5.0
    Checking utf16_iter v1.0.5
    Checking ref-cast v1.0.23
   Compiling semver v1.0.20
   Compiling bytecheck v0.6.12
    Checking sha1_smol v1.0.1
    Checking utf-8 v0.7.6
    Checking bytes v1.11.1
    Checking lock_api v0.4.14
    Checking hashbrown v0.16.0
    Checking mime v0.3.17
    Checking tinystr v0.7.6
    Checking parking_lot v0.12.5
    Checking icu_collections v1.5.0
   Compiling rend v0.4.2
    Checking icu_locid v1.5.0
    Checking uuid v1.19.0
    Checking http v1.4.0
    Checking tokio v1.50.0
   Compiling logos-derive v0.14.1
    Checking futures-executor v0.3.31
   Compiling rustc_version v0.4.0
    Checking icu_provider v1.5.0
    Checking rustls-native-certs v0.8.2
   Compiling logos v0.14.1
   Compiling rkyv_derive v0.7.46
   Compiling ouroboros_macro v0.18.0
    Checking http-body v1.0.1
    Checking icu_locid_transform v1.5.0
    Checking static_assertions v1.1.0
    Checking http-body-util v0.1.3
   Compiling cynic-parser v0.4.5
   Compiling counter v0.5.7
    Checking memoffset v0.9.0
    Checking alloc-no-stdlib v2.0.4
    Checking crossbeam-epoch v0.9.15
    Checking alloc-stdlib v0.2.2
    Checking icu_properties v1.5.1
    Checking crossbeam-deque v0.8.3
    Checking iana-time-zone v0.1.64
    Checking brotli-decompressor v4.0.2
    Checking chrono v0.4.40
    Checking futures v0.3.31
    Checking pin-project v1.1.3
    Checking serde_urlencoded v0.7.1
   Compiling ouroboros v0.18.0
   Compiling same-file v1.0.6
    Checking brotli v7.0.0
   Compiling walkdir v2.4.0
    Checking rayon-core v1.12.1
    Checking encoding_rs v0.8.35
    Checking async-channel v2.3.1
    Checking sha1 v0.10.6
   Compiling rkyv v0.7.46
    Checking rayon v1.10.0
    Checking http-range-header v0.4.0
    Checking icu_normalizer v1.5.0
    Checking iri-string v0.7.8
    Checking async-task v4.7.1
    Checking inventory v0.3.20
    Checking idna_adapter v1.2.0
    Checking polling v3.11.0
    Checking idna v1.0.3
    Checking piper v0.2.1
    Checking data-encoding v2.10.0
    Checking async-io v2.6.0
    Checking url v2.5.4
    Checking blocking v1.6.2
    Checking siphasher v1.0.1
    Checking unicode-segmentation v1.11.0
   Compiling phf_shared v0.11.3
    Checking futures-timer v3.0.2
   Compiling phf_generator v0.11.3
   Compiling darling_core v0.23.0
    Checking async-lock v3.4.0
    Checking async-net v2.0.0
    Checking memmap2 v0.9.7
    Checking new_debug_unreachable v1.0.4
   Compiling minimal-lexical v0.2.1
    Checking unicode-width v0.2.1
    Checking tokio-util v0.7.18
    Checking tower v0.5.2
    Checking hex v0.4.3
   Compiling nom v7.1.3
   Compiling convert_case v0.7.1
   Compiling string_cache_codegen v0.5.4
    Checking h2 v0.4.15
   Compiling cynic-codegen v3.8.0
   Compiling phf_codegen v0.11.3
    Checking async-compression v0.4.22
    Checking fastrand v1.9.0
    Checking waker-fn v1.1.1
    Checking dyn-clone v1.0.20
    Checking futures-lite v1.13.0
   Compiling web_atoms v0.1.3
    Checking tower-http v0.6.8
    Checking precomputed-hash v0.1.1
    Checking arrayvec v0.7.6
    Checking mac v0.1.1
    Checking futf v0.1.5
    Checking string_cache v0.8.9
    Checking phf v0.11.3
   Compiling libloading v0.8.9
    Checking tendril v0.4.3
   Compiling derive-where v1.2.7
   Compiling clang-sys v1.8.1
   Compiling cexpr v0.6.0
   Compiling rustc-hash v1.1.0
    Checking option-ext v0.2.0
   Compiling darling_macro v0.23.0
    Checking dirs-sys v0.5.0
    Checking indexmap v1.9.3
    Checking async-signal v0.2.13
    Checking markup5ever v0.35.0
   Compiling enum-iterator-derive v1.2.1
    Checking castaway v0.2.4
    Checking zerocopy v0.7.32
   Compiling darling v0.23.0
    Checking linked-hash-map v0.5.6
    Checking compact_str v0.9.0
    Checking async-process v2.5.0
    Checking yaml-rust v0.4.5 (https://github.com/warpdotdev/yaml-rust.git?rev=51684719d0102ca85ff4b21cec39877a0c669e19#51684719)
    Checking ahash v0.8.11
   Compiling rustix v0.38.44
   Compiling quote-use-macros v0.7.2
    Checking signal-hook v0.3.18
   Compiling derive_more-impl v2.0.1
   Compiling proc-macro-utils v0.8.0
   Compiling match_token v0.35.0
    Checking enum-iterator v1.4.1
   Compiling quote-use v0.7.2
   Compiling foreign-types-macros v0.2.3
   Compiling strum_macros v0.28.0
   Compiling serde_derive_internals v0.29.1
    Checking hashbrown v0.17.1
    Checking hyper v1.8.1
    Checking foreign-types-shared v0.3.1
    Checking typed-path v0.10.0
   Compiling which v4.4.2
    Checking lru v0.18.0
    Checking foreign-types v0.5.0
   Compiling attribute-derive-macro v0.6.1
   Compiling schemars_derive v1.0.4
    Checking derive_more v2.0.1
    Checking html5ever v0.35.0
    Checking signal-hook-mio v0.2.5
    Checking xml5ever v0.35.0
    Checking hyper-util v0.1.16
    Checking dirs v6.0.0
    Checking unicode-truncate v2.0.1
   Compiling pathfinder_simd v0.5.4 (https://github.com/warpdotdev/pathfinder.git?rev=34128a129ca6aee168fbc5060a4f21b4f7e486a9#34128a12)
    Checking kasuari v0.4.11
    Checking tempfile v3.23.0
    Checking float-cmp v0.9.0
    Checking core_maths v0.1.0
    Checking objc2-encode v4.1.0
    Checking critical-section v1.2.0
    Checking ttf-parser v0.25.1
   Compiling bindgen v0.69.5
    Checking strict-num v0.1.1
   Compiling attribute-derive v0.6.1
    Checking strum v0.28.0
    Checking objc2 v0.6.3
    Checking ratatui-core v0.1.1
    Checking markup5ever_rcdom v0.35.0+unofficial
   Compiling cynic-proc-macros v3.8.0
    Checking crossterm v0.29.0
   Compiling instability v0.3.12
    Checking serde_yaml v0.8.26
    Checking fdeflate v0.3.7
    Checking cynic v3.8.0
   Compiling nasm-rs v0.3.2
    Checking schemars v1.0.4
    Checking content_inspector v0.2.4
    Checking is_executable v1.0.1
    Checking pathdiff v0.2.1
    Checking arrayref v0.3.9
    Checking tinyvec_macros v0.1.1
    Checking png v0.18.1
    Checking tiny-skia-path v0.12.0
   Compiling openh264-sys2 v0.8.1
    Checking tinyvec v1.6.0
   Compiling get-size-derive v0.1.3
    Checking slotmap v1.0.6
    Checking kurbo v0.13.0
   Compiling settings_value_derive v0.0.0 (/Users/ted/workspace/term4u/crates/settings_value_derive)
    Checking core-graphics-types v0.2.0 (https://github.com/servo/core-foundation-rs?rev=6f844cf1a1a18e25b70fcdf1bcdc458555bd2eff#6f844cf1)
    Checking line-clipping v0.3.7
    Checking instant v0.1.12
    Checking unicode-properties v0.1.3
    Checking zune-core v0.5.1
    Checking color_quant v1.1.0
    Checking quick-error v2.0.1
    Checking byteorder-lite v0.1.0
    Checking unicode-ccc v0.4.0
    Checking unicode-script v0.5.5
    Checking unicode-bidi-mirroring v0.4.0
    Checking weezl v0.1.12
    Checking zune-jpeg v0.5.12
    Checking fontdb v0.23.0
    Checking ratatui-widgets v0.3.1
    Checking image-webp v0.2.4
    Checking svgtypes v0.16.1
    Checking rustybuzz v0.20.1
    Checking gif v0.14.1
    Checking get-size v0.1.4
    Checking core-graphics v0.25.0 (https://github.com/servo/core-foundation-rs?rev=6f844cf1a1a18e25b70fcdf1bcdc458555bd2eff#6f844cf1)
    Checking markdown_parser v0.1.0 (/Users/ted/workspace/term4u/crates/markdown_parser)
    Checking block2 v0.6.2
    Checking hashbrown v0.14.1
    Checking safe_arch v0.7.4
    Checking hash32 v0.3.1
    Checking simplecss v0.2.1
    Checking dirs-sys-next v0.1.2
    Checking roxmltree v0.21.1
    Checking pxfm v0.1.28
    Checking pico-args v0.5.0
    Checking imagesize v0.14.0
    Checking unicode-vo v0.1.0
    Checking data-url v0.3.1
    Checking unicode-bidi v0.3.15
    Checking xmlwriter v0.1.0
    Checking dashmap v6.1.0
    Checking ratatui-macros v0.7.1
    Checking dirs-next v2.0.0
    Checking settings_value v0.1.0 (/Users/ted/workspace/term4u/crates/settings_value)
    Checking heapless v0.8.0
    Checking wide v0.7.33
    Checking dispatch2 v0.3.0
    Checking core-text v21.1.0 (https://github.com/servo/core-foundation-rs?rev=6f844cf1a1a18e25b70fcdf1bcdc458555bd2eff#6f844cf1)
    Checking nix v0.30.1
    Checking tiny-skia v0.12.0
    Checking pathfinder_geometry v0.5.1
    Checking ratatui-crossterm v0.1.1
    Checking usvg v0.47.0
   Compiling warpui_core v0.1.0 (/Users/ted/workspace/term4u/crates/warpui_core)
    Checking cfb v0.7.3
    Checking rgb v0.8.50
    Checking sha2 v0.10.9
    Checking rustc-hash v2.1.1
    Checking float-ord v0.3.2
    Checking similar v2.7.0
    Checking font-kit v0.12.0 (https://github.com/warpdotdev/font-kit?rev=a04b225ecb639bb850f21d05212cfdc7465000f3#a04b225e)
    Checking ctrlc v3.4.7
    Checking infer v0.19.0
    Checking ratatui v0.30.1
    Checking rstar v0.12.2
    Checking objc2-core-foundation v0.3.2
    Checking string-offset v0.0.0 (/Users/ted/workspace/term4u/crates/string-offset)
    Checking moxcms v0.7.11
    Checking pathfinder_color v0.5.0
   Compiling derive_more v0.99.17
    Checking async-fs v2.1.2
    Checking async-executor v1.13.1
    Checking ordered-float v3.9.2
    Checking resvg v0.47.0
    Checking vec1 v1.10.1
    Checking titlecase v1.1.0
    Checking async-broadcast v0.7.2
   Compiling derivative v2.2.0
   Compiling trait-set v0.3.0
   Compiling strum_macros v0.27.1
   Compiling num-derive v0.4.2
    Checking rangemap v1.4.0
   Compiling minimp4-sys v0.1.1
    Checking bounded-vec-deque v0.1.1
    Checking raw-window-handle v0.6.2
    Checking strum v0.27.1
    Checking rand_core v0.9.3
    Checking bitflags v1.3.2
    Checking winnow v1.0.0
    Checking rand_chacha v0.9.0
    Checking rand v0.9.4
    Checking objc2-foundation v0.3.2
    Checking bstr v1.9.0
   Compiling serde_with_macros v3.21.0
    Checking toml_parser v1.1.0+spec-1.1.0
   Compiling concat-idents v1.1.5
    Checking itertools v0.10.5
    Checking toml_datetime v1.1.0+spec-1.1.0
    Checking toml_writer v1.1.0+spec-1.1.0
    Checking security-framework v2.9.2
    Checking toml_edit v0.25.6+spec-1.1.0
    Checking warp_features v0.0.0 (/Users/ted/workspace/term4u/crates/warp_features)
    Checking serde_with v3.21.0
   Compiling getset v0.1.2
    Checking objc2-io-kit v0.3.1
   Compiling warp_core v0.0.0 (/Users/ted/workspace/term4u/crates/warp_core)
    Checking assert-json-diff v2.0.2
    Checking colored v3.0.0
    Checking minimp4 v0.1.2
    Checking image v0.25.9
    Checking difflib v0.4.0
    Checking version-compare v0.1.1
    Checking mockito v1.7.1
    Checking sysinfo v0.37.0
    Checking shellexpand v3.1.1
    Checking directories v6.0.0
    Checking command-corrections v0.0.0 (https://github.com/warpdotdev/command-corrections.git?rev=eae08c8c51d9bc9741fcb17eef2c21f696aebbeb#eae08c8c)
    Checking line-ending v1.5.1
    Checking globset v0.4.18
   Compiling prost-derive v0.14.3
    Checking utf8parse v0.2.2
    Checking anstyle v1.0.13
    Checking colorchoice v1.0.0
    Checking anstyle-query v1.1.5
    Checking is_terminal_polyfill v1.70.2
    Checking anstyle-parse v0.2.3
    Checking async-compat v0.2.5
    Checking anstream v0.6.21
    Checking clap_lex v0.7.5
   Compiling clap_derive v4.5.47
    Checking clap_builder v4.5.48
    Checking rust-embed-utils v8.7.2
    Checking humantime v2.1.0
   Compiling prost v0.14.3
    Checking num-integer v0.1.46
   Compiling rust-embed-impl v8.7.2
   Compiling foldhash v0.1.5
   Compiling hashbrown v0.15.2
   Compiling prost-types v0.14.3
   Compiling fixedbitset v0.5.7
    Checking tree-sitter-language v0.1.2
    Checking clap v4.5.48
   Compiling async-trait v0.1.89
    Checking thread_local v1.1.7
    Checking rand_distr v0.5.1
   Compiling petgraph v0.8.3
    Checking rust-embed v8.7.2
    Checking termcolor v1.4.1
    Checking hmac v0.12.1
    Checking half v2.6.0
    Checking inout v0.1.4
    Checking serde_path_to_error v0.1.16
    Checking cipher v0.4.4
   Compiling darling_core v0.21.3
    Checking matchers v0.2.0
    Checking aes v0.8.4
    Checking sharded-slab v0.1.7
    Checking core-graphics-types v0.2.0
    Checking tracing-log v0.2.0
    Checking malloc_buf v0.0.6
   Compiling itertools v0.13.0
    Checking nu-ansi-term v0.50.3
    Checking objc v0.2.7 (https://github.com/warpdotdev/rust-objc.git?rev=5b656827fa9f863ef0eb22e444a3fedac009e78a#5b656827)
    Checking opentelemetry v0.32.0
    Checking block v0.1.6
    Checking tracing-subscriber v0.3.23
    Checking core-graphics v0.24.0
    Checking cocoa-foundation v0.2.1
   Compiling prost-build v0.14.3
    Checking is-terminal v0.4.17
   Compiling prevent_sleep v0.0.0 (/Users/ted/workspace/term4u/crates/prevent_sleep)
   Compiling prost-reflect-derive v0.16.0
    Checking cocoa v0.26.0
   Compiling bindgen v0.70.1
    Checking dispatch v0.2.0
    Checking takecell v0.1.1
    Checking env_logger v0.10.2
    Checking unicode-width v0.1.14
    Checking oauth2 v5.0.0
    Checking eventsource-stream v0.2.3
   Compiling async-stream-impl v0.3.5
    Checking ciborium-io v0.2.2
    Checking downcast-rs v2.0.2
    Checking ciborium-ll v0.2.2
    Checking tracing-opentelemetry v0.33.0
   Compiling libsqlite3-sys v0.33.0
    Checking async-stream v0.3.5
    Checking num-bigint v0.4.6
    Checking urlencoding v2.1.3
    Checking winnow v0.7.12
    Checking memoffset v0.7.1
   Compiling prost-reflect v0.16.3
   Compiling darling_macro v0.21.3
   Compiling darling v0.21.3
   Compiling toml_datetime v0.7.3
   Compiling serde_spanned v1.0.3
   Compiling dsl_auto_type v0.2.0
   Compiling toml v0.9.6
    Checking nix v0.26.4
   Compiling diesel_table_macro_syntax v0.3.0
   Compiling prost-reflect-build v0.16.0
    Checking typed-arena v2.0.2
    Checking base16ct v0.2.0
    Checking xmlparser v0.13.6
    Checking jaq-core v3.0.0
   Compiling diesel_derives v2.3.5
   Compiling migrations_internals v2.3.0
    Checking hkdf v0.12.4
    Checking filetime v0.2.25
    Checking jiff v0.2.24
    Checking regex-bites v0.1.6
    Checking utf8-width v0.1.7
   Compiling migrations_macros v2.3.0
    Checking hashlink v0.10.0
   Compiling warp_multi_agent_api v0.0.0 (https://github.com/warpdotdev/warp-proto-apis.git?rev=0ca49ce589580a211e4bdf84c1b1721424fabdc8#0ca49ce5)
   Compiling warp_graphql_schema v0.0.0 (/Users/ted/workspace/term4u/crates/warp_graphql_schema)
   Compiling persistence v0.0.0 (/Users/ted/workspace/term4u/crates/persistence)
    Checking self_cell v1.2.1
    Checking hifijson v0.5.0
    Checking arraydeque v0.5.1
    Checking base64ct v1.8.0
    Checking saphyr-parser v0.0.6
    Checking pem-rfc7468 v0.7.0
    Checking ai_types v0.1.0 (/Users/ted/workspace/term4u/crates/ai_types)
   Compiling warpui v0.0.0 (/Users/ted/workspace/term4u/crates/warpui)
    Checking bincode v1.3.3
error: failed to run custom build command for `warp_multi_agent_api v0.0.0 (https://github.com/warpdotdev/warp-proto-apis.git?rev=0ca49ce589580a211e4bdf84c1b1721424fabdc8#0ca49ce5)`

Caused by:
  process didn't exit successfully: `/Users/ted/workspace/term4u/target/debug/build/warp_multi_agent_api-d94529b35516e181/build-script-build` (exit status: 1)
  --- stdout
  cargo:rerun-if-changed=/Users/ted/.cargo/git/checkouts/warp-proto-apis-2098b3a955068931/0ca49ce/apis/multi_agent/v1/response.proto
  cargo:rerun-if-changed=/Users/ted/.cargo/git/checkouts/warp-proto-apis-2098b3a955068931/0ca49ce/apis/multi_agent/v1/request.proto
  cargo:rerun-if-changed=/Users/ted/.cargo/git/checkouts/warp-proto-apis-2098b3a955068931/0ca49ce/apis/multi_agent/v1/lsp.proto
  cargo:rerun-if-changed=/Users/ted/.cargo/git/checkouts/warp-proto-apis-2098b3a955068931/0ca49ce/apis/multi_agent/v1/task.proto
  cargo:rerun-if-changed=/Users/ted/.cargo/git/checkouts/warp-proto-apis-2098b3a955068931/0ca49ce/apis/multi_agent/v1/todo.proto
  cargo:rerun-if-changed=/Users/ted/.cargo/git/checkouts/warp-proto-apis-2098b3a955068931/0ca49ce/apis/multi_agent/v1/file_content.proto
  cargo:rerun-if-changed=/Users/ted/.cargo/git/checkouts/warp-proto-apis-2098b3a955068931/0ca49ce/apis/multi_agent/v1/skill.proto
  cargo:rerun-if-changed=/Users/ted/.cargo/git/checkouts/warp-proto-apis-2098b3a955068931/0ca49ce/apis/multi_agent/v1/conversation_data.proto
  cargo:rerun-if-changed=/Users/ted/.cargo/git/checkouts/warp-proto-apis-2098b3a955068931/0ca49ce/apis/multi_agent/v1/citations.proto
  cargo:rerun-if-changed=/Users/ted/.cargo/git/checkouts/warp-proto-apis-2098b3a955068931/0ca49ce/apis/multi_agent/v1/options.proto
  cargo:rerun-if-changed=/Users/ted/.cargo/git/checkouts/warp-proto-apis-2098b3a955068931/0ca49ce/apis/multi_agent/v1/orchestration.proto
  cargo:rerun-if-changed=/Users/ted/.cargo/git/checkouts/warp-proto-apis-2098b3a955068931/0ca49ce/apis/multi_agent/v1/input_context.proto
  cargo:rerun-if-changed=/Users/ted/.cargo/git/checkouts/warp-proto-apis-2098b3a955068931/0ca49ce/apis/multi_agent/v1/attachment.proto
  cargo:rerun-if-changed=/Users/ted/.cargo/git/checkouts/warp-proto-apis-2098b3a955068931/0ca49ce/apis/multi_agent/v1/suggestions.proto
  cargo:rerun-if-changed=/Users/ted/.cargo/git/checkouts/warp-proto-apis-2098b3a955068931/0ca49ce/apis/multi_agent/v1/document_content.proto

  --- stderr
  Error: Custom { kind: NotFound, error: "Could not find `protoc`. If `protoc` is installed, try setting the `PROTOC` environment variable to the path of the `protoc` binary. To install it on macOS, run `brew install protobuf`. It is also available at https://github.com/protocolbuffers/protobuf/releases  For more information: https://docs.rs/prost-build/#sourcing-protoc" }
warning: build failed, waiting for other jobs to finish...
PRESUBMIT_EXIT=101
