2026-09-12T10:31:50Z [WARN] [warp] Failed to mark process as background-only: NSApplication::setActivationPolicy(.prohibited) returned false
2026-09-12T10:31:50Z [INFO] [warp::resource_limits] Initial open file descriptor limit is 256, with a hard limit of 9223372036854775807
2026-09-12T10:31:50Z [INFO] [warp::resource_limits] Increased open file descriptor limit to 2560
2026-09-12T10:31:50Z [INFO] [warp_terminal::local_tty::server] Spawning terminal server process...
2026-09-12T10:31:50Z [INFO] [warp_terminal::local_tty::server::event_loop] Running terminal server...
2026-09-12T10:31:50Z [INFO] [warp::app_services] Initializing app services
2026-09-12T10:31:52Z [INFO] [warp::terminal::local_tty::terminal_manager] Creating terminal model with 0 restored blocks
2026-09-12T10:31:52Z [INFO] [warp_terminal::local_tty::unix] Starting shell /bin/zsh
2026-09-12T10:31:52Z [INFO] [warp_terminal::local_tty::server::event_loop] Successfully spawned tty with pid: 16369
2026-09-12T10:31:52Z [INFO] [warp_terminal::local_tty::unix] Successfully spawned child zsh process with pid 16369
2026-09-12T10:31:52Z [INFO] [warp_terminal::model::ansi] Received InitShell hook
2026-09-12T10:31:52Z [INFO] [warp_terminal::model::ansi] Received CommandFinished hook
2026-09-12T10:31:52Z [INFO] [warp::terminal::model::terminal_model] Tried to exit the alternate screen, but it was already inactive
2026-09-12T10:31:52Z [INFO] [warp::terminal::model::block] Block finished with new state DoneWithExecution
2026-09-12T10:31:52Z [INFO] [warp::terminal::model::blocks] Incrementing stage from WarpInput to ScriptExecution
2026-09-12T10:31:52Z [INFO] [warp_terminal::model::ansi] Received Precmd hook
2026-09-12T10:31:52Z [INFO] [warp_terminal::model::ansi] Received Bootstrapped hook
2026-09-12T10:31:52Z [INFO] [warp::terminal::model::early_output] Configured typeahead mode as ShellReported
2026-09-12T10:31:52Z [INFO] [warp::terminal::model::session::command_executor] creating a local executor!
2026-09-12T10:31:52Z [INFO] [warp::terminal::model::session] Parsed shell version string: Some([Number(5), Number(9)])
2026-09-12T10:31:52Z [INFO] [warp::terminal::model::session] Shell is bootstrapped with session_id SessionId(10720858304592878239)
2026-09-12T10:31:52Z [INFO] [warp::terminal::model::session] No history file found for shell zsh, starting with empty history
2026-09-12T10:31:52Z [INFO] [warp_terminal::model::ansi] Received CommandFinished hook
2026-09-12T10:31:52Z [INFO] [warp::terminal::model::terminal_model] Tried to exit the alternate screen, but it was already inactive
2026-09-12T10:31:52Z [INFO] [warp::terminal::model::block] Block finished with new state DoneWithExecution
2026-09-12T10:31:52Z [INFO] [warp::terminal::model::blocks] Incrementing stage from Bootstrapped to PostBootstrapPrecmd
2026-09-12T10:31:53Z [INFO] [warp_terminal::model::ansi] Received Precmd hook
2026-09-12T10:31:53Z [INFO] [warp_terminal::model::ansi] Received InputBuffer hook
2026-09-12T10:32:55Z [INFO] [warpui_core::core::app] dispatching typed action: warp_tui::root_view::RootTuiAction::ExitApp
2026-09-12T10:32:55Z [INFO] [warpui_core::platform::app] application will terminate
2026-09-12T10:32:55Z [INFO] [warp_terminal::local_tty::server::protocol] Received empty message; assuming the connection has been closed.
2026-09-12T10:32:55Z [WARN] [warp_terminal::local_tty::server::client] Received EPIPE when trying to kill child shell process; assuming the terminal server has terminated.
2026-09-12T10:32:55Z [INFO] [warp::terminal::model::terminal_model] Tried to exit the alternate screen, but it was already inactive
2026-09-12T10:32:55Z [INFO] [warp::terminal::model::block] Block finished with new state DoneWithNoExecution
2026-09-12T10:32:55Z [INFO] [warp::persistence] Shut down SQLite writer in 1.319917ms
