2026-09-12T09:54:15Z [INFO] [warp::resource_limits] Initial open file descriptor limit is 256, with a hard limit of 9223372036854775807
2026-09-12T09:54:15Z [INFO] [warp::resource_limits] Increased open file descriptor limit to 2560
2026-09-12T09:54:15Z [INFO] [warp_terminal::local_tty::server] Spawning terminal server process...
2026-09-12T09:54:15Z [INFO] [warp_terminal::local_tty::server::event_loop] Running terminal server...
2026-09-12T09:54:15Z [INFO] [warpui::platform::mac::app] application will finish launching
2026-09-12T09:54:15Z [INFO] [warp::settings::init] Migrating public settings from native store to settings.toml
2026-09-12T09:54:15Z [INFO] [warp::settings::init] Settings file migration complete — migrated 0 settings, 0 failed
2026-09-12T09:54:15Z [INFO] [warp::app_services] Initializing app services
2026-09-12T09:54:15Z [INFO] [warpui_core::core::app] dispatching global action for root_view:open_from_restored
2026-09-12T09:54:15Z [INFO] [warpui::platform::mac::window] Opening window with id 0
2026-09-12T09:54:15Z [INFO] [warpui::platform::mac::window] Using discrete GPU for rendering new window.
2026-09-12T09:54:15Z [INFO] [warpui_core::fonts] Computing available system fonts
2026-09-12T09:54:15Z [INFO] [warp::terminal::local_tty::terminal_manager] Creating terminal model with 0 restored blocks
2026-09-12T09:54:15Z [INFO] [warpui_core::platform::app] application did become active
2026-09-12T09:54:15Z [INFO] [warpui_core::core::app] dispatching global action for workspace:save_app
2026-09-12T09:54:15Z [INFO] [warpui_core::core::app] dispatching global action for workspace:save_app
2026-09-12T09:54:15Z [INFO] [warp_terminal::local_tty::unix] Starting shell /bin/zsh
2026-09-12T09:54:15Z [INFO] [warp_terminal::local_tty::server::event_loop] Successfully spawned tty with pid: 9016
2026-09-12T09:54:15Z [INFO] [warp_terminal::local_tty::unix] Successfully spawned child zsh process with pid 9016
2026-09-12T09:54:15Z [INFO] [warpui_core::core::app] dispatching typed action: warp::editor::view::EditorAction::ClearMarkedText
2026-09-12T09:54:15Z [INFO] [warpui_core::core::app] dispatching typed action: warp::editor::view::EditorAction::ClearMarkedText
2026-09-12T09:54:15Z [INFO] [warpui_core::core::app] dispatching typed action: warp::editor::view::EditorAction::ClearMarkedText
2026-09-12T09:54:15Z [INFO] [warpui_core::core::app] dispatching typed action: warp::editor::view::EditorAction::ClearMarkedText
2026-09-12T09:54:15Z [INFO] [warpui_core::platform::app] application can reach internet
2026-09-12T09:54:15Z [INFO] [warpui_core::platform::app] window resized
2026-09-12T09:54:15Z [INFO] [warpui_core::core::app] dispatching global action for workspace:save_app
2026-09-12T09:54:15Z [INFO] [warpui_core::platform::app] window resized
2026-09-12T09:54:15Z [INFO] [warpui_core::core::app] dispatching global action for workspace:save_app
2026-09-12T09:54:15Z [INFO] [warpui_core::platform::app] window resized
2026-09-12T09:54:15Z [INFO] [warpui_core::core::app] dispatching global action for workspace:save_app
2026-09-12T09:54:15Z [INFO] [warpui_core::platform::app] window resized
2026-09-12T09:54:15Z [INFO] [warpui_core::core::app] dispatching global action for workspace:save_app
2026-09-12T09:54:15Z [INFO] [warpui_core::platform::app] active window changed: Some(WindowId(0))
2026-09-12T09:54:15Z [INFO] [warpui_core::core::app] dispatching global action for workspace:save_app
2026-09-12T09:54:15Z [INFO] [warpui_core::platform::app] window resized
2026-09-12T09:54:15Z [INFO] [warpui_core::core::app] dispatching global action for workspace:save_app
2026-09-12T09:54:15Z [INFO] [warpui_core::core::app] dispatching typed action: warp::editor::view::EditorAction::ClearMarkedText
2026-09-12T09:54:15Z [INFO] [warp_terminal::model::ansi] Received InitShell hook
2026-09-12T09:54:15Z [INFO] [warp_terminal::model::ansi] Received CommandFinished hook
2026-09-12T09:54:15Z [INFO] [warp::terminal::model::terminal_model] Tried to exit the alternate screen, but it was already inactive
2026-09-12T09:54:15Z [INFO] [warp::terminal::model::block] Block finished with new state DoneWithExecution
2026-09-12T09:54:15Z [INFO] [warp::terminal::model::blocks] Incrementing stage from WarpInput to ScriptExecution
2026-09-12T09:54:15Z [INFO] [warp_terminal::model::ansi] Received Precmd hook
2026-09-12T09:54:16Z [INFO] [warp_terminal::model::ansi] Received Bootstrapped hook
2026-09-12T09:54:16Z [INFO] [warp::terminal::model::early_output] Configured typeahead mode as ShellReported
2026-09-12T09:54:16Z [INFO] [warp::terminal::model::session::command_executor] creating a local executor!
2026-09-12T09:54:16Z [INFO] [warp::terminal::model::session] Parsed shell version string: Some([Number(5), Number(9)])
2026-09-12T09:54:16Z [INFO] [warp::terminal::model::session] Shell is bootstrapped with session_id SessionId(2808923518505773184)
2026-09-12T09:54:16Z [INFO] [warp::terminal::model::session] No history file found for shell zsh, starting with empty history
2026-09-12T09:54:16Z [INFO] [warp_terminal::model::ansi] Received CommandFinished hook
2026-09-12T09:54:16Z [INFO] [warp::terminal::model::terminal_model] Tried to exit the alternate screen, but it was already inactive
2026-09-12T09:54:16Z [INFO] [warp::terminal::model::block] Block finished with new state DoneWithExecution
2026-09-12T09:54:16Z [INFO] [warp::terminal::model::blocks] Incrementing stage from Bootstrapped to PostBootstrapPrecmd
2026-09-12T09:54:16Z [INFO] [warp_terminal::model::ansi] Received Precmd hook
2026-09-12T09:54:16Z [INFO] [warp_terminal::model::ansi] Received InputBuffer hook
2026-09-12T09:54:21Z [INFO] [warpui_core::platform::app] active window changed: None
2026-09-12T09:54:21Z [INFO] [warpui_core::core::app] dispatching global action for workspace:save_app
2026-09-12T09:54:26Z [INFO] [warpui_core::platform::app] application did become active
2026-09-12T09:54:26Z [INFO] [warpui_core::platform::app] active window changed: Some(WindowId(0))
2026-09-12T09:54:26Z [INFO] [warpui_core::core::app] dispatching global action for workspace:save_app
2026-09-12T09:54:26Z [INFO] [warpui_core::core::app] dispatching typed action: warp::editor::view::EditorAction::ClearMarkedText
2026-09-12T09:54:28Z [INFO] [warpui_core::platform::app] active window changed: None
2026-09-12T09:54:28Z [INFO] [warpui_core::core::app] dispatching global action for workspace:save_app
2026-09-12T09:54:30Z [INFO] [warpui_core::platform::app] application did become active
2026-09-12T09:54:30Z [INFO] [warpui_core::platform::app] active window changed: Some(WindowId(0))
2026-09-12T09:54:30Z [INFO] [warpui_core::core::app] dispatching global action for workspace:save_app
2026-09-12T09:54:30Z [INFO] [warpui_core::core::app] dispatching typed action: warp::editor::view::EditorAction::ClearMarkedText
2026-09-12T09:57:39Z [INFO] [warpui_core::platform::app] active window changed: None
2026-09-12T09:57:39Z [INFO] [warpui_core::core::app] dispatching global action for workspace:save_app
2026-09-12T09:57:46Z [INFO] [warpui_core::core::app] dispatching global action for workspace:save_app
2026-09-12T09:59:08Z [INFO] [warpui_core::platform::app] application did become active
2026-09-12T09:59:08Z [INFO] [warpui_core::platform::app] active window changed: Some(WindowId(0))
2026-09-12T09:59:08Z [INFO] [warpui_core::core::app] dispatching global action for workspace:save_app
2026-09-12T09:59:08Z [INFO] [warpui_core::core::app] dispatching typed action: warp::editor::view::EditorAction::ClearMarkedText
2026-09-12T09:59:11Z [INFO] [warpui_core::core::app] dispatching global action for workspace:save_app
2026-09-12T09:59:11Z [INFO] [warpui_core::core::app] dispatching global action for workspace:save_app
2026-09-12T09:59:11Z [INFO] [warpui_core::core::app] dispatching global action for workspace:save_app
2026-09-12T09:59:11Z [INFO] [warpui_core::core::app] dispatching global action for workspace:save_app
2026-09-12T09:59:11Z [INFO] [warpui_core::core::app] dispatching global action for workspace:save_app
2026-09-12T09:59:11Z [INFO] [warpui_core::core::app] dispatching global action for workspace:save_app
2026-09-12T09:59:11Z [INFO] [warpui_core::core::app] dispatching global action for workspace:save_app
2026-09-12T09:59:11Z [INFO] [warpui_core::core::app] dispatching global action for workspace:save_app
2026-09-12T09:59:11Z [INFO] [warpui_core::core::app] dispatching global action for workspace:save_app
2026-09-12T09:59:11Z [INFO] [warpui_core::core::app] dispatching global action for workspace:save_app
2026-09-12T09:59:11Z [INFO] [warpui_core::core::app] dispatching global action for workspace:save_app
2026-09-12T09:59:11Z [INFO] [warpui_core::core::app] dispatching global action for workspace:save_app
