    Checking websocket v0.1.0 (/Users/tedczj/workspace/term4u/crates/websocket)
    Checking string-offset v0.0.0 (/Users/tedczj/workspace/term4u/crates/string-offset)
    Checking warp_features v0.0.0 (/Users/tedczj/workspace/term4u/crates/warp_features)
    Checking local_control v0.0.0 (/Users/tedczj/workspace/term4u/crates/local_control)
   Compiling warpui v0.0.0 (/Users/tedczj/workspace/term4u/crates/warpui)
   Compiling ai v0.1.0 (/Users/tedczj/workspace/term4u/crates/ai)
    Checking warp_errors v0.0.0 (/Users/tedczj/workspace/term4u/crates/warp_errors)
    Checking command v0.1.0 (/Users/tedczj/workspace/term4u/crates/command)
    Checking warp_util v0.1.0 (/Users/tedczj/workspace/term4u/crates/warp_util)
    Checking sum_tree v0.1.0 (/Users/tedczj/workspace/term4u/crates/sum_tree)
    Checking interaction_types v0.1.0 (/Users/tedczj/workspace/term4u/crates-local/interaction_types)
    Checking warpui_core v0.1.0 (/Users/tedczj/workspace/term4u/crates/warpui_core)
    Checking app-installation-detection v0.1.0 (/Users/tedczj/workspace/term4u/crates/app-installation-detection)
    Checking virtual-fs v0.1.0 (/Users/tedczj/workspace/term4u/crates/virtual_fs)
    Checking warpui_extras v0.0.0 (/Users/tedczj/workspace/term4u/crates/warpui_extras)
    Checking watcher v0.1.0 (/Users/tedczj/workspace/term4u/crates/watcher)
    Checking warp_assets v0.0.0 (/Users/tedczj/workspace/term4u/crates/warp_assets)
    Checking jsonrpc v0.1.0 (/Users/tedczj/workspace/term4u/crates/jsonrpc)
    Checking settings v0.0.0 (/Users/tedczj/workspace/term4u/crates/settings)
    Checking ipc v0.1.0 (/Users/tedczj/workspace/term4u/crates/ipc)
    Checking warp_core v0.0.0 (/Users/tedczj/workspace/term4u/crates/warp_core)
    Checking http_client v0.0.0 (/Users/tedczj/workspace/term4u/crates/http_client)
    Checking asset_cache v0.0.0 (/Users/tedczj/workspace/term4u/crates/asset_cache)
    Checking warp_cli v0.0.0 (/Users/tedczj/workspace/term4u/crates/warp_cli)
    Checking vim v0.1.0 (/Users/tedczj/workspace/term4u/crates/vim)
    Checking warp_editor v0.1.0 (/Users/tedczj/workspace/term4u/crates/editor)
    Checking repo_metadata v0.1.0 (/Users/tedczj/workspace/term4u/crates/repo_metadata)
    Checking warp_isolation_platform v0.1.0 (/Users/tedczj/workspace/term4u/crates/isolation_platform)
    Checking warp_completer v0.1.0 (/Users/tedczj/workspace/term4u/crates/warp_completer)
    Checking secret_redaction v0.0.0 (/Users/tedczj/workspace/term4u/crates/secret_redaction)
    Checking simple_logger v0.1.0 (/Users/tedczj/workspace/term4u/crates/simple_logger)
    Checking lsp v0.1.0 (/Users/tedczj/workspace/term4u/crates/lsp)
    Checking languages v0.0.0 (/Users/tedczj/workspace/term4u/crates/languages)
    Checking warp_terminal v0.0.0 (/Users/tedczj/workspace/term4u/crates/warp_terminal)
    Checking warp_ripgrep v0.1.0 (/Users/tedczj/workspace/term4u/crates/warp_ripgrep)
    Checking syntax_tree v0.1.0 (/Users/tedczj/workspace/term4u/crates/syntax_tree)
    Checking warp_files v0.1.0 (/Users/tedczj/workspace/term4u/crates/warp_files)
    Checking ui_components v0.0.0 (/Users/tedczj/workspace/term4u/crates/ui_components)
    Checking warp_search_core v0.1.0 (/Users/tedczj/workspace/term4u/crates/warp_search_core)
    Checking http_server v0.0.0 (/Users/tedczj/workspace/term4u/crates/http_server)
    Checking warp_logging v0.0.0 (/Users/tedczj/workspace/term4u/crates/warp_logging)
    Checking build_cache v0.1.0 (/Users/tedczj/workspace/term4u/crates/build_cache)
    Checking warp v0.1.0 (/Users/tedczj/workspace/term4u/app)
    Finished `dev` profile [unoptimized] target(s) in 16.32s
