    Checking time v0.3.47
    Checking command v0.1.0 (/Users/tedczj/workspace/term4u/crates/command)
    Checking sum_tree v0.1.0 (/Users/tedczj/workspace/term4u/crates/sum_tree)
   Compiling warp v0.1.0 (/Users/tedczj/workspace/term4u/app)
    Checking warp_util v0.1.0 (/Users/tedczj/workspace/term4u/crates/warp_util)
    Checking app-installation-detection v0.1.0 (/Users/tedczj/workspace/term4u/crates/app-installation-detection)
    Checking ratatui-widgets v0.3.1
    Checking tantivy-common v0.11.0
    Checking zip v2.4.2
    Checking tantivy-stacker v0.7.0
    Checking tantivy-sstable v0.7.0
    Checking plist v1.5.1
    Checking tantivy-columnar v0.7.0
    Checking ratatui-macros v0.7.1
    Checking ratatui v0.30.1
    Checking syntect v5.2.0
    Checking warpui_core v0.1.0 (/Users/tedczj/workspace/term4u/crates/warpui_core)
    Checking tantivy v0.26.0
    Checking warpui_extras v0.0.0 (/Users/tedczj/workspace/term4u/crates/warpui_extras)
    Checking watcher v0.1.0 (/Users/tedczj/workspace/term4u/crates/watcher)
    Checking warp_assets v0.0.0 (/Users/tedczj/workspace/term4u/crates/warp_assets)
    Checking jsonrpc v0.1.0 (/Users/tedczj/workspace/term4u/crates/jsonrpc)
    Checking settings v0.0.0 (/Users/tedczj/workspace/term4u/crates/settings)
    Checking ipc v0.1.0 (/Users/tedczj/workspace/term4u/crates/ipc)
    Checking warp_core v0.0.0 (/Users/tedczj/workspace/term4u/crates/warp_core)
    Checking warpui v0.0.0 (/Users/tedczj/workspace/term4u/crates/warpui)
    Checking http_client v0.0.0 (/Users/tedczj/workspace/term4u/crates/http_client)
    Checking warp_cli v0.0.0 (/Users/tedczj/workspace/term4u/crates/warp_cli)
    Checking vim v0.1.0 (/Users/tedczj/workspace/term4u/crates/vim)
    Checking asset_cache v0.0.0 (/Users/tedczj/workspace/term4u/crates/asset_cache)
    Checking repo_metadata v0.1.0 (/Users/tedczj/workspace/term4u/crates/repo_metadata)
    Checking warp_editor v0.1.0 (/Users/tedczj/workspace/term4u/crates/editor)
    Checking secret_redaction v0.0.0 (/Users/tedczj/workspace/term4u/crates/secret_redaction)
    Checking warp_isolation_platform v0.1.0 (/Users/tedczj/workspace/term4u/crates/isolation_platform)
    Checking simple_logger v0.1.0 (/Users/tedczj/workspace/term4u/crates/simple_logger)
    Checking warp_files v0.1.0 (/Users/tedczj/workspace/term4u/crates/warp_files)
    Checking lsp v0.1.0 (/Users/tedczj/workspace/term4u/crates/lsp)
    Checking warp_completer v0.1.0 (/Users/tedczj/workspace/term4u/crates/warp_completer)
    Checking warp_ripgrep v0.1.0 (/Users/tedczj/workspace/term4u/crates/warp_ripgrep)
    Checking build_cache v0.1.0 (/Users/tedczj/workspace/term4u/crates/build_cache)
    Checking languages v0.0.0 (/Users/tedczj/workspace/term4u/crates/languages)
    Checking warp_search_core v0.1.0 (/Users/tedczj/workspace/term4u/crates/warp_search_core)
    Checking syntax_tree v0.1.0 (/Users/tedczj/workspace/term4u/crates/syntax_tree)
    Checking warp_logging v0.0.0 (/Users/tedczj/workspace/term4u/crates/warp_logging)
    Checking warp_terminal v0.0.0 (/Users/tedczj/workspace/term4u/crates/warp_terminal)
    Checking http_server v0.0.0 (/Users/tedczj/workspace/term4u/crates/http_server)
    Checking ui_components v0.0.0 (/Users/tedczj/workspace/term4u/crates/ui_components)
    Checking ai v0.1.0 (/Users/tedczj/workspace/term4u/crates/ai)
    Checking warp_tui v0.0.0 (/Users/tedczj/workspace/term4u/crates/warp_tui)
    Finished `dev` profile [unoptimized] target(s) in 14.81s
