    Checking tokio v1.50.0
   Compiling rustix v1.1.2
   Compiling getrandom v0.3.4
    Checking indexmap v2.12.0
    Checking warp_errors v0.0.0 (/Users/tedczj/workspace/term4u/crates/warp_errors)
    Checking markdown_parser v0.1.0 (/Users/tedczj/workspace/term4u/crates/markdown_parser)
    Checking sum_tree v0.1.0 (/Users/tedczj/workspace/term4u/crates/sum_tree)
    Checking rustls-platform-verifier v0.6.2
    Checking uuid v1.19.0
    Checking rand_core v0.9.3
    Checking objc2-foundation v0.3.2
    Checking cfb v0.7.3
    Checking infer v0.19.0
    Checking rand_chacha v0.9.0
    Checking objc2-core-foundation v0.3.2
    Checking rand v0.9.4
   Compiling warp_core v0.0.0 (/Users/tedczj/workspace/term4u/crates/warp_core)
    Checking objc2-io-kit v0.3.1
    Checking tokio-util v0.7.18
    Checking tokio-rustls v0.26.4
    Checking async-compression v0.4.22
    Checking h2 v0.4.15
    Checking tower v0.5.2
    Checking polling v3.11.0
    Checking tempfile v3.23.0
    Checking tower-http v0.6.8
    Checking async-io v2.6.0
    Checking async-tungstenite v0.28.2
    Checking sysinfo v0.37.0
    Checking async-signal v0.2.13
    Checking async-net v2.0.0
    Checking async-process v2.5.0
   Compiling serde_core v1.0.228
   Compiling rust-embed-utils v8.7.2
    Checking command v0.1.0 (/Users/tedczj/workspace/term4u/crates/command)
    Checking warp_util v0.1.0 (/Users/tedczj/workspace/term4u/crates/warp_util)
   Compiling serde v1.0.228
    Checking warpui_core v0.1.0 (/Users/tedczj/workspace/term4u/crates/warpui_core)
    Checking jaq-json v2.0.0
    Checking hyper v1.8.1
   Compiling libsqlite3-sys v0.33.0
    Checking hyper-util v0.1.16
   Compiling rust-embed-impl v8.7.2
    Checking hyper-rustls v0.27.7
    Checking reqwest v0.13.3
    Checking mockito v1.7.1
    Checking websocket v0.1.0 (/Users/tedczj/workspace/term4u/crates/websocket)
   Compiling serde_spanned v1.0.3
   Compiling toml_datetime v0.7.3
    Checking winnow v1.0.0
    Checking rust-embed v8.7.2
   Compiling toml v0.9.6
    Checking toml_parser v1.1.0+spec-1.1.0
    Checking jaq-fmts v0.1.0
    Checking warpui_extras v0.0.0 (/Users/tedczj/workspace/term4u/crates/warpui_extras)
    Checking settings v0.0.0 (/Users/tedczj/workspace/term4u/crates/settings)
    Checking oauth2 v5.0.0
    Checking aha-reqwest-eventsource v0.1.0
    Checking prevent_sleep v0.0.0 (/Users/tedczj/workspace/term4u/crates/prevent_sleep)
    Checking rust-embed-utils v7.8.1
    Checking async-compat v0.2.5
   Compiling repo_metadata v0.1.0 (/Users/tedczj/workspace/term4u/crates/repo_metadata)
    Checking winnow v0.7.12
    Checking petgraph v0.8.3
    Checking http_client v0.0.0 (/Users/tedczj/workspace/term4u/crates/http_client)
    Checking jaq-all v0.1.0
    Checking serde_yaml v0.9.34+deprecated
    Checking rust-embed v6.8.1
   Compiling migrations_internals v2.3.0
    Checking watcher v0.1.0 (/Users/tedczj/workspace/term4u/crates/watcher)
    Checking local_control v0.0.0 (/Users/tedczj/workspace/term4u/crates/local_control)
    Checking diesel v2.3.10
    Checking vim v0.1.0 (/Users/tedczj/workspace/term4u/crates/vim)
   Compiling migrations_macros v2.3.0
    Checking mermaid_to_svg v0.1.0 (https://github.com/warpdotdev/mermaid-to-svg.git?rev=8d3f789c2eb49335d7bf247a06bb649f59b6d4ed#8d3f789c)
    Checking warp-command-signatures v0.0.0 (https://github.com/warpdotdev/command-signatures.git?rev=d3725aa42375cc229699c87be2b38f9d9f07080f#d3725aa4)
    Checking warp_cli v0.0.0 (/Users/tedczj/workspace/term4u/crates/warp_cli)
    Checking asset_cache v0.0.0 (/Users/tedczj/workspace/term4u/crates/asset_cache)
    Checking ipynb_parser v0.1.0 (/Users/tedczj/workspace/term4u/crates/ipynb_parser)
    Checking warp_editor v0.1.0 (/Users/tedczj/workspace/term4u/crates/editor)
    Checking secret_redaction v0.0.0 (/Users/tedczj/workspace/term4u/crates/secret_redaction)
    Checking warp_isolation_platform v0.1.0 (/Users/tedczj/workspace/term4u/crates/isolation_platform)
    Checking warp_assets v0.0.0 (/Users/tedczj/workspace/term4u/crates/warp_assets)
    Checking gethostname v1.1.0
    Checking languages v0.0.0 (/Users/tedczj/workspace/term4u/crates/languages)
    Checking warp_completer v0.1.0 (/Users/tedczj/workspace/term4u/crates/warp_completer)
    Checking simple_logger v0.1.0 (/Users/tedczj/workspace/term4u/crates/simple_logger)
    Checking jsonrpc v0.1.0 (/Users/tedczj/workspace/term4u/crates/jsonrpc)
   Compiling ai v0.1.0 (/Users/tedczj/workspace/term4u/crates/ai)
    Checking serial_test v0.8.0
    Checking syntax_tree v0.1.0 (/Users/tedczj/workspace/term4u/crates/syntax_tree)
    Checking priority-queue v2.5.0
    Checking lsp v0.1.0 (/Users/tedczj/workspace/term4u/crates/lsp)
    Checking virtual-fs v0.1.0 (/Users/tedczj/workspace/term4u/crates/virtual_fs)
    Checking warp_terminal v0.0.0 (/Users/tedczj/workspace/term4u/crates/warp_terminal)
    Checking diesel_migrations v2.3.1
    Checking persistence v0.0.0 (/Users/tedczj/workspace/term4u/crates/persistence)
    Finished `dev` profile [unoptimized] target(s) in 11.48s
