   Compiling warp v0.1.0 (/Users/tedczj/workspace/term4u/app)
warning: field `active_window_id` is never read
   --> app/src/lib.rs:855:5
    |
854 | pub struct UpdateQuakeModeEventArg {
    |            ----------------------- field in this struct
855 |     active_window_id: Option<WindowId>,
    |     ^^^^^^^^^^^^^^^^
    |
    = note: `#[warn(dead_code)]` (part of `#[warn(unused)]`) on by default

warning: variant `WorkspaceAdded` is never constructed
  --> app/src/ai/persisted_workspace.rs:95:5
   |
85 | pub enum PersistedWorkspaceEvent {
   |          ----------------------- variant in this enum
...
95 |     WorkspaceAdded {
   |     ^^^^^^^^^^^^^^
   |
   = note: `PersistedWorkspaceEvent` has derived impls for the traits `Clone` and `Debug`, but these are intentionally ignored during dead code analysis

warning: methods `all_lsp_servers`, `total_lsp_server_count`, `user_added_workspace`, `navigated_to_path`, and `workspace_for_path` are never used
   --> app/src/ai/persisted_workspace.rs:219:12
    |
106 | impl PersistedWorkspace {
    | ----------------------- methods in this implementation
...
219 |     pub fn all_lsp_servers(
    |            ^^^^^^^^^^^^^^^
...
236 |     pub fn total_lsp_server_count(&self, include_suggested: bool) -> usize {
    |            ^^^^^^^^^^^^^^^^^^^^^^
...
244 |     pub fn user_added_workspace(&mut self, path: PathBuf, ctx: &mut ModelContext<Self>) {
    |            ^^^^^^^^^^^^^^^^^^^^
...
270 |     pub fn navigated_to_path(&mut self, directory: &Path) {
    |            ^^^^^^^^^^^^^^^^^
...
278 |     pub fn workspace_for_path(&self, root_path: &Path) -> Option<WorkspaceMetadata> {
    |            ^^^^^^^^^^^^^^^^^^

warning: variant `Action` is never constructed
   --> app/src/banner/view.rs:142:5
    |
139 | pub enum BannerAction<T: Action + Clone> {
    |          ------------ variant in this enum
...
142 |     Action(T),
    |     ^^^^^^
    |
    = note: `BannerAction` has derived impls for the traits `Debug` and `Clone`, but these are intentionally ignored during dead code analysis

warning: associated items `new`, `set_content`, `set_action_button_label`, and `with_icon` are never used
   --> app/src/banner/view.rs:147:12
    |
145 | impl<T: Action + Clone> Banner<T> {
    | --------------------------------- associated items in this implementation
146 |     /// Creates a plain banner with a close button.
147 |     pub fn new(content: BannerTextContent<T>) -> Self {
    |            ^^^
...
198 |     pub fn set_content(&mut self, content: BannerTextContent<T>, ctx: &mut ViewContext<Self>) {
    |            ^^^^^^^^^^^
...
204 |     pub fn set_action_button_label(
    |            ^^^^^^^^^^^^^^^^^^^^^^^
...
216 |     pub fn with_icon(mut self, icon: Icon) -> Self {
    |            ^^^^^^^^^

warning: fields `relative_file_path`, `line_range`, and `selected_text` are never read
   --> app/src/code/local_code_editor.rs:116:9
    |
115 |     SelectionAddedAsContext {
    |     ----------------------- fields in this variant
116 |         relative_file_path: String,
    |         ^^^^^^^^^^^^^^^^^^
117 |         /// 1-indexed line range of the selection: `[start, end]` both inclusive.
118 |         line_range: Range<LineCount>,
    |         ^^^^^^^^^^
119 |         /// Literal text content of the selection.
120 |         selected_text: String,
    |         ^^^^^^^^^^^^^

warning: variant `DiffRejected` is never constructed
   --> app/src/code/local_code_editor.rs:108:5
    |
 94 | pub enum LocalCodeEditorEvent {
    |          -------------------- variant in this enum
...
108 |     DiffRejected,
    |     ^^^^^^^^^^^^

warning: field `mouse_state` is never read
   --> app/src/code/local_code_editor.rs:169:5
    |
168 | struct SelectionAsContextTooltip {
    |        ------------------------- field in this struct
169 |     mouse_state: MouseStateHandle,
    |     ^^^^^^^^^^^

warning: variant `NotClosable` is never constructed
  --> app/src/code/editor/nav_bar.rs:55:5
   |
53 | pub enum NavBarBehavior {
   |          -------------- variant in this enum
54 |     Closable,
55 |     NotClosable,
   |     ^^^^^^^^^^^

warning: method `set_behavior` is never used
  --> app/src/code/editor/nav_bar.rs:97:12
   |
66 | impl NavBar {
   | ----------- method in this implementation
...
97 |     pub fn set_behavior(&mut self, behavior: NavBarBehavior) {
   |            ^^^^^^^^^^^^

warning: variants `FocusedDiffHunk` and `Fraction` are never constructed
  --> app/src/code/editor/scroll.rs:29:5
   |
27 | pub enum ScrollPosition {
   |          -------------- variants in this enum
28 |     LineAndColumn(LineAndColumnArg),
29 |     FocusedDiffHunk,
   |     ^^^^^^^^^^^^^^^
...
33 |     Fraction(f32),
   |     ^^^^^^^^
   |
   = note: `ScrollPosition` has a derived impl for the trait `Clone`, but this is intentionally ignored during dead code analysis

warning: methods `set_nav_bar_behavior`, `set_scroll_wheel_behavior`, `set_horizontal_scrollbar_appearance`, and `set_vertical_expansion_behavior` are never used
    --> app/src/code/editor/view.rs:744:12
     |
 288 | impl CodeEditorView {
     | ------------------- methods in this implementation
...
 744 |     pub fn set_nav_bar_behavior(&self, behavior: NavBarBehavior, ctx: &mut ViewContext<Self>) {
     |            ^^^^^^^^^^^^^^^^^^^^
...
 760 |     pub fn set_scroll_wheel_behavior(&mut self, behavior: ScrollWheelBehavior) {
     |            ^^^^^^^^^^^^^^^^^^^^^^^^^
...
 768 |     pub fn set_horizontal_scrollbar_appearance(&mut self, appearance: ScrollableAppearance) {
     |            ^^^^^^^^^^^^^^^^^^^^^^^^^^^^^^^^^^^
...
1546 |     pub fn set_vertical_expansion_behavior(
     |            ^^^^^^^^^^^^^^^^^^^^^^^^^^^^^^^

warning: variant `DiffReverted` is never constructed
   --> app/src/code_review/mod.rs:155:5
    |
154 | pub enum GlobalCodeReviewEvent {
    |          --------------------- variant in this enum
155 |     DiffReverted {
    |     ^^^^^^^^^^^^

warning: field `backend_origin` is never read
   --> app/src/code_review/diff_state/local.rs:199:5
    |
193 | pub struct LocalDiffStateModel {
    |            ------------------- field in this struct
...
199 |     backend_origin: BackendOrigin,
    |     ^^^^^^^^^^^^^^

warning: fields `main_branch_name`, `stats_against_head`, and `branch_tracking_status` are never read
  --> app/src/code_review/git_repo_model/mod.rs:63:9
   |
61 | pub struct GitStatusMetadata {
   |            ----------------- fields in this struct
62 |     pub current_branch_name: String,
63 |     pub main_branch_name: String,
   |         ^^^^^^^^^^^^^^^^
64 |     pub stats_against_head: DiffStats,
   |         ^^^^^^^^^^^^^^^^^^
65 |     pub branch_tracking_status: GitBranchTrackingStatus,
   |         ^^^^^^^^^^^^^^^^^^^^^^
   |
   = note: `GitStatusMetadata` has derived impls for the traits `Clone` and `Debug`, but these are intentionally ignored during dead code analysis

warning: methods `upsert_imported_comments` and `add_pending_imported_comments` are never used
   --> app/src/code_review/comments/batch.rs:118:19
    |
 31 | impl ReviewCommentBatch {
    | ----------------------- methods in this implementation
...
118 |     pub(crate) fn upsert_imported_comments(
    |                   ^^^^^^^^^^^^^^^^^^^^^^^^
...
185 |     pub(crate) fn add_pending_imported_comments(
    |                   ^^^^^^^^^^^^^^^^^^^^^^^^^^^^^

warning: variant `File` is never constructed
  --> app/src/code_review/comments/pending_imported.rs:92:5
   |
81 | pub(crate) enum PendingImportedReviewCommentTarget {
   |                 ---------------------------------- variant in this enum
...
92 |     File {
   |     ^^^^
   |
   = note: `PendingImportedReviewCommentTarget` has derived impls for the traits `Debug` and `Clone`, but these are intentionally ignored during dead code analysis

warning: variants `PendingRemoteSession` and `Disabled` are never constructed
  --> app/src/coding_panel_enablement_state.rs:8:5
   |
 2 | pub(crate) enum CodingPanelEnablementState {
   |                 -------------------------- variants in this enum
...
 8 |     PendingRemoteSession,
   |     ^^^^^^^^^^^^^^^^^^^^
...
20 |     Disabled,
   |     ^^^^^^^^
   |
   = note: `CodingPanelEnablementState` has derived impls for the traits `Debug` and `Clone`, but these are intentionally ignored during dead code analysis

warning: associated function `from_session_env` is never used
  --> app/src/coding_panel_enablement_state.rs:24:19
   |
23 | impl CodingPanelEnablementState {
   | ------------------------------- associated function in this implementation
24 |     pub(crate) fn from_session_env(
   |                   ^^^^^^^^^^^^^^^^

warning: trait `EnvVarExt` is never used
  --> app/src/env_vars/mod.rs:10:11
   |
10 | pub trait EnvVarExt {
   |           ^^^^^^^^^

warning: trait `EnvVarCollectionExt` is never used
  --> app/src/env_vars/mod.rs:27:11
   |
27 | pub trait EnvVarCollectionExt {
   |           ^^^^^^^^^^^^^^^^^^^

warning: struct `EnvVar` is never constructed
 --> app/src/env_vars/model.rs:4:12
  |
4 | pub struct EnvVar {
  |            ^^^^^^

warning: struct `EnvVarCollection` is never constructed
  --> app/src/env_vars/model.rs:30:12
   |
30 | pub struct EnvVarCollection {
   |            ^^^^^^^^^^^^^^^^

warning: variant `Above` is never constructed
   --> app/src/menu.rs:162:5
    |
159 | pub(crate) enum MenuTooltipPosition {
    |                 ------------------- variant in this enum
...
162 |     Above,
    |     ^^^^^
    |
    = note: `MenuTooltipPosition` has derived impls for the traits `Debug` and `Clone`, but these are intentionally ignored during dead code analysis

warning: variants `Rendered` and `Raw` are never constructed
  --> app/src/notebooks/mod.rs:9:5
   |
 8 | pub enum MarkdownDisplayMode {
   |          ------------------- variants in this enum
 9 |     Rendered,
   |     ^^^^^^^^
10 |     Raw,
   |     ^^^
   |
   = note: `MarkdownDisplayMode` has derived impls for the traits `Clone` and `Debug`, but these are intentionally ignored during dead code analysis

warning: variant `Tabs` is never constructed
  --> app/src/quit_warning/mod.rs:28:5
   |
21 | enum QuitScope<'a> {
   |      --------- variant in this enum
...
28 |     Tabs(Vec<WeakViewHandle<PaneGroup>>),
   |     ^^^^
   |
   = note: `QuitScope` has a derived impl for the trait `Clone`, but this is intentionally ignored during dead code analysis

warning: field `terminal_sessions` is never read
  --> app/src/quit_warning/mod.rs:50:5
   |
39 | pub struct UnsavedStateSummary<'a> {
   |            ------------------- field in this struct
...
50 |     terminal_sessions: Vec<SessionNavigationData>,
   |     ^^^^^^^^^^^^^^^^^

warning: associated function `for_tabs` is never used
   --> app/src/quit_warning/mod.rs:252:12
    |
243 | impl UnsavedStateSummary<'static> {
    | --------------------------------- associated function in this implementation
...
252 |     pub fn for_tabs(tabs: Vec<WeakViewHandle<PaneGroup>>, ctx: &mut AppContext) -> Self {
    |            ^^^^^^^^

warning: method `running_sessions` is never used
   --> app/src/quit_warning/mod.rs:348:12
    |
272 | impl<'a> UnsavedStateSummary<'a> {
    | -------------------------------- method in this implementation
...
348 |     pub fn running_sessions(&self) -> RunningSessionSummary<'_> {
    |            ^^^^^^^^^^^^^^^^

warning: field `ignored_suggestions` is never read
  --> app/src/suggestions/ignored_suggestions_model.rs:40:5
   |
39 | pub struct IgnoredSuggestionsModel {
   |            ----------------------- field in this struct
40 |     ignored_suggestions: HashSet<IgnoredSuggestionKey>,
   |     ^^^^^^^^^^^^^^^^^^^

warning: methods `add_ignored_suggestion`, `remove_ignored_suggestion`, `is_ignored`, and `get_ignored_suggestions_for_type` are never used
   --> app/src/suggestions/ignored_suggestions_model.rs:58:12
    |
 43 | impl IgnoredSuggestionsModel {
    | ---------------------------- methods in this implementation
...
 58 |     pub fn add_ignored_suggestion(
    |            ^^^^^^^^^^^^^^^^^^^^^^
...
 93 |     pub fn remove_ignored_suggestion(
    |            ^^^^^^^^^^^^^^^^^^^^^^^^^
...
126 |     pub fn is_ignored(&self, suggestion: &str, suggestion_type: SuggestionType) -> bool {
    |            ^^^^^^^^^^
...
135 |     pub fn get_ignored_suggestions_for_type(
    |            ^^^^^^^^^^^^^^^^^^^^^^^^^^^^^^^^

warning: variant `SuggestionIgnored` is never constructed
   --> app/src/suggestions/ignored_suggestions_model.rs:149:5
    |
148 | pub enum IgnoredSuggestionsModelEvent {
    |          ---------------------------- variant in this enum
149 |     SuggestionIgnored,
    |     ^^^^^^^^^^^^^^^^^
    |
    = note: `IgnoredSuggestionsModelEvent` has derived impls for the traits `Clone` and `Debug`, but these are intentionally ignored during dead code analysis

warning: function `long_os_version` is never used
  --> app/src/system.rs:40:8
   |
40 | pub fn long_os_version(ctx: &warpui::AppContext) -> Option<String> {
   |        ^^^^^^^^^^^^^^^

warning: field `long_os_version` is never read
  --> app/src/system/info.rs:35:5
   |
25 | pub struct SystemInfo {
   |            ---------- field in this struct
...
35 |     long_os_version: Option<String>,
   |     ^^^^^^^^^^^^^^^

warning: methods `used_memory`, `cpu_usage`, and `long_os_version` are never used
   --> app/src/system/info.rs:70:12
    |
 38 | impl SystemInfo {
    | --------------- methods in this implementation
...
 70 |     pub fn used_memory(&self) -> Byte {
    |            ^^^^^^^^^^^
...
 91 |     pub fn cpu_usage(&self) -> f32 {
    |            ^^^^^^^^^
...
100 |     pub fn long_os_version(&self) -> Option<&str> {
    |            ^^^^^^^^^^^^^^^

warning: function `add_window_with_terminal` is never used
  --> app/src/test_util/terminal.rs:43:8
   |
43 | pub fn add_window_with_terminal(
   |        ^^^^^^^^^^^^^^^^^^^^^^^^

warning: variant `Tab` is never constructed
  --> app/src/undo_close/stack.rs:57:5
   |
55 | pub enum ClosedItem {
   |          ---------- variant in this enum
56 |     Window(Box<ClosedWindowData>),
57 |     Tab {
   |     ^^^

warning: methods `is_pane_group_tab_in_stack`, `discard_pane_group_parent`, and `handle_tab_closed` are never used
   --> app/src/undo_close/stack.rs:125:12
    |
106 | impl UndoCloseStack {
    | ------------------- methods in this implementation
...
125 |     pub fn is_pane_group_tab_in_stack(&self, pane_group_id: EntityId) -> bool {
    |            ^^^^^^^^^^^^^^^^^^^^^^^^^^
...
132 |     pub fn discard_pane_group_parent(
    |            ^^^^^^^^^^^^^^^^^^^^^^^^^
...
160 |     pub fn handle_tab_closed(
    |            ^^^^^^^^^^^^^^^^^

warning: field `0` is never read
  --> app/src/user_config/mod.rs:62:21
   |
62 |     TabConfigErrors(Vec<TabConfigError>),
   |     --------------- ^^^^^^^^^^^^^^^^^^^
   |     |
   |     field in this variant
   |
   = note: `WarpConfigUpdateEvent` has a derived impl for the trait `Clone`, but this is intentionally ignored during dead code analysis
help: consider changing the field to be of unit type to suppress this warning while preserving the field numbering, or remove the field
   |
62 -     TabConfigErrors(Vec<TabConfigError>),
62 +     TabConfigErrors(()),
   |

warning: field `0` is never read
  --> app/src/user_config/mod.rs:68:20
   |
68 |     SettingsErrors(crate::settings::SettingsFileError),
   |     -------------- ^^^^^^^^^^^^^^^^^^^^^^^^^^^^^^^^^^
   |     |
   |     field in this variant
   |
   = note: `WarpConfigUpdateEvent` has a derived impl for the trait `Clone`, but this is intentionally ignored during dead code analysis
help: consider changing the field to be of unit type to suppress this warning while preserving the field numbering, or remove the field
   |
68 -     SettingsErrors(crate::settings::SettingsFileError),
68 +     SettingsErrors(()),
   |

warning: methods `tab_configs`, `append_launch_config`, and `remove_tab_config_by_path` are never used
   --> app/src/user_config/mod.rs:108:12
    |
 95 | impl WarpConfig {
    | --------------- methods in this implementation
...
108 |     pub fn tab_configs(&self) -> &Vec<TabConfig> {
    |            ^^^^^^^^^^^
...
122 |     pub fn append_launch_config(
    |            ^^^^^^^^^^^^^^^^^^^^
...
156 |     pub fn remove_tab_config_by_path(&mut self, path: &Path, ctx: &mut ModelContext<Self>) {
    |            ^^^^^^^^^^^^^^^^^^^^^^^^^

warning: function `ensure_default_worktree_config` is never used
   --> app/src/user_config/mod.rs:220:15
    |
220 | pub(crate) fn ensure_default_worktree_config() -> PathBuf {
    |               ^^^^^^^^^^^^^^^^^^^^^^^^^^^^^^

warning: function `find_unused_tab_config_path` is never used
   --> app/src/user_config/mod.rs:320:15
    |
320 | pub(crate) fn find_unused_tab_config_path(dir: &Path) -> PathBuf {
    |               ^^^^^^^^^^^^^^^^^^^^^^^^^^^

warning: function `find_unused_worktree_config_path` is never used
   --> app/src/user_config/mod.rs:377:15
    |
377 | pub(crate) fn find_unused_worktree_config_path(dir: &Path, branch_name: &str) -> PathBuf {
    |               ^^^^^^^^^^^^^^^^^^^^^^^^^^^^^^^^

warning: method `are_traffic_lights_hovered` is never used
   --> app/src/util/traffic_lights.rs:115:12
    |
113 | impl TrafficLightMouseStates {
    | ---------------------------- method in this implementation
114 |     /// True if any of the traffic light buttons are hovered.
115 |     pub fn are_traffic_lights_hovered(&self) -> bool {
    |            ^^^^^^^^^^^^^^^^^^^^^^^^^^

warning: method `render` is never used
   --> app/src/util/traffic_lights.rs:453:12
    |
138 | impl TrafficLightData {
    | --------------------- method in this implementation
...
453 |     pub fn render(
    |            ^^^^^^

warning: variant `ActionButtonSecondary` is never constructed
  --> app/src/view_components/dropdown.rs:72:5
   |
63 | pub enum DropdownStyle {
   |          ------------- variant in this enum
...
72 |     ActionButtonSecondary,
   |     ^^^^^^^^^^^^^^^^^^^^^
   |
   = note: `DropdownStyle` has a derived impl for the trait `Clone`, but this is intentionally ignored during dead code analysis

warning: variant `Up` is never constructed
  --> app/src/view_components/filterable_dropdown.rs:40:5
   |
39 | pub enum FilterableDropdownOrientation {
   |          ----------------------------- variant in this enum
40 |     Up,
   |     ^^
   |
   = note: `FilterableDropdownOrientation` has a derived impl for the trait `Debug`, but this is intentionally ignored during dead code analysis

warning: field `value` is never read
  --> app/src/view_components/find.rs:79:25
   |
79 |     ToggleFindInBlock { value: bool },
   |     -----------------   ^^^^^
   |     |
   |     field in this variant

warning: variant `ModeSelected` is never constructed
  --> app/src/view_components/markdown_toggle_view.rs:16:5
   |
15 | pub enum MarkdownToggleEvent {
   |          ------------------- variant in this enum
16 |     ModeSelected(MarkdownDisplayMode),
   |     ^^^^^^^^^^^^
   |
   = note: `MarkdownToggleEvent` has derived impls for the traits `Clone` and `Debug`, but these are intentionally ignored during dead code analysis

warning: associated items `new` and `set_selected_mode` are never used
  --> app/src/view_components/markdown_toggle_view.rs:24:12
   |
23 | impl MarkdownToggleView {
   | ----------------------- associated items in this implementation
24 |     pub fn new(default_mode: MarkdownDisplayMode, ctx: &mut ViewContext<Self>) -> Self {
   |            ^^^
...
75 |     pub fn set_selected_mode(&mut self, mode: MarkdownDisplayMode, ctx: &mut ViewContext<Self>) {
   |            ^^^^^^^^^^^^^^^^^

warning: function `markdown_toggle_styles` is never used
   --> app/src/view_components/markdown_toggle_view.rs:105:4
    |
105 | fn markdown_toggle_styles(app: &AppContext) -> UiComponentStyles {
    |    ^^^^^^^^^^^^^^^^^^^^^^

warning: field `window_id` is never read
   --> app/src/root_view.rs:138:5
    |
136 | pub struct RootView {
    |            -------- field in this struct
137 |     workspace: ViewHandle<Workspace>,
138 |     window_id: WindowId,
    |     ^^^^^^^^^

warning: method `insert_subshell_command` is never used
   --> app/src/root_view.rs:242:8
    |
141 | impl RootView {
    | ------------- method in this implementation
...
242 |     fn insert_subshell_command(&mut self, arg: &SubshellCommandArg, ctx: &mut ViewContext<Self>) {
    |        ^^^^^^^^^^^^^^^^^^^^^^^

warning: variants `SearchForKeybinding` and `FocusModal` are never constructed
  --> app/src/settings_view/features_page.rs:29:5
   |
28 | pub enum FeaturesSettingsPageEvent {
   |          ------------------------- variants in this enum
29 |     SearchForKeybinding(String),
   |     ^^^^^^^^^^^^^^^^^^^
30 |     FocusModal,
   |     ^^^^^^^^^^

warning: enum `PrivacyPageViewEvent` is never used
  --> app/src/settings_view/privacy_page.rs:25:10
   |
25 | pub enum PrivacyPageViewEvent {
   |          ^^^^^^^^^^^^^^^^^^^^

warning: variant `Pane` is never constructed
   --> app/src/settings_view/settings_page.rs:157:5
    |
155 | pub enum SettingsPageEvent {
    |          ----------------- variant in this enum
156 |     FocusModal,
157 |     Pane(PaneEventWrapper),
    |     ^^^^

warning: variant `Close` is never constructed
   --> app/src/settings_view/settings_page.rs:164:5
    |
163 | pub enum PaneEventWrapper {
    |          ---------------- variant in this enum
164 |     Close,
    |     ^^^^^
    |
    = note: `PaneEventWrapper` has derived impls for the traits `Clone` and `Debug`, but these are intentionally ignored during dead code analysis

warning: associated function `static_widget_id` is never used
    --> app/src/settings_view/settings_page.rs:1585:8
     |
1581 | pub(super) trait SettingsWidget {
     |                  -------------- associated function in this trait
...
1585 |     fn static_widget_id() -> &'static str
     |        ^^^^^^^^^^^^^^^^

warning: function `should_intercept_scroll` is never used
  --> app/src/terminal/alt_screen/mod.rs:28:8
   |
28 | pub fn should_intercept_scroll(model: &TerminalModel, ctx: &AppContext) -> bool {
   |        ^^^^^^^^^^^^^^^^^^^^^^^

warning: variant `DockerSandbox` is never constructed
  --> app/src/terminal/available_shells.rs:79:5
   |
60 | enum Config {
   |      ------ variant in this enum
...
79 |     DockerSandbox {
   |     ^^^^^^^^^^^^^
   |
   = note: `Config` has a derived impl for the trait `Debug`, but this is intentionally ignored during dead code analysis

warning: associated function `new_docker_sandbox_shell` is never used
   --> app/src/terminal/available_shells.rs:331:19
    |
179 | impl AvailableShell {
    | ------------------- associated function in this implementation
...
331 |     pub(crate) fn new_docker_sandbox_shell(sbx_path: PathBuf, base_image: Option<String>) -> Self {
    |                   ^^^^^^^^^^^^^^^^^^^^^^^^

warning: method `draw_cursor` is never used
  --> app/src/terminal/blockgrid_renderer.rs:78:8
   |
47 | pub trait BlockGridRenderer {
   |           ----------------- method in this trait
...
78 |     fn draw_cursor(
   |        ^^^^^^^^^^^

warning: function `init_subshell_command` is never used
   --> app/src/terminal/bootstrap.rs:104:8
    |
104 | pub fn init_subshell_command(
    |        ^^^^^^^^^^^^^^^^^^^^^

warning: function `init_subshell_script_for_shell` is never used
   --> app/src/terminal/bootstrap.rs:125:4
    |
125 | fn init_subshell_script_for_shell(
    |    ^^^^^^^^^^^^^^^^^^^^^^^^^^^^^^

warning: function `init_subshell_script_for_unknown_shell` is never used
   --> app/src/terminal/bootstrap.rs:169:4
    |
169 | fn init_subshell_script_for_unknown_shell(
    |    ^^^^^^^^^^^^^^^^^^^^^^^^^^^^^^^^^^^^^^

warning: function `run_dynamic_enum_command` is never used
 --> app/src/terminal/dynamic_enum_suggestions.rs:7:21
  |
7 | pub(crate) async fn run_dynamic_enum_command(
  |                     ^^^^^^^^^^^^^^^^^^^^^^^^

warning: function `parse_dynamic_command` is never used
  --> app/src/terminal/dynamic_enum_suggestions.rs:18:4
   |
18 | fn parse_dynamic_command(output: &CommandOutput) -> anyhow::Result<Vec<String>> {
   |    ^^^^^^^^^^^^^^^^^^^^^

warning: field `view` is never read
  --> app/src/terminal/mock_terminal_manager.rs:18:5
   |
16 | pub struct MockTerminalManager {
   |            ------------------- field in this struct
17 |     model: Arc<FairMutex<TerminalModel>>,
18 |     view: ViewHandle<TerminalView>,
   |     ^^^^

warning: field `manager` is never read
  --> app/src/terminal/mock_terminal_manager.rs:21:16
   |
20 | pub struct MockTerminalManagerInit {
   |            ----------------------- field in this struct
21 |     pub(crate) manager: ModelHandle<Box<dyn TerminalManager>>,
   |                ^^^^^^^

warning: fields `colors`, `find_bar`, and `model_event_sender` are never read
   --> app/src/terminal/view.rs:215:5
    |
210 | pub struct TerminalView {
    |            ------------ fields in this struct
...
215 |     colors: List,
    |     ^^^^^^
...
220 |     find_bar: ViewHandle<Find<TerminalFindModel>>,
    |     ^^^^^^^^
...
225 |     model_event_sender: Option<SyncSender<persistence::ModelEvent>>,
    |     ^^^^^^^^^^^^^^^^^^

warning: method `close_workspace` is never used
   --> app/src/workspace/active_session.rs:124:19
    |
 38 | impl ActiveSession {
    | ------------------ method in this implementation
...
124 |     pub(super) fn close_workspace(&mut self, window_id: WindowId) {
    |                   ^^^^^^^^^^^^^^^

warning: `warp` (lib test) generated 72 warnings
    Finished `test` profile [unoptimized] target(s) in 25.65s
────────────
 Nextest run ID ae6c50f9-0d72-4db6-8071-60acf07977e7 with nextest profile: default
    Starting 1 test across 1 binary (1522 tests skipped)
        FAIL [   0.061s] (1/1) warp notebooks::notebook::tests::enter_in_notebook_body_inserts_and_persists_newline
  stdout ───

    running 1 test
    test notebooks::notebook::tests::enter_in_notebook_body_inserts_and_persists_newline ... FAILED

    failures:

    failures:
        notebooks::notebook::tests::enter_in_notebook_body_inserts_and_persists_newline

    test result: FAILED. 0 passed; 1 failed; 0 ignored; 0 measured; 1522 filtered out; finished in 0.05s

  stderr ───
    22:48:38.826 [INFO] [warpui_core::core::app] Starting test app...
    22:48:38.828 [INFO] [warpui_core::core::app] Executing test...

    thread 'notebooks::notebook::tests::enter_in_notebook_body_inserts_and_persists_newline' (33484321) panicked at app/src/notebooks/notebook_local_tests.rs:27:13:
    assertion `left == right` failed
      left: "line one"
     right: "line one\n"
    note: run with `RUST_BACKTRACE=1` environment variable to display a backtrace

  Cancelling due to test failure: 
────────────
     Summary [   0.069s] 1 test run: 0 passed, 1 failed, 1522 skipped
        FAIL [   0.061s] (1/1) warp notebooks::notebook::tests::enter_in_notebook_body_inserts_and_persists_newline
error: test run failed
