Running ./script/format...
Rust formatting succeeded...
Checking for inline Rust test modules...
Inline Rust test module check succeeded...
Checking license boundaries...
License boundary check succeeded...
Checking license config sync...
License config in sync.
License config sync succeeded...
Checking network boundaries...
OK: network constructors stay inside guarded boundary crates
Network boundary check succeeded...
Checking test inventory failure handling...
.........
----------------------------------------------------------------------
Ran 9 tests in 3.660s

OK
Test inventory failure handling succeeded...
Running clippy...
   Compiling lsp v0.1.0 (/Users/tedczj/workspace/term4u/crates/lsp)
warning: command-signatures-v2@0.1.0: Failed to build command signatures JS. Proceeding with stale command signatures!
    Checking warp_logging v0.0.0 (/Users/tedczj/workspace/term4u/crates/warp_logging)
    Checking ipc v0.1.0 (/Users/tedczj/workspace/term4u/crates/ipc)
    Checking warp_ripgrep v0.1.0 (/Users/tedczj/workspace/term4u/crates/warp_ripgrep)
    Checking serve-wasm v0.1.0 (/Users/tedczj/workspace/term4u/crates/serve-wasm)
    Checking warp v0.1.0 (/Users/tedczj/workspace/term4u/app)
    Checking app-installation-detection v0.1.0 (/Users/tedczj/workspace/term4u/crates/app-installation-detection)
    Checking input_classifier v0.0.0 (/Users/tedczj/workspace/term4u/crates/input_classifier)
    Checking syntax_tree v0.1.0 (/Users/tedczj/workspace/term4u/crates/syntax_tree)
    Checking persistence v0.0.0 (/Users/tedczj/workspace/term4u/crates/persistence)
    Checking secret_redaction v0.0.0 (/Users/tedczj/workspace/term4u/crates/secret_redaction)
    Checking languages v0.0.0 (/Users/tedczj/workspace/term4u/crates/languages)
    Checking warp_files v0.1.0 (/Users/tedczj/workspace/term4u/crates/warp_files)
    Checking http_server v0.0.0 (/Users/tedczj/workspace/term4u/crates/http_server)
    Checking channel_versions v0.1.0 (/Users/tedczj/workspace/term4u/crates/channel_versions)
    Checking natural_language_detection v0.1.0 (/Users/tedczj/workspace/term4u/crates/natural_language_detection)
    Checking watcher v0.1.0 (/Users/tedczj/workspace/term4u/crates/watcher)
    Checking vim v0.1.0 (/Users/tedczj/workspace/term4u/crates/vim)
    Checking fuzzy_match v0.1.0 (/Users/tedczj/workspace/term4u/crates/fuzzy_match)
    Checking warpui v0.0.0 (/Users/tedczj/workspace/term4u/crates/warpui)
    Checking build_cache v0.1.0 (/Users/tedczj/workspace/term4u/crates/build_cache)
    Checking jsonrpc v0.1.0 (/Users/tedczj/workspace/term4u/crates/jsonrpc)
    Checking interaction_types v0.1.0 (/Users/tedczj/workspace/term4u/crates-local/interaction_types)
    Checking ui_components v0.0.0 (/Users/tedczj/workspace/term4u/crates/ui_components)
    Checking asset_cache v0.0.0 (/Users/tedczj/workspace/term4u/crates/asset_cache)
    Checking http_client v0.0.0 (/Users/tedczj/workspace/term4u/crates/http_client)
    Checking prevent_sleep v0.0.0 (/Users/tedczj/workspace/term4u/crates/prevent_sleep)
    Checking warp_assets v0.0.0 (/Users/tedczj/workspace/term4u/crates/warp_assets)
    Checking warp_isolation_platform v0.1.0 (/Users/tedczj/workspace/term4u/crates/isolation_platform)
    Checking simple_logger v0.1.0 (/Users/tedczj/workspace/term4u/crates/simple_logger)
    Checking warp_core v0.0.0 (/Users/tedczj/workspace/term4u/crates/warp_core)
    Checking warpui_extras v0.0.0 (/Users/tedczj/workspace/term4u/crates/warpui_extras)
    Checking settings v0.0.0 (/Users/tedczj/workspace/term4u/crates/settings)
    Checking virtual-fs v0.1.0 (/Users/tedczj/workspace/term4u/crates/virtual_fs)
    Checking sum_tree v0.1.0 (/Users/tedczj/workspace/term4u/crates/sum_tree)
    Checking settings_value v0.1.0 (/Users/tedczj/workspace/term4u/crates/settings_value)
    Checking ipynb_parser v0.1.0 (/Users/tedczj/workspace/term4u/crates/ipynb_parser)
    Checking string-offset v0.0.0 (/Users/tedczj/workspace/term4u/crates/string-offset)
    Checking markdown_parser v0.1.0 (/Users/tedczj/workspace/term4u/crates/markdown_parser)
    Checking local_control v0.0.0 (/Users/tedczj/workspace/term4u/crates/local_control)
    Checking offline_guard v0.1.0 (/Users/tedczj/workspace/term4u/crates-local/offline_guard)
    Checking command v0.1.0 (/Users/tedczj/workspace/term4u/crates/command)
    Checking warp_features v0.0.0 (/Users/tedczj/workspace/term4u/crates/warp_features)
    Checking ai_types v0.1.0 (/Users/tedczj/workspace/term4u/crates/ai_types)
    Checking regex_dfas v0.0.0 (/Users/tedczj/workspace/term4u/crates/regex_dfas)
    Checking handlebars v0.0.0 (/Users/tedczj/workspace/term4u/crates/handlebars)
    Checking warp_tui v0.0.0 (/Users/tedczj/workspace/term4u/crates/warp_tui)
error: unused import: `BlockList`
 --> crates/warp_tui/src/terminal_block.rs:8:32
  |
8 |     Block, BlockGrid, BlockId, BlockList, GridHandler, TermMode, TerminalColorList, TerminalModel,
  |                                ^^^^^^^^^
  |
  = note: `-D unused-imports` implied by `-D warnings`
  = help: to override `-D warnings` add `#[allow(unused_imports)]`

error: could not compile `warp_tui` (lib) due to 1 previous error
warning: build failed, waiting for other jobs to finish...
error: could not compile `warp_tui` (lib test) due to 1 previous error
