Running ./script/format...
Rust formatting succeeded...
Checking for inline Rust test modules...
Inline Rust test module check succeeded...
Checking license boundaries...
License boundary check succeeded...
Checking license config sync...
License config in sync.
License config sync succeeded...
Checking network boundaries...
OK: network constructors stay inside guarded boundary crates
Network boundary check succeeded...
Checking test inventory failure handling...
.........
----------------------------------------------------------------------
Ran 9 tests in 4.229s

OK
Test inventory failure handling succeeded...
Running clippy...
    Checking warp v0.1.0 (/Users/tedczj/workspace/term4u/app)
warning: command-signatures-v2@0.1.0: Failed to build command signatures JS. Proceeding with stale command signatures!
error: this `if` statement can be collapsed
    --> app/src/code/editor/element.rs:1159:13
     |
1159 | /             if should_show_diff_hunk_icons {
1160 | |                 if let Some(revert_hunk_button) = self
1161 | |                     .revert_hunk_button
1162 | |                     .as_ref()
...    |
1172 | |             }
     | |_____________^
     |
     = help: for further information visit https://rust-lang.github.io/rust-clippy/rust-1.92.0/index.html#collapsible_if
     = note: `-D clippy::collapsible-if` implied by `-D warnings`
     = help: to override `-D warnings` add `#[allow(clippy::collapsible_if)]`
help: collapse nested if block
     |
1159 ~             if should_show_diff_hunk_icons
1160 ~                 && let Some(revert_hunk_button) = self
1161 |                     .revert_hunk_button
 ...
1170 |                     ));
1171 ~                 }
     |

error: could not compile `warp` (lib) due to 1 previous error
warning: build failed, waiting for other jobs to finish...
error: could not compile `warp` (lib test) due to 1 previous error
