Running ./script/format...
Rust formatting succeeded...
Checking for inline Rust test modules...
Inline Rust test module check succeeded...
Checking license boundaries...
License boundary check succeeded...
Checking license config sync...
License config in sync.
License config sync succeeded...
Checking network boundaries...
OK: network constructors stay inside guarded boundary crates
Network boundary check succeeded...
Checking test inventory failure handling...
.........
----------------------------------------------------------------------
Ran 9 tests in 4.178s

OK
Test inventory failure handling succeeded...
Running clippy...
    Checking aws-lc-sys v0.39.1
    Checking http-range-header v0.4.0
    Checking num_threads v0.1.7
    Checking web_atoms v0.1.3
    Checking time v0.3.47
    Checking tower-http v0.6.8
    Checking aws-lc-rs v1.16.2
    Checking markup5ever v0.35.0
    Checking castaway v0.2.4
    Checking html5ever v0.35.0
    Checking rustls-webpki v0.103.13
    Checking lru v0.18.0
    Checking strum v0.28.0
    Checking compact_str v0.9.0
    Checking xml5ever v0.35.0
    Checking rustls v0.23.39
    Checking unicode-truncate v2.0.1
    Checking kasuari v0.4.11
    Checking critical-section v1.2.0
    Checking markup5ever_rcdom v0.35.0+unofficial
    Checking line-clipping v0.3.7
    Checking ratatui-core v0.1.1
    Checking markdown_parser v0.1.0 (/Users/tedczj/workspace/term4u/crates/markdown_parser)
   Compiling warpui_core v0.1.0 (/Users/tedczj/workspace/term4u/crates/warpui_core)
    Checking ratatui-widgets v0.3.1
    Checking ratatui-crossterm v0.1.1
   Compiling warp_core v0.0.0 (/Users/tedczj/workspace/term4u/crates/warp_core)
    Checking ratatui-macros v0.7.1
    Checking ratatui v0.30.1
    Checking tokio-rustls v0.26.4
    Checking rustls-platform-verifier v0.6.2
    Checking tungstenite v0.24.0
    Checking hyper-rustls v0.27.7
    Checking rust-embed v8.7.2
    Checking reqwest v0.13.3
   Compiling warpui v0.0.0 (/Users/tedczj/workspace/term4u/crates/warpui)
    Checking async-tungstenite v0.28.2
    Checking graphql-ws-client v0.11.1
    Checking websocket v0.1.0 (/Users/tedczj/workspace/term4u/crates/websocket)
    Checking anstyle-parse v1.0.0
    Checking anstream v1.0.0
    Checking aha-reqwest-eventsource v0.1.0
    Checking escape8259 v0.5.3
    Checking warp_errors v0.0.0 (/Users/tedczj/workspace/term4u/crates/warp_errors)
    Checking libtest-mimic v0.8.2
    Checking local_control v0.0.0 (/Users/tedczj/workspace/term4u/crates/local_control)
    Checking command v0.1.0 (/Users/tedczj/workspace/term4u/crates/command)
    Checking sum_tree v0.1.0 (/Users/tedczj/workspace/term4u/crates/sum_tree)
    Checking warp_util v0.1.0 (/Users/tedczj/workspace/term4u/crates/warp_util)
    Checking arborium-javascript v2.13.0
    Checking zstd-sys v2.0.15+zstd.1.5.7
    Checking zstd-safe v7.2.4
    Checking arborium-css v2.13.0
    Checking rust-embed v6.8.1
    Checking zstd v0.13.3
    Checking ipynb_parser v0.1.0 (/Users/tedczj/workspace/term4u/crates/ipynb_parser)
   Compiling repo_metadata v0.1.0 (/Users/tedczj/workspace/term4u/crates/repo_metadata)
    Checking warp-command-signatures v0.0.0 (https://github.com/warpdotdev/command-signatures.git?rev=d3725aa42375cc229699c87be2b38f9d9f07080f#d3725aa4)
    Checking arborium-c v2.13.0
    Checking arborium-html v2.13.0
    Checking arborium-tree-sitter v2.13.0
    Checking arborium-toml v2.13.0
    Checking arborium-typescript v2.13.0
    Checking arborium-yaml v2.13.0
    Checking arborium-scss v2.13.0
    Checking channel_versions v0.1.0 (/Users/tedczj/workspace/term4u/crates/channel_versions)
    Checking arborium-highlight v2.13.0
    Checking arborium-vue v2.13.0
    Checking arborium-markdown v2.13.0
    Checking arborium-swift v2.13.0
    Checking arborium-scala v2.13.0
    Checking arborium-ruby v2.13.0
    Checking arborium-starlark v2.13.0
    Checking arborium-jq v2.13.0
    Checking arborium-json v2.13.0
    Checking arborium-xml v2.13.0
    Checking arborium-tsx v2.13.0
    Checking arborium-rust v2.13.0
    Checking arborium-elixir v2.13.0
    Checking arborium-kotlin v2.13.0
    Checking arborium-dockerfile v2.13.0
    Checking arborium-go v2.13.0
    Checking arborium-sql v2.13.0
    Checking arborium-bash v2.13.0
    Checking arborium-powershell v2.13.0
    Checking arborium-cpp v2.13.0
    Checking arborium-java v2.13.0
    Checking arborium-php v2.13.0
    Checking arborium-lua v2.13.0
    Checking arborium-hcl v2.13.0
    Checking arborium-python v2.13.0
    Checking arborium-c-sharp v2.13.0
    Checking arborium-nix v2.13.0
    Checking arborium-objc v2.13.0
    Checking tantivy-common v0.11.0
    Checking arborium v2.13.0
    Checking lzma-sys v0.1.20
    Checking bzip2-sys v0.1.13+1.0.8
    Checking libsqlite3-sys v0.33.0
    Checking bzip2 v0.5.2
    Checking xz2 v0.1.7
    Checking diesel v2.3.10
   Compiling persistence v0.0.0 (/Users/tedczj/workspace/term4u/crates/persistence)
    Checking zip v2.4.2
    Checking warpui_extras v0.0.0 (/Users/tedczj/workspace/term4u/crates/warpui_extras)
    Checking watcher v0.1.0 (/Users/tedczj/workspace/term4u/crates/watcher)
    Checking settings v0.0.0 (/Users/tedczj/workspace/term4u/crates/settings)
    Checking warp_assets v0.0.0 (/Users/tedczj/workspace/term4u/crates/warp_assets)
    Checking http_client v0.0.0 (/Users/tedczj/workspace/term4u/crates/http_client)
    Checking asset_cache v0.0.0 (/Users/tedczj/workspace/term4u/crates/asset_cache)
    Checking warp_cli v0.0.0 (/Users/tedczj/workspace/term4u/crates/warp_cli)
    Checking vim v0.1.0 (/Users/tedczj/workspace/term4u/crates/vim)
    Checking warp_editor v0.1.0 (/Users/tedczj/workspace/term4u/crates/editor)
    Checking warp_completer v0.1.0 (/Users/tedczj/workspace/term4u/crates/warp_completer)
    Checking diesel_migrations v2.3.1
    Checking languages v0.0.0 (/Users/tedczj/workspace/term4u/crates/languages)
    Checking secret_redaction v0.0.0 (/Users/tedczj/workspace/term4u/crates/secret_redaction)
    Checking warp_isolation_platform v0.1.0 (/Users/tedczj/workspace/term4u/crates/isolation_platform)
    Checking tantivy-stacker v0.7.0
    Checking tantivy-sstable v0.7.0
   Compiling lsp v0.1.0 (/Users/tedczj/workspace/term4u/crates/lsp)
    Checking tantivy-columnar v0.7.0
    Checking simple_logger v0.1.0 (/Users/tedczj/workspace/term4u/crates/simple_logger)
    Checking jsonrpc v0.1.0 (/Users/tedczj/workspace/term4u/crates/jsonrpc)
   Compiling ai v0.1.0 (/Users/tedczj/workspace/term4u/crates/ai)
    Checking unicode-ident v1.0.12
    Checking tantivy v0.26.0
    Checking onig_sys v69.9.1
    Checking warp_terminal v0.0.0 (/Users/tedczj/workspace/term4u/crates/warp_terminal)
    Checking libz-sys v1.1.25
    Checking syntax_tree v0.1.0 (/Users/tedczj/workspace/term4u/crates/syntax_tree)
    Checking plist v1.5.1
    Checking palette v0.6.1
    Checking libgit2-sys v0.18.3+1.9.2
    Checking onig v6.5.1
   Compiling warp v0.1.0 (/Users/tedczj/workspace/term4u/app)
    Checking warp_ripgrep v0.1.0 (/Users/tedczj/workspace/term4u/crates/warp_ripgrep)
    Checking build_cache v0.1.0 (/Users/tedczj/workspace/term4u/crates/build_cache)
    Checking ui_components v0.0.0 (/Users/tedczj/workspace/term4u/crates/ui_components)
    Checking warp-workflows v0.1.0 (https://github.com/warpdotdev/workflows?rev=793a98ddda6ef19682aed66364faebd2829f0e01#793a98dd)
    Checking warp_search_core v0.1.0 (/Users/tedczj/workspace/term4u/crates/warp_search_core)
    Checking cynic v3.8.0
    Checking syntect v5.2.0
    Checking git2 v0.20.4
    Checking kmeans_colors v0.5.0
    Checking warp_logging v0.0.0 (/Users/tedczj/workspace/term4u/crates/warp_logging)
    Checking ipc v0.1.0 (/Users/tedczj/workspace/term4u/crates/ipc)
   Compiling asset_macro v0.1.0 (/Users/tedczj/workspace/term4u/crates/asset_macro)
    Checking app-installation-detection v0.1.0 (/Users/tedczj/workspace/term4u/crates/app-installation-detection)
    Checking warp_files v0.1.0 (/Users/tedczj/workspace/term4u/crates/warp_files)
    Checking http_server v0.0.0 (/Users/tedczj/workspace/term4u/crates/http_server)
    Checking bitflags v2.13.0
    Checking proc-macro2 v1.0.106
    Checking rustix v1.1.2
    Checking plotters-backend v0.3.5
    Checking quote v1.0.45
    Checking plotters-svg v0.3.5
    Checking wasm-bindgen-shared v0.2.117
    Checking futures-sink v0.3.31
    Checking smallvec v1.15.1
    Checking cast v0.3.0
    Checking parking_lot_core v0.9.12
    Checking criterion-plot v0.5.0
    Checking futures-channel v0.3.31
    Checking wasm-bindgen v0.2.117
    Checking plotters v0.3.5
    Checking polling v3.11.0
    Checking async-io v2.6.0
    Checking rquickjs-sys v0.3.1
    Checking syn v2.0.117
    Checking ciborium v0.2.2
    Checking async-signal v0.2.13
    Checking async-process v2.5.0
    Checking tinytemplate v1.2.1
    Checking regex-automata v0.4.9
    Checking lock_api v0.4.14
    Checking futures-task v0.3.31
    Checking oorandom v11.1.3
    Checking anes v0.1.6
    Checking either v1.9.0
    Checking itertools v0.14.0
    Checking regex v1.11.1
    Checking criterion v0.5.1
    Checking futures-util v0.3.31
    Checking parking_lot v0.12.5
    Checking js-sys v0.3.94
    Checking rquickjs-core v0.3.1
   Compiling command-signatures-v2 v0.1.0 (/Users/tedczj/workspace/term4u/crates/command-signatures-v2)
    Checking serde_json v1.0.150
    Checking simplelog v0.12.2
   Compiling node_runtime v0.1.0 (/Users/tedczj/workspace/term4u/crates/node_runtime)
    Checking rand v0.8.6
    Checking digest v0.10.7
    Checking sha2 v0.10.9
    Checking rquickjs v0.3.1
    Checking input_classifier v0.0.0 (/Users/tedczj/workspace/term4u/crates/input_classifier)
    Checking convert_case v0.7.1
    Checking futures-test-sink v0.1.1
    Checking serde-wasm-bindgen v0.6.5
    Checking warp_web_event_bus v0.0.0 (/Users/tedczj/workspace/term4u/crates/warp_web_event_bus)
warning: command-signatures-v2@0.1.0: Failed to build command signatures JS. Proceeding with stale command signatures!
    Checking settings_value_derive v0.0.0 (/Users/tedczj/workspace/term4u/crates/settings_value_derive)
    Checking warp_js v0.1.0 (/Users/tedczj/workspace/term4u/crates/warp_js)
error: associated function `new_for_test` is never used
   --> app/src/ai/persisted_workspace.rs:134:12
    |
106 | impl PersistedWorkspace {
    | ----------------------- associated function in this implementation
...
134 |     pub fn new_for_test() -> Self {
    |            ^^^^^^^^^^^^
    |
    = note: `-D dead-code` implied by `-D warnings`
    = help: to override `-D warnings` add `#[allow(dead_code)]`

error: associated function `mock` is never used
  --> app/src/user_config/mod.rs:97:12
   |
95 | impl WarpConfig {
   | --------------- associated function in this implementation
96 |     #[cfg(any(test, all(feature = "tui", feature = "test-util")))]
97 |     pub fn mock(_ctx: &mut ModelContext<Self>) -> Self {
   |            ^^^^

error: associated function `new_for_testing` is never used
   --> app/src/warp_managed_paths_watcher.rs:151:19
    |
145 | impl WarpManagedPathsWatcher {
    | ---------------------------- associated function in this implementation
...
151 |     pub(crate) fn new_for_testing(ctx: &mut ModelContext<Self>) -> Self {
    |                   ^^^^^^^^^^^^^^^

    Checking field_mask v0.0.0 (/Users/tedczj/workspace/term4u/crates/field_mask)
error: could not compile `warp` (lib) due to 3 previous errors
warning: build failed, waiting for other jobs to finish...
