Running ./script/format...
Rust formatting succeeded...
Checking for inline Rust test modules...
Inline Rust test module check succeeded...
Checking license boundaries...
License boundary check succeeded...
Checking license config sync...
License config in sync.
License config sync succeeded...
Checking network boundaries...
OK: network constructors stay inside guarded boundary crates
Network boundary check succeeded...
Checking test inventory failure handling...
.........
----------------------------------------------------------------------
Ran 9 tests in 3.972s

OK
Test inventory failure handling succeeded...
Running clippy...
    Checking warp_tui v0.0.0 (/Users/tedczj/workspace/term4u/crates/warp_tui)
warning: command-signatures-v2@0.1.0: Failed to build command signatures JS. Proceeding with stale command signatures!
    Finished `dev` profile [unoptimized] target(s) in 1.92s
   Compiling lsp v0.1.0 (/Users/tedczj/workspace/term4u/crates/lsp)
    Checking warp v0.1.0 (/Users/tedczj/workspace/term4u/app)
    Finished `dev` profile [unoptimized] target(s) in 14.92s
    Checking stable_deref_trait v1.2.0
    Checking mio v1.1.1
    Checking regex-automata v0.4.9
   Compiling rand_core v0.6.4
    Checking futures-util v0.3.31
   Compiling rand v0.8.6
    Checking tokio v1.50.0
    Checking yoke v0.7.5
    Checking zerovec v0.10.4
   Compiling phf_generator v0.11.3
    Checking zeroize v1.8.2
    Checking tinystr v0.7.6
    Checking rustls-pki-types v1.12.0
    Checking aws-lc-rs v1.16.2
    Checking parking_lot v0.12.5
   Compiling phf_codegen v0.11.3
   Compiling string_cache_codegen v0.5.4
    Checking tracing-core v0.1.36
    Checking hashbrown v0.16.0
    Checking icu_locid v1.5.0
    Checking rustls-webpki v0.103.13
    Checking indexmap v2.12.0
   Compiling web_atoms v0.1.3
    Checking tracing v0.1.44
   Compiling memchr v2.7.6
    Checking rustls v0.23.39
    Checking string_cache v0.8.9
    Checking icu_provider v1.5.0
    Checking icu_locid_transform v1.5.0
    Checking getrandom v0.3.4
    Checking tokio-util v0.7.18
    Checking icu_collections v1.5.0
    Checking icu_properties v1.5.1
    Checking regex v1.11.1
    Checking bstr v1.9.0
    Checking uuid v1.19.0
    Checking png v0.18.1
    Checking h2 v0.4.15
    Checking icu_normalizer v1.5.0
    Checking rustybuzz v0.20.1
    Checking idna_adapter v1.2.0
    Checking futures-executor v0.3.31
    Checking markup5ever v0.35.0
    Checking core-graphics v0.25.0 (https://github.com/servo/core-foundation-rs?rev=6f844cf1a1a18e25b70fcdf1bcdc458555bd2eff#6f844cf1)
    Checking xml5ever v0.35.0
    Checking html5ever v0.35.0
    Checking system-configuration v0.6.1
    Checking tokio-rustls v0.26.4
    Checking hyper v1.8.1
    Checking heapless v0.8.0
    Checking markup5ever_rcdom v0.35.0+unofficial
    Checking nix v0.30.1
    Checking core-text v21.1.0 (https://github.com/servo/core-foundation-rs?rev=6f844cf1a1a18e25b70fcdf1bcdc458555bd2eff#6f844cf1)
    Checking usvg v0.47.0
    Checking futures v0.3.31
    Checking idna v1.0.3
    Checking hyper-util v0.1.16
    Checking tiny-skia v0.12.0
    Checking cfb v0.7.3
    Checking security-framework v3.5.1
   Compiling aho-corasick v1.1.3
   Compiling warpui_core v0.1.0 (/Users/tedczj/workspace/term4u/crates/warpui_core)
    Checking sha1 v0.10.6
    Checking hashbrown v0.14.1
   Compiling regex-syntax v0.8.5
    Checking rustls-platform-verifier v0.6.2
    Checking dashmap v6.1.0
    Checking font-kit v0.12.0 (https://github.com/warpdotdev/font-kit?rev=a04b225ecb639bb850f21d05212cfdc7465000f3#a04b225e)
    Checking warp_util v0.1.0 (/Users/tedczj/workspace/term4u/crates/warp_util)
    Checking tungstenite v0.24.0
    Checking tower v0.5.2
    Checking resvg v0.47.0
    Checking infer v0.19.0
    Checking ctrlc v3.4.7
    Checking url v2.5.4
    Checking markdown_parser v0.1.0 (/Users/tedczj/workspace/term4u/crates/markdown_parser)
    Checking rstar v0.12.2
    Checking string-offset v0.0.0 (/Users/tedczj/workspace/term4u/crates/string-offset)
    Checking async-compression v0.4.22
    Checking image v0.25.9
    Checking sum_tree v0.1.0 (/Users/tedczj/workspace/term4u/crates/sum_tree)
    Checking titlecase v1.1.0
    Checking tempfile v3.23.0
    Checking ordered-float v3.9.2
   Compiling log v0.4.29
    Checking tower-http v0.6.8
   Compiling globset v0.4.18
    Checking jaq-std v3.0.0
    Checking objc2-foundation v0.3.2
    Checking hyper-rustls v0.27.7
    Checking objc2-core-foundation v0.3.2
   Compiling nom v7.1.3
    Checking jaq-json v2.0.0
    Checking objc2-io-kit v0.3.1
    Checking graphql-ws-client v0.11.1
    Checking reqwest v0.13.3
   Compiling warp_core v0.0.0 (/Users/tedczj/workspace/term4u/crates/warp_core)
   Compiling rust-embed-utils v7.8.1
    Checking async-tungstenite v0.28.2
    Checking warp_features v0.0.0 (/Users/tedczj/workspace/term4u/crates/warp_features)
    Checking async-net v2.0.0
    Checking jaq-fmts v0.1.0
    Checking websocket v0.1.0 (/Users/tedczj/workspace/term4u/crates/websocket)
    Checking command-corrections v0.0.0 (https://github.com/warpdotdev/command-corrections.git?rev=eae08c8c51d9bc9741fcb17eef2c21f696aebbeb#eae08c8c)
   Compiling color-print-proc-macro v0.3.7
   Compiling rust-embed-impl v6.8.1
    Checking sysinfo v0.37.0
    Checking jaq-all v0.1.0
    Checking color-print v0.3.7
    Checking rust-embed v6.8.1
    Checking local_control v0.0.0 (/Users/tedczj/workspace/term4u/crates/local_control)
    Checking warpui_extras v0.0.0 (/Users/tedczj/workspace/term4u/crates/warpui_extras)
    Checking settings v0.0.0 (/Users/tedczj/workspace/term4u/crates/settings)
    Checking warp-command-signatures v0.0.0 (https://github.com/warpdotdev/command-signatures.git?rev=d3725aa42375cc229699c87be2b38f9d9f07080f#d3725aa4)
    Checking warp_cli v0.0.0 (/Users/tedczj/workspace/term4u/crates/warp_cli)
    Checking warp_completer v0.1.0 (/Users/tedczj/workspace/term4u/crates/warp_completer)
    Finished `dev` profile [unoptimized] target(s) in 11.26s
clippy succeeded...
Running clang-format...
run-clang-format.py: error: Command 'clang-format --version' failed to start: [Errno 2] No such file or directory: 'clang-format'
