Bundling app (bin: term4u)...
   Compiling hyper-util v0.1.16
   Compiling palette v0.6.1
   Compiling cynic v3.8.0
   Compiling kmeans_colors v0.5.0
   Compiling hyper-rustls v0.27.7
   Compiling websocket v0.1.0 (/Users/tedczj/workspace/term4u/crates/websocket)
   Compiling axum v0.8.4
   Compiling reqwest v0.13.3
   Compiling warp_errors v0.0.0 (/Users/tedczj/workspace/term4u/crates/warp_errors)
   Compiling aha-reqwest-eventsource v0.1.0
   Compiling command v0.1.0 (/Users/tedczj/workspace/term4u/crates/command)
   Compiling sum_tree v0.1.0 (/Users/tedczj/workspace/term4u/crates/sum_tree)
   Compiling warp_util v0.1.0 (/Users/tedczj/workspace/term4u/crates/warp_util)
   Compiling local_control v0.0.0 (/Users/tedczj/workspace/term4u/crates/local_control)
   Compiling warpui_core v0.1.0 (/Users/tedczj/workspace/term4u/crates/warpui_core)
   Compiling axum-extra v0.10.1
   Compiling app-installation-detection v0.1.0 (/Users/tedczj/workspace/term4u/crates/app-installation-detection)
   Compiling warpui_extras v0.0.0 (/Users/tedczj/workspace/term4u/crates/warpui_extras)
   Compiling watcher v0.1.0 (/Users/tedczj/workspace/term4u/crates/watcher)
   Compiling warp_assets v0.0.0 (/Users/tedczj/workspace/term4u/crates/warp_assets)
   Compiling settings v0.0.0 (/Users/tedczj/workspace/term4u/crates/settings)
   Compiling jsonrpc v0.1.0 (/Users/tedczj/workspace/term4u/crates/jsonrpc)
   Compiling warp_core v0.0.0 (/Users/tedczj/workspace/term4u/crates/warp_core)
   Compiling ipc v0.1.0 (/Users/tedczj/workspace/term4u/crates/ipc)
   Compiling warpui v0.0.0 (/Users/tedczj/workspace/term4u/crates/warpui)
   Compiling http_client v0.0.0 (/Users/tedczj/workspace/term4u/crates/http_client)
   Compiling asset_cache v0.0.0 (/Users/tedczj/workspace/term4u/crates/asset_cache)
   Compiling vim v0.1.0 (/Users/tedczj/workspace/term4u/crates/vim)
   Compiling warp_cli v0.0.0 (/Users/tedczj/workspace/term4u/crates/warp_cli)
   Compiling repo_metadata v0.1.0 (/Users/tedczj/workspace/term4u/crates/repo_metadata)
   Compiling warp_editor v0.1.0 (/Users/tedczj/workspace/term4u/crates/editor)
   Compiling secret_redaction v0.0.0 (/Users/tedczj/workspace/term4u/crates/secret_redaction)
   Compiling warp_isolation_platform v0.1.0 (/Users/tedczj/workspace/term4u/crates/isolation_platform)
   Compiling simple_logger v0.1.0 (/Users/tedczj/workspace/term4u/crates/simple_logger)
   Compiling lsp v0.1.0 (/Users/tedczj/workspace/term4u/crates/lsp)
   Compiling warp_files v0.1.0 (/Users/tedczj/workspace/term4u/crates/warp_files)
   Compiling languages v0.0.0 (/Users/tedczj/workspace/term4u/crates/languages)
   Compiling warp_completer v0.1.0 (/Users/tedczj/workspace/term4u/crates/warp_completer)
   Compiling syntax_tree v0.1.0 (/Users/tedczj/workspace/term4u/crates/syntax_tree)
   Compiling warp_ripgrep v0.1.0 (/Users/tedczj/workspace/term4u/crates/warp_ripgrep)
   Compiling warp_terminal v0.0.0 (/Users/tedczj/workspace/term4u/crates/warp_terminal)
   Compiling warp_logging v0.0.0 (/Users/tedczj/workspace/term4u/crates/warp_logging)
   Compiling build_cache v0.1.0 (/Users/tedczj/workspace/term4u/crates/build_cache)
   Compiling warp_search_core v0.1.0 (/Users/tedczj/workspace/term4u/crates/warp_search_core)
   Compiling http_server v0.0.0 (/Users/tedczj/workspace/term4u/crates/http_server)
   Compiling ui_components v0.0.0 (/Users/tedczj/workspace/term4u/crates/ui_components)
   Compiling ai v0.1.0 (/Users/tedczj/workspace/term4u/crates/ai)
   Compiling warp v0.1.0 (/Users/tedczj/workspace/term4u/app)
    Finished `dev` profile [unoptimized] target(s) in 29.34s
[1m[32m    Bundling(B[m Term4u.app
[1m[32m    Finished(B[m 1 bundle at:
        /Users/tedczj/workspace/term4u/target/debug/bundle/osx/Term4u.app
Successfully bundled...
Adding @executable_path/../Frameworks rpath to /Users/tedczj/workspace/term4u/target/debug/bundle/osx/Term4u.app/Contents/MacOS/term4u to support bundled macOS frameworks
Updating plist to support a custom url scheme
Updating plist with supported file types
Updating plist with permissions descriptions
Disabling use of Liquid Glass on macOS Tahoe
Preparing bundled resources...
Copying bundled resources to /Users/tedczj/workspace/term4u/target/debug/bundle/osx/Term4u.app/Contents/Resources/bundled
Copying channel-gated skills for channel 'oss'...
  Channel 'oss' has no gated skills, skipping
Successfully prepared bundled resources in /Users/tedczj/workspace/term4u/target/debug/bundle/osx/Term4u.app/Contents/Resources
Warning: no .icon bundle found for oss channel at /Users/tedczj/workspace/term4u/app/channels/oss/icon/AppIcon.icon; skipping adaptive icon compilation.
Codesigning app...
/Users/tedczj/workspace/term4u/target/debug/bundle/osx/Term4u.app: replacing existing signature
