2026-09-12T17:15:45Z [INFO] [warp::resource_limits] Initial open file descriptor limit is 256, with a hard limit of 9223372036854775807
2026-09-12T17:15:45Z [INFO] [warp::resource_limits] Increased open file descriptor limit to 2560
2026-09-12T17:15:45Z [INFO] [warp_terminal::local_tty::server] Spawning terminal server process...
2026-09-12T17:15:45Z [INFO] [warp_terminal::local_tty::server::event_loop] Running terminal server...
2026-09-12T17:15:45Z [INFO] [warpui::platform::mac::app] application will finish launching
2026-09-12T17:15:45Z [INFO] [warp::app_services] Initializing app services
2026-09-12T17:15:45Z [INFO] [warpui_core::core::app] dispatching global action for root_view:open_from_restored
2026-09-12T17:15:45Z [INFO] [warpui::platform::mac::window] Opening window with id 0
2026-09-12T17:15:45Z [INFO] [warpui::platform::mac::window] Using discrete GPU for rendering new window.
2026-09-12T17:15:46Z [INFO] [warpui_core::fonts] Computing available system fonts
2026-09-12T17:15:46Z [INFO] [warp::terminal::local_tty::terminal_manager] Creating terminal model with 0 restored blocks
2026-09-12T17:15:46Z [INFO] [warp::terminal::local_tty::terminal_manager] Creating terminal model with 0 restored blocks
2026-09-12T17:15:46Z [INFO] [warp::code_review::code_review_view] Code Review Panel: Setting state to loading after receiving 'loading' message.
2026-09-12T17:15:46Z [WARN] [warp::code_review::code_review_view] CodeReviewView git status subscribe failed: No watched repository found for path: /private/tmp/term4u-r1r2-20260912/workspace-gui/project
2026-09-12T17:15:46Z [WARN] [warp::code_review::code_review_view] CodeReviewView github repo subscribe failed: No watched repository found for path: /private/tmp/term4u-r1r2-20260912/workspace-gui/project
2026-09-12T17:15:46Z [INFO] [warp::terminal::local_tty::terminal_manager] Creating terminal model with 4 restored blocks
2026-09-12T17:15:46Z [INFO] [warp::terminal::model::block] Block finished with new state DoneWithExecution
2026-09-12T17:15:46Z [INFO] [warp::terminal::model::block] Block finished with new state DoneWithExecution
2026-09-12T17:15:46Z [INFO] [warp::terminal::model::block] Block finished with new state DoneWithExecution
2026-09-12T17:15:46Z [INFO] [warp::terminal::model::block] Block finished with new state DoneWithExecution
2026-09-12T17:15:46Z [INFO] [warpui_core::platform::app] application did become active
2026-09-12T17:15:46Z [INFO] [warp_terminal::local_tty::unix] Starting shell /bin/zsh
2026-09-12T17:15:46Z [INFO] [warp_terminal::local_tty::server::event_loop] Successfully spawned tty with pid: 39544
2026-09-12T17:15:46Z [INFO] [warp_terminal::local_tty::unix] Successfully spawned child zsh process with pid 39544
2026-09-12T17:15:46Z [INFO] [warp_terminal::local_tty::unix] Starting shell /bin/zsh
2026-09-12T17:15:46Z [INFO] [warp_terminal::local_tty::unix] Successfully spawned child zsh process with pid 39545
2026-09-12T17:15:46Z [INFO] [warp_terminal::local_tty::server::event_loop] Successfully spawned tty with pid: 39545
2026-09-12T17:15:46Z [INFO] [repo_metadata::local_model] Upgrading pending lazy-loaded path to fully indexed directory: /private/tmp/term4u-r1r2-20260912/workspace-gui/project
2026-09-12T17:15:46Z [INFO] [warp_terminal::local_tty::unix] Starting shell /bin/zsh
2026-09-12T17:15:46Z [INFO] [warp_terminal::local_tty::server::event_loop] Successfully spawned tty with pid: 39569
2026-09-12T17:15:46Z [INFO] [warp_terminal::local_tty::unix] Successfully spawned child zsh process with pid 39569
2026-09-12T17:15:46Z [INFO] [warpui_core::core::app] dispatching typed action: warp::editor::view::EditorAction::ClearMarkedText
2026-09-12T17:15:46Z [INFO] [warpui_core::core::app] dispatching typed action: warp::editor::view::EditorAction::ClearMarkedText
2026-09-12T17:15:46Z [INFO] [warpui_core::core::app] dispatching typed action: warp::editor::view::EditorAction::ClearMarkedText
2026-09-12T17:15:46Z [INFO] [warpui_core::core::app] dispatching typed action: warp::editor::view::EditorAction::ClearMarkedText
2026-09-12T17:15:46Z [INFO] [warpui_core::core::app] dispatching typed action: warp::editor::view::EditorAction::ClearMarkedText
2026-09-12T17:15:46Z [INFO] [warpui_core::core::app] dispatching typed action: warp::editor::view::EditorAction::ClearMarkedText
2026-09-12T17:15:46Z [INFO] [warpui_core::core::app] dispatching typed action: warp::editor::view::EditorAction::ClearMarkedText
2026-09-12T17:15:46Z [INFO] [warpui_core::core::app] dispatching typed action: warp::editor::view::EditorAction::ClearMarkedText
2026-09-12T17:15:46Z [INFO] [warpui_core::platform::app] window resized
2026-09-12T17:15:46Z [INFO] [warpui_core::core::app] dispatching global action for workspace:save_app
2026-09-12T17:15:46Z [INFO] [warpui_core::platform::app] window resized
2026-09-12T17:15:46Z [INFO] [warpui_core::core::app] dispatching global action for workspace:save_app
2026-09-12T17:15:46Z [INFO] [warpui_core::platform::app] window resized
2026-09-12T17:15:46Z [INFO] [warpui_core::core::app] dispatching global action for workspace:save_app
2026-09-12T17:15:46Z [INFO] [warpui_core::platform::app] window resized
2026-09-12T17:15:46Z [INFO] [warpui_core::core::app] dispatching global action for workspace:save_app
2026-09-12T17:15:46Z [INFO] [warpui_core::platform::app] active window changed: Some(WindowId(0))
2026-09-12T17:15:46Z [INFO] [warpui_core::core::app] dispatching global action for workspace:save_app
2026-09-12T17:15:46Z [INFO] [warpui_core::platform::app] window resized
2026-09-12T17:15:46Z [INFO] [warpui_core::core::app] dispatching global action for workspace:save_app
2026-09-12T17:15:46Z [INFO] [repo_metadata::local_model] Successfully indexed repository: /private/tmp/term4u-r1r2-20260912/workspace-gui/project with 3 files
2026-09-12T17:15:46Z [WARN] [lsp::manager] No server registered for startup at path: /private/tmp/term4u-r1r2-20260912/workspace-gui/project
2026-09-12T17:15:46Z [INFO] [warpui_core::core::app] dispatching typed action: warp::editor::view::EditorAction::ClearMarkedText
2026-09-12T17:15:46Z [INFO] [warp_terminal::model::ansi] Received InitShell hook
2026-09-12T17:15:46Z [INFO] [warp_terminal::model::ansi] Received InitShell hook
2026-09-12T17:15:46Z [INFO] [warp_terminal::model::ansi] Received InitShell hook
2026-09-12T17:15:46Z [INFO] [warp_terminal::model::ansi] Received CommandFinished hook
2026-09-12T17:15:46Z [INFO] [warp::terminal::model::terminal_model] Tried to exit the alternate screen, but it was already inactive
2026-09-12T17:15:46Z [INFO] [warp_terminal::model::ansi] Received CommandFinished hook
2026-09-12T17:15:46Z [INFO] [warp::terminal::model::terminal_model] Tried to exit the alternate screen, but it was already inactive
2026-09-12T17:15:46Z [INFO] [warp_terminal::model::ansi] Received CommandFinished hook
2026-09-12T17:15:46Z [INFO] [warp::terminal::model::terminal_model] Tried to exit the alternate screen, but it was already inactive
2026-09-12T17:15:46Z [INFO] [warp::terminal::model::block] Block finished with new state DoneWithExecution
2026-09-12T17:15:46Z [INFO] [warp::terminal::model::block] Block finished with new state DoneWithExecution
2026-09-12T17:15:46Z [INFO] [warp::terminal::model::blocks] Incrementing stage from WarpInput to ScriptExecution
2026-09-12T17:15:46Z [INFO] [warp::terminal::model::blocks] Incrementing stage from WarpInput to ScriptExecution
2026-09-12T17:15:46Z [INFO] [warp::terminal::model::block] Block finished with new state DoneWithExecution
2026-09-12T17:15:46Z [INFO] [warp::terminal::model::blocks] Incrementing stage from WarpInput to ScriptExecution
2026-09-12T17:15:46Z [INFO] [warp_terminal::model::ansi] Received Precmd hook
2026-09-12T17:15:46Z [INFO] [warp_terminal::model::ansi] Received Precmd hook
2026-09-12T17:15:46Z [INFO] [warp_terminal::model::ansi] Received Precmd hook
2026-09-12T17:15:46Z [INFO] [warp_terminal::model::ansi] Received Bootstrapped hook
2026-09-12T17:15:46Z [INFO] [warp_terminal::model::ansi] Received Bootstrapped hook
2026-09-12T17:15:46Z [INFO] [warp::terminal::model::early_output] Configured typeahead mode as ShellReported
2026-09-12T17:15:46Z [INFO] [warp_terminal::model::ansi] Received Bootstrapped hook
2026-09-12T17:15:46Z [INFO] [warp::terminal::model::session::command_executor] creating a local executor!
2026-09-12T17:15:46Z [INFO] [warp::terminal::model::early_output] Configured typeahead mode as ShellReported
2026-09-12T17:15:46Z [INFO] [warp::terminal::model::session] Parsed shell version string: Some([Number(5), Number(9)])
2026-09-12T17:15:46Z [INFO] [warp::terminal::model::session] Shell is bootstrapped with session_id SessionId(10584983421978946158)
2026-09-12T17:15:46Z [INFO] [warp::terminal::model::early_output] Configured typeahead mode as ShellReported
2026-09-12T17:15:46Z [INFO] [warp::terminal::model::session] Loading history from file /tmp/term4u-r1r2-20260912/gui-work/.zsh_history for shell zsh
2026-09-12T17:15:46Z [INFO] [warp::terminal::model::session::command_executor] creating a local executor!
2026-09-12T17:15:46Z [INFO] [warp::terminal::model::session] Parsed shell version string: Some([Number(5), Number(9)])
2026-09-12T17:15:46Z [INFO] [warp::terminal::model::session] Shell is bootstrapped with session_id SessionId(16086401642674640046)
2026-09-12T17:15:46Z [INFO] [warp::terminal::model::session::command_executor] creating a local executor!
2026-09-12T17:15:46Z [INFO] [warp::terminal::model::session] Parsed shell version string: Some([Number(5), Number(9)])
2026-09-12T17:15:46Z [INFO] [warp::terminal::model::session] Shell is bootstrapped with session_id SessionId(5076815895752375308)
2026-09-12T17:15:46Z [INFO] [warp_terminal::model::ansi] Received CommandFinished hook
2026-09-12T17:15:46Z [INFO] [warp_terminal::model::ansi] Received CommandFinished hook
2026-09-12T17:15:46Z [INFO] [warp::terminal::model::terminal_model] Tried to exit the alternate screen, but it was already inactive
2026-09-12T17:15:46Z [INFO] [warp::terminal::model::terminal_model] Tried to exit the alternate screen, but it was already inactive
2026-09-12T17:15:46Z [INFO] [warp_terminal::model::ansi] Received CommandFinished hook
2026-09-12T17:15:46Z [INFO] [warp::terminal::model::terminal_model] Tried to exit the alternate screen, but it was already inactive
2026-09-12T17:15:46Z [INFO] [warp::terminal::model::block] Block finished with new state DoneWithExecution
2026-09-12T17:15:46Z [INFO] [warp::terminal::model::block] Block finished with new state DoneWithExecution
2026-09-12T17:15:46Z [INFO] [warp::terminal::model::block] Block finished with new state DoneWithExecution
2026-09-12T17:15:46Z [INFO] [warp::terminal::model::blocks] Incrementing stage from Bootstrapped to PostBootstrapPrecmd
2026-09-12T17:15:46Z [INFO] [warp::terminal::model::blocks] Incrementing stage from Bootstrapped to PostBootstrapPrecmd
2026-09-12T17:15:46Z [INFO] [warp::terminal::model::blocks] Incrementing stage from Bootstrapped to PostBootstrapPrecmd
2026-09-12T17:15:46Z [INFO] [warp::code_review::code_review_view] Code Review: Set available_branches with 1 branches
2026-09-12T17:15:46Z [INFO] [warp_terminal::model::ansi] Received Precmd hook
2026-09-12T17:15:46Z [INFO] [warp_terminal::model::ansi] Received Precmd hook
2026-09-12T17:15:46Z [INFO] [warp_files] FileModel subscribed to repository: /private/tmp/term4u-r1r2-20260912/workspace-gui/project
2026-09-12T17:15:46Z [WARN] [lsp::manager] No server registered for startup at path: /private/tmp/term4u-r1r2-20260912/workspace-gui/project
2026-09-12T17:15:46Z [ERROR] [errors::report_error] Failed to relocate PR comments: CodeReviewView diff state not loaded
2026-09-12T17:15:46Z [WARN] [lsp::manager] No server registered for startup at path: /private/tmp/term4u-r1r2-20260912/workspace-gui/project
2026-09-12T17:15:46Z [INFO] [warp_terminal::model::ansi] Received Precmd hook
2026-09-12T17:15:46Z [INFO] [warp_terminal::model::ansi] Received InputBuffer hook
2026-09-12T17:15:46Z [INFO] [warp_terminal::model::ansi] Received InputBuffer hook
2026-09-12T17:15:46Z [INFO] [warp_terminal::model::ansi] Received InputBuffer hook
2026-09-12T17:15:50Z [INFO] [warpui_core::core::app] dispatching global action for workspace:save_app
2026-09-12T17:15:55Z [INFO] [warpui_core::core::app] Dispatching custom action Find
2026-09-12T17:15:55Z [INFO] [warpui_core::core::app] dispatching typed action: warp::terminal::view::action::TerminalAction::ShowFindBar
2026-09-12T17:15:55Z [INFO] [warpui_core::core::app] dispatching typed action: warp::editor::view::EditorAction::ClearMarkedText
2026-09-12T17:15:55Z [INFO] [warpui_core::core::app] dispatching typed action: warp::editor::view::EditorAction::ClearMarkedText
2026-09-12T17:15:57Z [INFO] [warpui_core::core::app] dispatching global action for workspace:save_app
2026-09-12T17:16:23Z [INFO] [warpui_core::core::app] dispatching typed action: warp::editor::view::EditorAction::UserInsert(UserInput("R"))
2026-09-12T17:16:23Z [INFO] [warpui_core::core::app] dispatching typed action: warp::editor::view::EditorAction::ClearMarkedText
2026-09-12T17:16:23Z [INFO] [warpui_core::core::app] dispatching typed action: warp::editor::view::EditorAction::UserInsert(UserInput("1"))
2026-09-12T17:16:23Z [INFO] [warpui_core::core::app] dispatching typed action: warp::editor::view::EditorAction::ClearMarkedText
2026-09-12T17:16:23Z [INFO] [warpui_core::core::app] dispatching typed action: warp::editor::view::EditorAction::UserInsert(UserInput("R"))
2026-09-12T17:16:23Z [INFO] [warpui_core::core::app] dispatching typed action: warp::editor::view::EditorAction::ClearMarkedText
2026-09-12T17:16:23Z [INFO] [warpui_core::core::app] dispatching typed action: warp::editor::view::EditorAction::UserInsert(UserInput("2"))
2026-09-12T17:16:23Z [INFO] [warpui_core::core::app] dispatching typed action: warp::editor::view::EditorAction::ClearMarkedText
2026-09-12T17:16:25Z [INFO] [warpui_core::core::app] dispatching global action for workspace:save_app
2026-09-12T17:16:57Z [INFO] [warpui_core::core::app] dispatching typed action: warp::editor::view::EditorAction::Enter
2026-09-12T17:16:59Z [INFO] [warpui_core::core::app] dispatching global action for workspace:save_app
2026-09-12T17:18:43Z [INFO] [warpui_core::core::app] dispatching global action for workspace:save_app
2026-09-12T17:22:57Z [INFO] [warpui_core::platform::app] active window changed: None
2026-09-12T17:22:57Z [INFO] [warpui_core::core::app] dispatching global action for workspace:save_app
2026-09-12T17:23:13Z [INFO] [warpui_core::platform::app] application did become active
2026-09-12T17:23:13Z [INFO] [warpui_core::platform::app] active window changed: Some(WindowId(0))
2026-09-12T17:23:13Z [INFO] [warpui_core::core::app] dispatching global action for workspace:save_app
2026-09-12T17:23:13Z [INFO] [warpui_core::core::app] dispatching typed action: warp::editor::view::EditorAction::ClearMarkedText
2026-09-12T17:23:23Z [INFO] [warpui_core::platform::app] active window changed: None
2026-09-12T17:23:23Z [INFO] [warpui_core::core::app] dispatching global action for workspace:save_app
2026-09-12T17:24:20Z [INFO] [warpui_core::platform::app] application did become active
2026-09-12T17:24:20Z [INFO] [warpui_core::platform::app] active window changed: Some(WindowId(0))
2026-09-12T17:24:20Z [INFO] [warpui_core::core::app] dispatching global action for workspace:save_app
2026-09-12T17:24:20Z [INFO] [warpui_core::core::app] dispatching typed action: warp::editor::view::EditorAction::ClearMarkedText
2026-09-12T17:24:20Z [INFO] [warpui_core::core::app] dispatching typed action: warp::editor::view::EditorAction::Escape
2026-09-12T17:24:20Z [INFO] [warpui_core::core::app] dispatching typed action: warp::editor::view::EditorAction::ClearMarkedText
2026-09-12T17:24:26Z [INFO] [warpui_core::platform::app] application will terminate
2026-09-12T17:24:26Z [INFO] [warp::persistence] Shut down SQLite writer in 16.780292ms
2026-09-12T17:24:26Z [INFO] [lsp::manager] Terminating all LSP servers for 0 workspaces
2026-09-12T17:24:26Z [INFO] [warp_terminal::local_tty::spawner] Tearing down terminal server...
2026-09-12T17:24:26Z [INFO] [warp_terminal::local_tty::server::protocol] Received empty message; assuming the connection has been closed.
2026-09-12T17:24:26Z [INFO] [warp::app_services] Tearing down app services...
2026-09-12T17:24:26Z [INFO] [warpui_core::platform::app] WindowId(0) will close
2026-09-12T17:24:26Z [WARN] [warp_terminal::local_tty::server::client] Received EPIPE when trying to kill child shell process; assuming the terminal server has terminated.
2026-09-12T17:24:26Z [INFO] [warp::terminal::model::terminal_model] Tried to exit the alternate screen, but it was already inactive
2026-09-12T17:24:26Z [INFO] [warp::terminal::model::block] Block finished with new state DoneWithNoExecution
2026-09-12T17:24:26Z [WARN] [warp_terminal::local_tty::server::client] Received EPIPE when trying to kill child shell process; assuming the terminal server has terminated.
2026-09-12T17:24:26Z [INFO] [warp::terminal::model::terminal_model] Tried to exit the alternate screen, but it was already inactive
2026-09-12T17:24:26Z [INFO] [warp::terminal::model::block] Block finished with new state DoneWithNoExecution
2026-09-12T17:24:26Z [WARN] [warp_terminal::local_tty::server::client] Received EPIPE when trying to kill child shell process; assuming the terminal server has terminated.
2026-09-12T17:24:26Z [INFO] [warp::terminal::model::terminal_model] Tried to exit the alternate screen, but it was already inactive
2026-09-12T17:24:26Z [INFO] [warp::terminal::model::block] Block finished with new state DoneWithNoExecution
