^D12:48:25.089 [0m[34m[INFO][0m [0m[2m[warp::resource_limits] [0mInitial open file descriptor limit is 256, with a hard limit of 9223372036854775807
12:48:25.090 [0m[34m[INFO][0m [0m[2m[warp::resource_limits] [0mIncreased open file descriptor limit to 2560
12:48:25.093 [0m[34m[INFO][0m [0m[2m[warp_terminal::local_tty::server] [0mSpawning terminal server process...
12:48:25.105 [0m[34m[INFO][0m [0m[2m[warp_terminal::local_tty::server::event_loop] [0mRunning terminal server...
12:48:25.163 [0m[34m[INFO][0m [0m[2m[warpui::platform::mac::app] [0mapplication will finish launching
12:48:25.237 [0m[34m[INFO][0m [0m[2m[warp::app_services] [0mInitializing app services
12:48:25.251 [0m[34m[INFO][0m [0m[2m[warpui_core::core::app] [0mdispatching global action for root_view:open_from_restored
12:48:25.251 [0m[34m[INFO][0m [0m[2m[warpui::platform::mac::window] [0mOpening window with id 0
12:48:25.260 [0m[34m[INFO][0m [0m[2m[warpui::platform::mac::window] [0mUsing discrete GPU for rendering new window.
12:48:25.358 [0m[34m[INFO][0m [0m[2m[warp::terminal::local_tty::terminal_manager] [0mCreating terminal model with 0 restored blocks

thread 'main' (32180419) panicked at crates/warpui_core/src/keymap/matcher.rs:200:13:
Bindings failed validation [
    BindingLens {
        name: "",
        trigger: Keystrokes(
            [
                Keystroke {
                    ctrl: true,
                    alt: false,
                    shift: false,
                    cmd: false,
                    meta: false,
                    key: "d",
                },
            ],
        ),
        action: CtrlD,
        context_predicate: Identifier(
            "Terminal",
        ),
        description: None,
        original_trigger: None,
        group: None,
        id: BindingId(
            25,
        ),
    },
]
stack backtrace:
   0: __rustc::rust_begin_unwind
   1: core::panicking::panic_fmt
   2: <warpui_core::keymap::matcher::Matcher>::validate_bindings
   3: <warpui_core::core::app::AppContext>::validate_bindings
   4: <warpui_core::platform::app::AppCallbackDispatcher>::initialize_app::{closure#0}
   5: <warpui_core::core::app::App>::update::<(), <warpui_core::platform::app::AppCallbackDispatcher>::initialize_app::{closure#0}>
   6: <warpui_core::platform::app::AppCallbackDispatcher>::initialize_app
   7: _warp_app_will_finish_launching
   8: -[WarpDelegate applicationWillFinishLaunching:]
   9: <unknown>
  10: <unknown>
  11: <unknown>
  12: <unknown>
  13: <unknown>
  14: <unknown>
  15: <unknown>
  16: <unknown>
  17: <() as objc2::encode::EncodeArguments>::__invoke::<()>
  18: objc2::runtime::message_receiver::msg_send_primitive::send::<(), ()>
  19: <*mut objc2::runtime::AnyObject as objc2::runtime::message_receiver::MessageReceiver>::send_message::<(), ()>
  20: <objc2::__macro_helpers::method_family::MethodFamily<6> as objc2::__macro_helpers::msg_send_retained::MsgSend<&objc2_app_kit::generated::__NSApplication::NSApplication, ()>>::send_message::<()>
  21: <objc2_app_kit::generated::__NSApplication::NSApplication>::run
  22: <warpui::platform::mac::app::App>::run::<<warpui::platform::app::AppBuilder>::run<warp::run_internal::{closure#2}>::{closure#2}>::{closure#0}
  23: objc2::rc::autorelease::autoreleasepool::<(), <warpui::platform::mac::app::App>::run<<warpui::platform::app::AppBuilder>::run<warp::run_internal::{closure#2}>::{closure#2}>::{closure#0}>
  24: <warpui::platform::mac::app::App>::run::<<warpui::platform::app::AppBuilder>::run<warp::run_internal::{closure#2}>::{closure#2}>
  25: <warpui::platform::app::AppBackend>::run::<<warpui::platform::app::AppBuilder>::run<warp::run_internal::{closure#2}>::{closure#2}>
  26: <warpui::platform::app::AppBuilder>::run::<warp::run_internal::{closure#2}>
  27: warp::run_internal
  28: warp::run
  29: term4u::main
  30: <fn() -> core::result::Result<(), anyhow::Error> as core::ops::function::FnOnce<()>>::call_once
note: Some details are omitted, run with `RUST_BACKTRACE=full` for a verbose backtrace.
