info: syncing channel updates for 1.92.0-aarch64-apple-darwin
info: latest update on 2025-12-11 for version 1.92.0 (ded5c06cf 2025-12-08)
info: downloading 3 components
    Updating git repository `https://github.com/servo/core-foundation-rs`
From https://github.com/servo/core-foundation-rs
 * [new ref]         6f844cf1a1a18e25b70fcdf1bcdc458555bd2eff -> refs/commit/6f844cf1a1a18e25b70fcdf1bcdc458555bd2eff
    Updating git repository `https://github.com/warpdotdev/rust-objc.git`
From https://github.com/warpdotdev/rust-objc
 * [new ref]         5b656827fa9f863ef0eb22e444a3fedac009e78a -> refs/commit/5b656827fa9f863ef0eb22e444a3fedac009e78a
    Updating git repository `https://github.com/warpdotdev/pathfinder.git`
From https://github.com/warpdotdev/pathfinder
 * [new ref]           34128a129ca6aee168fbc5060a4f21b4f7e486a9 -> refs/commit/34128a129ca6aee168fbc5060a4f21b4f7e486a9
    Updating git repository `https://github.com/warpdotdev/jemallocator.git`
From https://github.com/warpdotdev/jemallocator
 * [new ref]         2ee30bfdf7059223b54810e4ea6c666f0a379e0b -> refs/commit/2ee30bfdf7059223b54810e4ea6c666f0a379e0b
    Updating git submodule `https://github.com/facebook/jemalloc`
From https://github.com/facebook/jemalloc
 * [new ref]           0d7a26e9b6faa4ea33601ee605b5d86b68ff7790 -> refs/commit/0d7a26e9b6faa4ea33601ee605b5d86b68ff7790
    Updating git repository `https://github.com/warpdotdev/tink-rust`
From https://github.com/warpdotdev/tink-rust
 * [new ref]         54b9ac9af93b0c08b446a7bc0582836c9403a71b -> refs/commit/54b9ac9af93b0c08b446a7bc0582836c9403a71b
    Updating git submodule `https://github.com/google/wycheproof`
From https://github.com/google/wycheproof
 * [new ref]         2196000605e45d91097147c9c71f26b72af58003 -> refs/commit/2196000605e45d91097147c9c71f26b72af58003
    Updating git repository `https://github.com/warpdotdev/yaml-rust.git`
From https://github.com/warpdotdev/yaml-rust
 * [new ref]         51684719d0102ca85ff4b21cec39877a0c669e19 -> refs/commit/51684719d0102ca85ff4b21cec39877a0c669e19
    Updating crates.io index
    Updating git repository `https://github.com/warpdotdev/notify`
From https://github.com/warpdotdev/notify
 * [new ref]         91b719849bc04ef251bcb2cc61076b099204e970 -> refs/commit/91b719849bc04ef251bcb2cc61076b099204e970
    Updating git repository `https://github.com/warpdotdev/command-corrections.git`
From https://github.com/warpdotdev/command-corrections
 * [new ref]         eae08c8c51d9bc9741fcb17eef2c21f696aebbeb -> refs/commit/eae08c8c51d9bc9741fcb17eef2c21f696aebbeb
    Updating git repository `https://github.com/warpdotdev/font-kit`
From https://github.com/warpdotdev/font-kit
 * [new ref]         a04b225ecb639bb850f21d05212cfdc7465000f3 -> refs/commit/a04b225ecb639bb850f21d05212cfdc7465000f3
    Updating git repository `https://github.com/warpdotdev/cosmic-text.git`
From https://github.com/warpdotdev/cosmic-text
 * [new ref]         a7c7b71497542758e08f77390b8efce543b3181f -> refs/commit/a7c7b71497542758e08f77390b8efce543b3181f
    Updating git repository `https://github.com/warpdotdev/winit.git`
From https://github.com/warpdotdev/winit
 * [new ref]           a4e0ecb5f9626ccac9445a73dc28354b52423abc -> refs/commit/a4e0ecb5f9626ccac9445a73dc28354b52423abc
    Updating git repository `https://github.com/warpdotdev/dwrote-rs`
From https://github.com/warpdotdev/dwrote-rs
 * [new ref]         a71ce6c0136f7d0954a9a8b181b5b2d8ace5eb9c -> refs/commit/a71ce6c0136f7d0954a9a8b181b5b2d8ace5eb9c
    Updating git repository `https://github.com/warpdotdev/vte.git`
From https://github.com/warpdotdev/vte
 * [new ref]         4b399c87b63ba88f45709edaa6383fc519f6c900 -> refs/commit/4b399c87b63ba88f45709edaa6383fc519f6c900
    Updating git repository `https://github.com/warpdotdev/command-signatures.git`
From https://github.com/warpdotdev/command-signatures
 * [new ref]         d3725aa42375cc229699c87be2b38f9d9f07080f -> refs/commit/d3725aa42375cc229699c87be2b38f9d9f07080f
    Updating git repository `https://github.com/warpdotdev/mermaid-to-svg.git`
From https://github.com/warpdotdev/mermaid-to-svg
 * [new ref]         8d3f789c2eb49335d7bf247a06bb649f59b6d4ed -> refs/commit/8d3f789c2eb49335d7bf247a06bb649f59b6d4ed
    Updating git repository `https://github.com/warpdotdev/workflows`
From https://github.com/warpdotdev/workflows
 * [new ref]         793a98ddda6ef19682aed66364faebd2829f0e01 -> refs/commit/793a98ddda6ef19682aed66364faebd2829f0e01
    Updating git repository `https://github.com/warpdotdev/difflib.git`
From https://github.com/warpdotdev/difflib
 * [new ref]         114177e7d8e1f8017baca397f943e11644b14d63 -> refs/commit/114177e7d8e1f8017baca397f943e11644b14d63
    Updating git repository `https://github.com/warpdotdev/rust-email_address`
From https://github.com/warpdotdev/rust-email_address
 * [new ref]         b3e5205b4efdc83832f230d8eb6894fd00a9ec32 -> refs/commit/b3e5205b4efdc83832f230d8eb6894fd00a9ec32
    Updating git repository `https://github.com/warpdotdev/uneval`
From https://github.com/warpdotdev/uneval
 * [new ref]         df4d9fad372aedc447e6f93ca0f930fabaf9dd1a -> refs/commit/df4d9fad372aedc447e6f93ca0f930fabaf9dd1a
warning: patch `tink-core v0.3.0 (https://github.com/warpdotdev/tink-rust?rev=54b9ac9af93b0c08b446a7bc0582836c9403a71b#54b9ac9a)` was not used in the crate graph
warning: patch `tink-hybrid v0.3.0 (https://github.com/warpdotdev/tink-rust?rev=54b9ac9af93b0c08b446a7bc0582836c9403a71b#54b9ac9a)` was not used in the crate graph
warning: patch `tink-proto v0.3.0 (https://github.com/warpdotdev/tink-rust?rev=54b9ac9af93b0c08b446a7bc0582836c9403a71b#54b9ac9a)` was not used in the crate graph
help: Check that the patched package version and available features are compatible
      with the dependency requirements. If the patch has a different version from
      what is locked in the Cargo.lock file, run `cargo update` to use the new
      version. This may also occur with an optional dependency that is not enabled.
 Downloading crates ...
  Downloaded aliasable v0.1.3
  Downloaded aligned-vec v0.6.1
  Downloaded alloc-no-stdlib v2.0.4
  Downloaded adler2 v2.0.0
  Downloaded addr v0.15.6
  Downloaded assert-json-diff v2.0.2
  Downloaded atomic-waker v1.1.2
  Downloaded arg_enum_proc_macro v0.3.4
  Downloaded alloc-stdlib v0.2.2
  Downloaded aligned v0.4.3
  Downloaded avif-serialize v0.8.8
  Downloaded async-recursion v1.1.1
  Downloaded attribute-derive-macro v0.6.1
  Downloaded base16ct v0.2.0
  Downloaded attribute-derive v0.6.1
  Downloaded async-stream-impl v0.3.5
  Downloaded arrayref v0.3.9
  Downloaded async-stream v0.3.5
  Downloaded autocfg v1.1.0
  Downloaded approx v0.5.1
  Downloaded arborium-html v2.13.0
  Downloaded async_io_stream v0.3.3
  Downloaded as-slice v0.2.1
  Downloaded alphanumeric-sort v1.5.7
  Downloaded async-channel v2.3.1
  Downloaded anstyle-query v1.1.5
  Downloaded arborium-theme v2.13.0
  Downloaded arborium-json v2.13.0
  Downloaded arborium-toml v2.13.0
  Downloaded arborium-highlight v2.13.0
  Downloaded async-net v2.0.0
  Downloaded async-trait v0.1.89
  Downloaded axum-core v0.5.2
  Downloaded anstyle-parse v0.2.3
  Downloaded ahash v0.8.11
  Downloaded ahash v0.7.8
  Downloaded async-signal v0.2.13
  Downloaded async-process v2.5.0
  Downloaded async-broadcast v0.7.2
  Downloaded arrayvec v0.7.6
  Downloaded arraydeque v0.5.1
  Downloaded anstyle v1.0.13
  Downloaded async-compat v0.2.5
  Downloaded anstream v0.6.21
  Downloaded aha-reqwest-eventsource v0.1.0
  Downloaded darling v0.20.8
  Downloaded async-task v4.7.1
  Downloaded av1-grain v0.2.5
  Downloaded arborium-starlark v2.13.0
  Downloaded async-tungstenite v0.28.2
  Downloaded async-fs v2.1.2
  Downloaded async-lock v3.4.0
  Downloaded async-io v2.6.0
  Downloaded log-panics v2.1.0
  Downloaded arborium-nix v2.13.0
  Downloaded async-executor v1.13.1
  Downloaded arc-swap v1.7.1
  Downloaded arborium-hcl v2.13.0
  Downloaded arborium-xml v2.13.0
  Downloaded arborium-css v2.13.0
  Downloaded arborium v2.13.0
  Downloaded anyhow v1.0.79
  Downloaded addr2line v0.25.1
  Downloaded arborium-vue v2.13.0
  Downloaded arborium-lua v2.13.0
  Downloaded arborium-dockerfile v2.13.0
  Downloaded data-encoding v2.10.0
  Downloaded deranged v0.5.5
  Downloaded arborium-scss v2.13.0
  Downloaded arborium-jq v2.13.0
  Downloaded axum-extra v0.10.1
  Downloaded lru v0.16.3
  Downloaded lzma-rs v0.3.0
  Downloaded phf_codegen v0.11.3
  Downloaded objc2-quartz-core v0.3.2
  Downloaded pin-project-internal v1.1.3
  Downloaded enum-iterator v1.4.1
  Downloaded mime_guess v2.0.4
  Downloaded aws-lc-rs v1.16.2
  Downloaded equivalent v1.0.1
  Downloaded once_cell v1.21.3
  Downloaded embed_plist v1.2.2
  Downloaded difflib v0.4.0
  Downloaded oauth2 v5.0.0
  Downloaded minimal-lexical v0.2.1
  Downloaded proc-macro-error-attr v1.0.4
  Downloaded dunce v1.0.5
  Downloaded arborium-php v2.13.0
  Downloaded psl-types v2.0.11
  Downloaded palette v0.6.1
  Downloaded nom v8.0.0
  Downloaded equator-macro v0.2.1
  Downloaded arborium-tree-sitter v2.13.0
  Downloaded arborium-powershell v2.13.0
  Downloaded arborium-c v2.13.0
  Downloaded parking v2.2.0
  Downloaded palette_derive v0.6.1
  Downloaded ownedbytes v0.9.0
  Downloaded num_cpus v1.16.0
  Downloaded radium v0.7.0
  Downloaded rustc-hash v2.1.1
  Downloaded ref-cast-impl v1.0.23
  Downloaded ref-cast v1.0.23
  Downloaded rustc-hash v1.1.0
  Downloaded prost-build v0.14.3
  Downloaded rustc-demangle v0.1.27
  Downloaded spinning v0.1.0
  Downloaded tap v1.0.1
  Downloaded futures-macro v0.3.31
  Downloaded object v0.37.3
  Downloaded foreign-types-macros v0.2.3
  Downloaded regex v1.11.1
  Downloaded toml_datetime v0.6.11
  Downloaded version_check v0.9.5
  Downloaded get-size v0.1.4
  Downloaded want v0.3.1
  Downloaded toml_edit v0.22.27
  Downloaded unicase v2.7.0
  Downloaded walkdir v2.4.0
  Downloaded zstd v0.13.3
  Downloaded cexpr v0.6.0
  Downloaded fixedbitset v0.5.7
  Downloaded clap_lex v0.7.5
  Downloaded zune-core v0.4.12
  Downloaded concat-idents v1.1.5
  Downloaded counter v0.5.7
  Downloaded dispatch2 v0.3.0
  Downloaded cipher v0.4.4
  Downloaded bytes v1.11.1
  Downloaded colored v3.0.0
  Downloaded cpufeatures v0.2.9
  Downloaded fontdb v0.23.0
  Downloaded futures-util v0.3.31
  Downloaded darling_core v0.21.3
  Downloaded h2 v0.4.15
  Downloaded jaq-std v3.0.0
  Downloaded litemap v0.7.4
  Downloaded grep-printer v0.3.1
  Downloaded nu-ansi-term v0.50.3
  Downloaded mach2 v0.5.0
  Downloaded jiff v0.2.24
  Downloaded rustls-pki-types v1.12.0
  Downloaded bincode v1.3.3
  Downloaded tokio-util v0.7.18
  Downloaded new_debug_unreachable v1.0.4
  Downloaded murmurhash32 v0.3.1
  Downloaded migrations_macros v2.3.0
  Downloaded migrations_internals v2.3.0
  Downloaded bstr v1.9.0
  Downloaded tokio-macros v2.6.1
  Downloaded precomputed-hash v0.1.1
  Downloaded proc-macro-crate v2.0.0
  Downloaded pin-utils v0.1.0
  Downloaded multimap v0.10.1
  Downloaded utf8_iter v1.0.4
  Downloaded memoffset v0.9.0
  Downloaded jaq-core v3.0.0
  Downloaded schemars_derive v1.0.4
  Downloaded socket2 v0.5.10
  Downloaded proc-macro-utils v0.8.0
  Downloaded mockito v1.7.1
  Downloaded beef v0.5.2
  Downloaded bs58 v0.5.1
  Downloaded plist v1.5.1
  Downloaded proc-macro2 v1.0.106
  Downloaded miniz_oxide v0.8.8
  Downloaded tokio-rustls v0.26.4
  Downloaded static_assertions v1.1.0
  Downloaded built v0.8.0
  Downloaded clap v4.5.48
  Downloaded clap_builder v4.5.48
  Downloaded ident_case v1.0.1
  Downloaded icu_provider v1.5.0
  Downloaded crossbeam-utils v0.8.21
  Downloaded crossbeam-epoch v0.9.15
  Downloaded crossbeam-deque v0.8.3
  Downloaded icu_properties_data v1.5.0
  Downloaded humantime v2.1.0
  Downloaded crunchy v0.2.2
  Downloaded clap_complete v4.5.58
  Downloaded brotli-decompressor v4.0.2
  Downloaded utf8-ranges v1.0.5
  Downloaded utf16_iter v1.0.5
  Downloaded tokio v1.50.0
  Downloaded zeroize_derive v1.4.3
  Downloaded serde_with_macros v3.21.0
  Downloaded toml_parser v1.1.0+spec-1.1.0
  Downloaded ciborium-io v0.2.2
  Downloaded borsh v1.3.0
  Downloaded bon-macros v3.7.1
  Downloaded heck v0.4.1
  Downloaded pharos v0.5.3
  Downloaded num-integer v0.1.46
  Downloaded malloc_buf v0.0.6
  Downloaded hex v0.4.3
  Downloaded toml_datetime v1.1.0+spec-1.1.0
  Downloaded toml_datetime v0.7.3
  Downloaded xmlparser v0.13.6
  Downloaded toml-span v0.7.1
  Downloaded svgtypes v0.16.1
  Downloaded itertools v0.14.0
  Downloaded syntect v5.2.0
  Downloaded takecell v0.1.1
  Downloaded tantivy-columnar v0.7.0
  Downloaded nix v0.30.1
  Downloaded tantivy-bitpacker v0.10.0
  Downloaded serde_json v1.0.150
  Downloaded tabwriter v1.4.1
  Downloaded send_wrapper v0.6.0
  Downloaded lazy_static v1.5.0
  Downloaded levenshtein_automata v0.2.1
  Downloaded byteorder v1.5.0
  Downloaded ordered_hashmap v0.0.3
  Downloaded memmap v0.7.0
  Downloaded measure_time v0.9.0
  Downloaded rust-embed-utils v7.8.1
  Downloaded zstd-sys v2.0.15+zstd.1.5.7
  Downloaded subtle v2.6.1
  Downloaded colorchoice v1.0.0
  Downloaded color_quant v1.1.0
  Downloaded color-print v0.3.7
  Downloaded codesnake v0.3.0
  Downloaded try-lock v0.2.4
  Downloaded write16 v1.0.0
  Downloaded bitvec v1.0.1
  Downloaded inout v0.1.4
  Downloaded crypto-common v0.1.6
  Downloaded content_inspector v0.2.4
  Downloaded psl v2.1.4
  Downloaded rand_chacha v0.3.1
  Downloaded instant v0.1.12
  Downloaded inquire v0.9.1
  Downloaded infer v0.19.0
  Downloaded core-graphics v0.24.0
  Downloaded core-foundation v0.9.4
  Downloaded quote v1.0.45
  Downloaded reqwest v0.13.3
  Downloaded rand_chacha v0.9.0
  Downloaded quote-use v0.7.2
  Downloaded convert_case v0.7.1
  Downloaded convert_case v0.4.0
  Downloaded constant_time_eq v0.3.1
  Downloaded borsh-derive v1.3.0
  Downloaded bon v3.7.1
  Downloaded rustversion v1.0.14
  Downloaded rgb v0.8.50
  Downloaded rustc_version v0.4.0
  Downloaded rkyv_derive v0.7.46
  Downloaded quote-use-macros v0.7.2
  Downloaded rand_core v0.6.4
  Downloaded winnow v1.0.0
  Downloaded rend v0.4.2
  Downloaded winnow v0.5.17
  Downloaded winnow v0.7.12
  Downloaded ravif v0.12.0
  Downloaded ryu v1.0.23
  Downloaded lock_api v0.4.14
  Downloaded tinystr v0.7.6
  Downloaded rustls-platform-verifier v0.6.2
  Downloaded regex-bites v0.1.6
  Downloaded rand v0.10.1
  Downloaded rustls-webpki v0.103.13
  Downloaded typed-arena v2.0.2
  Downloaded trait-set v0.3.0
  Downloaded rkyv v0.7.46
  Downloaded toml v0.8.23
  Downloaded time-core v0.1.8
  Downloaded toml v0.9.6
  Downloaded tiny-skia-path v0.12.0
  Downloaded pathfinder_geometry v0.5.1
  Downloaded pbkdf2 v0.12.2
  Downloaded ordered-float v5.3.0
  Downloaded lz4_flex v0.11.6
  Downloaded phf v0.11.3
  Downloaded objc2-io-surface v0.3.2
  Downloaded thread_local v1.1.7
  Downloaded phf_generator v0.11.3
  Downloaded typeid v1.0.3
  Downloaded tracing-log v0.2.0
  Downloaded thiserror-impl v1.0.63
  Downloaded ordered-float v3.9.2
  Downloaded markup5ever_rcdom v0.35.0+unofficial
  Downloaded lz4_flex v0.13.0
  Downloaded libloading v0.8.9
  Downloaded permissions v0.4.1
  Downloaded thiserror-impl v2.0.17
  Downloaded regex-syntax v0.8.5
  Downloaded logos-derive v0.14.1
  Downloaded log v0.4.29
  Downloaded litrs v1.0.0
  Downloaded line-span v0.1.5
  Downloaded rust_decimal v1.35.0
  Downloaded phf_shared v0.11.3
  Downloaded percent-encoding v2.3.1
  Downloaded ouroboros v0.18.0
  Downloaded option-ext v0.2.0
  Downloaded lru-slab v0.1.2
  Downloaded loop9 v0.1.5
  Downloaded bzip2-sys v0.1.13+1.0.8
  Downloaded urlocator v0.1.4
  Downloaded twox-hash v2.1.2
  Downloaded wyz v0.5.1
  Downloaded xml5ever v0.35.0
  Downloaded ttf-parser v0.25.1
  Downloaded unicode-ident v1.0.12
  Downloaded simdutf8 v0.1.5
  Downloaded string_cache v0.8.9
  Downloaded strict-num v0.1.1
  Downloaded typed-path v0.10.0
  Downloaded unsafe-libyaml v0.2.11
  Downloaded imagesize v0.14.0
  Downloaded quick-xml v0.30.0
  Downloaded hmac v0.12.1
  Downloaded pico-args v0.5.0
  Downloaded tiny-skia v0.12.0
  Downloaded profiling-procmacros v1.0.17
  Downloaded grep-matcher v0.1.8
  Downloaded bytecheck_derive v0.6.12
  Downloaded bytecheck v0.6.12
  Downloaded zerofrom v0.1.5
  Downloaded unindent v0.1.11
  Downloaded sha1_smol v1.0.1
  Downloaded sha1 v0.10.6
  Downloaded same-file v1.0.6
  Downloaded matchers v0.2.0
  Downloaded libm v0.2.15
  Downloaded safemem v0.3.3
  Downloaded objc2-io-kit v0.3.1
  Downloaded lsp-types v0.97.0
  Downloaded validator v0.19.0
  Downloaded v_frame v0.3.9
  Downloaded derive-new v0.5.9
  Downloaded deflate64 v0.1.10
  Downloaded bytecount v0.6.9
  Downloaded matchit v0.8.4
  Downloaded tendril v0.4.3
  Downloaded objc2-encode v4.1.0
  Downloaded unindent v0.2.4
  Downloaded tracing-subscriber v0.3.23
  Downloaded strsim v0.11.1
  Downloaded unicode-linebreak v0.1.5
  Downloaded thousands v0.2.0
  Downloaded rustybuzz v0.20.1
  Downloaded cynic v3.8.0
  Downloaded ipnet v2.11.0
  Downloaded objc2-metal v0.3.2
  Downloaded pin-project v1.1.3
  Downloaded derive_more v0.99.17
  Downloaded web_atoms v0.1.3
  Downloaded thiserror v1.0.63
  Downloaded thiserror v2.0.17
  Downloaded ignore v0.4.24
  Downloaded idna_adapter v1.2.0
  Downloaded rav1e v0.8.1
  Downloaded html-escape v0.2.13
  Downloaded image-webp v0.2.4
  Downloaded idna v1.0.3
  Downloaded http v1.4.0
  Downloaded htmlescape v0.3.1
  Downloaded data-url v0.3.1
  Downloaded libz-sys v1.1.25
  Downloaded hifijson v0.5.0
  Downloaded darling_macro v0.21.3
  Downloaded cvt v0.1.2
  Downloaded csv-core v0.1.11
  Downloaded clap_derive v4.5.47
  Downloaded ctrlc v3.4.7
  Downloaded cmake v0.1.58
  Downloaded objc2-core-graphics v0.3.2
  Downloaded string_cache_codegen v0.5.4
  Downloaded tantivy-sstable v0.7.0
  Downloaded datasketches v0.2.0
  Downloaded objc2-core-foundation v0.3.2
  Downloaded intmap v0.7.1
  Downloaded block2 v0.6.2
  Downloaded tempfile v3.23.0
  Downloaded simd-adler32 v0.3.7
  Downloaded num-traits v0.2.19
  Downloaded num-rational v0.4.2
  Downloaded block-padding v0.3.3
  Downloaded security-framework v3.5.1
  Downloaded cynic-parser v0.4.5
  Downloaded serde_path_to_error v0.1.16
  Downloaded unicode-width v0.1.14
  Downloaded objc2 v0.6.3
  Downloaded unicode-width v0.2.1
  Downloaded security-framework v2.9.2
  Downloaded byte-unit v5.2.0
  Downloaded bumpalo v3.19.1
  Downloaded is_executable v1.0.1
  Downloaded inventory v0.3.20
  Downloaded strsim v0.10.0
  Downloaded libc v0.2.186
  Downloaded block-buffer v0.10.4
  Downloaded tantivy-stacker v0.7.0
  Downloaded schemars v0.9.0
  Downloaded onig_sys v69.9.1
  Downloaded cocoa v0.26.0
  Downloaded libgit2-sys v0.18.3+1.9.2
  Downloaded iso8601-duration v0.2.0
  Downloaded objc2-av-foundation v0.3.2
  Downloaded is-terminal v0.4.17
  Downloaded petgraph v0.8.3
  Downloaded objc2-app-kit v0.3.2
  Downloaded cstr v0.2.11
  Downloaded cocoa-foundation v0.2.1
  Downloaded itertools v0.10.5
  Downloaded imara-diff v0.2.0
  Downloaded iri-string v0.7.8
  Downloaded brotli v7.0.0
  Downloaded pxfm v0.1.28
  Downloaded signal-hook-registry v1.4.1
  Downloaded match_token v0.35.0
  Downloaded interprocess v1.2.1
  Downloaded darling_macro v0.23.0
  Downloaded serde_yaml v0.8.26
  Downloaded serde_with v3.21.0
  Downloaded serde_regex v1.1.0
  Downloaded zerocopy v0.7.32
  Downloaded usvg v0.47.0
  Downloaded simd_helpers v0.1.0
  Downloaded seahash v4.1.0
  Downloaded objc2-foundation v0.3.2
  Downloaded schemars v1.0.4
  Downloaded indexmap v2.12.0
  Downloaded tantivy-query-grammar v0.26.0
  Downloaded bindgen v0.70.1
  Downloaded zerofrom-derive v0.1.5
  Downloaded yoke-derive v0.7.5
  Downloaded yeslogic-fontconfig-sys v5.0.0
  Downloaded y4m v0.8.0
  Downloaded xz2 v0.1.7
  Downloaded ws_stream_wasm v0.7.4
  Downloaded weezl v0.1.12
  Downloaded saphyr-parser v0.0.6
  Downloaded web-sys v0.3.94
  Downloaded wasm-bindgen-shared v0.2.117
  Downloaded wasm-bindgen-macro-support v0.2.117
  Downloaded wasm-bindgen-futures v0.4.67
  Downloaded darling_macro v0.20.8
  Downloaded wasm-bindgen-macro v0.2.117
  Downloaded interpolator v0.5.0
  Downloaded darling v0.23.0
  Downloaded darling v0.21.3
  Downloaded cynic-proc-macros v3.8.0
  Downloaded block v0.1.6
  Downloaded bitstream-io v4.9.0
  Downloaded bitpacking v0.9.3
  Downloaded bitflags-serde-legacy v0.1.1
  Downloaded bitflags v2.13.0
  Downloaded bitflags v1.3.2
  Downloaded image v0.25.9
  Downloaded http-body-util v0.1.3
  Downloaded logos v0.14.1
  Downloaded ring v0.17.14
  Downloaded http-body v1.0.1
  Downloaded half v2.6.0
  Downloaded dashmap v6.1.0
  Downloaded hash32 v0.3.1
  Downloaded arborium-sql v2.13.0
  Downloaded termcolor v1.4.1
  Downloaded indexmap v1.9.3
  Downloaded imgref v1.12.0
  Downloaded derive-where v1.2.7
  Downloaded bytemuck v1.24.0
  Downloaded serde_yaml v0.9.34+deprecated
  Downloaded os_info v3.7.0
  Downloaded tiff v0.10.3
  Downloaded time-macros v0.2.27
  Downloaded deltae v0.3.2
  Downloaded logos-codegen v0.14.1
  Downloaded line-ending v1.5.1
  Downloaded roxmltree v0.21.1
  Downloaded resvg v0.47.0
  Downloaded quinn v0.11.8
  Downloaded lzma-sys v0.1.20
  Downloaded arborium-kotlin v2.13.0
  Downloaded csv v1.3.1
  Downloaded prost-reflect v0.16.3
  Downloaded hashbrown v0.16.0
  Downloaded syn v2.0.117
  Downloaded arborium-objc v2.13.0
  Downloaded concurrent-queue v2.5.0
  Downloaded color-print-proc-macro v0.3.7
  Downloaded blocking v1.6.2
  Downloaded itertools v0.13.0
  Downloaded hashbrown v0.15.2
  Downloaded writeable v0.5.5
  Downloaded itertools v0.11.0
  Downloaded hashbrown v0.14.1
  Downloaded urlencoding v2.1.3
  Downloaded url v2.5.4
  Downloaded untrusted v0.9.0
  Downloaded unicode-properties v0.1.3
  Downloaded tantivy v0.26.0
  Downloaded memchr v2.7.6
  Downloaded tree-sitter-language v0.1.2
  Downloaded tantivy-fst v0.5.0
  Downloaded security-framework-sys v2.15.0
  Downloaded prost-types v0.14.3
  Downloaded prost v0.14.3
  Downloaded hashbrown v0.12.3
  Downloaded syn v1.0.109
  Downloaded rust-embed-utils v8.7.2
  Downloaded prost-derive v0.14.3
  Downloaded memmap2 v0.9.7
  Downloaded arborium-cpp v2.13.0
  Downloaded rquickjs v0.3.1
  Downloaded ptr_meta_derive v0.1.4
  Downloaded ptr_meta v0.1.4
  Downloaded bzip2 v0.5.2
  Downloaded bytemuck_derive v1.10.2
  Downloaded quinn-proto v0.11.16
  Downloaded lebe v0.5.3
  Downloaded byteorder-lite v0.1.0
  Downloaded semver v1.0.20
  Downloaded self_cell v1.2.1
  Downloaded rust-stemmers v1.2.0
  Downloaded signal-hook v0.3.18
  Downloaded nix v0.26.4
  Downloaded heck v0.5.0
  Downloaded heapless v0.8.0
  Downloaded hashlink v0.10.0
  Downloaded hashbrown v0.17.1
  Downloaded chacha20 v0.10.0
  Downloaded cfg_aliases v0.2.1
  Downloaded cfg_aliases v0.1.1
  Downloaded cfg-if v1.0.4
  Downloaded census v0.4.2
  Downloaded cc v1.2.56
  Downloaded chrono v0.4.40
  Downloaded bit_field v0.10.3
  Downloaded bit-vec v0.6.3
  Downloaded bit-set v0.5.3
  Downloaded xmlwriter v0.1.0
  Downloaded tracing-futures v0.2.5
  Downloaded tracing v0.1.44
  Downloaded tower-service v0.3.3
  Downloaded tower-layer v0.3.3
  Downloaded tower-http v0.6.8
  Downloaded toml_writer v1.1.0+spec-1.1.0
  Downloaded toml_write v0.1.2
  Downloaded toml_edit v0.25.6+spec-1.1.0
  Downloaded toml_edit v0.20.2
  Downloaded shlex v1.3.0
  Downloaded js-sys v0.3.94
  Downloaded zerovec v0.10.4
  Downloaded system-configuration-sys v0.6.0
  Downloaded system-configuration v0.6.1
  Downloaded synstructure v0.13.1
  Downloaded sync_wrapper v1.0.1
  Downloaded syn_derive v0.1.8
  Downloaded signal-hook-mio v0.2.5
  Downloaded serde-bytes-repr v0.3.0
  Downloaded rust-embed v8.7.2
  Downloaded rust-embed v6.8.1
  Downloaded rquickjs-sys v0.3.1
  Downloaded rand_core v0.10.1
  Downloaded jiff-static v0.2.24
  Downloaded arborium-scala v2.13.0
  Downloaded rust-embed-impl v8.7.2
  Downloaded rust-embed-impl v6.8.1
  Downloaded rstar v0.12.2
  Downloaded rquickjs-core v0.3.1
  Downloaded rangemap v1.4.0
  Downloaded rand_pcg v0.10.2
  Downloaded rand_core v0.9.3
  Downloaded quinn-udp v0.5.13
  Downloaded pathfinder_color v0.5.0
  Downloaded pathdiff v0.2.1
  Downloaded pastey v0.1.1
  Downloaded paste v1.0.14
  Downloaded parking_lot_core v0.9.12
  Downloaded parking_lot v0.12.5
  Downloaded ouroboros_macro v0.18.0
  Downloaded onig v6.5.1
  Downloaded oneshot v0.1.13
  Downloaded num-derive v0.4.2
  Downloaded num-conv v0.2.0
  Downloaded num-bigint v0.4.6
  Downloaded memoffset v0.7.1
  Downloaded lasso v0.7.3
  Downloaded lalrpop-util v0.20.2
  Downloaded kurbo v0.13.0
  Downloaded kmeans_colors v0.5.0
  Downloaded jobserver v0.1.32
  Downloaded jaq-all v0.1.0
  Downloaded itoa v1.0.18
  Downloaded is_terminal_polyfill v1.70.2
  Downloaded icu_provider_macros v1.5.0
  Downloaded httpdate v1.0.3
  Downloaded httparse v1.10.1
  Downloaded html5ever v0.35.0
  Downloaded crossterm v0.29.0
  Downloaded crossbeam-channel v0.5.8
  Downloaded crc32fast v1.5.0
  Downloaded crc-catalog v2.4.0
  Downloaded crc v3.4.0
  Downloaded core_maths v0.1.0
  Downloaded core2 v0.4.0
  Downloaded core-graphics-types v0.2.0
  Downloaded clang-sys v1.8.1
  Downloaded ciborium-ll v0.2.2
  Downloaded bounded-vec-deque v0.1.1
  Downloaded zeroize v1.8.2
  Downloaded similar v2.7.0
  Downloaded nom v7.1.3
  Downloaded moxcms v0.7.11
  Downloaded arborium-c-sharp v2.13.0
  Downloaded yoke v0.7.5
  Downloaded tinyvec v1.6.0
  Downloaded png v0.18.1
  Downloaded titlecase v1.1.0
  Downloaded tinyvec_macros v0.1.1
  Downloaded mio v1.1.1
  Downloaded hyper v1.8.1
  Downloaded utf-8 v0.7.6
  Downloaded to_method v1.1.0
  Downloaded socket2 v0.6.0
  Downloaded smallvec v1.15.1
  Downloaded serde_repr v0.1.20
  Downloaded polling v3.11.0
  Downloaded slab v0.4.9
  Downloaded bimap v0.6.3
  Downloaded unicode-vo v0.1.0
  Downloaded toml v0.5.11
  Downloaded siphasher v1.0.1
  Downloaded siphasher v0.3.11
  Downloaded serde_spanned v0.6.9
  Downloaded utf8parse v0.2.2
  Downloaded unicode-segmentation v1.11.0
  Downloaded streaming-iterator v0.1.9
  Downloaded priority-queue v2.5.0
  Downloaded hyper-util v0.1.16
  Downloaded proc-macro-error v1.0.4
  Downloaded ppv-lite86 v0.2.17
  Downloaded powerfmt v0.2.0
  Downloaded pkg-config v0.3.32
  Downloaded libsqlite3-sys v0.33.0
  Downloaded piper v0.2.1
  Downloaded pin-project-lite v0.2.16
  Downloaded sketches-ddsketch v0.4.0
  Downloaded simplecss v0.2.1
  Downloaded serde_urlencoded v0.7.1
  Downloaded serde v1.0.228
  Downloaded rustls v0.23.39
  Downloaded mac v0.1.1
  Downloaded jaq-json v2.0.0
  Downloaded jaq-fmts v0.1.0
  Downloaded hyper-rustls v0.27.7
  Downloaded uuid v1.19.0
  Downloaded utf8-width v0.1.7
  Downloaded unicode-script v0.5.5
  Downloaded smol_str v0.2.2
  Downloaded serde_spanned v1.0.3
  Downloaded scopeguard v1.2.0
  Downloaded rustix v1.1.2
  Downloaded linked-hash-map v0.5.6
  Downloaded line-wrap v0.1.1
  Downloaded vcpkg v0.2.15
  Downloaded regex-automata v0.4.9
  Downloaded arborium-swift v2.13.0
  Downloaded profiling v1.0.11
  Downloaded icu_properties v1.5.1
  Downloaded icu_normalizer_data v1.5.0
  Downloaded icu_normalizer v1.5.0
  Downloaded icu_locid_transform_data v1.5.0
  Downloaded icu_locid_transform v1.5.0
  Downloaded icu_locid v1.5.0
  Downloaded icu_collections v1.5.0
  Downloaded iana-time-zone v0.1.64
  Downloaded grep-searcher v0.1.16
  Downloaded darling_core v0.20.8
  Downloaded cynic-codegen v3.8.0
  Downloaded encoding_rs v0.8.35
  Downloaded grep-regex v0.1.14
  Downloaded derivative v2.2.0
  Downloaded zip v2.4.2
  Downloaded git2 v0.20.4
  Downloaded gimli v0.32.3
  Downloaded exr v1.74.0
  Downloaded diesel v2.3.10
  Downloaded comfy-table v7.2.1
  Downloaded typenum v1.20.0
  Downloaded counter v0.6.0
  Downloaded zune-jpeg v0.5.12
  Downloaded flate2 v1.1.9
  Downloaded fancy-regex v0.11.0
  Downloaded euclid v0.22.13
  Downloaded diesel_derives v2.3.5
  Downloaded collection_literals v1.0.1
  Downloaded cfb v0.7.3
  Downloaded base64 v0.22.1
  Downloaded derive_more-impl v2.0.1
  Downloaded zune-jpeg v0.4.21
  Downloaded unicode-general-category v1.1.0
  Downloaded getrandom v0.4.2
  Downloaded getrandom v0.3.4
  Downloaded futures v0.3.31
  Downloaded fs_extra v1.3.0
  Downloaded derive_more v2.0.1
  Downloaded gif v0.14.1
  Downloaded futures-lite v1.13.0
  Downloaded foldhash v0.1.5
  Downloaded zopfli v0.8.3
  Downloaded wasm-bindgen v0.2.117
  Downloaded unicode-bidi v0.3.15
  Downloaded tower v0.5.2
  Downloaded time v0.3.47
  Downloaded grep-cli v0.1.12
  Downloaded getrandom v0.2.16
  Downloaded futures-lite v2.6.1
  Downloaded fluent-uri v0.1.4
  Downloaded zune-inflate v0.2.54
  Downloaded unicode-ccc v0.4.0
  Downloaded unicode-bidi-mirroring v0.4.0
  Downloaded event-listener v5.4.0
  Downloaded env_logger v0.10.2
  Downloaded encoding_rs_io v0.1.7
  Downloaded zune-core v0.5.1
  Downloaded zstd-safe v7.2.4
  Downloaded zmij v1.0.21
  Downloaded zerovec-derive v0.10.3
  Downloaded vec1 v1.10.1
  Downloaded graphql-ws-client v0.11.1
  Downloaded gloo-timers v0.2.6
  Downloaded glob v0.3.1
  Downloaded futures-executor v0.3.31
  Downloaded futures-channel v0.3.31
  Downloaded foldhash v0.2.0
  Downloaded tungstenite v0.24.0
  Downloaded globset v0.4.18
  Downloaded futures-timer v3.0.2
  Downloaded fs4 v0.13.1
  Downloaded waker-fn v1.1.1
  Downloaded fuzzy-matcher v0.3.7
  Downloaded find-msvc-tools v0.1.9
  Downloaded fdeflate v0.3.7
  Downloaded either v1.9.0
  Downloaded typetag v0.2.21
  Downloaded tracing-core v0.1.36
  Downloaded errno v0.3.10
  Downloaded erased-serde v0.4.10
  Downloaded displaydoc v0.2.5
  Downloaded version-compare v0.1.1
  Downloaded variant_count v1.1.0
  Downloaded float-ord v0.3.2
  Downloaded dirs v6.0.0
  Downloaded directories v6.0.0
  Downloaded digest v0.10.7
  Downloaded futf v0.1.5
  Downloaded foreign-types v0.5.0
  Downloaded typetag-impl v0.2.21
  Downloaded tracing-attributes v0.1.31
  Downloaded sysinfo v0.37.0
  Downloaded graphlib_rust v0.0.2
  Downloaded getset v0.1.2
  Downloaded find-crate v0.6.3
  Downloaded dlib v0.5.2
  Downloaded dirs-next v2.0.0
  Downloaded grep v0.4.1
  Downloaded gethostname v1.1.0
  Downloaded generic-array v0.14.7
  Downloaded futures-task v0.3.31
  Downloaded futures-sink v0.3.31
  Downloaded aws-lc-sys v0.39.1
  Downloaded futures-core v0.3.31
  Downloaded fsevent-sys v4.1.0
  Downloaded form_urlencoded v1.2.1
  Downloaded filetime v0.2.25
  Downloaded fax_derive v0.2.0
  Downloaded fax v0.2.6
  Downloaded get-size-derive v0.1.3
  Downloaded foreign-types-shared v0.3.1
  Downloaded arborium-rust v2.13.0
  Downloaded fnv v1.0.7
  Downloaded futures-io v0.3.31
  Downloaded float-cmp v0.9.0
  Downloaded tantivy-tokenizer-api v0.7.0
  Downloaded tantivy-common v0.11.0
  Downloaded strum_macros v0.27.1
  Downloaded strum v0.27.1
  Downloaded stable_deref_trait v1.2.0
  Downloaded slotmap v1.0.6
  Downloaded sharded-slab v0.1.7
  Downloaded sha2 v0.10.9
  Downloaded serde_derive_internals v0.29.1
  Downloaded serde_derive v1.0.228
  Downloaded serde_core v1.0.228
  Downloaded rayon v1.10.0
  Downloaded funty v2.0.0
  Downloaded arborium-ruby v2.13.0
  Downloaded arborium-elixir v2.13.0
  Downloaded shellexpand v3.1.1
  Downloaded shell-words v1.1.0
  Downloaded serde_bytes v0.11.19
  Downloaded send_wrapper v0.4.0
  Downloaded rayon-core v1.12.1
  Downloaded rand v0.9.4
  Downloaded rand v0.8.6
  Downloaded qrcode v0.14.1
  Downloaded eventsource-stream v0.2.3
  Downloaded av-scenechange v0.14.1
  Downloaded arborium-typescript v2.13.0
  Downloaded arborium-tsx v2.13.0
  Downloaded arborium-bash v2.13.0
  Downloaded raw-window-handle v0.6.2
  Downloaded diesel_table_macro_syntax v0.3.0
  Downloaded enum-iterator-derive v1.2.1
  Downloaded fastrand v1.9.0
  Downloaded dirs-sys v0.5.0
  Downloaded quick-error v2.0.1
  Downloaded prettyplease v0.2.37
  Downloaded fastrand v2.3.0
  Downloaded fastdivide v0.4.2
  Downloaded event-listener-strategy v0.5.2
  Downloaded dyn-clone v1.0.20
  Downloaded dsl_auto_type v0.2.0
  Downloaded downcast-rs v2.0.2
  Downloaded document-features v0.2.12
  Downloaded dirs-sys-next v0.1.2
  Downloaded noop_proc_macro v0.3.0
  Downloaded mime v0.3.17
  Downloaded memo-map v0.3.2
  Downloaded maybe-rayon v0.1.1
  Downloaded markup5ever v0.35.0
  Downloaded enclose v1.1.8
  Downloaded aho-corasick v1.1.3
  Downloaded axum v0.8.4
  Downloaded async-compression v0.4.22
  Downloaded arborium-python v2.13.0
  Downloaded arborium-markdown v2.13.0
  Downloaded arborium-javascript v2.13.0
  Downloaded arborium-java v2.13.0
  Downloaded arborium-go v2.13.0
  Downloaded aes v0.8.4
  Downloaded equator v0.2.2
  Downloaded dispatch v0.2.0
  Downloaded diesel_migrations v2.3.1
  Downloaded darling_core v0.23.0
  Downloaded base64 v0.21.7
  Downloaded backtrace v0.3.76
  Downloaded arborium-yaml v2.13.0
  Downloaded allocator-api2 v0.2.16
   Compiling proc-macro2 v1.0.106
   Compiling quote v1.0.45
   Compiling unicode-ident v1.0.12
   Compiling libc v0.2.186
   Compiling serde_core v1.0.228
   Compiling shlex v1.3.0
   Compiling find-msvc-tools v0.1.9
   Compiling cfg-if v1.0.4
   Compiling autocfg v1.1.0
   Compiling memchr v2.7.6
   Compiling serde v1.0.228
   Compiling version_check v0.9.5
   Compiling pin-project-lite v0.2.16
   Compiling regex-syntax v0.8.5
   Compiling futures-core v0.3.31
   Compiling smallvec v1.15.1
   Compiling once_cell v1.21.3
   Compiling itoa v1.0.18
   Compiling scopeguard v1.2.0
   Compiling aho-corasick v1.1.3
   Compiling parking_lot_core v0.9.12
   Compiling futures-io v0.3.31
   Compiling libm v0.2.15
   Compiling slab v0.4.9
   Compiling jobserver v0.1.32
   Compiling cc v1.2.56
   Compiling fnv v1.0.7
   Compiling equivalent v1.0.1
   Compiling core-foundation-sys v0.8.7 (https://github.com/servo/core-foundation-rs?rev=6f844cf1a1a18e25b70fcdf1bcdc458555bd2eff#6f844cf1)
   Compiling generic-array v0.14.7
   Compiling num-traits v0.2.19
   Compiling log v0.4.29
   Compiling bitflags v2.13.0
   Compiling anyhow v1.0.79
   Compiling syn v2.0.117
   Compiling typenum v1.20.0
   Compiling regex-automata v0.4.9
   Compiling crossbeam-utils v0.8.21
   Compiling zmij v1.0.21
   Compiling allocator-api2 v0.2.16
   Compiling parking v2.2.0
   Compiling ppv-lite86 v0.2.17
   Compiling stable_deref_trait v1.2.0
   Compiling signal-hook-registry v1.4.1
   Compiling foldhash v0.2.0
   Compiling pin-utils v0.1.0
   Compiling serde_derive v1.0.228
   Compiling hashbrown v0.16.0
   Compiling fastrand v2.3.0
   Compiling futures-sink v0.3.31
   Compiling serde_json v1.0.150
   Compiling mio v1.1.1
   Compiling subtle v2.6.1
   Compiling synstructure v0.13.1
   Compiling dunce v1.0.5
   Compiling indexmap v2.12.0
   Compiling zerofrom-derive v0.1.5
   Compiling crypto-common v0.1.6
   Compiling block-buffer v0.10.4
   Compiling futures-channel v0.3.31
   Compiling yoke-derive v0.7.5
   Compiling tokio-macros v2.6.1
   Compiling futures-macro v0.3.31
   Compiling socket2 v0.6.0
   Compiling zerofrom v0.1.5
   Compiling ryu v1.0.23
   Compiling futures-task v0.3.31
   Compiling futures-lite v2.6.1
   Compiling displaydoc v0.2.5
   Compiling futures-util v0.3.31
   Compiling zerovec-derive v0.10.3
   Compiling cmake v0.1.58
   Compiling byteorder v1.5.0
   Compiling fs_extra v1.3.0
   Compiling simd-adler32 v0.3.7
   Compiling thiserror v1.0.63
   Compiling aws-lc-sys v0.39.1
   Compiling thiserror-impl v1.0.63
   Compiling tracing-core v0.1.36
   Compiling base64 v0.22.1
   Compiling syn v1.0.109
   Compiling crc32fast v1.5.0
   Compiling tracing-attributes v0.1.31
   Compiling yoke v0.7.5
   Compiling zeroize_derive v1.4.3
   Compiling lock_api v0.4.14
   Compiling bytes v1.11.1
   Compiling parking_lot v0.12.5
   Compiling adler2 v2.0.0
   Compiling tokio v1.50.0
   Compiling http v1.4.0
   Compiling atomic-waker v1.1.2
   Compiling thiserror v2.0.17
   Compiling lazy_static v1.5.0
   Compiling miniz_oxide v0.8.8
   Compiling zeroize v1.8.2
   Compiling tracing v0.1.44
   Compiling concurrent-queue v2.5.0
   Compiling digest v0.10.7
   Compiling thiserror-impl v2.0.17
   Compiling zerovec v0.10.4
   Compiling aws-lc-rs v1.16.2
   Compiling writeable v0.5.5
   Compiling rustix v1.1.2
   Compiling litemap v0.7.4
   Compiling same-file v1.0.6
   Compiling either v1.9.0
   Compiling walkdir v2.4.0
   Compiling icu_provider_macros v1.5.0
   Compiling core-foundation v0.10.1 (https://github.com/servo/core-foundation-rs?rev=6f844cf1a1a18e25b70fcdf1bcdc458555bd2eff#6f844cf1)
   Compiling cpufeatures v0.2.9
   Compiling errno v0.3.10
   Compiling getrandom v0.2.16
   Compiling async-io v2.6.0
   Compiling httparse v1.10.1
   Compiling percent-encoding v2.3.1
   Compiling rand_core v0.6.4
   Compiling icu_locid_transform_data v1.5.0
   Compiling siphasher v1.0.1
   Compiling rand_chacha v0.3.1
   Compiling rustls-pki-types v1.12.0
   Compiling flate2 v1.1.9
   Compiling http-body v1.0.1
   Compiling unicase v2.7.0
   Compiling tinystr v0.7.6
   Compiling icu_collections v1.5.0
   Compiling untrusted v0.9.0
   Compiling ident_case v1.0.1
   Compiling rustls v0.23.39
   Compiling icu_properties_data v1.5.0
   Compiling rand v0.8.6
   Compiling tokio-util v0.7.18
   Compiling form_urlencoded v1.2.1
   Compiling event-listener v5.4.0
   Compiling mime v0.3.17
   Compiling utf16_iter v1.0.5
   Compiling icu_normalizer_data v1.5.0
   Compiling write16 v1.0.0
   Compiling tower-service v0.3.3
   Compiling utf-8 v0.7.6
   Compiling utf8_iter v1.0.4
   Compiling system-configuration-sys v0.6.0
   Compiling event-listener-strategy v0.5.2
   Compiling regex v1.11.1
   Compiling core-foundation v0.9.4
   Compiling try-lock v0.2.4
   Compiling cfg_aliases v0.2.1
   Compiling want v0.3.1
   Compiling h2 v0.4.15
   Compiling phf_shared v0.11.3
   Compiling pin-project-internal v1.1.3
   Compiling icu_locid v1.5.0
   Compiling proc-macro-error-attr v1.0.4
   Compiling icu_provider v1.5.0
   Compiling strsim v0.11.1
   Compiling minimal-lexical v0.2.1
   Compiling mime_guess v2.0.4
   Compiling httpdate v1.0.3
   Compiling nom v7.1.3
   Compiling pin-project v1.1.3
   Compiling system-configuration v0.6.1
   Compiling http-body-util v0.1.3
   Compiling sync_wrapper v1.0.1
   Compiling proc-macro-error v1.0.4
   Compiling hyper v1.8.1
   Compiling icu_locid_transform v1.5.0
   Compiling tower-layer v0.3.3
   Compiling semver v1.0.20
   Compiling alloc-no-stdlib v2.0.4
   Compiling inventory v0.3.20
   Compiling icu_properties v1.5.1
   Compiling ipnet v2.11.0
   Compiling hyper-util v0.1.16
   Compiling alloc-stdlib v0.2.2
   Compiling itertools v0.14.0
   Compiling security-framework-sys v2.15.0
   Compiling encoding_rs v0.8.35
   Compiling icu_normalizer v1.5.0
   Compiling heck v0.5.0
   Compiling idna_adapter v1.2.0
   Compiling idna v1.0.3
   Compiling brotli-decompressor v4.0.2
   Compiling tower v0.5.2
   Compiling url v2.5.4
   Compiling phf_generator v0.11.3
   Compiling async-channel v2.3.1
   Compiling memoffset v0.9.0
   Compiling indexmap v1.9.3
   Compiling option-ext v0.2.0
   Compiling async-task v4.7.1
   Compiling brotli v7.0.0
   Compiling security-framework v3.5.1
   Compiling serde_urlencoded v0.7.1
   Compiling polling v3.11.0
   Compiling rustc_version v0.4.0
   Compiling sha1 v0.10.6
   Compiling piper v0.2.1
   Compiling num_cpus v1.16.0
   Compiling iana-time-zone v0.1.64
   Compiling crossbeam-epoch v0.9.15
   Compiling hashbrown v0.12.3
   Compiling rustversion v1.0.14
   Compiling new_debug_unreachable v1.0.4
   Compiling getrandom v0.3.4
   Compiling chrono v0.4.40
   Compiling async-compression v0.4.22
   Compiling futures-executor v0.3.31
   Compiling blocking v1.6.2
   Compiling string_cache_codegen v0.5.4
   Compiling phf_codegen v0.11.3
   Compiling memmap2 v0.9.7
   Compiling unicode-segmentation v1.11.0
   Compiling fastrand v1.9.0
   Compiling iri-string v0.7.8
   Compiling tree-sitter-language v0.1.2
   Compiling waker-fn v1.1.1
   Compiling data-encoding v2.10.0
   Compiling linked-hash-map v0.5.6
   Compiling futures-lite v1.13.0
   Compiling yaml-rust v0.4.5 (https://github.com/warpdotdev/yaml-rust.git?rev=51684719d0102ca85ff4b21cec39877a0c669e19#51684719)
   Compiling web_atoms v0.1.3
   Compiling futures v0.3.31
   Compiling dyn-clone v1.0.20
   Compiling pkg-config v0.3.32
   Compiling mac v0.1.1
   Compiling precomputed-hash v0.1.1
   Compiling tower-http v0.6.8
   Compiling objc2 v0.6.3
   Compiling futures-timer v3.0.2
   Compiling arrayvec v0.7.6
   Compiling string_cache v0.8.9
   Compiling futf v0.1.5
   Compiling convert_case v0.7.1
   Compiling phf v0.11.3
   Compiling derive-where v1.2.7
   Compiling rayon-core v1.12.1
   Compiling objc2-encode v4.1.0
   Compiling bytemuck v1.24.0
   Compiling crossbeam-deque v0.8.3
   Compiling tendril v0.4.3
   Compiling async-net v2.0.0
   Compiling pathfinder_simd v0.5.4 (https://github.com/warpdotdev/pathfinder.git?rev=34128a129ca6aee168fbc5060a4f21b4f7e486a9#34128a12)
   Compiling offline_guard v0.1.0 (/Users/tedczj/workspace/term4u/crates-local/offline_guard)
   Compiling foreign-types-macros v0.2.3
   Compiling foreign-types-shared v0.3.1
   Compiling quote-use-macros v0.7.2
   Compiling sha1_smol v1.0.1
   Compiling hex v0.4.3
   Compiling uuid v1.19.0
   Compiling foreign-types v0.5.0
   Compiling proc-macro-utils v0.8.0
   Compiling async-lock v3.4.0
   Compiling float-cmp v0.9.0
   Compiling core_maths v0.1.0
   Compiling slotmap v1.0.6
   Compiling ahash v0.8.11
   Compiling content_inspector v0.2.4
   Compiling block2 v0.6.2
   Compiling pathdiff v0.2.1
   Compiling is_executable v1.0.1
   Compiling interpolator v0.5.0
   Compiling collection_literals v1.0.1
   Compiling typed-path v0.10.0
   Compiling ref-cast v1.0.23
   Compiling markup5ever v0.35.0
   Compiling dispatch2 v0.3.0
   Compiling rayon v1.10.0
   Compiling quote-use v0.7.2
   Compiling ttf-parser v0.25.1
   Compiling strict-num v0.1.1
   Compiling async-signal v0.2.13
   Compiling dirs-sys v0.5.0
   Compiling fdeflate v0.3.7
   Compiling ref-cast-impl v1.0.23
   Compiling match_token v0.35.0
   Compiling enum-iterator-derive v1.2.1
   Compiling arrayref v0.3.9
   Compiling tinyvec_macros v0.1.1
   Compiling zerocopy v0.7.32
   Compiling convert_case v0.4.0
   Compiling tinyvec v1.6.0
   Compiling enum-iterator v1.4.1
   Compiling tiny-skia-path v0.12.0
   Compiling html5ever v0.35.0
   Compiling png v0.18.1
   Compiling attribute-derive-macro v0.6.1
   Compiling attribute-derive v0.6.1
   Compiling async-process v2.5.0
   Compiling objc2-core-foundation v0.3.2
   Compiling xml5ever v0.35.0
   Compiling kurbo v0.13.0
   Compiling nix v0.30.1
   Compiling core-graphics-types v0.2.0 (https://github.com/servo/core-foundation-rs?rev=6f844cf1a1a18e25b70fcdf1bcdc458555bd2eff#6f844cf1)
   Compiling serde_derive_internals v0.29.1
   Compiling byteorder-lite v0.1.0
   Compiling heapless v0.8.0
   Compiling unicode-bidi-mirroring v0.4.0
   Compiling unicode-ccc v0.4.0
   Compiling unicode-properties v0.1.3
   Compiling weezl v0.1.12
   Compiling zune-core v0.5.1
   Compiling quick-error v2.0.1
   Compiling color_quant v1.1.0
   Compiling unicode-script v0.5.5
   Compiling zune-jpeg v0.5.12
   Compiling gif v0.14.1
   Compiling image-webp v0.2.4
   Compiling rustybuzz v0.20.1
   Compiling schemars_derive v1.0.4
   Compiling markup5ever_rcdom v0.35.0+unofficial
   Compiling svgtypes v0.16.1
   Compiling core-graphics v0.25.0 (https://github.com/servo/core-foundation-rs?rev=6f844cf1a1a18e25b70fcdf1bcdc458555bd2eff#6f844cf1)
   Compiling get-size-derive v0.1.3
   Compiling fontdb v0.23.0
   Compiling hashbrown v0.14.1
   Compiling dirs v6.0.0
   Compiling pathfinder_geometry v0.5.1
   Compiling serde_yaml v0.8.26
   Compiling hash32 v0.3.1
   Compiling simplecss v0.2.1
   Compiling dirs-sys-next v0.1.2
   Compiling roxmltree v0.21.1
   Compiling instant v0.1.12
   Compiling xmlwriter v0.1.0
   Compiling data-url v0.3.1
   Compiling unicode-bidi v0.3.15
   Compiling font-kit v0.12.0 (https://github.com/warpdotdev/font-kit?rev=a04b225ecb639bb850f21d05212cfdc7465000f3#a04b225e)
   Compiling imagesize v0.14.0
   Compiling pico-args v0.5.0
   Compiling unicode-vo v0.1.0
   Compiling pxfm v0.1.28
   Compiling markdown_parser v0.1.0 (/Users/tedczj/workspace/term4u/crates/markdown_parser)
   Compiling usvg v0.47.0
   Compiling dirs-next v2.0.0
   Compiling schemars v1.0.4
   Compiling dashmap v6.1.0
   Compiling get-size v0.1.4
   Compiling core-text v21.1.0 (https://github.com/servo/core-foundation-rs?rev=6f844cf1a1a18e25b70fcdf1bcdc458555bd2eff#6f844cf1)
   Compiling tiny-skia v0.12.0
   Compiling cfb v0.7.3
   Compiling tempfile v3.23.0
   Compiling moxcms v0.7.11
   Compiling rgb v0.8.50
   Compiling settings_value_derive v0.0.0 (/Users/tedczj/workspace/term4u/crates/settings_value_derive)
   Compiling warpui_core v0.1.0 (/Users/tedczj/workspace/term4u/crates/warpui_core)
   Compiling sha2 v0.10.9
   Compiling float-ord v0.3.2
   Compiling rustc-hash v2.1.1
   Compiling settings_value v0.1.0 (/Users/tedczj/workspace/term4u/crates/settings_value)
   Compiling resvg v0.47.0
   Compiling string-offset v0.0.0 (/Users/tedczj/workspace/term4u/crates/string-offset)
   Compiling infer v0.19.0
   Compiling ctrlc v3.4.7
   Compiling rstar v0.12.2
   Compiling objc2-foundation v0.3.2
   Compiling derive_more v0.99.17
   Compiling pathfinder_color v0.5.0
   Compiling async-fs v2.1.2
   Compiling strum_macros v0.27.1
   Compiling async-executor v1.13.1
   Compiling titlecase v1.1.0
   Compiling async-broadcast v0.7.2
   Compiling trait-set v0.3.0
   Compiling derivative v2.2.0
   Compiling ordered-float v3.9.2
   Compiling vec1 v1.10.1
   Compiling num-derive v0.4.2
   Compiling rangemap v1.4.0
   Compiling bounded-vec-deque v0.1.1
   Compiling bitflags v1.3.2
   Compiling image v0.25.9
   Compiling raw-window-handle v0.6.2
   Compiling strum v0.27.1
   Compiling winnow v1.0.0
   Compiling similar v2.7.0
   Compiling darling_core v0.23.0
   Compiling bstr v1.9.0
   Compiling toml_parser v1.1.0+spec-1.1.0
   Compiling itertools v0.10.5
   Compiling toml_datetime v1.1.0+spec-1.1.0
   Compiling toml_writer v1.1.0+spec-1.1.0
   Compiling security-framework v2.9.2
   Compiling toml_edit v0.25.6+spec-1.1.0
   Compiling warp_features v0.0.0 (/Users/tedczj/workspace/term4u/crates/warp_features)
   Compiling objc2-io-kit v0.3.1
   Compiling warp_core v0.0.0 (/Users/tedczj/workspace/term4u/crates/warp_core)
   Compiling concat-idents v1.1.5
   Compiling darling_macro v0.23.0
   Compiling difflib v0.4.0
   Compiling darling v0.23.0
   Compiling version-compare v0.1.1
   Compiling command-corrections v0.0.0 (https://github.com/warpdotdev/command-corrections.git?rev=eae08c8c51d9bc9741fcb17eef2c21f696aebbeb#eae08c8c)
   Compiling sysinfo v0.37.0
   Compiling shellexpand v3.1.1
   Compiling directories v6.0.0
   Compiling serde_with_macros v3.21.0
   Compiling getset v0.1.2
   Compiling line-ending v1.5.1
   Compiling foldhash v0.1.5
   Compiling hashbrown v0.15.2
   Compiling globset v0.4.18
   Compiling serde_with v3.21.0
   Compiling async-trait v0.1.89
   Compiling prettyplease v0.2.37
   Compiling vcpkg v0.2.15
   Compiling prost-derive v0.14.3
   Compiling darling_core v0.21.3
   Compiling powerfmt v0.2.0
   Compiling deranged v0.5.5
   Compiling zstd-sys v2.0.15+zstd.1.5.7
   Compiling serde_path_to_error v0.1.16
   Compiling arborium-javascript v2.13.0
   Compiling darling_macro v0.21.3
   Compiling num-conv v0.2.0
   Compiling time-core v0.1.8
   Compiling typed-arena v2.0.2
   Compiling utf8parse v0.2.2
   Compiling time v0.3.47
   Compiling darling v0.21.3
   Compiling jaq-core v3.0.0
   Compiling anstyle-parse v0.2.3
   Compiling num-integer v0.1.46
   Compiling arborium-css v2.13.0
   Compiling anstyle-query v1.1.5
   Compiling is_terminal_polyfill v1.70.2
   Compiling fixedbitset v0.5.7
   Compiling unicode-width v0.1.14
   Compiling urlencoding v2.1.3
   Compiling regex-bites v0.1.6
   Compiling colorchoice v1.0.0
   Compiling anstyle v1.0.13
   Compiling jiff v0.2.24
   Compiling anstream v0.6.21
   Compiling num-bigint v0.4.6
   Compiling prost v0.14.3
   Compiling hashlink v0.10.0
   Compiling arborium-tree-sitter v2.13.0
   Compiling jaq-std v3.0.0
   Compiling thread_local v1.1.7
   Compiling memoffset v0.7.1
   Compiling half v2.6.0
   Compiling self_cell v1.2.1
   Compiling humantime v2.1.0
   Compiling zstd-safe v7.2.4
   Compiling hifijson v0.5.0
   Compiling ciborium-io v0.2.2
   Compiling clap_lex v0.7.5
   Compiling arraydeque v0.5.1
   Compiling clap_builder v4.5.48
   Compiling jaq-json v2.0.0
   Compiling ciborium-ll v0.2.2
   Compiling saphyr-parser v0.0.6
   Compiling clap_derive v4.5.47
   Compiling prevent_sleep v0.0.0 (/Users/tedczj/workspace/term4u/crates/prevent_sleep)
   Compiling toml_datetime v0.7.3
   Compiling serde_spanned v1.0.3
   Compiling arborium-c v2.13.0
   Compiling arborium-html v2.13.0
   Compiling toml-span v0.7.1
   Compiling xmlparser v0.13.6
   Compiling signal-hook v0.3.18
   Compiling crunchy v0.2.2
   Compiling glob v0.3.1
   Compiling utf8-width v0.1.7
   Compiling clap v4.5.48
   Compiling clang-sys v1.8.1
   Compiling jaq-fmts v0.1.0
   Compiling libsqlite3-sys v0.33.0
   Compiling rust-embed-utils v7.8.1
   Compiling rust-embed-utils v8.7.2
   Compiling color-print-proc-macro v0.3.7
   Compiling eventsource-stream v0.2.3
   Compiling warp_cli v0.0.0 (/Users/tedczj/workspace/term4u/crates/warp_cli)
   Compiling async-compat v0.2.5
   Compiling async-stream-impl v0.3.5
   Compiling fsevent-sys v4.1.0
   Compiling filetime v0.2.25
   Compiling arborium-yaml v2.13.0
   Compiling arborium-scss v2.13.0
   Compiling arborium-typescript v2.13.0
   Compiling arborium-toml v2.13.0
   Compiling winnow v0.7.12
   Compiling codesnake v0.3.0
   Compiling termcolor v1.4.1
   Compiling beef v0.5.2
   Compiling downcast-rs v2.0.2
   Compiling notify-types v2.0.0 (https://github.com/warpdotdev/notify?rev=91b719849bc04ef251bcb2cc61076b099204e970#91b71984)
   Compiling ordered_hashmap v0.0.3
   Compiling graphlib_rust v0.0.2
   Compiling notify v8.0.0 (https://github.com/warpdotdev/notify?rev=91b719849bc04ef251bcb2cc61076b099204e970#91b71984)
   Compiling logos-codegen v0.14.1
   Compiling jaq-all v0.1.0
   Compiling async-stream v0.3.5
   Compiling color-print v0.3.7
   Compiling rust-embed-impl v8.7.2
   Compiling rust-embed-impl v6.8.1
   Compiling nix v0.26.4
   Compiling zstd v0.13.3
   Compiling clap_complete v4.5.58
   Compiling html-escape v0.2.13
   Compiling fuzzy-matcher v0.3.7
   Compiling oauth2 v5.0.0
   Compiling bincode v1.3.3
   Compiling ownedbytes v0.9.0
   Compiling arborium-bash v2.13.0
   Compiling arborium-ruby v2.13.0
   Compiling arborium-hcl v2.13.0
   Compiling arborium-xml v2.13.0
   Compiling arborium-jq v2.13.0
   Compiling arborium-tsx v2.13.0
   Compiling arborium-php v2.13.0
   Compiling arborium-rust v2.13.0
   Compiling arborium-starlark v2.13.0
   Compiling arborium-python v2.13.0
   Compiling arborium-nix v2.13.0
   Compiling arborium-swift v2.13.0
   Compiling arborium-java v2.13.0
   Compiling arborium-markdown v2.13.0
   Compiling arborium-sql v2.13.0
   Compiling arborium-vue v2.13.0
   Compiling arborium-dockerfile v2.13.0
   Compiling arborium-lua v2.13.0
   Compiling arborium-c-sharp v2.13.0
   Compiling arborium-objc v2.13.0
   Compiling arborium-kotlin v2.13.0
   Compiling arborium-cpp v2.13.0
   Compiling arborium-json v2.13.0
   Compiling arborium-elixir v2.13.0
   Compiling arborium-scala v2.13.0
   Compiling arborium-go v2.13.0
   Compiling arborium-powershell v2.13.0
   Compiling diesel_derives v2.3.5
   Compiling arborium v2.13.0
   Compiling typeid v1.0.3
   Compiling unsafe-libyaml v0.2.11
   Compiling static_assertions v1.1.0
   Compiling strsim v0.10.0
   Compiling streaming-iterator v0.1.9
   Compiling file-id v0.2.2 (https://github.com/warpdotdev/notify?rev=91b719849bc04ef251bcb2cc61076b099204e970#91b71984)
   Compiling notify-debouncer-full v0.5.0 (https://github.com/warpdotdev/notify?rev=91b719849bc04ef251bcb2cc61076b099204e970#91b71984)
   Compiling serde_yaml v0.9.34+deprecated
   Compiling darling_core v0.20.8
   Compiling toml v0.9.6
   Compiling rustls-webpki v0.103.13
   Compiling tokio-rustls v0.26.4
   Compiling rustls-platform-verifier v0.6.2
   Compiling hyper-rustls v0.27.7
   Compiling tungstenite v0.24.0
   Compiling reqwest v0.13.3
   Compiling async-tungstenite v0.28.2
   Compiling graphql-ws-client v0.11.1
   Compiling websocket v0.1.0 (/Users/tedczj/workspace/term4u/crates/websocket)
   Compiling warp_errors v0.0.0 (/Users/tedczj/workspace/term4u/crates/warp_errors)
   Compiling command v0.1.0 (/Users/tedczj/workspace/term4u/crates/command)
   Compiling sum_tree v0.1.0 (/Users/tedczj/workspace/term4u/crates/sum_tree)
   Compiling warp_util v0.1.0 (/Users/tedczj/workspace/term4u/crates/warp_util)
   Compiling local_control v0.0.0 (/Users/tedczj/workspace/term4u/crates/local_control)
   Compiling aha-reqwest-eventsource v0.1.0
   Compiling tantivy-common v0.11.0
   Compiling rust-embed v8.7.2
   Compiling rust-embed v6.8.1
   Compiling warp-completion-metadata v0.0.0 (https://github.com/warpdotdev/command-signatures.git?rev=d3725aa42375cc229699c87be2b38f9d9f07080f#d3725aa4)
   Compiling bitpacking v0.9.3
   Compiling signal-hook-mio v0.2.5
   Compiling logos-derive v0.14.1
   Compiling dagre_rust v0.0.5 (https://github.com/warpdotdev/mermaid-to-svg.git?rev=8d3f789c2eb49335d7bf247a06bb649f59b6d4ed#8d3f789c)
   Compiling petgraph v0.8.3
   Compiling dsl_auto_type v0.2.0
   Compiling libz-sys v1.1.25
   Compiling ignore v0.4.24
   Compiling itertools v0.11.0
   Compiling bzip2-sys v0.1.13+1.0.8
   Compiling lzma-sys v0.1.20
   Compiling repo_metadata v0.1.0 (/Users/tedczj/workspace/term4u/crates/repo_metadata)
   Compiling diesel_table_macro_syntax v0.3.0
   Compiling grep-matcher v0.1.8
   Compiling libloading v0.8.9
   Compiling heck v0.4.1
   Compiling erased-serde v0.4.10
   Compiling bindgen v0.70.1
   Compiling memo-map v0.3.2
   Compiling utf8-ranges v1.0.5
   Compiling arborium-theme v2.13.0
   Compiling unindent v0.2.4
   Compiling rustc-hash v1.1.0
   Compiling urlocator v0.1.4
   Compiling rust_decimal v1.35.0
   Compiling object v0.37.3
   Compiling arborium-highlight v2.13.0
   Compiling warp-command-signatures v0.0.0 (https://github.com/warpdotdev/command-signatures.git?rev=d3725aa42375cc229699c87be2b38f9d9f07080f#d3725aa4)
   Compiling ouroboros_macro v0.18.0
   Compiling tantivy-fst v0.5.0
   Compiling mermaid_to_svg v0.1.0 (https://github.com/warpdotdev/mermaid-to-svg.git?rev=8d3f789c2eb49335d7bf247a06bb649f59b6d4ed#8d3f789c)
   Compiling logos v0.14.1
   Compiling tantivy-bitpacker v0.10.0
   Compiling darling_macro v0.20.8
   Compiling migrations_internals v2.3.0
   Compiling fuzzy_match v0.1.0 (/Users/tedczj/workspace/term4u/crates/fuzzy_match)
   Compiling toml v0.5.11
   Compiling imara-diff v0.2.0
   Compiling ipynb_parser v0.1.0 (/Users/tedczj/workspace/term4u/crates/ipynb_parser)
   Compiling itertools v0.13.0
   Compiling derive_more-impl v2.0.1
   Compiling axum-core v0.5.2
   Compiling onig_sys v69.9.1
   Compiling encoding_rs_io v0.1.7
   Compiling cexpr v0.6.0
   Compiling core-graphics-types v0.2.0
   Compiling derive-new v0.5.9
   Compiling rust-stemmers v1.2.0
   Compiling inout v0.1.4
   Compiling async-recursion v1.1.1
   Compiling malloc_buf v0.0.6
   Compiling gimli v0.32.3
   Compiling smol_str v0.2.2
   Compiling lalrpop-util v0.20.2
   Compiling murmurhash32 v0.3.1
   Compiling typetag v0.2.21
   Compiling crc-catalog v2.4.0
   Compiling matchit v0.8.4
   Compiling litrs v1.0.0
   Compiling unicode-general-category v1.1.0
   Compiling unicode-linebreak v0.1.5
   Compiling aliasable v0.1.3
   Compiling document-features v0.2.12
   Compiling ouroboros v0.18.0
   Compiling axum v0.8.4
   Compiling addr2line v0.25.1
   Compiling crc v3.4.0
   Compiling tantivy-stacker v0.7.0
   Compiling cynic-parser v0.4.5
   Compiling objc v0.2.7 (https://github.com/warpdotdev/rust-objc.git?rev=5b656827fa9f863ef0eb22e444a3fedac009e78a#5b656827)
   Compiling cipher v0.4.4
   Compiling grep-searcher v0.1.16
   Compiling derive_more v2.0.1
   Compiling find-crate v0.6.3
   Compiling diesel v2.3.10
   Compiling darling v0.20.8
   Compiling migrations_macros v2.3.0
   Compiling counter v0.5.7
   Compiling warpui_extras v0.0.0 (/Users/tedczj/workspace/term4u/crates/warpui_extras)
   Compiling watcher v0.1.0 (/Users/tedczj/workspace/term4u/crates/watcher)
   Compiling settings v0.0.0 (/Users/tedczj/workspace/term4u/crates/settings)
   Compiling tantivy-sstable v0.7.0
   Compiling prost-types v0.14.3
   Compiling bon-macros v3.7.1
   Compiling uneval v0.2.3 (https://github.com/warpdotdev/uneval?rev=df4d9fad372aedc447e6f93ca0f930fabaf9dd1a#df4d9fad)
   Compiling warp-workflows-types v0.1.0 (https://github.com/warpdotdev/workflows?rev=793a98ddda6ef19682aed66364faebd2829f0e01#793a98dd)
   Compiling objc2-metal v0.3.2
   Compiling libgit2-sys v0.18.3+1.9.2
   Compiling interprocess v1.2.1
   Compiling regex_dfas v0.0.0 (/Users/tedczj/workspace/term4u/crates/regex_dfas)
   Compiling hmac v0.12.1
   Compiling ordered-float v5.3.0
   Compiling typetag-impl v0.2.21
   Compiling vte_generate_state_changes v0.1.1 (https://github.com/warpdotdev/vte.git?rev=4b399c87b63ba88f45709edaa6383fc519f6c900#4b399c87)
   Compiling is-terminal v0.4.17
   Compiling memmap v0.7.0
   Compiling palette v0.6.1
   Compiling paste v1.0.14
   Compiling block v0.1.6
   Compiling bumpalo v3.19.1
   Compiling multimap v0.10.1
   Compiling unicode-width v0.2.1
   Compiling safemem v0.3.3
   Compiling zip v2.4.2
   Compiling persistence v0.0.0 (/Users/tedczj/workspace/term4u/crates/persistence)
   Compiling utf8parse v0.2.1 (https://github.com/warpdotdev/vte.git?rev=4b399c87b63ba88f45709edaa6383fc519f6c900#4b399c87)
   Compiling fastdivide v0.4.2
   Compiling rustc-demangle v0.1.27
   Compiling tantivy-columnar v0.7.0
   Compiling backtrace v0.3.76
   Compiling vte v0.13.0 (https://github.com/warpdotdev/vte.git?rev=4b399c87b63ba88f45709edaa6383fc519f6c900#4b399c87)
   Compiling bon v3.7.1
   Compiling http_client v0.0.0 (/Users/tedczj/workspace/term4u/crates/http_client)
   Compiling asset_cache v0.0.0 (/Users/tedczj/workspace/term4u/crates/asset_cache)
   Compiling vim v0.1.0 (/Users/tedczj/workspace/term4u/crates/vim)
   Compiling warp_editor v0.1.0 (/Users/tedczj/workspace/term4u/crates/editor)
   Compiling warp_isolation_platform v0.1.0 (/Users/tedczj/workspace/term4u/crates/isolation_platform)
   Compiling secret_redaction v0.0.0 (/Users/tedczj/workspace/term4u/crates/secret_redaction)
   Compiling objc2-quartz-core v0.3.2
   Compiling line-wrap v0.1.1
   Compiling zopfli v0.8.3
   Compiling prost-build v0.14.3
   Compiling cocoa-foundation v0.2.1
   Compiling warp_completer v0.1.0 (/Users/tedczj/workspace/term4u/crates/warp_completer)
   Compiling languages v0.0.0 (/Users/tedczj/workspace/term4u/crates/languages)
   Compiling diesel_migrations v2.3.1
   Compiling warp-workflows v0.1.0 (https://github.com/warpdotdev/workflows?rev=793a98ddda6ef19682aed66364faebd2829f0e01#793a98dd)
   Compiling env_logger v0.10.2
   Compiling tantivy-query-grammar v0.26.0
   Compiling pbkdf2 v0.12.2
   Compiling cynic-codegen v3.8.0
   Compiling warpui v0.0.0 (/Users/tedczj/workspace/term4u/crates/warpui)
   Compiling byte-unit v5.2.0
   Compiling crossterm v0.29.0
   Compiling warp_assets v0.0.0 (/Users/tedczj/workspace/term4u/crates/warp_assets)
   Compiling palette_derive v0.6.1
   Compiling grep-printer v0.3.1
   Compiling aes v0.8.4
   Compiling lzma-rs v0.3.0
   Compiling bzip2 v0.5.2
   Compiling xz2 v0.1.7
   Compiling core-graphics v0.24.0
   Compiling channel_versions v0.1.0 (/Users/tedczj/workspace/term4u/crates/channel_versions)
   Compiling grep-regex v0.1.14
   Compiling grep-cli v0.1.12
   Compiling fluent-uri v0.1.4
   Compiling fs4 v0.13.1
   Compiling gethostname v1.1.0
   Compiling sharded-slab v0.1.7
   Compiling spinning v0.1.0
   Compiling bitflags-serde-legacy v0.1.1
   Compiling sketches-ddsketch v0.4.0
   Compiling tantivy-tokenizer-api v0.7.0
   Compiling toml_datetime v0.6.11
   Compiling serde_spanned v0.6.9
   Compiling tracing-log v0.2.0
   Compiling crossbeam-channel v0.5.8
   Compiling lsp v0.1.0 (/Users/tedczj/workspace/term4u/crates/lsp)
   Compiling ai v0.1.0 (/Users/tedczj/workspace/term4u/crates/ai)
   Compiling lru v0.16.3
   Compiling approx v0.5.1
   Compiling serde_repr v0.1.20
   Compiling matchers v0.2.0
   Compiling measure_time v0.9.0
   Compiling quick-xml v0.30.0
   Compiling cvt v0.1.2
   Compiling arc-swap v1.7.1
   Compiling nu-ansi-term v0.50.3
   Compiling census v0.4.2
   Compiling htmlescape v0.3.1
   Compiling psl-types v2.0.11
   Compiling toml_write v0.1.2
   Compiling deflate64 v0.1.10
   Compiling bimap v0.6.3
   Compiling oneshot v0.1.13
   Compiling datasketches v0.2.0
   Compiling to_method v1.1.0
   Compiling constant_time_eq v0.3.1
   Compiling base64 v0.21.7
   Compiling levenshtein_automata v0.2.1
   Compiling intmap v0.7.1
   Compiling lz4_flex v0.13.0
   Compiling plist v1.5.1
   Compiling warp_terminal v0.0.0 (/Users/tedczj/workspace/term4u/crates/warp_terminal)
   Compiling toml_edit v0.22.27
   Compiling tantivy v0.26.0
   Compiling psl v2.1.4
   Compiling tracing-subscriber v0.3.23
   Compiling lsp-types v0.97.0
   Compiling grep v0.4.1
   Compiling cocoa v0.26.0
   Compiling cynic-proc-macros v3.8.0
   Compiling syntax_tree v0.1.0 (/Users/tedczj/workspace/term4u/crates/syntax_tree)
   Compiling onig v6.5.1
   Compiling warp v0.1.0 (/Users/tedczj/workspace/term4u/app)
   Compiling objc2-app-kit v0.3.2
   Compiling simple_logger v0.1.0 (/Users/tedczj/workspace/term4u/crates/simple_logger)
   Compiling log-panics v2.1.0
   Compiling prost-reflect v0.16.3
   Compiling jsonrpc v0.1.0 (/Users/tedczj/workspace/term4u/crates/jsonrpc)
   Compiling axum-extra v0.10.1
   Compiling natural_language_detection v0.1.0 (/Users/tedczj/workspace/term4u/crates/natural_language_detection)
   Compiling interaction_types v0.1.0 (/Users/tedczj/workspace/term4u/crates-local/interaction_types)
   Compiling objc2-av-foundation v0.3.2
   Compiling priority-queue v2.5.0
   Compiling csv-core v0.1.11
   Compiling line-span v0.1.5
   Compiling dispatch v0.2.0
   Compiling twox-hash v2.1.2
   Compiling takecell v0.1.1
   Compiling base16ct v0.2.0
   Compiling lz4_flex v0.11.6
   Compiling csv v1.3.1
   Compiling input_classifier v0.0.0 (/Users/tedczj/workspace/term4u/crates/input_classifier)
   Compiling field_mask v0.0.0 (/Users/tedczj/workspace/term4u/crates/field_mask)
   Compiling app-installation-detection v0.1.0 (/Users/tedczj/workspace/term4u/crates/app-installation-detection)
   Compiling warp_logging v0.0.0 (/Users/tedczj/workspace/term4u/crates/warp_logging)
error: failed to run custom build command for `warpui v0.0.0 (/Users/tedczj/workspace/term4u/crates/warpui)`

Caused by:
  process didn't exit successfully: `/Users/tedczj/workspace/term4u/target/debug/build/warpui-8f2ecbb3dbc43dfc/build-script-build` (exit status: 101)
  --- stdout
  cargo:rustc-check-cfg=cfg(macos)
  cargo:rustc-cfg=macos
  cargo:rustc-check-cfg=cfg(winit)
  cargo:rustc-check-cfg=cfg(wgpu)
  cargo:rustc-check-cfg=cfg(native)
  cargo:rustc-cfg=native
  cargo:rerun-if-changed=src/platform/mac/rendering/metal/shaders/shader_types.h
  cargo:rerun-if-env-changed=TARGET
  cargo:rerun-if-env-changed=BINDGEN_EXTRA_CLANG_ARGS_aarch64-apple-darwin
  cargo:rerun-if-env-changed=BINDGEN_EXTRA_CLANG_ARGS_aarch64_apple_darwin
  cargo:rerun-if-env-changed=BINDGEN_EXTRA_CLANG_ARGS
  cargo:rerun-if-changed=src/platform/mac/rendering/metal/shaders/shader_types.h
  cargo:rerun-if-changed=/Library/Developer/CommandLineTools/SDKs/MacOSX.sdk/usr/include/simd/simd.h
  cargo:rerun-if-changed=/Library/Developer/CommandLineTools/SDKs/MacOSX.sdk/usr/include/simd/vector.h
  cargo:rerun-if-changed=/Library/Developer/CommandLineTools/SDKs/MacOSX.sdk/usr/include/simd/vector_types.h
  cargo:rerun-if-changed=/Library/Developer/CommandLineTools/SDKs/MacOSX.sdk/usr/include/simd/base.h
  cargo:rerun-if-changed=/Library/Developer/CommandLineTools/SDKs/MacOSX.sdk/usr/include/Availability.h
  cargo:rerun-if-changed=/Library/Developer/CommandLineTools/SDKs/MacOSX.sdk/usr/include/AvailabilityVersions.h
  cargo:rerun-if-changed=/Library/Developer/CommandLineTools/SDKs/MacOSX.sdk/usr/include/AvailabilityInternal.h
  cargo:rerun-if-changed=/Library/Developer/CommandLineTools/usr/lib/clang/14.0.3/include/arm_neon.h
  cargo:rerun-if-changed=/Library/Developer/CommandLineTools/usr/lib/clang/14.0.3/include/stdint.h
  cargo:rerun-if-changed=/Library/Developer/CommandLineTools/SDKs/MacOSX.sdk/usr/include/stdint.h
  cargo:rerun-if-changed=/Library/Developer/CommandLineTools/SDKs/MacOSX.sdk/usr/include/sys/_types/_int8_t.h
  cargo:rerun-if-changed=/Library/Developer/CommandLineTools/SDKs/MacOSX.sdk/usr/include/sys/_types/_int16_t.h
  cargo:rerun-if-changed=/Library/Developer/CommandLineTools/SDKs/MacOSX.sdk/usr/include/sys/_types/_int32_t.h
  cargo:rerun-if-changed=/Library/Developer/CommandLineTools/SDKs/MacOSX.sdk/usr/include/sys/_types/_int64_t.h
  cargo:rerun-if-changed=/Library/Developer/CommandLineTools/SDKs/MacOSX.sdk/usr/include/_types/_uint8_t.h
  cargo:rerun-if-changed=/Library/Developer/CommandLineTools/SDKs/MacOSX.sdk/usr/include/_types/_uint16_t.h
  cargo:rerun-if-changed=/Library/Developer/CommandLineTools/SDKs/MacOSX.sdk/usr/include/_types/_uint32_t.h
  cargo:rerun-if-changed=/Library/Developer/CommandLineTools/SDKs/MacOSX.sdk/usr/include/_types/_uint64_t.h
  cargo:rerun-if-changed=/Library/Developer/CommandLineTools/SDKs/MacOSX.sdk/usr/include/sys/_types.h
  cargo:rerun-if-changed=/Library/Developer/CommandLineTools/SDKs/MacOSX.sdk/usr/include/sys/cdefs.h
  cargo:rerun-if-changed=/Library/Developer/CommandLineTools/SDKs/MacOSX.sdk/usr/include/sys/_symbol_aliasing.h
  cargo:rerun-if-changed=/Library/Developer/CommandLineTools/SDKs/MacOSX.sdk/usr/include/sys/_posix_availability.h
  cargo:rerun-if-changed=/Library/Developer/CommandLineTools/SDKs/MacOSX.sdk/usr/include/machine/_types.h
  cargo:rerun-if-changed=/Library/Developer/CommandLineTools/SDKs/MacOSX.sdk/usr/include/arm/_types.h
  cargo:rerun-if-changed=/Library/Developer/CommandLineTools/SDKs/MacOSX.sdk/usr/include/sys/_pthread/_pthread_types.h
  cargo:rerun-if-changed=/Library/Developer/CommandLineTools/SDKs/MacOSX.sdk/usr/include/sys/cdefs.h
  cargo:rerun-if-changed=/Library/Developer/CommandLineTools/SDKs/MacOSX.sdk/usr/include/sys/_types/_intptr_t.h
  cargo:rerun-if-changed=/Library/Developer/CommandLineTools/SDKs/MacOSX.sdk/usr/include/machine/types.h
  cargo:rerun-if-changed=/Library/Developer/CommandLineTools/SDKs/MacOSX.sdk/usr/include/arm/types.h
  cargo:rerun-if-changed=/Library/Developer/CommandLineTools/SDKs/MacOSX.sdk/usr/include/arm/_types.h
  cargo:rerun-if-changed=/Library/Developer/CommandLineTools/SDKs/MacOSX.sdk/usr/include/sys/cdefs.h
  cargo:rerun-if-changed=/Library/Developer/CommandLineTools/SDKs/MacOSX.sdk/usr/include/sys/_types/_int8_t.h
  cargo:rerun-if-changed=/Library/Developer/CommandLineTools/SDKs/MacOSX.sdk/usr/include/sys/_types/_int16_t.h
  cargo:rerun-if-changed=/Library/Developer/CommandLineTools/SDKs/MacOSX.sdk/usr/include/sys/_types/_int32_t.h
  cargo:rerun-if-changed=/Library/Developer/CommandLineTools/SDKs/MacOSX.sdk/usr/include/sys/_types/_int64_t.h
  cargo:rerun-if-changed=/Library/Developer/CommandLineTools/SDKs/MacOSX.sdk/usr/include/sys/_types/_u_int8_t.h
  cargo:rerun-if-changed=/Library/Developer/CommandLineTools/SDKs/MacOSX.sdk/usr/include/sys/_types/_u_int16_t.h
  cargo:rerun-if-changed=/Library/Developer/CommandLineTools/SDKs/MacOSX.sdk/usr/include/sys/_types/_u_int32_t.h
  cargo:rerun-if-changed=/Library/Developer/CommandLineTools/SDKs/MacOSX.sdk/usr/include/sys/_types/_u_int64_t.h
  cargo:rerun-if-changed=/Library/Developer/CommandLineTools/SDKs/MacOSX.sdk/usr/include/sys/_types/_intptr_t.h
  cargo:rerun-if-changed=/Library/Developer/CommandLineTools/SDKs/MacOSX.sdk/usr/include/sys/_types/_uintptr_t.h
  cargo:rerun-if-changed=/Library/Developer/CommandLineTools/SDKs/MacOSX.sdk/usr/include/sys/_types/_uintptr_t.h
  cargo:rerun-if-changed=/Library/Developer/CommandLineTools/SDKs/MacOSX.sdk/usr/include/_types/_intmax_t.h
  cargo:rerun-if-changed=/Library/Developer/CommandLineTools/SDKs/MacOSX.sdk/usr/include/_types/_uintmax_t.h
  cargo:rerun-if-changed=/Library/Developer/CommandLineTools/SDKs/MacOSX.sdk/usr/include/simd/packed.h
  cargo:rerun-if-changed=/Library/Developer/CommandLineTools/SDKs/MacOSX.sdk/usr/include/simd/vector_types.h
  cargo:rerun-if-changed=/Library/Developer/CommandLineTools/SDKs/MacOSX.sdk/usr/include/simd/vector_make.h
  cargo:rerun-if-changed=/Library/Developer/CommandLineTools/SDKs/MacOSX.sdk/usr/include/simd/vector_types.h
  cargo:rerun-if-changed=/Library/Developer/CommandLineTools/SDKs/MacOSX.sdk/usr/include/simd/logic.h
  cargo:rerun-if-changed=/Library/Developer/CommandLineTools/SDKs/MacOSX.sdk/usr/include/simd/base.h
  cargo:rerun-if-changed=/Library/Developer/CommandLineTools/SDKs/MacOSX.sdk/usr/include/simd/vector_make.h
  cargo:rerun-if-changed=/Library/Developer/CommandLineTools/usr/lib/clang/14.0.3/include/stdint.h
  cargo:rerun-if-changed=/Library/Developer/CommandLineTools/SDKs/MacOSX.sdk/usr/include/simd/math.h
  cargo:rerun-if-changed=/Library/Developer/CommandLineTools/SDKs/MacOSX.sdk/usr/include/simd/base.h
  cargo:rerun-if-changed=/Library/Developer/CommandLineTools/SDKs/MacOSX.sdk/usr/include/simd/vector_make.h
  cargo:rerun-if-changed=/Library/Developer/CommandLineTools/SDKs/MacOSX.sdk/usr/include/simd/logic.h
  cargo:rerun-if-changed=/Library/Developer/CommandLineTools/usr/lib/clang/14.0.3/include/tgmath.h
  cargo:rerun-if-changed=/Library/Developer/CommandLineTools/SDKs/MacOSX.sdk/usr/include/math.h
  cargo:rerun-if-changed=/Library/Developer/CommandLineTools/SDKs/MacOSX.sdk/usr/include/sys/cdefs.h
  cargo:rerun-if-changed=/Library/Developer/CommandLineTools/SDKs/MacOSX.sdk/usr/include/Availability.h
  cargo:rerun-if-changed=/Library/Developer/CommandLineTools/SDKs/MacOSX.sdk/usr/include/tgmath.h
  cargo:rerun-if-changed=/Library/Developer/CommandLineTools/SDKs/MacOSX.sdk/usr/include/math.h
  cargo:rerun-if-changed=/Library/Developer/CommandLineTools/SDKs/MacOSX.sdk/usr/include/complex.h
  cargo:rerun-if-changed=/Library/Developer/CommandLineTools/SDKs/MacOSX.sdk/usr/include/sys/cdefs.h
  cargo:rerun-if-changed=/Library/Developer/CommandLineTools/SDKs/MacOSX.sdk/usr/include/simd/common.h
  cargo:rerun-if-changed=/Library/Developer/CommandLineTools/SDKs/MacOSX.sdk/usr/include/simd/base.h
  cargo:rerun-if-changed=/Library/Developer/CommandLineTools/SDKs/MacOSX.sdk/usr/include/simd/vector_make.h
  cargo:rerun-if-changed=/Library/Developer/CommandLineTools/SDKs/MacOSX.sdk/usr/include/simd/logic.h
  cargo:rerun-if-changed=/Library/Developer/CommandLineTools/SDKs/MacOSX.sdk/usr/include/simd/math.h
  cargo:rerun-if-changed=/Library/Developer/CommandLineTools/SDKs/MacOSX.sdk/usr/include/simd/geometry.h
  cargo:rerun-if-changed=/Library/Developer/CommandLineTools/SDKs/MacOSX.sdk/usr/include/simd/base.h
  cargo:rerun-if-changed=/Library/Developer/CommandLineTools/SDKs/MacOSX.sdk/usr/include/simd/vector_types.h
  cargo:rerun-if-changed=/Library/Developer/CommandLineTools/SDKs/MacOSX.sdk/usr/include/simd/common.h
  cargo:rerun-if-changed=/Library/Developer/CommandLineTools/SDKs/MacOSX.sdk/usr/include/simd/extern.h
  cargo:rerun-if-changed=/Library/Developer/CommandLineTools/SDKs/MacOSX.sdk/usr/include/simd/base.h
  cargo:rerun-if-changed=/Library/Developer/CommandLineTools/SDKs/MacOSX.sdk/usr/include/simd/types.h
  cargo:rerun-if-changed=/Library/Developer/CommandLineTools/SDKs/MacOSX.sdk/usr/include/simd/vector_types.h
  cargo:rerun-if-changed=/Library/Developer/CommandLineTools/SDKs/MacOSX.sdk/usr/include/simd/conversion.h
  cargo:rerun-if-changed=/Library/Developer/CommandLineTools/SDKs/MacOSX.sdk/usr/include/simd/base.h
  cargo:rerun-if-changed=/Library/Developer/CommandLineTools/SDKs/MacOSX.sdk/usr/include/simd/vector_types.h
  cargo:rerun-if-changed=/Library/Developer/CommandLineTools/SDKs/MacOSX.sdk/usr/include/simd/common.h
  cargo:rerun-if-changed=/Library/Developer/CommandLineTools/SDKs/MacOSX.sdk/usr/include/simd/logic.h
  cargo:rerun-if-changed=/Library/Developer/CommandLineTools/SDKs/MacOSX.sdk/usr/include/simd/matrix.h
  cargo:rerun-if-changed=/Library/Developer/CommandLineTools/SDKs/MacOSX.sdk/usr/include/simd/base.h
  cargo:rerun-if-changed=/Library/Developer/CommandLineTools/SDKs/MacOSX.sdk/usr/include/simd/matrix_types.h
  cargo:rerun-if-changed=/Library/Developer/CommandLineTools/SDKs/MacOSX.sdk/usr/include/simd/types.h
  cargo:rerun-if-changed=/Library/Developer/CommandLineTools/SDKs/MacOSX.sdk/usr/include/simd/vector_make.h
  cargo:rerun-if-changed=/Library/Developer/CommandLineTools/SDKs/MacOSX.sdk/usr/include/simd/geometry.h
  cargo:rerun-if-changed=/Library/Developer/CommandLineTools/SDKs/MacOSX.sdk/usr/include/simd/extern.h
  cargo:rerun-if-changed=/Library/Developer/CommandLineTools/SDKs/MacOSX.sdk/usr/include/simd/logic.h
  cargo:rerun-if-changed=/Library/Developer/CommandLineTools/SDKs/MacOSX.sdk/usr/include/simd/quaternion.h
  cargo:rerun-if-changed=/Library/Developer/CommandLineTools/SDKs/MacOSX.sdk/usr/include/simd/base.h
  cargo:rerun-if-changed=/Library/Developer/CommandLineTools/SDKs/MacOSX.sdk/usr/include/simd/vector.h
  cargo:rerun-if-changed=/Library/Developer/CommandLineTools/SDKs/MacOSX.sdk/usr/include/simd/types.h
  cargo:rerun-if-changed=/Library/Developer/CommandLineTools/SDKs/MacOSX.sdk/usr/include/simd/math.h
  cargo:rerun-if-changed=/Library/Developer/CommandLineTools/SDKs/MacOSX.sdk/usr/include/simd/geometry.h
  cargo:rerun-if-changed=/Library/Developer/CommandLineTools/SDKs/MacOSX.sdk/usr/include/simd/math.h
  cargo:rerun-if-changed=/Library/Developer/CommandLineTools/SDKs/MacOSX.sdk/usr/include/simd/geometry.h
  cargo:rerun-if-changed=src/platform/mac/rendering/metal/shaders/shader_types.h
  cargo:rerun-if-changed=src/platform/mac/rendering/metal/shaders/shaders.metal
  cargo:rerun-if-env-changed=MACOSX_DEPLOYMENT_TARGET

  --- stderr

  thread 'main' (32151730) panicked at crates/warpui/build.rs:113:5:
  error compiling metal shaders to .air; xcrun: error: unable to find utility "metal", not a developer tool or in PATH

  note: run with `RUST_BACKTRACE=1` environment variable to display a backtrace
warning: build failed, waiting for other jobs to finish...
