^D13:11:37.892 [0m[34m[INFO][0m [0m[2m[warp::resource_limits] [0mInitial open file descriptor limit is 256, with a hard limit of 9223372036854775807
13:11:37.893 [0m[34m[INFO][0m [0m[2m[warp::resource_limits] [0mIncreased open file descriptor limit to 2560
13:11:37.898 [0m[34m[INFO][0m [0m[2m[warp_terminal::local_tty::server] [0mSpawning terminal server process...
13:11:37.910 [0m[34m[INFO][0m [0m[2m[warp_terminal::local_tty::server::event_loop] [0mRunning terminal server...
13:11:38.003 [0m[34m[INFO][0m [0m[2m[warpui::platform::mac::app] [0mapplication will finish launching
13:11:38.086 [0m[34m[INFO][0m [0m[2m[warp::app_services] [0mInitializing app services
13:11:38.099 [0m[34m[INFO][0m [0m[2m[warpui_core::core::app] [0mdispatching global action for root_view:open_from_restored
13:11:38.100 [0m[34m[INFO][0m [0m[2m[warpui::platform::mac::window] [0mOpening window with id 0
13:11:38.107 [0m[34m[INFO][0m [0m[2m[warpui::platform::mac::window] [0mUsing discrete GPU for rendering new window.
13:11:38.139 [0m[34m[INFO][0m [0m[2m[warp::terminal::local_tty::terminal_manager] [0mCreating terminal model with 0 restored blocks
13:11:38.178 [0m[34m[INFO][0m [0m[2m[warpui_core::platform::app] [0mapplication did become active
13:11:38.228 [0m[34m[INFO][0m [0m[2m[warp_terminal::local_tty::unix] [0mStarting shell /bin/zsh
13:11:38.230 [0m[34m[INFO][0m [0m[2m[warp_terminal::local_tty::unix] [0mSuccessfully spawned child zsh process with pid 29542
13:11:38.230 [0m[34m[INFO][0m [0m[2m[warp_terminal::local_tty::server::event_loop] [0mSuccessfully spawned tty with pid: 29542
2026-09-12 13:11:38.230 term4u[29538:32221487] error messaging the mach port for IMKCFRunLoopWakeUpReliable
13:11:38.230 [0m[34m[INFO][0m [0m[2m[warpui_core::core::app] [0mdispatching typed action: warp::editor::view::EditorAction::ClearMarkedText
13:11:38.231 [0m[34m[INFO][0m [0m[2m[warpui_core::core::app] [0mdispatching typed action: warp::editor::view::EditorAction::ClearMarkedText
13:11:38.232 [0m[34m[INFO][0m [0m[2m[warpui_core::core::app] [0mdispatching typed action: warp::editor::view::EditorAction::ClearMarkedText
13:11:38.232 [0m[34m[INFO][0m [0m[2m[warpui_core::platform::app] [0mapplication can reach internet
13:11:38.232 [0m[34m[INFO][0m [0m[2m[warpui_core::platform::app] [0mwindow resized
13:11:38.232 [0m[34m[INFO][0m [0m[2m[warpui_core::platform::app] [0mwindow resized
13:11:38.232 [0m[34m[INFO][0m [0m[2m[warpui_core::platform::app] [0mwindow resized
13:11:38.232 [0m[34m[INFO][0m [0m[2m[warpui_core::platform::app] [0mwindow resized
13:11:38.232 [0m[34m[INFO][0m [0m[2m[warpui_core::platform::app] [0mactive window changed: Some(WindowId(0))
13:11:38.232 [0m[34m[INFO][0m [0m[2m[warpui_core::platform::app] [0mwindow resized
13:11:38.237 [0m[34m[INFO][0m [0m[2m[warpui_core::core::app] [0mdispatching typed action: warp::editor::view::EditorAction::ClearMarkedText
13:11:38.269 [0m[34m[INFO][0m [0m[2m[warp_terminal::model::ansi] [0mReceived InitShell hook
13:11:38.315 [0m[34m[INFO][0m [0m[2m[warp_terminal::model::ansi] [0mReceived CommandFinished hook
13:11:38.315 [0m[34m[INFO][0m [0m[2m[warp::terminal::model::terminal_model] [0mTried to exit the alternate screen, but it was already inactive
13:11:38.317 [0m[34m[INFO][0m [0m[2m[warp::terminal::model::block] [0mBlock finished with new state DoneWithExecution
13:11:38.317 [0m[34m[INFO][0m [0m[2m[warp::terminal::model::blocks] [0mIncrementing stage from WarpInput to ScriptExecution
13:11:38.327 [0m[34m[INFO][0m [0m[2m[warp_terminal::model::ansi] [0mReceived Precmd hook
13:11:38.413 [0m[34m[INFO][0m [0m[2m[warp_terminal::model::ansi] [0mReceived Bootstrapped hook
13:11:38.414 [0m[34m[INFO][0m [0m[2m[warp::terminal::model::early_output] [0mConfigured typeahead mode as ShellReported
13:11:38.414 [0m[34m[INFO][0m [0m[2m[warp::terminal::model::session::command_executor] [0mcreating a local executor!
13:11:38.414 [0m[34m[INFO][0m [0m[2m[warp::terminal::model::session] [0mParsed shell version string: Some([Number(5), Number(9)])
13:11:38.414 [0m[34m[INFO][0m [0m[2m[warp::terminal::model::session] [0mShell is bootstrapped with session_id SessionId(3982319451673248502)
13:11:38.414 [0m[34m[INFO][0m [0m[2m[warp::terminal::model::session] [0mLoading history from file /tmp/term4u-gui-selftest-20260912/zsh/.zsh_history for shell zsh
13:11:38.418 [0m[34m[INFO][0m [0m[2m[warp_terminal::model::ansi] [0mReceived CommandFinished hook
13:11:38.418 [0m[34m[INFO][0m [0m[2m[warp::terminal::model::terminal_model] [0mTried to exit the alternate screen, but it was already inactive
13:11:38.418 [0m[34m[INFO][0m [0m[2m[warp::terminal::model::block] [0mBlock finished with new state DoneWithExecution
13:11:38.419 [0m[34m[INFO][0m [0m[2m[warp::terminal::model::blocks] [0mIncrementing stage from Bootstrapped to PostBootstrapPrecmd
13:11:38.467 [0m[34m[INFO][0m [0m[2m[warp_terminal::model::ansi] [0mReceived Precmd hook
13:11:38.528 [0m[34m[INFO][0m [0m[2m[warp_terminal::model::ansi] [0mReceived InputBuffer hook
13:11:54.547 [0m[34m[INFO][0m [0m[2m[warpui_core::core::app] [0mdispatching typed action: warp::editor::view::EditorAction::UserInsert(UserInput("c"))
13:11:54.548 [0m[34m[INFO][0m [0m[2m[warpui_core::core::app] [0mdispatching typed action: warp::editor::view::EditorAction::ClearMarkedText
13:11:54.549 [0m[34m[INFO][0m [0m[2m[warpui_core::core::app] [0mdispatching typed action: warp::editor::view::EditorAction::UserInsert(UserInput("a"))
13:11:54.549 [0m[34m[INFO][0m [0m[2m[warpui_core::core::app] [0mdispatching typed action: warp::editor::view::EditorAction::ClearMarkedText
13:11:54.550 [0m[34m[INFO][0m [0m[2m[warpui_core::core::app] [0mdispatching typed action: warp::editor::view::EditorAction::UserInsert(UserInput("t"))
13:11:54.551 [0m[34m[INFO][0m [0m[2m[warpui_core::core::app] [0mdispatching typed action: warp::editor::view::EditorAction::ClearMarkedText
13:11:54.573 [0m[34m[INFO][0m [0m[2m[warpui_core::core::app] [0mdispatching typed action: warp::editor::view::EditorAction::Enter
13:11:54.573 [0m[33m[WARN][0m [0m[2m[warp::terminal::model::terminal_model] [0mReceived 'end_in_band_command_output' while not expecting to read in-band command output.
13:11:54.583 [0m[34m[INFO][0m [0m[2m[warp_terminal::model::ansi] [0mReceived Preexec hook
13:11:54.583 [0m[34m[INFO][0m [0m[2m[warpui_core::core::app] [0mdispatching typed action: warp::editor::view::EditorAction::ClearMarkedText
13:11:54.584 [0m[34m[INFO][0m [0m[2m[warpui_core::core::app] [0mdispatching typed action: warp::editor::view::EditorAction::ClearMarkedText
13:12:00.351 [0m[34m[INFO][0m [0m[2m[warpui_core::core::app] [0mdispatching typed action: warp::editor::view::EditorAction::Enter
13:13:10.449 [0m[34m[INFO][0m [0m[2m[warpui_core::core::app] [0mDispatching custom action ClearEditor
13:13:10.449 [0m[34m[INFO][0m [0m[2m[warpui_core::core::app] [0mdispatching typed action: warp::editor::view::EditorAction::CtrlC
13:13:10.454 [0m[34m[INFO][0m [0m[2m[warp_terminal::model::ansi] [0mReceived CommandFinished hook
13:13:10.454 [0m[34m[INFO][0m [0m[2m[warp::terminal::model::terminal_model] [0mTried to exit the alternate screen, but it was already inactive
13:13:10.454 [0m[34m[INFO][0m [0m[2m[warp::terminal::model::block] [0mBlock finished with new state DoneWithExecution
13:13:10.506 [0m[34m[INFO][0m [0m[2m[warp_terminal::model::ansi] [0mReceived Precmd hook
13:13:10.562 [0m[34m[INFO][0m [0m[2m[warp_terminal::model::ansi] [0mReceived InputBuffer hook
13:13:19.635 [0m[34m[INFO][0m [0m[2m[warpui_core::platform::app] [0mapplication will terminate
13:13:19.639 [0m[34m[INFO][0m [0m[2m[warp::persistence] [0mShut down SQLite writer in 3.263667ms
13:13:19.639 [0m[34m[INFO][0m [0m[2m[lsp::manager] [0mTerminating all LSP servers for 0 workspaces
13:13:19.639 [0m[34m[INFO][0m [0m[2m[warp_terminal::local_tty::spawner] [0mTearing down terminal server...
13:13:19.640 [0m[34m[INFO][0m [0m[2m[warp_terminal::local_tty::server::protocol] [0mReceived empty message; assuming the connection has been closed.
13:13:19.640 [0m[34m[INFO][0m [0m[2m[warp::app_services] [0mTearing down app services...
13:13:19.640 [0m[34m[INFO][0m [0m[2m[warpui_core::platform::app] [0mWindowId(0) will close
13:13:19.641 [0m[33m[WARN][0m [0m[2m[warp_terminal::local_tty::server::client] [0mReceived EPIPE when trying to kill child shell process; assuming the terminal server has terminated.
13:13:19.641 [0m[34m[INFO][0m [0m[2m[warp::terminal::model::terminal_model] [0mTried to exit the alternate screen, but it was already inactive
13:13:19.641 [0m[34m[INFO][0m [0m[2m[warp::terminal::model::block] [0mBlock finished with new state DoneWithNoExecution
