^D13:14:31.528 [0m[34m[INFO][0m [0m[2m[warp::resource_limits] [0mInitial open file descriptor limit is 256, with a hard limit of 9223372036854775807
13:14:31.528 [0m[34m[INFO][0m [0m[2m[warp::resource_limits] [0mIncreased open file descriptor limit to 2560
13:14:31.534 [0m[34m[INFO][0m [0m[2m[warp_terminal::local_tty::server] [0mSpawning terminal server process...
13:14:31.548 [0m[34m[INFO][0m [0m[2m[warp_terminal::local_tty::server::event_loop] [0mRunning terminal server...
13:14:31.660 [0m[34m[INFO][0m [0m[2m[warpui::platform::mac::app] [0mapplication will finish launching
13:14:31.740 [0m[34m[INFO][0m [0m[2m[warp::app_services] [0mInitializing app services
13:14:31.756 [0m[34m[INFO][0m [0m[2m[warpui_core::core::app] [0mdispatching global action for root_view:open_from_restored
13:14:31.756 [0m[34m[INFO][0m [0m[2m[warpui::platform::mac::window] [0mOpening window with id 0
13:14:31.764 [0m[34m[INFO][0m [0m[2m[warpui::platform::mac::window] [0mUsing discrete GPU for rendering new window.
13:14:31.793 [0m[34m[INFO][0m [0m[2m[warp::terminal::local_tty::terminal_manager] [0mCreating terminal model with 0 restored blocks
13:14:31.839 [0m[34m[INFO][0m [0m[2m[warpui_core::platform::app] [0mapplication did become active
13:14:31.892 [0m[34m[INFO][0m [0m[2m[warp_terminal::local_tty::unix] [0mStarting shell /bin/zsh
13:14:31.893 [0m[34m[INFO][0m [0m[2m[warp_terminal::local_tty::server::event_loop] [0mSuccessfully spawned tty with pid: 29824
13:14:31.893 [0m[34m[INFO][0m [0m[2m[warp_terminal::local_tty::unix] [0mSuccessfully spawned child zsh process with pid 29824
2026-09-12 13:14:31.894 term4u[29818:32225601] error messaging the mach port for IMKCFRunLoopWakeUpReliable
13:14:31.894 [0m[34m[INFO][0m [0m[2m[warpui_core::core::app] [0mdispatching typed action: warp::editor::view::EditorAction::ClearMarkedText
13:14:31.895 [0m[34m[INFO][0m [0m[2m[warpui_core::core::app] [0mdispatching typed action: warp::editor::view::EditorAction::ClearMarkedText
13:14:31.896 [0m[34m[INFO][0m [0m[2m[warpui_core::core::app] [0mdispatching typed action: warp::editor::view::EditorAction::ClearMarkedText
13:14:31.896 [0m[34m[INFO][0m [0m[2m[warpui_core::platform::app] [0mapplication can reach internet
13:14:31.896 [0m[34m[INFO][0m [0m[2m[warpui_core::platform::app] [0mwindow resized
13:14:31.896 [0m[34m[INFO][0m [0m[2m[warpui_core::platform::app] [0mwindow resized
13:14:31.896 [0m[34m[INFO][0m [0m[2m[warpui_core::platform::app] [0mwindow resized
13:14:31.896 [0m[34m[INFO][0m [0m[2m[warpui_core::platform::app] [0mwindow resized
13:14:31.896 [0m[34m[INFO][0m [0m[2m[warpui_core::platform::app] [0mactive window changed: Some(WindowId(0))
13:14:31.896 [0m[34m[INFO][0m [0m[2m[warpui_core::platform::app] [0mwindow resized
13:14:31.900 [0m[34m[INFO][0m [0m[2m[warpui_core::core::app] [0mdispatching typed action: warp::editor::view::EditorAction::ClearMarkedText
13:14:31.934 [0m[34m[INFO][0m [0m[2m[warp_terminal::model::ansi] [0mReceived InitShell hook
13:14:31.980 [0m[34m[INFO][0m [0m[2m[warp_terminal::model::ansi] [0mReceived CommandFinished hook
13:14:31.980 [0m[34m[INFO][0m [0m[2m[warp::terminal::model::terminal_model] [0mTried to exit the alternate screen, but it was already inactive
13:14:31.981 [0m[34m[INFO][0m [0m[2m[warp::terminal::model::block] [0mBlock finished with new state DoneWithExecution
13:14:31.981 [0m[34m[INFO][0m [0m[2m[warp::terminal::model::blocks] [0mIncrementing stage from WarpInput to ScriptExecution
13:14:31.990 [0m[34m[INFO][0m [0m[2m[warp_terminal::model::ansi] [0mReceived Precmd hook
13:14:32.074 [0m[34m[INFO][0m [0m[2m[warp_terminal::model::ansi] [0mReceived Bootstrapped hook
13:14:32.074 [0m[34m[INFO][0m [0m[2m[warp::terminal::model::early_output] [0mConfigured typeahead mode as ShellReported
13:14:32.075 [0m[34m[INFO][0m [0m[2m[warp::terminal::model::session::command_executor] [0mcreating a local executor!
13:14:32.075 [0m[34m[INFO][0m [0m[2m[warp::terminal::model::session] [0mParsed shell version string: Some([Number(5), Number(9)])
13:14:32.075 [0m[34m[INFO][0m [0m[2m[warp::terminal::model::session] [0mShell is bootstrapped with session_id SessionId(6872811260400695320)
13:14:32.075 [0m[34m[INFO][0m [0m[2m[warp::terminal::model::session] [0mLoading history from file /tmp/term4u-gui-selftest-20260912/zsh/.zsh_history for shell zsh
13:14:32.078 [0m[34m[INFO][0m [0m[2m[warp_terminal::model::ansi] [0mReceived CommandFinished hook
13:14:32.078 [0m[34m[INFO][0m [0m[2m[warp::terminal::model::terminal_model] [0mTried to exit the alternate screen, but it was already inactive
13:14:32.078 [0m[34m[INFO][0m [0m[2m[warp::terminal::model::block] [0mBlock finished with new state DoneWithExecution
13:14:32.079 [0m[34m[INFO][0m [0m[2m[warp::terminal::model::blocks] [0mIncrementing stage from Bootstrapped to PostBootstrapPrecmd
13:14:32.128 [0m[34m[INFO][0m [0m[2m[warp_terminal::model::ansi] [0mReceived Precmd hook
13:14:32.189 [0m[34m[INFO][0m [0m[2m[warp_terminal::model::ansi] [0mReceived InputBuffer hook
13:14:51.863 [0m[34m[INFO][0m [0m[2m[warpui_core::core::app] [0mdispatching typed action: warp::editor::view::EditorAction::UserInsert(UserInput("c"))
13:14:51.864 [0m[34m[INFO][0m [0m[2m[warpui_core::core::app] [0mdispatching typed action: warp::editor::view::EditorAction::ClearMarkedText
13:14:51.865 [0m[34m[INFO][0m [0m[2m[warpui_core::core::app] [0mdispatching typed action: warp::editor::view::EditorAction::UserInsert(UserInput("a"))
13:14:51.865 [0m[34m[INFO][0m [0m[2m[warpui_core::core::app] [0mdispatching typed action: warp::editor::view::EditorAction::ClearMarkedText
13:14:51.867 [0m[34m[INFO][0m [0m[2m[warpui_core::core::app] [0mdispatching typed action: warp::editor::view::EditorAction::UserInsert(UserInput("t"))
13:14:51.867 [0m[34m[INFO][0m [0m[2m[warpui_core::core::app] [0mdispatching typed action: warp::editor::view::EditorAction::ClearMarkedText
13:14:51.889 [0m[34m[INFO][0m [0m[2m[warpui_core::core::app] [0mdispatching typed action: warp::editor::view::EditorAction::Enter
13:14:51.890 [0m[33m[WARN][0m [0m[2m[warp::terminal::model::terminal_model] [0mReceived 'end_in_band_command_output' while not expecting to read in-band command output.
13:14:51.900 [0m[34m[INFO][0m [0m[2m[warp_terminal::model::ansi] [0mReceived Preexec hook
13:14:51.941 [0m[32m[DEBUG][0m [0m[2m[warp::terminal::view] [0mMoving keyboard focus from command editor to terminal
13:14:51.941 [0m[34m[INFO][0m [0m[2m[warpui_core::core::app] [0mdispatching typed action: warp::editor::view::EditorAction::ClearMarkedText
13:15:01.279 [0m[34m[INFO][0m [0m[2m[warpui_core::core::app] [0mdispatching typed action: warp::terminal::view::action::TerminalAction::TypedCharacters("H")
13:15:01.281 [0m[34m[INFO][0m [0m[2m[warpui_core::core::app] [0mdispatching typed action: warp::terminal::view::action::TerminalAction::TypedCharacters("E")
13:15:01.281 [0m[34m[INFO][0m [0m[2m[warpui_core::core::app] [0mdispatching typed action: warp::terminal::view::action::TerminalAction::TypedCharacters("L")
13:15:01.297 [0m[34m[INFO][0m [0m[2m[warpui_core::core::app] [0mdispatching typed action: warp::terminal::view::action::TerminalAction::TypedCharacters("L")
13:15:01.298 [0m[34m[INFO][0m [0m[2m[warpui_core::core::app] [0mdispatching typed action: warp::terminal::view::action::TerminalAction::TypedCharacters("O")
13:15:01.300 [0m[34m[INFO][0m [0m[2m[warpui_core::core::app] [0mdispatching typed action: warp::terminal::view::action::TerminalAction::KeyDown("\r")
13:15:09.477 [0m[34m[INFO][0m [0m[2m[warpui_core::core::app] [0mdispatching typed action: warp::terminal::view::action::TerminalAction::KeyDown("\u{4}")
13:15:09.481 [0m[34m[INFO][0m [0m[2m[warp_terminal::model::ansi] [0mReceived CommandFinished hook
13:15:09.482 [0m[34m[INFO][0m [0m[2m[warp::terminal::model::terminal_model] [0mTried to exit the alternate screen, but it was already inactive
13:15:09.482 [0m[34m[INFO][0m [0m[2m[warp::terminal::model::block] [0mBlock finished with new state DoneWithExecution
13:15:09.520 [0m[34m[INFO][0m [0m[2m[warp_terminal::model::ansi] [0mReceived Precmd hook
13:15:09.577 [0m[34m[INFO][0m [0m[2m[warp_terminal::model::ansi] [0mReceived InputBuffer hook
13:15:21.546 [0m[34m[INFO][0m [0m[2m[warpui_core::core::app] [0mdispatching typed action: warp::editor::view::EditorAction::UserInsert(UserInput("e"))
13:15:21.547 [0m[34m[INFO][0m [0m[2m[warpui_core::core::app] [0mdispatching typed action: warp::editor::view::EditorAction::ClearMarkedText
13:15:21.548 [0m[34m[INFO][0m [0m[2m[warpui_core::core::app] [0mdispatching typed action: warp::editor::view::EditorAction::UserInsert(UserInput("c"))
13:15:21.549 [0m[34m[INFO][0m [0m[2m[warpui_core::core::app] [0mdispatching typed action: warp::editor::view::EditorAction::ClearMarkedText
13:15:21.564 [0m[34m[INFO][0m [0m[2m[warpui_core::core::app] [0mdispatching typed action: warp::editor::view::EditorAction::UserInsert(UserInput("h"))
13:15:21.564 [0m[34m[INFO][0m [0m[2m[warpui_core::core::app] [0mdispatching typed action: warp::editor::view::EditorAction::ClearMarkedText
13:15:21.565 [0m[34m[INFO][0m [0m[2m[warpui_core::core::app] [0mdispatching typed action: warp::editor::view::EditorAction::UserInsert(UserInput("o"))
13:15:21.566 [0m[34m[INFO][0m [0m[2m[warpui_core::core::app] [0mdispatching typed action: warp::editor::view::EditorAction::ClearMarkedText
13:15:21.567 [0m[34m[INFO][0m [0m[2m[warpui_core::core::app] [0mdispatching typed action: warp::editor::view::EditorAction::UserInsert(UserInput(" "))
13:15:21.567 [0m[34m[INFO][0m [0m[2m[warpui_core::core::app] [0mdispatching typed action: warp::editor::view::EditorAction::ClearMarkedText
13:15:21.569 [0m[34m[INFO][0m [0m[2m[warpui_core::core::app] [0mdispatching typed action: warp::editor::view::EditorAction::UserInsert(UserInput("P"))
13:15:21.569 [0m[34m[INFO][0m [0m[2m[warpui_core::core::app] [0mdispatching typed action: warp::editor::view::EditorAction::ClearMarkedText
13:15:21.581 [0m[34m[INFO][0m [0m[2m[warpui_core::core::app] [0mdispatching typed action: warp::editor::view::EditorAction::UserInsert(UserInput("A"))
13:15:21.581 [0m[34m[INFO][0m [0m[2m[warpui_core::core::app] [0mdispatching typed action: warp::editor::view::EditorAction::ClearMarkedText
13:15:21.583 [0m[34m[INFO][0m [0m[2m[warpui_core::core::app] [0mdispatching typed action: warp::editor::view::EditorAction::UserInsert(UserInput("S"))
13:15:21.583 [0m[34m[INFO][0m [0m[2m[warpui_core::core::app] [0mdispatching typed action: warp::editor::view::EditorAction::ClearMarkedText
13:15:21.584 [0m[34m[INFO][0m [0m[2m[warpui_core::core::app] [0mdispatching typed action: warp::editor::view::EditorAction::UserInsert(UserInput("S"))
13:15:21.585 [0m[34m[INFO][0m [0m[2m[warpui_core::core::app] [0mdispatching typed action: warp::editor::view::EditorAction::ClearMarkedText
13:15:21.597 [0m[34m[INFO][0m [0m[2m[warpui_core::core::app] [0mdispatching typed action: warp::editor::view::EditorAction::UserInsert(UserInput("1"))
13:15:21.597 [0m[34m[INFO][0m [0m[2m[warpui_core::core::app] [0mdispatching typed action: warp::editor::view::EditorAction::ClearMarkedText
13:15:21.599 [0m[34m[INFO][0m [0m[2m[warpui_core::core::app] [0mdispatching typed action: warp::editor::view::EditorAction::UserInsert(UserInput("2"))
13:15:21.599 [0m[34m[INFO][0m [0m[2m[warpui_core::core::app] [0mdispatching typed action: warp::editor::view::EditorAction::ClearMarkedText
13:15:21.600 [0m[34m[INFO][0m [0m[2m[warpui_core::core::app] [0mdispatching typed action: warp::editor::view::EditorAction::UserInsert(UserInput("3"))
13:15:21.601 [0m[34m[INFO][0m [0m[2m[warpui_core::core::app] [0mdispatching typed action: warp::editor::view::EditorAction::ClearMarkedText
13:15:21.614 [0m[34m[INFO][0m [0m[2m[warpui_core::core::app] [0mdispatching typed action: warp::editor::view::EditorAction::Enter
13:15:21.615 [0m[33m[WARN][0m [0m[2m[warp::terminal::model::terminal_model] [0mReceived 'end_in_band_command_output' while not expecting to read in-band command output.
13:15:21.624 [0m[34m[INFO][0m [0m[2m[warp_terminal::model::ansi] [0mReceived Preexec hook
13:15:21.627 [0m[34m[INFO][0m [0m[2m[warp_terminal::model::ansi] [0mReceived CommandFinished hook
13:15:21.627 [0m[34m[INFO][0m [0m[2m[warp::terminal::model::terminal_model] [0mTried to exit the alternate screen, but it was already inactive
13:15:21.627 [0m[34m[INFO][0m [0m[2m[warp::terminal::model::block] [0mBlock finished with new state DoneWithExecution
13:15:21.674 [0m[34m[INFO][0m [0m[2m[warp_terminal::model::ansi] [0mReceived Precmd hook
13:15:21.733 [0m[34m[INFO][0m [0m[2m[warp_terminal::model::ansi] [0mReceived InputBuffer hook
13:15:22.250 [0m[34m[INFO][0m [0m[2m[warpui_core::core::app] [0mDispatching custom action NewTab
13:15:22.250 [0m[34m[INFO][0m [0m[2m[warpui_core::core::app] [0mdispatching typed action: warp::workspace::action::WorkspaceAction::AddDefaultTab
13:15:22.253 [0m[34m[INFO][0m [0m[2m[warp::terminal::local_tty::terminal_manager] [0mCreating terminal model with 0 restored blocks
13:15:22.264 [0m[34m[INFO][0m [0m[2m[warp_terminal::local_tty::unix] [0mStarting shell /bin/zsh
13:15:22.266 [0m[34m[INFO][0m [0m[2m[warp_terminal::local_tty::unix] [0mSuccessfully spawned child zsh process with pid 30075
13:15:22.266 [0m[34m[INFO][0m [0m[2m[warp_terminal::local_tty::server::event_loop] [0mSuccessfully spawned tty with pid: 30075
13:15:22.268 [0m[34m[INFO][0m [0m[2m[warpui_core::core::app] [0mdispatching typed action: warp::editor::view::EditorAction::ClearMarkedText
13:15:22.313 [0m[34m[INFO][0m [0m[2m[warp_terminal::model::ansi] [0mReceived InitShell hook
13:15:22.365 [0m[34m[INFO][0m [0m[2m[warp_terminal::model::ansi] [0mReceived CommandFinished hook
13:15:22.365 [0m[34m[INFO][0m [0m[2m[warp::terminal::model::terminal_model] [0mTried to exit the alternate screen, but it was already inactive
13:15:22.367 [0m[34m[INFO][0m [0m[2m[warp::terminal::model::block] [0mBlock finished with new state DoneWithExecution
13:15:22.367 [0m[34m[INFO][0m [0m[2m[warp::terminal::model::blocks] [0mIncrementing stage from WarpInput to ScriptExecution
13:15:22.379 [0m[34m[INFO][0m [0m[2m[warp_terminal::model::ansi] [0mReceived Precmd hook
13:15:22.483 [0m[34m[INFO][0m [0m[2m[warp_terminal::model::ansi] [0mReceived Bootstrapped hook
13:15:22.483 [0m[34m[INFO][0m [0m[2m[warp::terminal::model::early_output] [0mConfigured typeahead mode as ShellReported
13:15:22.483 [0m[34m[INFO][0m [0m[2m[warp::terminal::model::session::command_executor] [0mcreating a local executor!
13:15:22.483 [0m[34m[INFO][0m [0m[2m[warp::terminal::model::session] [0mParsed shell version string: Some([Number(5), Number(9)])
13:15:22.483 [0m[34m[INFO][0m [0m[2m[warp::terminal::model::session] [0mShell is bootstrapped with session_id SessionId(6968900837085638879)
13:15:22.489 [0m[34m[INFO][0m [0m[2m[warp_terminal::model::ansi] [0mReceived CommandFinished hook
13:15:22.489 [0m[34m[INFO][0m [0m[2m[warp::terminal::model::terminal_model] [0mTried to exit the alternate screen, but it was already inactive
13:15:22.489 [0m[34m[INFO][0m [0m[2m[warp::terminal::model::block] [0mBlock finished with new state DoneWithExecution
13:15:22.489 [0m[34m[INFO][0m [0m[2m[warp::terminal::model::blocks] [0mIncrementing stage from Bootstrapped to PostBootstrapPrecmd
13:15:22.547 [0m[34m[INFO][0m [0m[2m[warp_terminal::model::ansi] [0mReceived Precmd hook
13:15:22.611 [0m[34m[INFO][0m [0m[2m[warp_terminal::model::ansi] [0mReceived InputBuffer hook
13:15:28.863 [0m[34m[INFO][0m [0m[2m[warpui_core::core::app] [0mdispatching typed action: warp::editor::view::EditorAction::UserInsert(UserInput("e"))
13:15:28.863 [0m[34m[INFO][0m [0m[2m[warpui_core::core::app] [0mdispatching typed action: warp::editor::view::EditorAction::ClearMarkedText
13:15:28.865 [0m[34m[INFO][0m [0m[2m[warpui_core::core::app] [0mdispatching typed action: warp::editor::view::EditorAction::UserInsert(UserInput("c"))
13:15:28.865 [0m[34m[INFO][0m [0m[2m[warpui_core::core::app] [0mdispatching typed action: warp::editor::view::EditorAction::ClearMarkedText
13:15:28.866 [0m[34m[INFO][0m [0m[2m[warpui_core::core::app] [0mdispatching typed action: warp::editor::view::EditorAction::UserInsert(UserInput("h"))
13:15:28.866 [0m[34m[INFO][0m [0m[2m[warpui_core::core::app] [0mdispatching typed action: warp::editor::view::EditorAction::ClearMarkedText
13:15:28.867 [0m[34m[INFO][0m [0m[2m[warpui_core::core::app] [0mdispatching typed action: warp::editor::view::EditorAction::UserInsert(UserInput("o"))
13:15:28.867 [0m[34m[INFO][0m [0m[2m[warpui_core::core::app] [0mdispatching typed action: warp::editor::view::EditorAction::ClearMarkedText
13:15:28.881 [0m[34m[INFO][0m [0m[2m[warpui_core::core::app] [0mdispatching typed action: warp::editor::view::EditorAction::UserInsert(UserInput(" "))
13:15:28.881 [0m[34m[INFO][0m [0m[2m[warpui_core::core::app] [0mdispatching typed action: warp::editor::view::EditorAction::ClearMarkedText
13:15:28.882 [0m[34m[INFO][0m [0m[2m[warpui_core::core::app] [0mdispatching typed action: warp::editor::view::EditorAction::UserInsert(UserInput("S"))
13:15:28.882 [0m[34m[INFO][0m [0m[2m[warpui_core::core::app] [0mdispatching typed action: warp::editor::view::EditorAction::ClearMarkedText
13:15:28.883 [0m[34m[INFO][0m [0m[2m[warpui_core::core::app] [0mdispatching typed action: warp::editor::view::EditorAction::UserInsert(UserInput("E"))
13:15:28.884 [0m[34m[INFO][0m [0m[2m[warpui_core::core::app] [0mdispatching typed action: warp::editor::view::EditorAction::ClearMarkedText
13:15:28.897 [0m[34m[INFO][0m [0m[2m[warpui_core::core::app] [0mdispatching typed action: warp::editor::view::EditorAction::UserInsert(UserInput("C"))
13:15:28.897 [0m[34m[INFO][0m [0m[2m[warpui_core::core::app] [0mdispatching typed action: warp::editor::view::EditorAction::ClearMarkedText
13:15:28.898 [0m[34m[INFO][0m [0m[2m[warpui_core::core::app] [0mdispatching typed action: warp::editor::view::EditorAction::UserInsert(UserInput("O"))
13:15:28.899 [0m[34m[INFO][0m [0m[2m[warpui_core::core::app] [0mdispatching typed action: warp::editor::view::EditorAction::ClearMarkedText
13:15:28.900 [0m[34m[INFO][0m [0m[2m[warpui_core::core::app] [0mdispatching typed action: warp::editor::view::EditorAction::UserInsert(UserInput("N"))
13:15:28.900 [0m[34m[INFO][0m [0m[2m[warpui_core::core::app] [0mdispatching typed action: warp::editor::view::EditorAction::ClearMarkedText
13:15:28.913 [0m[34m[INFO][0m [0m[2m[warpui_core::core::app] [0mdispatching typed action: warp::editor::view::EditorAction::UserInsert(UserInput("D"))
13:15:28.913 [0m[34m[INFO][0m [0m[2m[warpui_core::core::app] [0mdispatching typed action: warp::editor::view::EditorAction::ClearMarkedText
13:15:28.915 [0m[34m[INFO][0m [0m[2m[warpui_core::core::app] [0mdispatching typed action: warp::editor::view::EditorAction::Enter
13:15:28.916 [0m[33m[WARN][0m [0m[2m[warp::terminal::model::terminal_model] [0mReceived 'end_in_band_command_output' while not expecting to read in-band command output.
13:15:28.927 [0m[34m[INFO][0m [0m[2m[warp_terminal::model::ansi] [0mReceived Preexec hook
13:15:28.933 [0m[34m[INFO][0m [0m[2m[warp_terminal::model::ansi] [0mReceived CommandFinished hook
13:15:28.933 [0m[34m[INFO][0m [0m[2m[warp::terminal::model::terminal_model] [0mTried to exit the alternate screen, but it was already inactive
13:15:28.933 [0m[34m[INFO][0m [0m[2m[warp::terminal::model::block] [0mBlock finished with new state DoneWithExecution
13:15:29.017 [0m[34m[INFO][0m [0m[2m[warp_terminal::model::ansi] [0mReceived Precmd hook
13:15:29.091 [0m[34m[INFO][0m [0m[2m[warp_terminal::model::ansi] [0mReceived InputBuffer hook
13:15:39.613 [0m[34m[INFO][0m [0m[2m[warpui_core::core::app] [0mdispatching typed action: warp::workspace::action::WorkspaceAction::ActivateTab(0)
13:15:45.664 [0m[34m[INFO][0m [0m[2m[warpui_core::core::app] [0mdispatching typed action: warp::editor::view::EditorAction::Enter
13:16:33.551 [0m[34m[INFO][0m [0m[2m[warpui_core::platform::app] [0mapplication will terminate
13:16:33.556 [0m[34m[INFO][0m [0m[2m[warp::persistence] [0mShut down SQLite writer in 4.871709ms
13:16:33.556 [0m[34m[INFO][0m [0m[2m[lsp::manager] [0mTerminating all LSP servers for 0 workspaces
13:16:33.556 [0m[34m[INFO][0m [0m[2m[warp_terminal::local_tty::spawner] [0mTearing down terminal server...
13:16:33.557 [0m[34m[INFO][0m [0m[2m[warp_terminal::local_tty::server::protocol] [0mReceived empty message; assuming the connection has been closed.
13:16:33.557 [0m[34m[INFO][0m [0m[2m[warp::app_services] [0mTearing down app services...
13:16:33.559 [0m[34m[INFO][0m [0m[2m[warpui_core::platform::app] [0mWindowId(0) will close
13:16:33.559 [0m[33m[WARN][0m [0m[2m[warp_terminal::local_tty::server::client] [0mReceived EPIPE when trying to kill child shell process; assuming the terminal server has terminated.
13:16:33.559 [0m[34m[INFO][0m [0m[2m[warp::terminal::model::terminal_model] [0mTried to exit the alternate screen, but it was already inactive
13:16:33.559 [0m[34m[INFO][0m [0m[2m[warp::terminal::model::block] [0mBlock finished with new state DoneWithNoExecution
13:16:33.559 [0m[33m[WARN][0m [0m[2m[warp_terminal::local_tty::server::client] [0mReceived EPIPE when trying to kill child shell process; assuming the terminal server has terminated.
13:16:33.560 [0m[34m[INFO][0m [0m[2m[warp::terminal::model::terminal_model] [0mTried to exit the alternate screen, but it was already inactive
13:16:33.560 [0m[34m[INFO][0m [0m[2m[warp::terminal::model::block] [0mBlock finished with new state DoneWithNoExecution
