^D12:58:22.690 [0m[34m[INFO][0m [0m[2m[warp::resource_limits] [0mInitial open file descriptor limit is 256, with a hard limit of 9223372036854775807
12:58:22.691 [0m[34m[INFO][0m [0m[2m[warp::resource_limits] [0mIncreased open file descriptor limit to 2560
12:58:22.695 [0m[34m[INFO][0m [0m[2m[warp_terminal::local_tty::server] [0mSpawning terminal server process...
12:58:22.708 [0m[34m[INFO][0m [0m[2m[warp_terminal::local_tty::server::event_loop] [0mRunning terminal server...
12:58:22.768 [0m[34m[INFO][0m [0m[2m[warpui::platform::mac::app] [0mapplication will finish launching
12:58:22.852 [0m[34m[INFO][0m [0m[2m[warp::app_services] [0mInitializing app services
12:58:22.866 [0m[34m[INFO][0m [0m[2m[warpui_core::core::app] [0mdispatching global action for root_view:open_from_restored
12:58:22.866 [0m[34m[INFO][0m [0m[2m[warpui::platform::mac::window] [0mOpening window with id 0
12:58:22.875 [0m[34m[INFO][0m [0m[2m[warpui::platform::mac::window] [0mUsing discrete GPU for rendering new window.
12:58:22.909 [0m[34m[INFO][0m [0m[2m[warp::terminal::local_tty::terminal_manager] [0mCreating terminal model with 0 restored blocks
12:58:22.946 [0m[34m[INFO][0m [0m[2m[warpui_core::platform::app] [0mapplication did become active
12:58:22.994 [0m[34m[INFO][0m [0m[2m[warp_terminal::local_tty::unix] [0mStarting shell /bin/zsh
12:58:22.996 [0m[34m[INFO][0m [0m[2m[warp_terminal::local_tty::unix] [0mSuccessfully spawned child zsh process with pid 27370
12:58:22.996 [0m[34m[INFO][0m [0m[2m[warp_terminal::local_tty::server::event_loop] [0mSuccessfully spawned tty with pid: 27370
2026-09-12 12:58:22.996 term4u[27362:32193763] error messaging the mach port for IMKCFRunLoopWakeUpReliable
12:58:22.997 [0m[34m[INFO][0m [0m[2m[warpui_core::core::app] [0mdispatching typed action: warp::editor::view::EditorAction::ClearMarkedText
12:58:22.998 [0m[34m[INFO][0m [0m[2m[warpui_core::core::app] [0mdispatching typed action: warp::editor::view::EditorAction::ClearMarkedText
12:58:22.998 [0m[34m[INFO][0m [0m[2m[warpui_core::core::app] [0mdispatching typed action: warp::editor::view::EditorAction::ClearMarkedText
12:58:22.998 [0m[34m[INFO][0m [0m[2m[warpui_core::platform::app] [0mapplication can reach internet
12:58:22.998 [0m[34m[INFO][0m [0m[2m[warpui_core::platform::app] [0mwindow resized
12:58:22.998 [0m[34m[INFO][0m [0m[2m[warpui_core::platform::app] [0mwindow resized
12:58:22.998 [0m[34m[INFO][0m [0m[2m[warpui_core::platform::app] [0mwindow resized
12:58:22.998 [0m[34m[INFO][0m [0m[2m[warpui_core::platform::app] [0mwindow resized
12:58:22.998 [0m[34m[INFO][0m [0m[2m[warpui_core::platform::app] [0mactive window changed: Some(WindowId(0))
12:58:22.998 [0m[34m[INFO][0m [0m[2m[warpui_core::platform::app] [0mwindow resized
12:58:23.002 [0m[34m[INFO][0m [0m[2m[warpui_core::core::app] [0mdispatching typed action: warp::editor::view::EditorAction::ClearMarkedText
12:58:23.039 [0m[34m[INFO][0m [0m[2m[warp_terminal::model::ansi] [0mReceived InitShell hook
12:58:23.083 [0m[34m[INFO][0m [0m[2m[warp_terminal::model::ansi] [0mReceived CommandFinished hook
12:58:23.083 [0m[34m[INFO][0m [0m[2m[warp::terminal::model::terminal_model] [0mTried to exit the alternate screen, but it was already inactive
12:58:23.086 [0m[34m[INFO][0m [0m[2m[warp::terminal::model::block] [0mBlock finished with new state DoneWithExecution
12:58:23.086 [0m[34m[INFO][0m [0m[2m[warp::terminal::model::blocks] [0mIncrementing stage from WarpInput to ScriptExecution
12:58:23.095 [0m[34m[INFO][0m [0m[2m[warp_terminal::model::ansi] [0mReceived Precmd hook
12:58:23.184 [0m[34m[INFO][0m [0m[2m[warp_terminal::model::ansi] [0mReceived Bootstrapped hook
12:58:23.184 [0m[34m[INFO][0m [0m[2m[warp::terminal::model::early_output] [0mConfigured typeahead mode as ShellReported
12:58:23.184 [0m[34m[INFO][0m [0m[2m[warp::terminal::model::session::command_executor] [0mcreating a local executor!
12:58:23.184 [0m[34m[INFO][0m [0m[2m[warp::terminal::model::session] [0mParsed shell version string: Some([Number(5), Number(9)])
12:58:23.184 [0m[34m[INFO][0m [0m[2m[warp::terminal::model::session] [0mShell is bootstrapped with session_id SessionId(15892021086683618630)
12:58:23.184 [0m[34m[INFO][0m [0m[2m[warp::terminal::model::session] [0mLoading history from file /tmp/term4u-gui-selftest-20260912/zsh/.zsh_history for shell zsh
12:58:23.188 [0m[34m[INFO][0m [0m[2m[warp_terminal::model::ansi] [0mReceived CommandFinished hook
12:58:23.188 [0m[34m[INFO][0m [0m[2m[warp::terminal::model::terminal_model] [0mTried to exit the alternate screen, but it was already inactive
12:58:23.189 [0m[34m[INFO][0m [0m[2m[warp::terminal::model::block] [0mBlock finished with new state DoneWithExecution
12:58:23.189 [0m[34m[INFO][0m [0m[2m[warp::terminal::model::blocks] [0mIncrementing stage from Bootstrapped to PostBootstrapPrecmd
12:58:23.239 [0m[34m[INFO][0m [0m[2m[warp_terminal::model::ansi] [0mReceived Precmd hook
12:58:23.300 [0m[34m[INFO][0m [0m[2m[warp_terminal::model::ansi] [0mReceived InputBuffer hook
12:58:46.957 [0m[34m[INFO][0m [0m[2m[warpui_core::core::app] [0mDispatching custom action Paste
12:58:46.957 [0m[34m[INFO][0m [0m[2m[warpui_core::core::app] [0mdispatching typed action: warp::editor::view::EditorAction::Paste
12:59:14.384 [0m[34m[INFO][0m [0m[2m[warpui_core::core::app] [0mdispatching typed action: warp::editor::view::EditorAction::UserInsert(UserInput("e"))
12:59:14.384 [0m[34m[INFO][0m [0m[2m[warpui_core::core::app] [0mdispatching typed action: warp::editor::view::EditorAction::ClearMarkedText
12:59:14.387 [0m[34m[INFO][0m [0m[2m[warpui_core::core::app] [0mdispatching typed action: warp::editor::view::EditorAction::UserInsert(UserInput("c"))
12:59:14.387 [0m[34m[INFO][0m [0m[2m[warpui_core::core::app] [0mdispatching typed action: warp::editor::view::EditorAction::ClearMarkedText
12:59:14.389 [0m[34m[INFO][0m [0m[2m[warpui_core::core::app] [0mdispatching typed action: warp::editor::view::EditorAction::UserInsert(UserInput("h"))
12:59:14.390 [0m[34m[INFO][0m [0m[2m[warpui_core::core::app] [0mdispatching typed action: warp::editor::view::EditorAction::ClearMarkedText
12:59:14.391 [0m[34m[INFO][0m [0m[2m[warpui_core::core::app] [0mdispatching typed action: warp::editor::view::EditorAction::UserInsert(UserInput("o"))
12:59:14.392 [0m[34m[INFO][0m [0m[2m[warpui_core::core::app] [0mdispatching typed action: warp::editor::view::EditorAction::ClearMarkedText
12:59:14.402 [0m[34m[INFO][0m [0m[2m[warpui_core::core::app] [0mdispatching typed action: warp::editor::view::EditorAction::UserInsert(UserInput(" "))
12:59:14.402 [0m[34m[INFO][0m [0m[2m[warpui_core::core::app] [0mdispatching typed action: warp::editor::view::EditorAction::ClearMarkedText
12:59:14.403 [0m[34m[INFO][0m [0m[2m[warpui_core::core::app] [0mdispatching typed action: warp::editor::view::EditorAction::UserInsert(UserInput("T"))
12:59:14.403 [0m[34m[INFO][0m [0m[2m[warpui_core::core::app] [0mdispatching typed action: warp::editor::view::EditorAction::ClearMarkedText
12:59:14.404 [0m[34m[INFO][0m [0m[2m[warpui_core::core::app] [0mdispatching typed action: warp::editor::view::EditorAction::UserInsert(UserInput("E"))
12:59:14.405 [0m[34m[INFO][0m [0m[2m[warpui_core::core::app] [0mdispatching typed action: warp::editor::view::EditorAction::ClearMarkedText
12:59:14.417 [0m[34m[INFO][0m [0m[2m[warpui_core::core::app] [0mdispatching typed action: warp::editor::view::EditorAction::UserInsert(UserInput("R"))
12:59:14.417 [0m[34m[INFO][0m [0m[2m[warpui_core::core::app] [0mdispatching typed action: warp::editor::view::EditorAction::ClearMarkedText
12:59:14.418 [0m[34m[INFO][0m [0m[2m[warpui_core::core::app] [0mdispatching typed action: warp::editor::view::EditorAction::UserInsert(UserInput("M"))
12:59:14.418 [0m[34m[INFO][0m [0m[2m[warpui_core::core::app] [0mdispatching typed action: warp::editor::view::EditorAction::ClearMarkedText
12:59:14.419 [0m[34m[INFO][0m [0m[2m[warpui_core::core::app] [0mdispatching typed action: warp::editor::view::EditorAction::UserInsert(UserInput("4"))
12:59:14.420 [0m[34m[INFO][0m [0m[2m[warpui_core::core::app] [0mdispatching typed action: warp::editor::view::EditorAction::ClearMarkedText
12:59:14.434 [0m[34m[INFO][0m [0m[2m[warpui_core::core::app] [0mdispatching typed action: warp::editor::view::EditorAction::UserInsert(UserInput("U"))
12:59:14.434 [0m[34m[INFO][0m [0m[2m[warpui_core::core::app] [0mdispatching typed action: warp::editor::view::EditorAction::ClearMarkedText
12:59:14.435 [0m[34m[INFO][0m [0m[2m[warpui_core::core::app] [0mdispatching typed action: warp::editor::view::EditorAction::UserInsert(UserInput("G"))
12:59:14.435 [0m[34m[INFO][0m [0m[2m[warpui_core::core::app] [0mdispatching typed action: warp::editor::view::EditorAction::ClearMarkedText
12:59:14.436 [0m[34m[INFO][0m [0m[2m[warpui_core::core::app] [0mdispatching typed action: warp::editor::view::EditorAction::UserInsert(UserInput("U"))
12:59:14.436 [0m[34m[INFO][0m [0m[2m[warpui_core::core::app] [0mdispatching typed action: warp::editor::view::EditorAction::ClearMarkedText
12:59:14.437 [0m[34m[INFO][0m [0m[2m[warpui_core::core::app] [0mdispatching typed action: warp::editor::view::EditorAction::UserInsert(UserInput("I"))
12:59:14.437 [0m[34m[INFO][0m [0m[2m[warpui_core::core::app] [0mdispatching typed action: warp::editor::view::EditorAction::ClearMarkedText
12:59:14.451 [0m[34m[INFO][0m [0m[2m[warpui_core::core::app] [0mdispatching typed action: warp::editor::view::EditorAction::UserInsert(UserInput("O"))
12:59:14.451 [0m[34m[INFO][0m [0m[2m[warpui_core::core::app] [0mdispatching typed action: warp::editor::view::EditorAction::ClearMarkedText
12:59:14.452 [0m[34m[INFO][0m [0m[2m[warpui_core::core::app] [0mdispatching typed action: warp::editor::view::EditorAction::UserInsert(UserInput("K"))
12:59:14.452 [0m[34m[INFO][0m [0m[2m[warpui_core::core::app] [0mdispatching typed action: warp::editor::view::EditorAction::ClearMarkedText
12:59:14.456 [0m[34m[INFO][0m [0m[2m[warpui_core::core::app] [0mdispatching typed action: warp::editor::view::EditorAction::Enter
12:59:14.457 [0m[33m[WARN][0m [0m[2m[warp::terminal::model::terminal_model] [0mReceived 'end_in_band_command_output' while not expecting to read in-band command output.
12:59:14.471 [0m[34m[INFO][0m [0m[2m[warp_terminal::model::ansi] [0mReceived Preexec hook
12:59:14.475 [0m[34m[INFO][0m [0m[2m[warp_terminal::model::ansi] [0mReceived CommandFinished hook
12:59:14.475 [0m[34m[INFO][0m [0m[2m[warp::terminal::model::terminal_model] [0mTried to exit the alternate screen, but it was already inactive
12:59:14.475 [0m[34m[INFO][0m [0m[2m[warp::terminal::model::block] [0mBlock finished with new state DoneWithExecution
12:59:14.522 [0m[34m[INFO][0m [0m[2m[warp_terminal::model::ansi] [0mReceived Precmd hook
12:59:14.582 [0m[34m[INFO][0m [0m[2m[warp_terminal::model::ansi] [0mReceived InputBuffer hook
13:00:34.052 [0m[34m[INFO][0m [0m[2m[warpui_core::platform::app] [0mapplication will terminate
13:00:34.056 [0m[34m[INFO][0m [0m[2m[warp::persistence] [0mShut down SQLite writer in 3.484584ms
13:00:34.056 [0m[34m[INFO][0m [0m[2m[lsp::manager] [0mTerminating all LSP servers for 0 workspaces
13:00:34.056 [0m[34m[INFO][0m [0m[2m[warp_terminal::local_tty::spawner] [0mTearing down terminal server...
13:00:34.057 [0m[34m[INFO][0m [0m[2m[warp_terminal::local_tty::server::protocol] [0mReceived empty message; assuming the connection has been closed.
13:00:34.057 [0m[34m[INFO][0m [0m[2m[warp::app_services] [0mTearing down app services...
13:00:34.057 [0m[34m[INFO][0m [0m[2m[warpui_core::platform::app] [0mWindowId(0) will close
13:00:34.058 [0m[33m[WARN][0m [0m[2m[warp_terminal::local_tty::server::client] [0mReceived EPIPE when trying to kill child shell process; assuming the terminal server has terminated.
13:00:34.058 [0m[34m[INFO][0m [0m[2m[warp::terminal::model::terminal_model] [0mTried to exit the alternate screen, but it was already inactive
13:00:34.058 [0m[34m[INFO][0m [0m[2m[warp::terminal::model::block] [0mBlock finished with new state DoneWithNoExecution
