^D13:01:54.166 [0m[34m[INFO][0m [0m[2m[warp::resource_limits] [0mInitial open file descriptor limit is 256, with a hard limit of 9223372036854775807
13:01:54.167 [0m[34m[INFO][0m [0m[2m[warp::resource_limits] [0mIncreased open file descriptor limit to 2560
13:01:54.173 [0m[34m[INFO][0m [0m[2m[warp_terminal::local_tty::server] [0mSpawning terminal server process...
13:01:54.188 [0m[34m[INFO][0m [0m[2m[warp_terminal::local_tty::server::event_loop] [0mRunning terminal server...
13:01:54.268 [0m[34m[INFO][0m [0m[2m[warpui::platform::mac::app] [0mapplication will finish launching
13:01:54.341 [0m[34m[INFO][0m [0m[2m[warp::app_services] [0mInitializing app services
13:01:54.354 [0m[34m[INFO][0m [0m[2m[warpui_core::core::app] [0mdispatching global action for root_view:open_from_restored
13:01:54.354 [0m[34m[INFO][0m [0m[2m[warpui::platform::mac::window] [0mOpening window with id 0
13:01:54.360 [0m[34m[INFO][0m [0m[2m[warpui::platform::mac::window] [0mUsing discrete GPU for rendering new window.
13:01:54.395 [0m[34m[INFO][0m [0m[2m[warp::terminal::local_tty::terminal_manager] [0mCreating terminal model with 0 restored blocks
13:01:54.447 [0m[34m[INFO][0m [0m[2m[warpui_core::platform::app] [0mapplication did become active
13:01:54.494 [0m[34m[INFO][0m [0m[2m[warp_terminal::local_tty::unix] [0mStarting shell /bin/zsh
13:01:54.495 [0m[34m[INFO][0m [0m[2m[warp_terminal::local_tty::server::event_loop] [0mSuccessfully spawned tty with pid: 27900
13:01:54.495 [0m[34m[INFO][0m [0m[2m[warp_terminal::local_tty::unix] [0mSuccessfully spawned child zsh process with pid 27900
2026-09-12 13:01:54.496 term4u[27896:32200554] error messaging the mach port for IMKCFRunLoopWakeUpReliable
13:01:54.496 [0m[34m[INFO][0m [0m[2m[warpui_core::core::app] [0mdispatching typed action: warp::editor::view::EditorAction::ClearMarkedText
13:01:54.497 [0m[34m[INFO][0m [0m[2m[warpui_core::core::app] [0mdispatching typed action: warp::editor::view::EditorAction::ClearMarkedText
13:01:54.497 [0m[34m[INFO][0m [0m[2m[warpui_core::core::app] [0mdispatching typed action: warp::editor::view::EditorAction::ClearMarkedText
13:01:54.497 [0m[34m[INFO][0m [0m[2m[warpui_core::platform::app] [0mapplication can reach internet
13:01:54.497 [0m[34m[INFO][0m [0m[2m[warpui_core::platform::app] [0mwindow resized
13:01:54.497 [0m[34m[INFO][0m [0m[2m[warpui_core::platform::app] [0mwindow resized
13:01:54.497 [0m[34m[INFO][0m [0m[2m[warpui_core::platform::app] [0mwindow resized
13:01:54.497 [0m[34m[INFO][0m [0m[2m[warpui_core::platform::app] [0mwindow resized
13:01:54.497 [0m[34m[INFO][0m [0m[2m[warpui_core::platform::app] [0mactive window changed: Some(WindowId(0))
13:01:54.497 [0m[34m[INFO][0m [0m[2m[warpui_core::platform::app] [0mwindow resized
13:01:54.502 [0m[34m[INFO][0m [0m[2m[warpui_core::core::app] [0mdispatching typed action: warp::editor::view::EditorAction::ClearMarkedText
13:01:54.536 [0m[34m[INFO][0m [0m[2m[warp_terminal::model::ansi] [0mReceived InitShell hook
13:01:54.587 [0m[34m[INFO][0m [0m[2m[warp_terminal::model::ansi] [0mReceived CommandFinished hook
13:01:54.587 [0m[34m[INFO][0m [0m[2m[warp::terminal::model::terminal_model] [0mTried to exit the alternate screen, but it was already inactive
13:01:54.588 [0m[34m[INFO][0m [0m[2m[warp::terminal::model::block] [0mBlock finished with new state DoneWithExecution
13:01:54.588 [0m[34m[INFO][0m [0m[2m[warp::terminal::model::blocks] [0mIncrementing stage from WarpInput to ScriptExecution
13:01:54.600 [0m[34m[INFO][0m [0m[2m[warp_terminal::model::ansi] [0mReceived Precmd hook
13:01:54.688 [0m[34m[INFO][0m [0m[2m[warp_terminal::model::ansi] [0mReceived Bootstrapped hook
13:01:54.688 [0m[34m[INFO][0m [0m[2m[warp::terminal::model::early_output] [0mConfigured typeahead mode as ShellReported
13:01:54.688 [0m[34m[INFO][0m [0m[2m[warp::terminal::model::session::command_executor] [0mcreating a local executor!
13:01:54.689 [0m[34m[INFO][0m [0m[2m[warp::terminal::model::session] [0mParsed shell version string: Some([Number(5), Number(9)])
13:01:54.689 [0m[34m[INFO][0m [0m[2m[warp::terminal::model::session] [0mShell is bootstrapped with session_id SessionId(2023691283616269048)
13:01:54.689 [0m[34m[INFO][0m [0m[2m[warp::terminal::model::session] [0mLoading history from file /tmp/term4u-gui-selftest-20260912/zsh/.zsh_history for shell zsh
13:01:54.693 [0m[34m[INFO][0m [0m[2m[warp_terminal::model::ansi] [0mReceived CommandFinished hook
13:01:54.693 [0m[34m[INFO][0m [0m[2m[warp::terminal::model::terminal_model] [0mTried to exit the alternate screen, but it was already inactive
13:01:54.693 [0m[34m[INFO][0m [0m[2m[warp::terminal::model::block] [0mBlock finished with new state DoneWithExecution
13:01:54.693 [0m[34m[INFO][0m [0m[2m[warp::terminal::model::blocks] [0mIncrementing stage from Bootstrapped to PostBootstrapPrecmd
13:01:54.743 [0m[34m[INFO][0m [0m[2m[warp_terminal::model::ansi] [0mReceived Precmd hook
13:01:54.806 [0m[34m[INFO][0m [0m[2m[warp_terminal::model::ansi] [0mReceived InputBuffer hook
13:01:54.889 [0m[34m[INFO][0m [0m[2m[warpui_core::platform::app] [0mactive window changed: None
13:02:18.009 [0m[34m[INFO][0m [0m[2m[warpui_core::platform::app] [0mapplication did become active
13:02:18.015 [0m[34m[INFO][0m [0m[2m[warpui_core::platform::app] [0mactive window changed: Some(WindowId(0))
13:02:18.018 [0m[34m[INFO][0m [0m[2m[warpui_core::core::app] [0mdispatching typed action: warp::editor::view::EditorAction::ClearMarkedText
13:02:18.035 [0m[34m[INFO][0m [0m[2m[warpui_core::core::app] [0mdispatching typed action: warp::editor::view::EditorAction::UserInsert(UserInput("e"))
13:02:18.035 [0m[34m[INFO][0m [0m[2m[warpui_core::core::app] [0mdispatching typed action: warp::editor::view::EditorAction::ClearMarkedText
13:02:18.037 [0m[34m[INFO][0m [0m[2m[warpui_core::core::app] [0mdispatching typed action: warp::editor::view::EditorAction::UserInsert(UserInput("c"))
13:02:18.037 [0m[34m[INFO][0m [0m[2m[warpui_core::core::app] [0mdispatching typed action: warp::editor::view::EditorAction::ClearMarkedText
13:02:18.049 [0m[34m[INFO][0m [0m[2m[warpui_core::core::app] [0mdispatching typed action: warp::editor::view::EditorAction::UserInsert(UserInput("h"))
13:02:18.050 [0m[34m[INFO][0m [0m[2m[warpui_core::core::app] [0mdispatching typed action: warp::editor::view::EditorAction::ClearMarkedText
13:02:18.050 [0m[34m[INFO][0m [0m[2m[warpui_core::core::app] [0mdispatching typed action: warp::editor::view::EditorAction::UserInsert(UserInput("o"))
13:02:18.050 [0m[34m[INFO][0m [0m[2m[warpui_core::core::app] [0mdispatching typed action: warp::editor::view::EditorAction::ClearMarkedText
13:02:18.051 [0m[34m[INFO][0m [0m[2m[warpui_core::core::app] [0mdispatching typed action: warp::editor::view::EditorAction::UserInsert(UserInput(" "))
13:02:18.051 [0m[34m[INFO][0m [0m[2m[warpui_core::core::app] [0mdispatching typed action: warp::editor::view::EditorAction::ClearMarkedText
13:02:18.066 [0m[34m[INFO][0m [0m[2m[warpui_core::core::app] [0mdispatching typed action: warp::editor::view::EditorAction::UserInsert(UserInput("T"))
13:02:18.066 [0m[34m[INFO][0m [0m[2m[warpui_core::core::app] [0mdispatching typed action: warp::editor::view::EditorAction::ClearMarkedText
13:02:18.067 [0m[34m[INFO][0m [0m[2m[warpui_core::core::app] [0mdispatching typed action: warp::editor::view::EditorAction::UserInsert(UserInput("E"))
13:02:18.067 [0m[34m[INFO][0m [0m[2m[warpui_core::core::app] [0mdispatching typed action: warp::editor::view::EditorAction::ClearMarkedText
13:02:18.068 [0m[34m[INFO][0m [0m[2m[warpui_core::core::app] [0mdispatching typed action: warp::editor::view::EditorAction::UserInsert(UserInput("R"))
13:02:18.068 [0m[34m[INFO][0m [0m[2m[warpui_core::core::app] [0mdispatching typed action: warp::editor::view::EditorAction::ClearMarkedText
13:02:18.068 [0m[34m[INFO][0m [0m[2m[warpui_core::core::app] [0mdispatching typed action: warp::editor::view::EditorAction::UserInsert(UserInput("M"))
13:02:18.068 [0m[34m[INFO][0m [0m[2m[warpui_core::core::app] [0mdispatching typed action: warp::editor::view::EditorAction::ClearMarkedText
13:02:18.083 [0m[34m[INFO][0m [0m[2m[warpui_core::core::app] [0mdispatching typed action: warp::editor::view::EditorAction::UserInsert(UserInput("4"))
13:02:18.084 [0m[34m[INFO][0m [0m[2m[warpui_core::core::app] [0mdispatching typed action: warp::editor::view::EditorAction::ClearMarkedText
13:02:18.085 [0m[34m[INFO][0m [0m[2m[warpui_core::core::app] [0mdispatching typed action: warp::editor::view::EditorAction::UserInsert(UserInput("U"))
13:02:18.086 [0m[34m[INFO][0m [0m[2m[warpui_core::core::app] [0mdispatching typed action: warp::editor::view::EditorAction::ClearMarkedText
13:02:18.087 [0m[34m[INFO][0m [0m[2m[warpui_core::core::app] [0mdispatching typed action: warp::editor::view::EditorAction::UserInsert(UserInput("_"))
13:02:18.087 [0m[34m[INFO][0m [0m[2m[warpui_core::core::app] [0mdispatching typed action: warp::editor::view::EditorAction::ClearMarkedText
13:02:18.100 [0m[34m[INFO][0m [0m[2m[warpui_core::core::app] [0mdispatching typed action: warp::editor::view::EditorAction::UserInsert(UserInput("G"))
13:02:18.101 [0m[34m[INFO][0m [0m[2m[warpui_core::core::app] [0mdispatching typed action: warp::editor::view::EditorAction::ClearMarkedText
13:02:18.102 [0m[34m[INFO][0m [0m[2m[warpui_core::core::app] [0mdispatching typed action: warp::editor::view::EditorAction::UserInsert(UserInput("U"))
13:02:18.103 [0m[34m[INFO][0m [0m[2m[warpui_core::core::app] [0mdispatching typed action: warp::editor::view::EditorAction::ClearMarkedText
13:02:18.104 [0m[34m[INFO][0m [0m[2m[warpui_core::core::app] [0mdispatching typed action: warp::editor::view::EditorAction::UserInsert(UserInput("I"))
13:02:18.104 [0m[34m[INFO][0m [0m[2m[warpui_core::core::app] [0mdispatching typed action: warp::editor::view::EditorAction::ClearMarkedText
13:02:18.105 [0m[34m[INFO][0m [0m[2m[warpui_core::core::app] [0mdispatching typed action: warp::editor::view::EditorAction::UserInsert(UserInput("_"))
13:02:18.106 [0m[34m[INFO][0m [0m[2m[warpui_core::core::app] [0mdispatching typed action: warp::editor::view::EditorAction::ClearMarkedText
13:02:18.116 [0m[34m[INFO][0m [0m[2m[warpui_core::core::app] [0mdispatching typed action: warp::editor::view::EditorAction::UserInsert(UserInput("O"))
13:02:18.116 [0m[34m[INFO][0m [0m[2m[warpui_core::core::app] [0mdispatching typed action: warp::editor::view::EditorAction::ClearMarkedText
13:02:18.117 [0m[34m[INFO][0m [0m[2m[warpui_core::core::app] [0mdispatching typed action: warp::editor::view::EditorAction::UserInsert(UserInput("K"))
13:02:18.117 [0m[34m[INFO][0m [0m[2m[warpui_core::core::app] [0mdispatching typed action: warp::editor::view::EditorAction::ClearMarkedText
13:02:25.752 [0m[34m[INFO][0m [0m[2m[warpui_core::core::app] [0mdispatching typed action: warp::editor::view::EditorAction::Enter
13:02:25.753 [0m[33m[WARN][0m [0m[2m[warp::terminal::model::terminal_model] [0mReceived 'end_in_band_command_output' while not expecting to read in-band command output.
13:02:25.776 [0m[34m[INFO][0m [0m[2m[warp_terminal::model::ansi] [0mReceived Preexec hook
13:02:25.783 [0m[34m[INFO][0m [0m[2m[warp_terminal::model::ansi] [0mReceived CommandFinished hook
13:02:25.783 [0m[34m[INFO][0m [0m[2m[warp::terminal::model::terminal_model] [0mTried to exit the alternate screen, but it was already inactive
13:02:25.783 [0m[34m[INFO][0m [0m[2m[warp::terminal::model::block] [0mBlock finished with new state DoneWithExecution
13:02:25.838 [0m[34m[INFO][0m [0m[2m[warp_terminal::model::ansi] [0mReceived Precmd hook
13:02:25.898 [0m[34m[INFO][0m [0m[2m[warp_terminal::model::ansi] [0mReceived InputBuffer hook
13:02:35.183 [0m[34m[INFO][0m [0m[2m[warpui_core::core::app] [0mdispatching typed action: warp::editor::view::EditorAction::UserInsert(UserInput("s"))
13:02:35.184 [0m[34m[INFO][0m [0m[2m[warpui_core::core::app] [0mdispatching typed action: warp::editor::view::EditorAction::ClearMarkedText
13:02:35.185 [0m[34m[INFO][0m [0m[2m[warpui_core::core::app] [0mdispatching typed action: warp::editor::view::EditorAction::UserInsert(UserInput("l"))
13:02:35.186 [0m[34m[INFO][0m [0m[2m[warpui_core::core::app] [0mdispatching typed action: warp::editor::view::EditorAction::ClearMarkedText
13:02:35.187 [0m[34m[INFO][0m [0m[2m[warpui_core::core::app] [0mdispatching typed action: warp::editor::view::EditorAction::UserInsert(UserInput("e"))
13:02:35.187 [0m[34m[INFO][0m [0m[2m[warpui_core::core::app] [0mdispatching typed action: warp::editor::view::EditorAction::ClearMarkedText
13:02:35.188 [0m[34m[INFO][0m [0m[2m[warpui_core::core::app] [0mdispatching typed action: warp::editor::view::EditorAction::UserInsert(UserInput("e"))
13:02:35.189 [0m[34m[INFO][0m [0m[2m[warpui_core::core::app] [0mdispatching typed action: warp::editor::view::EditorAction::ClearMarkedText
13:02:35.201 [0m[34m[INFO][0m [0m[2m[warpui_core::core::app] [0mdispatching typed action: warp::editor::view::EditorAction::UserInsert(UserInput("p"))
13:02:35.202 [0m[34m[INFO][0m [0m[2m[warpui_core::core::app] [0mdispatching typed action: warp::editor::view::EditorAction::ClearMarkedText
13:02:35.204 [0m[34m[INFO][0m [0m[2m[warpui_core::core::app] [0mdispatching typed action: warp::editor::view::EditorAction::UserInsert(UserInput(" "))
13:02:35.204 [0m[34m[INFO][0m [0m[2m[warpui_core::core::app] [0mdispatching typed action: warp::editor::view::EditorAction::ClearMarkedText
13:02:35.206 [0m[34m[INFO][0m [0m[2m[warpui_core::core::app] [0mdispatching typed action: warp::editor::view::EditorAction::UserInsert(UserInput("3"))
13:02:35.207 [0m[34m[INFO][0m [0m[2m[warpui_core::core::app] [0mdispatching typed action: warp::editor::view::EditorAction::ClearMarkedText
13:02:35.209 [0m[34m[INFO][0m [0m[2m[warpui_core::core::app] [0mdispatching typed action: warp::editor::view::EditorAction::UserInsert(UserInput("0"))
13:02:35.209 [0m[34m[INFO][0m [0m[2m[warpui_core::core::app] [0mdispatching typed action: warp::editor::view::EditorAction::ClearMarkedText
13:02:35.234 [0m[34m[INFO][0m [0m[2m[warpui_core::core::app] [0mdispatching typed action: warp::editor::view::EditorAction::Enter
13:02:35.235 [0m[33m[WARN][0m [0m[2m[warp::terminal::model::terminal_model] [0mReceived 'end_in_band_command_output' while not expecting to read in-band command output.
13:02:35.253 [0m[34m[INFO][0m [0m[2m[warp_terminal::model::ansi] [0mReceived Preexec hook
13:02:45.177 [0m[34m[INFO][0m [0m[2m[warpui_core::core::app] [0mDispatching custom action ClearEditor
13:02:45.177 [0m[34m[INFO][0m [0m[2m[warpui_core::core::app] [0mdispatching typed action: warp::editor::view::EditorAction::CtrlC
13:02:45.907 [0m[34m[INFO][0m [0m[2m[warpui_core::core::app] [0mdispatching typed action: warp::editor::view::EditorAction::Enter
13:03:05.269 [0m[34m[INFO][0m [0m[2m[warp_terminal::model::ansi] [0mReceived CommandFinished hook
13:03:05.269 [0m[34m[INFO][0m [0m[2m[warp::terminal::model::terminal_model] [0mTried to exit the alternate screen, but it was already inactive
13:03:05.269 [0m[34m[INFO][0m [0m[2m[warp::terminal::model::block] [0mBlock finished with new state DoneWithExecution
13:03:05.317 [0m[34m[INFO][0m [0m[2m[warp_terminal::model::ansi] [0mReceived Precmd hook
13:03:05.375 [0m[34m[INFO][0m [0m[2m[warp_terminal::model::ansi] [0mReceived InputBuffer hook
13:04:28.935 [0m[34m[INFO][0m [0m[2m[warpui_core::platform::app] [0mapplication will terminate
13:04:28.938 [0m[34m[INFO][0m [0m[2m[warp::persistence] [0mShut down SQLite writer in 3.235291ms
13:04:28.938 [0m[34m[INFO][0m [0m[2m[lsp::manager] [0mTerminating all LSP servers for 0 workspaces
13:04:28.938 [0m[34m[INFO][0m [0m[2m[warp_terminal::local_tty::spawner] [0mTearing down terminal server...
13:04:28.939 [0m[34m[INFO][0m [0m[2m[warp_terminal::local_tty::server::protocol] [0mReceived empty message; assuming the connection has been closed.
13:04:28.939 [0m[34m[INFO][0m [0m[2m[warp::app_services] [0mTearing down app services...
13:04:28.939 [0m[34m[INFO][0m [0m[2m[warpui_core::platform::app] [0mWindowId(0) will close
13:04:28.940 [0m[33m[WARN][0m [0m[2m[warp_terminal::local_tty::server::client] [0mReceived EPIPE when trying to kill child shell process; assuming the terminal server has terminated.
13:04:28.940 [0m[34m[INFO][0m [0m[2m[warp::terminal::model::terminal_model] [0mTried to exit the alternate screen, but it was already inactive
13:04:28.940 [0m[34m[INFO][0m [0m[2m[warp::terminal::model::block] [0mBlock finished with new state DoneWithNoExecution
