warning: patch `tink-core v0.3.0 (https://github.com/warpdotdev/tink-rust?rev=54b9ac9af93b0c08b446a7bc0582836c9403a71b#54b9ac9a)` was not used in the crate graph
warning: patch `tink-hybrid v0.3.0 (https://github.com/warpdotdev/tink-rust?rev=54b9ac9af93b0c08b446a7bc0582836c9403a71b#54b9ac9a)` was not used in the crate graph
warning: patch `tink-proto v0.3.0 (https://github.com/warpdotdev/tink-rust?rev=54b9ac9af93b0c08b446a7bc0582836c9403a71b#54b9ac9a)` was not used in the crate graph
help: Check that the patched package version and available features are compatible
      with the dependency requirements. If the patch has a different version from
      what is locked in the Cargo.lock file, run `cargo update` to use the new
      version. This may also occur with an optional dependency that is not enabled.
    Checking cfg-if v1.0.4
    Checking pin-project-lite v0.2.16
    Checking bitflags v2.13.0
    Checking libc v0.2.186
    Checking serde_core v1.0.228
    Checking memchr v2.7.6
    Checking futures-core v0.3.31
    Checking smallvec v1.15.1
    Checking crossbeam-utils v0.8.21
    Checking futures-io v0.3.31
    Checking core-foundation-sys v0.8.7 (https://github.com/servo/core-foundation-rs?rev=6f844cf1a1a18e25b70fcdf1bcdc458555bd2eff#6f844cf1)
    Checking slab v0.4.9
    Checking libm v0.2.15
    Checking parking v2.2.0
    Checking scopeguard v1.2.0
    Checking itoa v1.0.18
   Compiling num-traits v0.2.19
    Checking once_cell v1.21.3
    Checking concurrent-queue v2.5.0
    Checking stable_deref_trait v1.2.0
    Checking futures-sink v0.3.31
    Checking fastrand v2.3.0
    Checking futures-channel v0.3.31
   Compiling rand_core v0.6.4
    Checking event-listener v5.4.0
    Checking pin-utils v0.1.0
    Checking siphasher v1.0.1
   Compiling rand v0.8.6
    Checking futures-lite v2.6.1
    Checking mio v1.1.1
    Checking socket2 v0.6.0
    Checking event-listener-strategy v0.5.2
    Checking futures-task v0.3.31
    Checking simd-adler32 v0.3.7
    Checking atomic-waker v1.1.2
    Checking futures-util v0.3.31
    Checking zerofrom v0.1.5
    Checking parking_lot_core v0.9.12
    Checking errno v0.3.10
    Checking lock_api v0.4.14
   Compiling phf_generator v0.11.3
    Checking adler2 v2.0.0
    Checking byteorder v1.5.0
    Checking utf-8 v0.7.6
    Checking miniz_oxide v0.8.8
    Checking yoke v0.7.5
    Checking rustix v1.1.2
    Checking crc32fast v1.5.0
    Checking new_debug_unreachable v1.0.4
    Checking either v1.9.0
    Checking parking_lot v0.12.5
    Checking zerovec v0.10.4
   Compiling string_cache_codegen v0.5.4
   Compiling phf_codegen v0.11.3
    Checking serde v1.0.228
    Checking log v0.4.29
    Checking flate2 v1.1.9
    Checking phf_shared v0.11.3
    Checking core-foundation v0.10.1 (https://github.com/servo/core-foundation-rs?rev=6f844cf1a1a18e25b70fcdf1bcdc458555bd2eff#6f844cf1)
error: linking with `cc` failed: exit status: 69
  |
  = note:  "cc" "/var/folders/zv/ygy2m9w10px2n7mbdfgcnw2m0000gp/T/rustcY62QP9/symbols.o" "<2 object files omitted>" "/Users/tedczj/workspace/term4u/target/debug/deps/libautocfg-82fc22072569f76e.rlib" "<sysroot>/lib/rustlib/aarch64-apple-darwin/lib/{libstd-*,libpanic_unwind-*,libobject-*,libmemchr-*,libaddr2line-*,libgimli-*,libcfg_if-*,librustc_demangle-*,libstd_detect-*,libhashbrown-*,librustc_std_workspace_alloc-*,libminiz_oxide-*,libadler2-*,libunwind-*,liblibc-*,librustc_std_workspace_core-*,liballoc-*,libcore-*,libcompiler_builtins-*}.rlib" "-lSystem" "-lc" "-lm" "-arch" "arm64" "-mmacosx-version-min=11.0.0" "-o" "/Users/tedczj/workspace/term4u/target/debug/build/num-traits-4c4c4d5ff31aa241/build_script_build-4c4c4d5ff31aa241" "-Wl,-dead_strip" "-nodefaultlibs" "-Wl,-headerpad_max_install_names"
  = note: some arguments are omitted. use `--verbose` to show all linker arguments
  = note: You have not agreed to the Xcode license agreements. Please run 'sudo xcodebuild -license' from within a Terminal window to review and agree to the Xcode and Apple SDKs license.
          

    Checking getrandom v0.2.16
error: could not compile `num-traits` (build script) due to 1 previous error
warning: build failed, waiting for other jobs to finish...
