UTC=2026-09-05T16:34:20.905364+00:00
COMMAND=git ls-files "*fixture*" "*.sqlite*" "*.db"
crates/editor/test_fixtures/README.md
crates/editor/test_fixtures/images/README.md
crates/editor/test_fixtures/images/image_test.md
crates/editor/test_fixtures/images/sample1.jpg
crates/editor/test_fixtures/images/sample2.jpg
crates/editor/test_fixtures/images/sample3.png
crates/editor/test_fixtures/mermaid_sample.md
crates/editor/test_fixtures/parent_test.jpg
crates/editor/test_fixtures/toc_anchor_test.md
crates/integration/tests/data/cloud_objects.sqlite
crates/integration/tests/data/deleted_cwd.sqlite
crates/integration/tests/data/file_notebook.sqlite
crates/integration/tests/data/history_with_metadata.sqlite
crates/integration/tests/data/restored_background_blocks.sqlite
crates/integration/tests/data/restored_blocks.sqlite
crates/integration/tests/data/restored_code.sqlite
crates/integration/tests/data/restored_notebooks.sqlite
crates/integration/tests/data/restored_settings.sqlite
crates/integration/tests/data/restored_workflows.sqlite
crates/integration/tests/data/small_window.sqlite
crates/integration/tests/data/test_duplicate_shareable_ids.sqlite
crates/integration/tests/data/test_json_object.sqlite
crates/integration/tests/data/test_restoring_tabs_with_different_shells.sqlite
crates/integration/tests/data/three_tabs.sqlite

EXIT_CODE=0
