tcpdump: data link type PKTAP
tcpdump: verbose output suppressed, use -v[v]... for full protocol decode
listening on pktap,lo0, link-type PKTAP (Apple DLT_PKTAP), snapshot length 524288 bytes
17:43:27.978536 (lo0, proc Python:83755, out) IP 127.0.0.1.49328 > 127.0.0.1.49327: UDP, length 28
17:43:27.978549 (lo0, in) IP 127.0.0.1.49328 > 127.0.0.1.49327: UDP, length 28
17:43:28.078840 (lo0, proc Python:83755, out) IP 127.0.0.1.49328 > 127.0.0.1.53: 21040+ A? r0.invalid. (28)
17:43:28.078856 (lo0, proc mDNSResponder:185, in) IP 127.0.0.1.49328 > 127.0.0.1.53: 21040+ A? r0.invalid. (28)
17:43:28.182913 (lo0, proc Python:83755, out) IP 127.0.0.1.49328 > 127.0.0.1.853: UDP, length 28
17:43:28.182925 (lo0, in) IP 127.0.0.1.49328 > 127.0.0.1.853: UDP, length 28
17:43:28.283056 (lo0, proc Python:83755, out) IP 127.0.0.1.49328 > 127.0.0.1.49327: UDP, length 28
17:43:28.283066 (lo0, in) IP 127.0.0.1.49328 > 127.0.0.1.49327: UDP, length 28
17:43:28.383232 (lo0, proc Python:83755, out) IP 127.0.0.1.49328 > 127.0.0.1.53: 21040+ A? r0.invalid. (28)
17:43:28.383246 (lo0, proc mDNSResponder:185, in) IP 127.0.0.1.49328 > 127.0.0.1.53: 21040+ A? r0.invalid. (28)
17:43:28.483425 (lo0, proc Python:83755, out) IP 127.0.0.1.49328 > 127.0.0.1.853: UDP, length 28
17:43:28.483442 (lo0, in) IP 127.0.0.1.49328 > 127.0.0.1.853: UDP, length 28
17:43:28.585295 (lo0, proc Python:83755, out) IP 127.0.0.1.56623 > 127.0.0.1.49329: Flags [S], seq 357027810, win 65535, options [mss 16344,nop,wscale 6,nop,nop,TS val 1926550984 ecr 0,sackOK,eol], length 0
17:43:28.585308 (lo0, in) IP 127.0.0.1.56623 > 127.0.0.1.49329: Flags [S], seq 357027810, win 65535, options [mss 16344,nop,wscale 6,nop,nop,TS val 1926550984 ecr 0,sackOK,eol], length 0
17:43:28.585361 (lo0, proc Python:83755, out) IP 127.0.0.1.49329 > 127.0.0.1.56623: Flags [S.], seq 1874921290, ack 357027811, win 65535, options [mss 16344,nop,wscale 6,nop,nop,TS val 1084958855 ecr 1926550984,sackOK,eol], length 0
17:43:28.585363 (lo0, proc Python:83755, in) IP 127.0.0.1.49329 > 127.0.0.1.56623: Flags [S.], seq 1874921290, ack 357027811, win 65535, options [mss 16344,nop,wscale 6,nop,nop,TS val 1084958855 ecr 1926550984,sackOK,eol], length 0
16 packets captured
990 packets received by filter
0 packets dropped by kernel
